Archive member included to satisfy reference by file (symbol)

c:/program files (x86)/gnu tools arm embedded/5.4 2016q2/bin/../lib/gcc/arm-none-eabi/5.4.1/../../../../arm-none-eabi/lib/armv6-m\libc.a(lib_a-exit.o)
                              c:/program files (x86)/gnu tools arm embedded/5.4 2016q2/bin/../lib/gcc/arm-none-eabi/5.4.1/../../../../arm-none-eabi/lib/armv6-m/crt0.o (exit)
c:/program files (x86)/gnu tools arm embedded/5.4 2016q2/bin/../lib/gcc/arm-none-eabi/5.4.1/../../../../arm-none-eabi/lib/armv6-m\libc.a(lib_a-impure.o)
                              c:/program files (x86)/gnu tools arm embedded/5.4 2016q2/bin/../lib/gcc/arm-none-eabi/5.4.1/../../../../arm-none-eabi/lib/armv6-m\libc.a(lib_a-exit.o) (_global_impure_ptr)
c:/program files (x86)/gnu tools arm embedded/5.4 2016q2/bin/../lib/gcc/arm-none-eabi/5.4.1/../../../../arm-none-eabi/lib/armv6-m\libc.a(lib_a-init.o)
                              c:/program files (x86)/gnu tools arm embedded/5.4 2016q2/bin/../lib/gcc/arm-none-eabi/5.4.1/../../../../arm-none-eabi/lib/armv6-m/crt0.o (__libc_init_array)
c:/program files (x86)/gnu tools arm embedded/5.4 2016q2/bin/../lib/gcc/arm-none-eabi/5.4.1/../../../../arm-none-eabi/lib/armv6-m\libc.a(lib_a-memset.o)
                              c:/program files (x86)/gnu tools arm embedded/5.4 2016q2/bin/../lib/gcc/arm-none-eabi/5.4.1/../../../../arm-none-eabi/lib/armv6-m/crt0.o (memset)
c:/program files (x86)/gnu tools arm embedded/5.4 2016q2/bin/../lib/gcc/arm-none-eabi/5.4.1/../../../../arm-none-eabi/lib/armv6-m\libc.a(lib_a-__call_atexit.o)
                              c:/program files (x86)/gnu tools arm embedded/5.4 2016q2/bin/../lib/gcc/arm-none-eabi/5.4.1/../../../../arm-none-eabi/lib/armv6-m\libc.a(lib_a-exit.o) (__call_exitprocs)
c:/program files (x86)/gnu tools arm embedded/5.4 2016q2/bin/../lib/gcc/arm-none-eabi/5.4.1/../../../../arm-none-eabi/lib/armv6-m\libc.a(lib_a-atexit.o)
                              c:/program files (x86)/gnu tools arm embedded/5.4 2016q2/bin/../lib/gcc/arm-none-eabi/5.4.1/../../../../arm-none-eabi/lib/armv6-m\libc.a(lib_a-__call_atexit.o) (atexit)
c:/program files (x86)/gnu tools arm embedded/5.4 2016q2/bin/../lib/gcc/arm-none-eabi/5.4.1/../../../../arm-none-eabi/lib/armv6-m\libc.a(lib_a-fini.o)
                              c:/program files (x86)/gnu tools arm embedded/5.4 2016q2/bin/../lib/gcc/arm-none-eabi/5.4.1/../../../../arm-none-eabi/lib/armv6-m\libc.a(lib_a-__call_atexit.o) (__libc_fini_array)
c:/program files (x86)/gnu tools arm embedded/5.4 2016q2/bin/../lib/gcc/arm-none-eabi/5.4.1/../../../../arm-none-eabi/lib/armv6-m\libc.a(lib_a-__atexit.o)
                              c:/program files (x86)/gnu tools arm embedded/5.4 2016q2/bin/../lib/gcc/arm-none-eabi/5.4.1/../../../../arm-none-eabi/lib/armv6-m\libc.a(lib_a-atexit.o) (__register_exitproc)
c:/program files (x86)/gnu tools arm embedded/5.4 2016q2/bin/../lib/gcc/arm-none-eabi/5.4.1/armv6-m\libgcc.a(_udivsi3.o)
                              ./src/main.o (__aeabi_uidiv)
c:/program files (x86)/gnu tools arm embedded/5.4 2016q2/bin/../lib/gcc/arm-none-eabi/5.4.1/armv6-m\libgcc.a(_dvmd_tls.o)
                              c:/program files (x86)/gnu tools arm embedded/5.4 2016q2/bin/../lib/gcc/arm-none-eabi/5.4.1/armv6-m\libgcc.a(_udivsi3.o) (__aeabi_idiv0)
c:/program files (x86)/gnu tools arm embedded/5.4 2016q2/bin/../lib/gcc/arm-none-eabi/5.4.1/../../../../arm-none-eabi/lib/armv6-m\libnosys.a(_exit.o)
                              c:/program files (x86)/gnu tools arm embedded/5.4 2016q2/bin/../lib/gcc/arm-none-eabi/5.4.1/../../../../arm-none-eabi/lib/armv6-m\libc.a(lib_a-exit.o) (_exit)

Allocating common symbols
Common symbol       size              file

ledStrip            0x258             ./src/led_driver.o
ProcFlash           0x18              ./HAL_Library/stm32l0xx_hal_flash.o
DMA_RX_Handle       0x3c              ./src/debug.o
colour_lookup       0x10              ./src/led_driver.o
DMA_TX_Handle       0x3c              ./src/debug.o
USART_Handle        0x48              ./src/debug.o

Memory Configuration

Name             Origin             Length             Attributes
FLASH            0x08000000         0x00010000         xr
RAM              0x20000000         0x00002000         xrw
*default*        0x00000000         0xffffffff

Linker script and memory map

LOAD c:/program files (x86)/gnu tools arm embedded/5.4 2016q2/bin/../lib/gcc/arm-none-eabi/5.4.1/armv6-m/crti.o
LOAD c:/program files (x86)/gnu tools arm embedded/5.4 2016q2/bin/../lib/gcc/arm-none-eabi/5.4.1/armv6-m/crtbegin.o
LOAD c:/program files (x86)/gnu tools arm embedded/5.4 2016q2/bin/../lib/gcc/arm-none-eabi/5.4.1/../../../../arm-none-eabi/lib/armv6-m/crt0.o
LOAD c:/program files (x86)/gnu tools arm embedded/5.4 2016q2/bin/../lib/gcc/arm-none-eabi/5.4.1/../../../../arm-none-eabi/lib/armv6-m\libc.a
LOAD ./src/debug.o
LOAD ./src/led_driver.o
LOAD ./src/main.o
LOAD ./src/stm32l0xx_it.o
LOAD ./src/system_stm32l0xx.o
LOAD ./HAL_Library/stm32l0xx_hal.o
LOAD ./HAL_Library/stm32l0xx_hal_adc.o
LOAD ./HAL_Library/stm32l0xx_hal_adc_ex.o
LOAD ./HAL_Library/stm32l0xx_hal_comp.o
LOAD ./HAL_Library/stm32l0xx_hal_comp_ex.o
LOAD ./HAL_Library/stm32l0xx_hal_cortex.o
LOAD ./HAL_Library/stm32l0xx_hal_crc.o
LOAD ./HAL_Library/stm32l0xx_hal_crc_ex.o
LOAD ./HAL_Library/stm32l0xx_hal_cryp.o
LOAD ./HAL_Library/stm32l0xx_hal_cryp_ex.o
LOAD ./HAL_Library/stm32l0xx_hal_dac.o
LOAD ./HAL_Library/stm32l0xx_hal_dac_ex.o
LOAD ./HAL_Library/stm32l0xx_hal_dma.o
LOAD ./HAL_Library/stm32l0xx_hal_firewall.o
LOAD ./HAL_Library/stm32l0xx_hal_flash.o
LOAD ./HAL_Library/stm32l0xx_hal_flash_ex.o
LOAD ./HAL_Library/stm32l0xx_hal_flash_ramfunc.o
LOAD ./HAL_Library/stm32l0xx_hal_gpio.o
LOAD ./HAL_Library/stm32l0xx_hal_i2c.o
LOAD ./HAL_Library/stm32l0xx_hal_i2c_ex.o
LOAD ./HAL_Library/stm32l0xx_hal_i2s.o
LOAD ./HAL_Library/stm32l0xx_hal_irda.o
LOAD ./HAL_Library/stm32l0xx_hal_iwdg.o
LOAD ./HAL_Library/stm32l0xx_hal_lcd.o
LOAD ./HAL_Library/stm32l0xx_hal_lptim.o
LOAD ./HAL_Library/stm32l0xx_hal_pcd.o
LOAD ./HAL_Library/stm32l0xx_hal_pcd_ex.o
LOAD ./HAL_Library/stm32l0xx_hal_pwr.o
LOAD ./HAL_Library/stm32l0xx_hal_pwr_ex.o
LOAD ./HAL_Library/stm32l0xx_hal_rcc.o
LOAD ./HAL_Library/stm32l0xx_hal_rcc_ex.o
LOAD ./HAL_Library/stm32l0xx_hal_rng.o
LOAD ./HAL_Library/stm32l0xx_hal_rtc.o
LOAD ./HAL_Library/stm32l0xx_hal_rtc_ex.o
LOAD ./HAL_Library/stm32l0xx_hal_smartcard.o
LOAD ./HAL_Library/stm32l0xx_hal_smartcard_ex.o
LOAD ./HAL_Library/stm32l0xx_hal_smbus.o
LOAD ./HAL_Library/stm32l0xx_hal_spi.o
LOAD ./HAL_Library/stm32l0xx_hal_tim.o
LOAD ./HAL_Library/stm32l0xx_hal_tim_ex.o
LOAD ./HAL_Library/stm32l0xx_hal_tsc.o
LOAD ./HAL_Library/stm32l0xx_hal_uart.o
LOAD ./HAL_Library/stm32l0xx_hal_uart_ex.o
LOAD ./HAL_Library/stm32l0xx_hal_usart.o
LOAD ./HAL_Library/stm32l0xx_hal_wwdg.o
LOAD ./startup_stm32l052xx.o
START GROUP
LOAD c:/program files (x86)/gnu tools arm embedded/5.4 2016q2/bin/../lib/gcc/arm-none-eabi/5.4.1/armv6-m\libgcc.a
LOAD c:/program files (x86)/gnu tools arm embedded/5.4 2016q2/bin/../lib/gcc/arm-none-eabi/5.4.1/../../../../arm-none-eabi/lib/armv6-m\libc.a
END GROUP
START GROUP
LOAD c:/program files (x86)/gnu tools arm embedded/5.4 2016q2/bin/../lib/gcc/arm-none-eabi/5.4.1/armv6-m\libgcc.a
LOAD c:/program files (x86)/gnu tools arm embedded/5.4 2016q2/bin/../lib/gcc/arm-none-eabi/5.4.1/../../../../arm-none-eabi/lib/armv6-m\libc.a
LOAD c:/program files (x86)/gnu tools arm embedded/5.4 2016q2/bin/../lib/gcc/arm-none-eabi/5.4.1/../../../../arm-none-eabi/lib/armv6-m\libnosys.a
END GROUP
LOAD c:/program files (x86)/gnu tools arm embedded/5.4 2016q2/bin/../lib/gcc/arm-none-eabi/5.4.1/armv6-m/crtend.o
LOAD c:/program files (x86)/gnu tools arm embedded/5.4 2016q2/bin/../lib/gcc/arm-none-eabi/5.4.1/armv6-m/crtn.o
                0x20002000                _estack = 0x20002000
                0x00000200                _Min_Heap_Size = 0x200
                0x00000200                _Min_Stack_Size = 0x200

.isr_vector     0x08000000       0xc0
                0x08000000                . = ALIGN (0x4)
 *(.isr_vector)
 .isr_vector    0x08000000       0xc0 ./startup_stm32l052xx.o
                0x08000000                g_pfnVectors
                0x080000c0                . = ALIGN (0x4)

.text           0x080000c0     0x4448
                0x080000c0                . = ALIGN (0x4)
 *(.text)
 .text          0x080000c0        0x0 c:/program files (x86)/gnu tools arm embedded/5.4 2016q2/bin/../lib/gcc/arm-none-eabi/5.4.1/armv6-m/crti.o
 .text          0x080000c0       0x60 c:/program files (x86)/gnu tools arm embedded/5.4 2016q2/bin/../lib/gcc/arm-none-eabi/5.4.1/armv6-m/crtbegin.o
 .text          0x08000120       0x78 c:/program files (x86)/gnu tools arm embedded/5.4 2016q2/bin/../lib/gcc/arm-none-eabi/5.4.1/../../../../arm-none-eabi/lib/armv6-m/crt0.o
                0x08000120                _start
                0x08000120                _mainCRTStartup
 .text          0x08000198        0x0 c:/program files (x86)/gnu tools arm embedded/5.4 2016q2/bin/../lib/gcc/arm-none-eabi/5.4.1/../../../../arm-none-eabi/lib/armv6-m\libc.a(lib_a-exit.o)
 .text          0x08000198        0x0 c:/program files (x86)/gnu tools arm embedded/5.4 2016q2/bin/../lib/gcc/arm-none-eabi/5.4.1/../../../../arm-none-eabi/lib/armv6-m\libc.a(lib_a-impure.o)
 .text          0x08000198        0x0 c:/program files (x86)/gnu tools arm embedded/5.4 2016q2/bin/../lib/gcc/arm-none-eabi/5.4.1/../../../../arm-none-eabi/lib/armv6-m\libc.a(lib_a-init.o)
 .text          0x08000198        0x0 c:/program files (x86)/gnu tools arm embedded/5.4 2016q2/bin/../lib/gcc/arm-none-eabi/5.4.1/../../../../arm-none-eabi/lib/armv6-m\libc.a(lib_a-memset.o)
 .text          0x08000198        0x0 c:/program files (x86)/gnu tools arm embedded/5.4 2016q2/bin/../lib/gcc/arm-none-eabi/5.4.1/../../../../arm-none-eabi/lib/armv6-m\libc.a(lib_a-__call_atexit.o)
 .text          0x08000198        0x0 c:/program files (x86)/gnu tools arm embedded/5.4 2016q2/bin/../lib/gcc/arm-none-eabi/5.4.1/../../../../arm-none-eabi/lib/armv6-m\libc.a(lib_a-atexit.o)
 .text          0x08000198        0x0 c:/program files (x86)/gnu tools arm embedded/5.4 2016q2/bin/../lib/gcc/arm-none-eabi/5.4.1/../../../../arm-none-eabi/lib/armv6-m\libc.a(lib_a-fini.o)
 .text          0x08000198        0x0 c:/program files (x86)/gnu tools arm embedded/5.4 2016q2/bin/../lib/gcc/arm-none-eabi/5.4.1/../../../../arm-none-eabi/lib/armv6-m\libc.a(lib_a-__atexit.o)
 .text          0x08000198       0xf8 ./src/debug.o
                0x08000198                debug_init
                0x08000288                debug_disable_usart
                0x0800028c                debug_enable_usart
 .text          0x08000290      0x29c ./src/led_driver.o
                0x080002a0                led_init
                0x08000300                led_push_buffer
                0x0800031c                led_propagate
                0x0800039c                send_high
                0x080003e0                send_low
                0x08000428                led_update
                0x0800049c                led_send_colour
                0x080004c8                send_res
                0x080004e8                read_buffer
                0x08000514                get_colour
 .text          0x0800052c       0xd0 ./src/main.o
                0x0800052c                clock_init
                0x080005d0                SysTick_Handler
                0x080005e0                delay_ms
 .text          0x080005fc        0x4 ./src/stm32l0xx_it.o
                0x080005fc                HardFault_Handler
 .text          0x08000600       0xf0 ./src/system_stm32l0xx.o
                0x08000600                SystemInit
                0x0800065c                SystemCoreClockUpdate
 .text          0x080006f0      0x1cc ./HAL_Library/stm32l0xx_hal.o
                0x080006f0                HAL_MspInit
                0x080006f4                HAL_MspDeInit
                0x080006f8                HAL_DeInit
                0x08000720                HAL_InitTick
                0x08000744                HAL_Init
                0x08000754                HAL_IncTick
                0x08000764                HAL_GetTick
                0x08000770                HAL_Delay
                0x0800078c                HAL_SuspendTick
                0x0800079c                HAL_ResumeTick
                0x080007ac                HAL_GetHalVersion
                0x080007b4                HAL_GetREVID
                0x080007c0                HAL_GetDEVID
                0x080007d0                HAL_DBGMCU_EnableDBGSleepMode
                0x080007e0                HAL_DBGMCU_DisableDBGSleepMode
                0x080007f0                HAL_DBGMCU_EnableDBGStopMode
                0x08000800                HAL_DBGMCU_DisableDBGStopMode
                0x08000810                HAL_DBGMCU_EnableDBGStandbyMode
                0x08000820                HAL_DBGMCU_DisableDBGStandbyMode
                0x08000830                HAL_DBGMCU_DBG_EnableLowPowerConfig
                0x08000840                HAL_DBGMCU_DBG_DisableLowPowerConfig
                0x08000850                HAL_SYSCFG_GetBootMode
                0x08000860                HAL_SYSCFG_EnableVREFINT
                0x08000870                HAL_SYSCFG_DisableVREFINT
                0x08000880                HAL_SYSCFG_VREFINT_OutputSelect
                0x08000898                HAL_SYSCFG_Enable_Lock_VREFINT
                0x080008ac                HAL_SYSCFG_Disable_Lock_VREFINT
 .text          0x080008bc        0x0 ./HAL_Library/stm32l0xx_hal_adc.o
 .text          0x080008bc        0x0 ./HAL_Library/stm32l0xx_hal_adc_ex.o
 .text          0x080008bc        0x0 ./HAL_Library/stm32l0xx_hal_comp.o
 .text          0x080008bc        0x0 ./HAL_Library/stm32l0xx_hal_comp_ex.o
 .text          0x080008bc      0x1f4 ./HAL_Library/stm32l0xx_hal_cortex.o
                0x080008bc                HAL_NVIC_SetPriority
                0x08000924                HAL_NVIC_EnableIRQ
                0x08000938                HAL_NVIC_DisableIRQ
                0x0800094c                HAL_NVIC_SystemReset
                0x08000968                HAL_SYSTICK_Config
                0x080009a0                HAL_NVIC_GetPriority
                0x080009e8                HAL_NVIC_SetPendingIRQ
                0x08000a00                HAL_NVIC_GetPendingIRQ
                0x08000a1c                HAL_NVIC_ClearPendingIRQ
                0x08000a34                HAL_SYSTICK_CLKSourceConfig
                0x08000a54                HAL_SYSTICK_Callback
                0x08000a58                HAL_SYSTICK_IRQHandler
                0x08000a60                HAL_MPU_ConfigRegion
 .text          0x08000ab0        0x0 ./HAL_Library/stm32l0xx_hal_crc.o
 .text          0x08000ab0        0x0 ./HAL_Library/stm32l0xx_hal_crc_ex.o
 .text          0x08000ab0        0x0 ./HAL_Library/stm32l0xx_hal_cryp.o
 .text          0x08000ab0        0x0 ./HAL_Library/stm32l0xx_hal_cryp_ex.o
 .text          0x08000ab0        0x0 ./HAL_Library/stm32l0xx_hal_dac.o
 .text          0x08000ab0        0x0 ./HAL_Library/stm32l0xx_hal_dac_ex.o
 .text          0x08000ab0      0xaa0 ./HAL_Library/stm32l0xx_hal_dma.o
                0x08000ab0                HAL_DMA_Init
                0x08000bfc                HAL_DMA_DeInit
                0x08000dbc                HAL_DMA_Start
                0x08000df8                HAL_DMA_Start_IT
                0x08000e4c                HAL_DMA_Abort
                0x08000ea0                HAL_DMA_PollForTransfer
                0x08001154                HAL_DMA_IRQHandler
                0x08001544                HAL_DMA_GetState
                0x0800154c                HAL_DMA_GetError
 .text          0x08001550        0x0 ./HAL_Library/stm32l0xx_hal_firewall.o
 .text          0x08001550      0x394 ./HAL_Library/stm32l0xx_hal_flash.o
                0x080015e4                HAL_FLASH_EndOfOperationCallback
                0x080015e8                HAL_FLASH_OperationErrorCallback
                0x080015ec                HAL_FLASH_IRQHandler
                0x080016e0                HAL_FLASH_Unlock
                0x0800171c                HAL_FLASH_Lock
                0x08001730                HAL_FLASH_OB_Unlock
                0x0800176c                HAL_FLASH_OB_Lock
                0x08001780                HAL_FLASH_GetError
                0x0800178c                FLASH_WaitForLastOperation
                0x08001804                HAL_FLASH_Program
                0x08001840                HAL_FLASH_Program_IT
                0x08001894                HAL_FLASH_OB_Launch
                0x080018bc                FLASH_ErasePage
 .text          0x080018e4      0x400 ./HAL_Library/stm32l0xx_hal_flash_ex.o
                0x08001974                HAL_FLASHEx_Erase
                0x08001a10                HAL_FLASHEx_Erase_IT
                0x08001a64                HAL_FLASHEx_OBProgram
                0x08001b94                HAL_FLASHEx_OBGetConfig
                0x08001bc4                HAL_FLASHEx_AdvOBProgram
                0x08001bdc                HAL_FLASHEx_AdvOBGetConfig
                0x08001bf4                HAL_FLASHEx_OB_SelectPCROP
                0x08001c00                HAL_FLASHEx_OB_DeSelectPCROP
                0x08001c0c                HAL_FLASHEx_DATAEEPROM_Unlock
                0x08001c30                HAL_FLASHEx_DATAEEPROM_Lock
                0x08001c44                HAL_FLASHEx_DATAEEPROM_Erase
                0x08001c68                HAL_FLASHEx_DATAEEPROM_Program
                0x08001cbc                HAL_FLASHEx_DATAEEPROM_EnableFixedTimeProgram
                0x08001cd0                HAL_FLASHEx_DATAEEPROM_DisableFixedTimeProgram
 .text          0x08001ce4        0x0 ./HAL_Library/stm32l0xx_hal_flash_ramfunc.o
 .text          0x08001ce4      0x370 ./HAL_Library/stm32l0xx_hal_gpio.o
                0x08001ce4                HAL_GPIO_Init
                0x08001eb8                HAL_GPIO_DeInit
                0x08001ff0                HAL_GPIO_ReadPin
                0x08001ffc                HAL_GPIO_WritePin
                0x08002008                HAL_GPIO_TogglePin
                0x08002010                HAL_GPIO_LockPin
                0x08002038                HAL_GPIO_EXTI_Callback
                0x0800203c                HAL_GPIO_EXTI_IRQHandler
 .text          0x08002054        0x0 ./HAL_Library/stm32l0xx_hal_i2c.o
 .text          0x08002054        0x0 ./HAL_Library/stm32l0xx_hal_i2c_ex.o
 .text          0x08002054        0x0 ./HAL_Library/stm32l0xx_hal_i2s.o
 .text          0x08002054        0x0 ./HAL_Library/stm32l0xx_hal_irda.o
 .text          0x08002054        0x0 ./HAL_Library/stm32l0xx_hal_iwdg.o
 .text          0x08002054        0x0 ./HAL_Library/stm32l0xx_hal_lcd.o
 .text          0x08002054        0x0 ./HAL_Library/stm32l0xx_hal_lptim.o
 .text          0x08002054        0x0 ./HAL_Library/stm32l0xx_hal_pcd.o
 .text          0x08002054        0x0 ./HAL_Library/stm32l0xx_hal_pcd_ex.o
 .text          0x08002054      0x1ec ./HAL_Library/stm32l0xx_hal_pwr.o
                0x08002054                HAL_PWR_DeInit
                0x08002074                HAL_PWR_EnableBkUpAccess
                0x08002088                HAL_PWR_DisableBkUpAccess
                0x0800209c                HAL_PWR_ConfigPVD
                0x08002114                HAL_PWR_EnablePVD
                0x08002124                HAL_PWR_DisablePVD
                0x08002134                HAL_PWR_EnableWakeUpPin
                0x08002144                HAL_PWR_DisableWakeUpPin
                0x08002154                HAL_PWR_EnterSLEEPMode
                0x08002184                HAL_PWR_EnterSTOPMode
                0x080021c0                HAL_PWR_EnterSTANDBYMode
                0x080021e0                HAL_PWR_EnableSleepOnExit
                0x080021f0                HAL_PWR_DisableSleepOnExit
                0x08002200                HAL_PWR_EnableSEVOnPend
                0x08002210                HAL_PWR_DisableSEVOnPend
                0x08002220                HAL_PWR_PVDCallback
                0x08002224                HAL_PWR_PVD_IRQHandler
 .text          0x08002240       0xc8 ./HAL_Library/stm32l0xx_hal_pwr_ex.o
                0x08002240                HAL_PWREx_EnableFastWakeUp
                0x08002254                HAL_PWREx_DisableFastWakeUp
                0x08002268                HAL_PWREx_EnableUltraLowPower
                0x0800227c                HAL_PWREx_DisableUltraLowPower
                0x08002290                HAL_PWREx_EnableLowPowerRunMode
                0x080022ac                HAL_PWREx_DisableLowPowerRunMode
 .text          0x08002308      0x9c8 ./HAL_Library/stm32l0xx_hal_rcc.o
                0x0800230c                HAL_RCC_OscConfig
                0x08002870                HAL_RCC_ClockConfig
                0x080029e4                HAL_RCC_MCOConfig
                0x08002a64                HAL_RCC_EnableCSS
                0x08002a78                HAL_RCC_GetSysClockFreq
                0x08002b04                HAL_RCC_GetHCLKFreq
                0x08002b2c                HAL_RCC_GetPCLK1Freq
                0x08002b5c                HAL_RCC_GetPCLK2Freq
                0x08002b8c                HAL_RCC_GetOscConfig
                0x08002c70                HAL_RCC_GetClockConfig
                0x08002cb0                HAL_RCC_CSSCallback
                0x08002cb4                HAL_RCC_NMI_IRQHandler
 .text          0x08002cd0      0x5dc ./HAL_Library/stm32l0xx_hal_rcc_ex.o
                0x08002cd0                HAL_RCC_DeInit
                0x08002d10                HAL_RCCEx_PeriphCLKConfig
                0x08002ea0                HAL_RCCEx_GetPeriphCLKConfig
                0x08002ef0                HAL_RCCEx_GetPeriphCLKFreq
                0x080030a8                HAL_RCCEx_EnableLSECSS
                0x080030bc                HAL_RCCEx_DisableLSECSS
                0x080030d8                HAL_RCCEx_EnableLSECSS_IT
                0x08003108                HAL_RCCEx_LSECSS_Callback
                0x0800310c                HAL_RCCEx_LSECSS_IRQHandler
                0x08003124                HAL_RCCEx_CRSConfig
                0x080031ac                HAL_RCCEx_CRSSoftwareSynchronizationGenerate
                0x080031bc                HAL_RCCEx_CRSGetSynchronizationInfo
                0x080031e4                HAL_RCCEx_CRSWaitSynchronization
                0x08003284                HAL_RCCEx_EnableHSI48_VREFINT
                0x08003298                HAL_RCCEx_DisableHSI48_VREFINT
 .text          0x080032ac        0x0 ./HAL_Library/stm32l0xx_hal_rng.o
 .text          0x080032ac        0x0 ./HAL_Library/stm32l0xx_hal_rtc.o
 .text          0x080032ac        0x0 ./HAL_Library/stm32l0xx_hal_rtc_ex.o
 .text          0x080032ac        0x0 ./HAL_Library/stm32l0xx_hal_smartcard.o
 .text          0x080032ac        0x0 ./HAL_Library/stm32l0xx_hal_smartcard_ex.o
 .text          0x080032ac        0x0 ./HAL_Library/stm32l0xx_hal_smbus.o
 .text          0x080032ac        0x0 ./HAL_Library/stm32l0xx_hal_spi.o
 .text          0x080032ac        0x0 ./HAL_Library/stm32l0xx_hal_tim.o
 .text          0x080032ac        0x0 ./HAL_Library/stm32l0xx_hal_tim_ex.o
 .text          0x080032ac        0x0 ./HAL_Library/stm32l0xx_hal_tsc.o
 .text          0x080032ac        0x0 ./HAL_Library/stm32l0xx_hal_uart.o
 .text          0x080032ac        0x0 ./HAL_Library/stm32l0xx_hal_uart_ex.o
 .text          0x080032ac      0xcf0 ./HAL_Library/stm32l0xx_hal_usart.o
                0x08003310                HAL_USART_MspInit
                0x08003314                HAL_USART_Init
                0x08003494                HAL_USART_MspDeInit
                0x08003498                HAL_USART_DeInit
                0x080034c4                HAL_USART_Transmit
                0x08003578                HAL_USART_Receive
                0x08003690                HAL_USART_TransmitReceive
                0x080037c8                HAL_USART_Transmit_IT
                0x08003810                HAL_USART_Receive_IT
                0x080038ec                HAL_USART_TransmitReceive_IT
                0x080039a0                HAL_USART_Transmit_DMA
                0x08003a14                HAL_USART_Receive_DMA
                0x08003ab0                HAL_USART_TransmitReceive_DMA
                0x08003b74                HAL_USART_DMAPause
                0x08003b94                HAL_USART_DMAResume
                0x08003bb4                HAL_USART_DMAStop
                0x08003be8                HAL_USART_TxCpltCallback
                0x08003c2c                HAL_USART_TxHalfCpltCallback
                0x08003c3c                HAL_USART_RxCpltCallback
                0x08003c40                HAL_USART_RxHalfCpltCallback
                0x08003c50                HAL_USART_TxRxCpltCallback
                0x08003d94                HAL_USART_ErrorCallback
                0x08003db8                HAL_USART_IRQHandler
                0x08003f90                HAL_USART_GetState
                0x08003f98                HAL_USART_GetError
 .text          0x08003f9c        0x0 ./HAL_Library/stm32l0xx_hal_wwdg.o
 .text          0x08003f9c       0x14 ./startup_stm32l052xx.o
 .text          0x08003fb0      0x114 c:/program files (x86)/gnu tools arm embedded/5.4 2016q2/bin/../lib/gcc/arm-none-eabi/5.4.1/armv6-m\libgcc.a(_udivsi3.o)
                0x08003fb0                __aeabi_uidiv
                0x08003fb0                __udivsi3
                0x080040bc                __aeabi_uidivmod
 .text          0x080040c4        0x4 c:/program files (x86)/gnu tools arm embedded/5.4 2016q2/bin/../lib/gcc/arm-none-eabi/5.4.1/armv6-m\libgcc.a(_dvmd_tls.o)
                0x080040c4                __aeabi_idiv0
                0x080040c4                __aeabi_ldiv0
 .text          0x080040c8        0x0 c:/program files (x86)/gnu tools arm embedded/5.4 2016q2/bin/../lib/gcc/arm-none-eabi/5.4.1/../../../../arm-none-eabi/lib/armv6-m\libnosys.a(_exit.o)
 .text          0x080040c8        0x0 c:/program files (x86)/gnu tools arm embedded/5.4 2016q2/bin/../lib/gcc/arm-none-eabi/5.4.1/armv6-m/crtend.o
 .text          0x080040c8        0x0 c:/program files (x86)/gnu tools arm embedded/5.4 2016q2/bin/../lib/gcc/arm-none-eabi/5.4.1/armv6-m/crtn.o
 *(.text*)
 .text.exit     0x080040c8       0x20 c:/program files (x86)/gnu tools arm embedded/5.4 2016q2/bin/../lib/gcc/arm-none-eabi/5.4.1/../../../../arm-none-eabi/lib/armv6-m\libc.a(lib_a-exit.o)
                0x080040c8                exit
 .text.__libc_init_array
                0x080040e8       0x48 c:/program files (x86)/gnu tools arm embedded/5.4 2016q2/bin/../lib/gcc/arm-none-eabi/5.4.1/../../../../arm-none-eabi/lib/armv6-m\libc.a(lib_a-init.o)
                0x080040e8                __libc_init_array
 .text.memset   0x08004130       0x8c c:/program files (x86)/gnu tools arm embedded/5.4 2016q2/bin/../lib/gcc/arm-none-eabi/5.4.1/../../../../arm-none-eabi/lib/armv6-m\libc.a(lib_a-memset.o)
                0x08004130                memset
 .text.startup.register_fini
                0x080041bc       0x18 c:/program files (x86)/gnu tools arm embedded/5.4 2016q2/bin/../lib/gcc/arm-none-eabi/5.4.1/../../../../arm-none-eabi/lib/armv6-m\libc.a(lib_a-__call_atexit.o)
 .text.__call_exitprocs
                0x080041d4       0xfc c:/program files (x86)/gnu tools arm embedded/5.4 2016q2/bin/../lib/gcc/arm-none-eabi/5.4.1/../../../../arm-none-eabi/lib/armv6-m\libc.a(lib_a-__call_atexit.o)
                0x080041d4                __call_exitprocs
 .text.atexit   0x080042d0       0x10 c:/program files (x86)/gnu tools arm embedded/5.4 2016q2/bin/../lib/gcc/arm-none-eabi/5.4.1/../../../../arm-none-eabi/lib/armv6-m\libc.a(lib_a-atexit.o)
                0x080042d0                atexit
 .text.__libc_fini_array
                0x080042e0       0x34 c:/program files (x86)/gnu tools arm embedded/5.4 2016q2/bin/../lib/gcc/arm-none-eabi/5.4.1/../../../../arm-none-eabi/lib/armv6-m\libc.a(lib_a-fini.o)
                0x080042e0                __libc_fini_array
 .text.__register_exitproc
                0x08004314       0xd4 c:/program files (x86)/gnu tools arm embedded/5.4 2016q2/bin/../lib/gcc/arm-none-eabi/5.4.1/../../../../arm-none-eabi/lib/armv6-m\libc.a(lib_a-__atexit.o)
                0x08004314                __register_exitproc
 .text.startup  0x080043e8       0xac ./src/main.o
                0x080043e8                main
 .text.Reset_Handler
                0x08004494       0x50 ./startup_stm32l052xx.o
                0x08004494                Reset_Handler
 .text.Default_Handler
                0x080044e4        0x2 ./startup_stm32l052xx.o
                0x080044e4                TSC_IRQHandler
                0x080044e4                ADC1_COMP_IRQHandler
                0x080044e4                PVD_IRQHandler
                0x080044e4                PendSV_Handler
                0x080044e4                NMI_Handler
                0x080044e4                I2C1_IRQHandler
                0x080044e4                RCC_CRS_IRQHandler
                0x080044e4                SPI1_IRQHandler
                0x080044e4                TIM6_DAC_IRQHandler
                0x080044e4                EXTI2_3_IRQHandler
                0x080044e4                I2C2_IRQHandler
                0x080044e4                RTC_IRQHandler
                0x080044e4                DMA1_Channel4_5_6_7_IRQHandler
                0x080044e4                EXTI4_15_IRQHandler
                0x080044e4                DMA1_Channel1_IRQHandler
                0x080044e4                Default_Handler
                0x080044e4                TIM22_IRQHandler
                0x080044e4                EXTI0_1_IRQHandler
                0x080044e4                USB_IRQHandler
                0x080044e4                SPI2_IRQHandler
                0x080044e4                SVC_Handler
                0x080044e4                TIM21_IRQHandler
                0x080044e4                WWDG_IRQHandler
                0x080044e4                TIM2_IRQHandler
                0x080044e4                DMA1_Channel2_3_IRQHandler
                0x080044e4                USART2_IRQHandler
                0x080044e4                FLASH_IRQHandler
                0x080044e4                USART1_IRQHandler
                0x080044e4                RNG_LPUART1_IRQHandler
                0x080044e4                LPTIM1_IRQHandler
 *fill*         0x080044e6        0x2 
 .text._exit    0x080044e8        0x4 c:/program files (x86)/gnu tools arm embedded/5.4 2016q2/bin/../lib/gcc/arm-none-eabi/5.4.1/../../../../arm-none-eabi/lib/armv6-m\libnosys.a(_exit.o)
                0x080044e8                _exit
 *(.glue_7)
 .glue_7        0x080044ec        0x0 linker stubs
 *(.glue_7t)
 .glue_7t       0x080044ec        0x0 linker stubs
 *(.eh_frame)
 .eh_frame      0x080044ec        0x0 c:/program files (x86)/gnu tools arm embedded/5.4 2016q2/bin/../lib/gcc/arm-none-eabi/5.4.1/armv6-m/crtbegin.o
 .eh_frame      0x080044ec        0x4 c:/program files (x86)/gnu tools arm embedded/5.4 2016q2/bin/../lib/gcc/arm-none-eabi/5.4.1/armv6-m/crtend.o
 *(.init)
 .init          0x080044f0        0x4 c:/program files (x86)/gnu tools arm embedded/5.4 2016q2/bin/../lib/gcc/arm-none-eabi/5.4.1/armv6-m/crti.o
                0x080044f0                _init
 .init          0x080044f4        0x8 c:/program files (x86)/gnu tools arm embedded/5.4 2016q2/bin/../lib/gcc/arm-none-eabi/5.4.1/armv6-m/crtn.o
 *(.fini)
 .fini          0x080044fc        0x4 c:/program files (x86)/gnu tools arm embedded/5.4 2016q2/bin/../lib/gcc/arm-none-eabi/5.4.1/armv6-m/crti.o
                0x080044fc                _fini
 .fini          0x08004500        0x8 c:/program files (x86)/gnu tools arm embedded/5.4 2016q2/bin/../lib/gcc/arm-none-eabi/5.4.1/armv6-m/crtn.o
                0x08004508                . = ALIGN (0x4)
                0x08004508                _etext = .

.vfp11_veneer   0x08004508        0x0
 .vfp11_veneer  0x08004508        0x0 linker stubs

.v4_bx          0x08004508        0x0
 .v4_bx         0x08004508        0x0 linker stubs

.iplt           0x08004508        0x0
 .iplt          0x08004508        0x0 c:/program files (x86)/gnu tools arm embedded/5.4 2016q2/bin/../lib/gcc/arm-none-eabi/5.4.1/armv6-m/crtbegin.o

.RamFunc        0x08004508      0x198
 .RamFunc       0x08004508      0x198 ./HAL_Library/stm32l0xx_hal_flash_ramfunc.o
                0x080045f4                HAL_FLASHEx_HalfPageProgram
                0x08004648                HAL_FLASHEx_EnableRunPowerDown
                0x0800466c                HAL_FLASHEx_DisableRunPowerDown
                0x08004690                HAL_FLASHRAM_GetError

.rodata         0x080046a0      0x190
                0x080046a0                . = ALIGN (0x4)
 *(.rodata)
 .rodata        0x080046a0       0x1c ./src/system_stm32l0xx.o
                0x080046a0                PLLMulTable
                0x080046ac                AHBPrescTable
 .rodata        0x080046bc       0x10 ./HAL_Library/stm32l0xx_hal_rcc.o
 .rodata        0x080046cc      0x104 ./HAL_Library/stm32l0xx_hal_rcc_ex.o
 .rodata        0x080047d0       0x58 ./HAL_Library/stm32l0xx_hal_usart.o
 *(.rodata*)
 .rodata.str1.4
                0x08004828        0x4 c:/program files (x86)/gnu tools arm embedded/5.4 2016q2/bin/../lib/gcc/arm-none-eabi/5.4.1/../../../../arm-none-eabi/lib/armv6-m\libc.a(lib_a-impure.o)
                                  0x2 (size before relaxing)
 .rodata._global_impure_ptr
                0x0800482c        0x4 c:/program files (x86)/gnu tools arm embedded/5.4 2016q2/bin/../lib/gcc/arm-none-eabi/5.4.1/../../../../arm-none-eabi/lib/armv6-m\libc.a(lib_a-impure.o)
                0x0800482c                _global_impure_ptr
                0x08004830                . = ALIGN (0x4)

.ARM.extab      0x08004830        0x0
 *(.ARM.extab* .gnu.linkonce.armextab.*)
 .ARM.extab     0x08004830        0x0 c:/program files (x86)/gnu tools arm embedded/5.4 2016q2/bin/../lib/gcc/arm-none-eabi/5.4.1/../../../../arm-none-eabi/lib/armv6-m/crt0.o

.ARM            0x08004830        0x8
                0x08004830                __exidx_start = .
 *(.ARM.exidx*)
 .ARM.exidx     0x08004830        0x8 c:/program files (x86)/gnu tools arm embedded/5.4 2016q2/bin/../lib/gcc/arm-none-eabi/5.4.1/../../../../arm-none-eabi/lib/armv6-m/crt0.o
                0x08004838                __exidx_end = .

.rel.dyn        0x08004838        0x0
 .rel.iplt      0x08004838        0x0 c:/program files (x86)/gnu tools arm embedded/5.4 2016q2/bin/../lib/gcc/arm-none-eabi/5.4.1/armv6-m/crtbegin.o

.preinit_array  0x08004838        0x0
                0x08004838                PROVIDE (__preinit_array_start, .)
 *(.preinit_array*)
                0x08004838                PROVIDE (__preinit_array_end, .)

.init_array     0x08004838        0x8
                0x08004838                PROVIDE (__init_array_start, .)
 *(SORT(.init_array.*))
 .init_array.00000
                0x08004838        0x4 c:/program files (x86)/gnu tools arm embedded/5.4 2016q2/bin/../lib/gcc/arm-none-eabi/5.4.1/../../../../arm-none-eabi/lib/armv6-m\libc.a(lib_a-__call_atexit.o)
 *(.init_array*)
 .init_array    0x0800483c        0x4 c:/program files (x86)/gnu tools arm embedded/5.4 2016q2/bin/../lib/gcc/arm-none-eabi/5.4.1/armv6-m/crtbegin.o
                0x08004840                PROVIDE (__init_array_end, .)

.fini_array     0x08004840        0x4
                0x08004840                PROVIDE (__fini_array_start, .)
 *(SORT(.fini_array.*))
 *(.fini_array*)
 .fini_array    0x08004840        0x4 c:/program files (x86)/gnu tools arm embedded/5.4 2016q2/bin/../lib/gcc/arm-none-eabi/5.4.1/armv6-m/crtbegin.o
                0x08004844                PROVIDE (__fini_array_end, .)
                0x08004844                _sidata = LOADADDR (.data)

.data           0x20000000      0x434 load address 0x08004844
                0x20000000                . = ALIGN (0x4)
                0x20000000                _sdata = .
 *(.data)
 .data          0x20000000        0x0 c:/program files (x86)/gnu tools arm embedded/5.4 2016q2/bin/../lib/gcc/arm-none-eabi/5.4.1/armv6-m/crti.o
 .data          0x20000000        0x4 c:/program files (x86)/gnu tools arm embedded/5.4 2016q2/bin/../lib/gcc/arm-none-eabi/5.4.1/armv6-m/crtbegin.o
                0x20000000                __dso_handle
 .data          0x20000004        0x0 c:/program files (x86)/gnu tools arm embedded/5.4 2016q2/bin/../lib/gcc/arm-none-eabi/5.4.1/../../../../arm-none-eabi/lib/armv6-m/crt0.o
 .data          0x20000004        0x0 c:/program files (x86)/gnu tools arm embedded/5.4 2016q2/bin/../lib/gcc/arm-none-eabi/5.4.1/../../../../arm-none-eabi/lib/armv6-m\libc.a(lib_a-exit.o)
 .data          0x20000004        0x0 c:/program files (x86)/gnu tools arm embedded/5.4 2016q2/bin/../lib/gcc/arm-none-eabi/5.4.1/../../../../arm-none-eabi/lib/armv6-m\libc.a(lib_a-impure.o)
 .data          0x20000004        0x0 c:/program files (x86)/gnu tools arm embedded/5.4 2016q2/bin/../lib/gcc/arm-none-eabi/5.4.1/../../../../arm-none-eabi/lib/armv6-m\libc.a(lib_a-init.o)
 .data          0x20000004        0x0 c:/program files (x86)/gnu tools arm embedded/5.4 2016q2/bin/../lib/gcc/arm-none-eabi/5.4.1/../../../../arm-none-eabi/lib/armv6-m\libc.a(lib_a-memset.o)
 .data          0x20000004        0x0 c:/program files (x86)/gnu tools arm embedded/5.4 2016q2/bin/../lib/gcc/arm-none-eabi/5.4.1/../../../../arm-none-eabi/lib/armv6-m\libc.a(lib_a-__call_atexit.o)
 .data          0x20000004        0x0 c:/program files (x86)/gnu tools arm embedded/5.4 2016q2/bin/../lib/gcc/arm-none-eabi/5.4.1/../../../../arm-none-eabi/lib/armv6-m\libc.a(lib_a-atexit.o)
 .data          0x20000004        0x0 c:/program files (x86)/gnu tools arm embedded/5.4 2016q2/bin/../lib/gcc/arm-none-eabi/5.4.1/../../../../arm-none-eabi/lib/armv6-m\libc.a(lib_a-fini.o)
 .data          0x20000004        0x0 c:/program files (x86)/gnu tools arm embedded/5.4 2016q2/bin/../lib/gcc/arm-none-eabi/5.4.1/../../../../arm-none-eabi/lib/armv6-m\libc.a(lib_a-__atexit.o)
 .data          0x20000004        0x0 ./src/debug.o
 .data          0x20000004        0x0 ./src/led_driver.o
 .data          0x20000004        0x0 ./src/main.o
 .data          0x20000004        0x0 ./src/stm32l0xx_it.o
 .data          0x20000004        0x4 ./src/system_stm32l0xx.o
                0x20000004                SystemCoreClock
 .data          0x20000008        0x0 ./HAL_Library/stm32l0xx_hal.o
 .data          0x20000008        0x0 ./HAL_Library/stm32l0xx_hal_adc.o
 .data          0x20000008        0x0 ./HAL_Library/stm32l0xx_hal_adc_ex.o
 .data          0x20000008        0x0 ./HAL_Library/stm32l0xx_hal_comp.o
 .data          0x20000008        0x0 ./HAL_Library/stm32l0xx_hal_comp_ex.o
 .data          0x20000008        0x0 ./HAL_Library/stm32l0xx_hal_cortex.o
 .data          0x20000008        0x0 ./HAL_Library/stm32l0xx_hal_crc.o
 .data          0x20000008        0x0 ./HAL_Library/stm32l0xx_hal_crc_ex.o
 .data          0x20000008        0x0 ./HAL_Library/stm32l0xx_hal_cryp.o
 .data          0x20000008        0x0 ./HAL_Library/stm32l0xx_hal_cryp_ex.o
 .data          0x20000008        0x0 ./HAL_Library/stm32l0xx_hal_dac.o
 .data          0x20000008        0x0 ./HAL_Library/stm32l0xx_hal_dac_ex.o
 .data          0x20000008        0x0 ./HAL_Library/stm32l0xx_hal_dma.o
 .data          0x20000008        0x0 ./HAL_Library/stm32l0xx_hal_firewall.o
 .data          0x20000008        0x0 ./HAL_Library/stm32l0xx_hal_flash.o
 .data          0x20000008        0x0 ./HAL_Library/stm32l0xx_hal_flash_ex.o
 .data          0x20000008        0x0 ./HAL_Library/stm32l0xx_hal_flash_ramfunc.o
 .data          0x20000008        0x0 ./HAL_Library/stm32l0xx_hal_gpio.o
 .data          0x20000008        0x0 ./HAL_Library/stm32l0xx_hal_i2c.o
 .data          0x20000008        0x0 ./HAL_Library/stm32l0xx_hal_i2c_ex.o
 .data          0x20000008        0x0 ./HAL_Library/stm32l0xx_hal_i2s.o
 .data          0x20000008        0x0 ./HAL_Library/stm32l0xx_hal_irda.o
 .data          0x20000008        0x0 ./HAL_Library/stm32l0xx_hal_iwdg.o
 .data          0x20000008        0x0 ./HAL_Library/stm32l0xx_hal_lcd.o
 .data          0x20000008        0x0 ./HAL_Library/stm32l0xx_hal_lptim.o
 .data          0x20000008        0x0 ./HAL_Library/stm32l0xx_hal_pcd.o
 .data          0x20000008        0x0 ./HAL_Library/stm32l0xx_hal_pcd_ex.o
 .data          0x20000008        0x0 ./HAL_Library/stm32l0xx_hal_pwr.o
 .data          0x20000008        0x0 ./HAL_Library/stm32l0xx_hal_pwr_ex.o
 .data          0x20000008        0x0 ./HAL_Library/stm32l0xx_hal_rcc.o
 .data          0x20000008        0x0 ./HAL_Library/stm32l0xx_hal_rcc_ex.o
 .data          0x20000008        0x0 ./HAL_Library/stm32l0xx_hal_rng.o
 .data          0x20000008        0x0 ./HAL_Library/stm32l0xx_hal_rtc.o
 .data          0x20000008        0x0 ./HAL_Library/stm32l0xx_hal_rtc_ex.o
 .data          0x20000008        0x0 ./HAL_Library/stm32l0xx_hal_smartcard.o
 .data          0x20000008        0x0 ./HAL_Library/stm32l0xx_hal_smartcard_ex.o
 .data          0x20000008        0x0 ./HAL_Library/stm32l0xx_hal_smbus.o
 .data          0x20000008        0x0 ./HAL_Library/stm32l0xx_hal_spi.o
 .data          0x20000008        0x0 ./HAL_Library/stm32l0xx_hal_tim.o
 .data          0x20000008        0x0 ./HAL_Library/stm32l0xx_hal_tim_ex.o
 .data          0x20000008        0x0 ./HAL_Library/stm32l0xx_hal_tsc.o
 .data          0x20000008        0x0 ./HAL_Library/stm32l0xx_hal_uart.o
 .data          0x20000008        0x0 ./HAL_Library/stm32l0xx_hal_uart_ex.o
 .data          0x20000008        0x0 ./HAL_Library/stm32l0xx_hal_usart.o
 .data          0x20000008        0x0 ./HAL_Library/stm32l0xx_hal_wwdg.o
 .data          0x20000008        0x0 ./startup_stm32l052xx.o
 .data          0x20000008        0x0 c:/program files (x86)/gnu tools arm embedded/5.4 2016q2/bin/../lib/gcc/arm-none-eabi/5.4.1/armv6-m\libgcc.a(_udivsi3.o)
 .data          0x20000008        0x0 c:/program files (x86)/gnu tools arm embedded/5.4 2016q2/bin/../lib/gcc/arm-none-eabi/5.4.1/armv6-m\libgcc.a(_dvmd_tls.o)
 .data          0x20000008        0x0 c:/program files (x86)/gnu tools arm embedded/5.4 2016q2/bin/../lib/gcc/arm-none-eabi/5.4.1/../../../../arm-none-eabi/lib/armv6-m\libnosys.a(_exit.o)
 .data          0x20000008        0x0 c:/program files (x86)/gnu tools arm embedded/5.4 2016q2/bin/../lib/gcc/arm-none-eabi/5.4.1/armv6-m/crtend.o
 .data          0x20000008        0x0 c:/program files (x86)/gnu tools arm embedded/5.4 2016q2/bin/../lib/gcc/arm-none-eabi/5.4.1/armv6-m/crtn.o
 *(.data*)
 .data.impure_data
                0x20000008      0x428 c:/program files (x86)/gnu tools arm embedded/5.4 2016q2/bin/../lib/gcc/arm-none-eabi/5.4.1/../../../../arm-none-eabi/lib/armv6-m\libc.a(lib_a-impure.o)
 .data._impure_ptr
                0x20000430        0x4 c:/program files (x86)/gnu tools arm embedded/5.4 2016q2/bin/../lib/gcc/arm-none-eabi/5.4.1/../../../../arm-none-eabi/lib/armv6-m\libc.a(lib_a-impure.o)
                0x20000430                _impure_ptr
                0x20000434                . = ALIGN (0x4)
                0x20000434                _edata = .

.jcr            0x20000434        0x4 load address 0x08004c78
 .jcr           0x20000434        0x0 c:/program files (x86)/gnu tools arm embedded/5.4 2016q2/bin/../lib/gcc/arm-none-eabi/5.4.1/armv6-m/crtbegin.o
 .jcr           0x20000434        0x4 c:/program files (x86)/gnu tools arm embedded/5.4 2016q2/bin/../lib/gcc/arm-none-eabi/5.4.1/armv6-m/crtend.o

.igot.plt       0x20000438        0x0 load address 0x08004c7c
 .igot.plt      0x20000438        0x0 c:/program files (x86)/gnu tools arm embedded/5.4 2016q2/bin/../lib/gcc/arm-none-eabi/5.4.1/armv6-m/crtbegin.o
                0x20000438                . = ALIGN (0x4)

.bss            0x20000438      0x498 load address 0x08004c7c
                0x20000438                _sbss = .
                0x20000438                __bss_start__ = _sbss
 *(.bss)
 .bss           0x20000438        0x0 c:/program files (x86)/gnu tools arm embedded/5.4 2016q2/bin/../lib/gcc/arm-none-eabi/5.4.1/armv6-m/crti.o
 .bss           0x20000438       0x1c c:/program files (x86)/gnu tools arm embedded/5.4 2016q2/bin/../lib/gcc/arm-none-eabi/5.4.1/armv6-m/crtbegin.o
 .bss           0x20000454        0x0 c:/program files (x86)/gnu tools arm embedded/5.4 2016q2/bin/../lib/gcc/arm-none-eabi/5.4.1/../../../../arm-none-eabi/lib/armv6-m/crt0.o
 .bss           0x20000454        0x0 c:/program files (x86)/gnu tools arm embedded/5.4 2016q2/bin/../lib/gcc/arm-none-eabi/5.4.1/../../../../arm-none-eabi/lib/armv6-m\libc.a(lib_a-exit.o)
 .bss           0x20000454        0x0 c:/program files (x86)/gnu tools arm embedded/5.4 2016q2/bin/../lib/gcc/arm-none-eabi/5.4.1/../../../../arm-none-eabi/lib/armv6-m\libc.a(lib_a-impure.o)
 .bss           0x20000454        0x0 c:/program files (x86)/gnu tools arm embedded/5.4 2016q2/bin/../lib/gcc/arm-none-eabi/5.4.1/../../../../arm-none-eabi/lib/armv6-m\libc.a(lib_a-init.o)
 .bss           0x20000454        0x0 c:/program files (x86)/gnu tools arm embedded/5.4 2016q2/bin/../lib/gcc/arm-none-eabi/5.4.1/../../../../arm-none-eabi/lib/armv6-m\libc.a(lib_a-memset.o)
 .bss           0x20000454        0x0 c:/program files (x86)/gnu tools arm embedded/5.4 2016q2/bin/../lib/gcc/arm-none-eabi/5.4.1/../../../../arm-none-eabi/lib/armv6-m\libc.a(lib_a-__call_atexit.o)
 .bss           0x20000454        0x0 c:/program files (x86)/gnu tools arm embedded/5.4 2016q2/bin/../lib/gcc/arm-none-eabi/5.4.1/../../../../arm-none-eabi/lib/armv6-m\libc.a(lib_a-atexit.o)
 .bss           0x20000454        0x0 c:/program files (x86)/gnu tools arm embedded/5.4 2016q2/bin/../lib/gcc/arm-none-eabi/5.4.1/../../../../arm-none-eabi/lib/armv6-m\libc.a(lib_a-fini.o)
 .bss           0x20000454        0x0 c:/program files (x86)/gnu tools arm embedded/5.4 2016q2/bin/../lib/gcc/arm-none-eabi/5.4.1/../../../../arm-none-eabi/lib/armv6-m\libc.a(lib_a-__atexit.o)
 .bss           0x20000454       0xc8 ./src/debug.o
                0x20000454                tx_buffer
                0x200004b8                rx_buffer
 .bss           0x2000051c       0x68 ./src/led_driver.o
                0x2000051c                bufferCount
                0x20000520                buffer
 .bss           0x20000584        0x5 ./src/main.o
                0x20000584                sysTime
                0x20000588                id
 .bss           0x20000589        0x0 ./src/stm32l0xx_it.o
 .bss           0x20000589        0x0 ./src/system_stm32l0xx.o
 *fill*         0x20000589        0x3 
 .bss           0x2000058c        0x4 ./HAL_Library/stm32l0xx_hal.o
 .bss           0x20000590        0x0 ./HAL_Library/stm32l0xx_hal_adc.o
 .bss           0x20000590        0x0 ./HAL_Library/stm32l0xx_hal_adc_ex.o
 .bss           0x20000590        0x0 ./HAL_Library/stm32l0xx_hal_comp.o
 .bss           0x20000590        0x0 ./HAL_Library/stm32l0xx_hal_comp_ex.o
 .bss           0x20000590        0x0 ./HAL_Library/stm32l0xx_hal_cortex.o
 .bss           0x20000590        0x0 ./HAL_Library/stm32l0xx_hal_crc.o
 .bss           0x20000590        0x0 ./HAL_Library/stm32l0xx_hal_crc_ex.o
 .bss           0x20000590        0x0 ./HAL_Library/stm32l0xx_hal_cryp.o
 .bss           0x20000590        0x0 ./HAL_Library/stm32l0xx_hal_cryp_ex.o
 .bss           0x20000590        0x0 ./HAL_Library/stm32l0xx_hal_dac.o
 .bss           0x20000590        0x0 ./HAL_Library/stm32l0xx_hal_dac_ex.o
 .bss           0x20000590        0x0 ./HAL_Library/stm32l0xx_hal_dma.o
 .bss           0x20000590        0x0 ./HAL_Library/stm32l0xx_hal_firewall.o
 .bss           0x20000590        0x0 ./HAL_Library/stm32l0xx_hal_flash.o
 .bss           0x20000590        0x0 ./HAL_Library/stm32l0xx_hal_flash_ex.o
 .bss           0x20000590        0x0 ./HAL_Library/stm32l0xx_hal_flash_ramfunc.o
 .bss           0x20000590        0x0 ./HAL_Library/stm32l0xx_hal_gpio.o
 .bss           0x20000590        0x0 ./HAL_Library/stm32l0xx_hal_i2c.o
 .bss           0x20000590        0x0 ./HAL_Library/stm32l0xx_hal_i2c_ex.o
 .bss           0x20000590        0x0 ./HAL_Library/stm32l0xx_hal_i2s.o
 .bss           0x20000590        0x0 ./HAL_Library/stm32l0xx_hal_irda.o
 .bss           0x20000590        0x0 ./HAL_Library/stm32l0xx_hal_iwdg.o
 .bss           0x20000590        0x0 ./HAL_Library/stm32l0xx_hal_lcd.o
 .bss           0x20000590        0x0 ./HAL_Library/stm32l0xx_hal_lptim.o
 .bss           0x20000590        0x0 ./HAL_Library/stm32l0xx_hal_pcd.o
 .bss           0x20000590        0x0 ./HAL_Library/stm32l0xx_hal_pcd_ex.o
 .bss           0x20000590        0x0 ./HAL_Library/stm32l0xx_hal_pwr.o
 .bss           0x20000590        0x0 ./HAL_Library/stm32l0xx_hal_pwr_ex.o
 .bss           0x20000590        0x0 ./HAL_Library/stm32l0xx_hal_rcc.o
 .bss           0x20000590        0x0 ./HAL_Library/stm32l0xx_hal_rcc_ex.o
 .bss           0x20000590        0x0 ./HAL_Library/stm32l0xx_hal_rng.o
 .bss           0x20000590        0x0 ./HAL_Library/stm32l0xx_hal_rtc.o
 .bss           0x20000590        0x0 ./HAL_Library/stm32l0xx_hal_rtc_ex.o
 .bss           0x20000590        0x0 ./HAL_Library/stm32l0xx_hal_smartcard.o
 .bss           0x20000590        0x0 ./HAL_Library/stm32l0xx_hal_smartcard_ex.o
 .bss           0x20000590        0x0 ./HAL_Library/stm32l0xx_hal_smbus.o
 .bss           0x20000590        0x0 ./HAL_Library/stm32l0xx_hal_spi.o
 .bss           0x20000590        0x0 ./HAL_Library/stm32l0xx_hal_tim.o
 .bss           0x20000590        0x0 ./HAL_Library/stm32l0xx_hal_tim_ex.o
 .bss           0x20000590        0x0 ./HAL_Library/stm32l0xx_hal_tsc.o
 .bss           0x20000590        0x0 ./HAL_Library/stm32l0xx_hal_uart.o
 .bss           0x20000590        0x0 ./HAL_Library/stm32l0xx_hal_uart_ex.o
 .bss           0x20000590        0x0 ./HAL_Library/stm32l0xx_hal_usart.o
 .bss           0x20000590        0x0 ./HAL_Library/stm32l0xx_hal_wwdg.o
 .bss           0x20000590        0x0 ./startup_stm32l052xx.o
 .bss           0x20000590        0x0 c:/program files (x86)/gnu tools arm embedded/5.4 2016q2/bin/../lib/gcc/arm-none-eabi/5.4.1/armv6-m\libgcc.a(_udivsi3.o)
 .bss           0x20000590        0x0 c:/program files (x86)/gnu tools arm embedded/5.4 2016q2/bin/../lib/gcc/arm-none-eabi/5.4.1/armv6-m\libgcc.a(_dvmd_tls.o)
 .bss           0x20000590        0x0 c:/program files (x86)/gnu tools arm embedded/5.4 2016q2/bin/../lib/gcc/arm-none-eabi/5.4.1/../../../../arm-none-eabi/lib/armv6-m\libnosys.a(_exit.o)
 .bss           0x20000590        0x0 c:/program files (x86)/gnu tools arm embedded/5.4 2016q2/bin/../lib/gcc/arm-none-eabi/5.4.1/armv6-m/crtend.o
 .bss           0x20000590        0x0 c:/program files (x86)/gnu tools arm embedded/5.4 2016q2/bin/../lib/gcc/arm-none-eabi/5.4.1/armv6-m/crtn.o
 *(.bss*)
 *(COMMON)
 COMMON         0x20000590       0xc0 ./src/debug.o
                0x20000590                DMA_RX_Handle
                0x200005cc                DMA_TX_Handle
                0x20000608                USART_Handle
 COMMON         0x20000650      0x268 ./src/led_driver.o
                0x20000650                ledStrip
                0x200008a8                colour_lookup
 COMMON         0x200008b8       0x18 ./HAL_Library/stm32l0xx_hal_flash.o
                0x200008b8                ProcFlash
                0x200008d0                . = ALIGN (0x4)
                0x200008d0                _ebss = .
                0x200008d0                __bss_end__ = _ebss

._user_heap_stack
                0x200008d0      0x400 load address 0x08004c7c
                0x200008d0                . = ALIGN (0x4)
                [!provide]                PROVIDE (end, .)
                [!provide]                PROVIDE (_end, .)
                0x20000ad0                . = (. + _Min_Heap_Size)
 *fill*         0x200008d0      0x200 
                0x20000cd0                . = (. + _Min_Stack_Size)
 *fill*         0x20000ad0      0x200 
                0x20000cd0                . = ALIGN (0x4)

/DISCARD/
 libc.a(*)
 libm.a(*)
 libgcc.a(*)

.ARM.attributes
                0x00000000       0x28
 *(.ARM.attributes)
 .ARM.attributes
                0x00000000       0x1e c:/program files (x86)/gnu tools arm embedded/5.4 2016q2/bin/../lib/gcc/arm-none-eabi/5.4.1/armv6-m/crti.o
 .ARM.attributes
                0x0000001e       0x2c c:/program files (x86)/gnu tools arm embedded/5.4 2016q2/bin/../lib/gcc/arm-none-eabi/5.4.1/armv6-m/crtbegin.o
 .ARM.attributes
                0x0000004a       0x1b c:/program files (x86)/gnu tools arm embedded/5.4 2016q2/bin/../lib/gcc/arm-none-eabi/5.4.1/../../../../arm-none-eabi/lib/armv6-m/crt0.o
 .ARM.attributes
                0x00000065       0x2c c:/program files (x86)/gnu tools arm embedded/5.4 2016q2/bin/../lib/gcc/arm-none-eabi/5.4.1/../../../../arm-none-eabi/lib/armv6-m\libc.a(lib_a-exit.o)
 .ARM.attributes
                0x00000091       0x2c c:/program files (x86)/gnu tools arm embedded/5.4 2016q2/bin/../lib/gcc/arm-none-eabi/5.4.1/../../../../arm-none-eabi/lib/armv6-m\libc.a(lib_a-impure.o)
 .ARM.attributes
                0x000000bd       0x2c c:/program files (x86)/gnu tools arm embedded/5.4 2016q2/bin/../lib/gcc/arm-none-eabi/5.4.1/../../../../arm-none-eabi/lib/armv6-m\libc.a(lib_a-init.o)
 .ARM.attributes
                0x000000e9       0x2c c:/program files (x86)/gnu tools arm embedded/5.4 2016q2/bin/../lib/gcc/arm-none-eabi/5.4.1/../../../../arm-none-eabi/lib/armv6-m\libc.a(lib_a-memset.o)
 .ARM.attributes
                0x00000115       0x2c c:/program files (x86)/gnu tools arm embedded/5.4 2016q2/bin/../lib/gcc/arm-none-eabi/5.4.1/../../../../arm-none-eabi/lib/armv6-m\libc.a(lib_a-__call_atexit.o)
 .ARM.attributes
                0x00000141       0x2c c:/program files (x86)/gnu tools arm embedded/5.4 2016q2/bin/../lib/gcc/arm-none-eabi/5.4.1/../../../../arm-none-eabi/lib/armv6-m\libc.a(lib_a-atexit.o)
 .ARM.attributes
                0x0000016d       0x2c c:/program files (x86)/gnu tools arm embedded/5.4 2016q2/bin/../lib/gcc/arm-none-eabi/5.4.1/../../../../arm-none-eabi/lib/armv6-m\libc.a(lib_a-fini.o)
 .ARM.attributes
                0x00000199       0x2c c:/program files (x86)/gnu tools arm embedded/5.4 2016q2/bin/../lib/gcc/arm-none-eabi/5.4.1/../../../../arm-none-eabi/lib/armv6-m\libc.a(lib_a-__atexit.o)
 .ARM.attributes
                0x000001c5       0x32 ./src/debug.o
 .ARM.attributes
                0x000001f7       0x32 ./src/led_driver.o
 .ARM.attributes
                0x00000229       0x32 ./src/main.o
 .ARM.attributes
                0x0000025b       0x32 ./src/stm32l0xx_it.o
 .ARM.attributes
                0x0000028d       0x32 ./src/system_stm32l0xx.o
 .ARM.attributes
                0x000002bf       0x32 ./HAL_Library/stm32l0xx_hal.o
 .ARM.attributes
                0x000002f1       0x32 ./HAL_Library/stm32l0xx_hal_adc.o
 .ARM.attributes
                0x00000323       0x32 ./HAL_Library/stm32l0xx_hal_adc_ex.o
 .ARM.attributes
                0x00000355       0x32 ./HAL_Library/stm32l0xx_hal_comp.o
 .ARM.attributes
                0x00000387       0x32 ./HAL_Library/stm32l0xx_hal_comp_ex.o
 .ARM.attributes
                0x000003b9       0x32 ./HAL_Library/stm32l0xx_hal_cortex.o
 .ARM.attributes
                0x000003eb       0x32 ./HAL_Library/stm32l0xx_hal_crc.o
 .ARM.attributes
                0x0000041d       0x32 ./HAL_Library/stm32l0xx_hal_crc_ex.o
 .ARM.attributes
                0x0000044f       0x32 ./HAL_Library/stm32l0xx_hal_cryp.o
 .ARM.attributes
                0x00000481       0x32 ./HAL_Library/stm32l0xx_hal_cryp_ex.o
 .ARM.attributes
                0x000004b3       0x32 ./HAL_Library/stm32l0xx_hal_dac.o
 .ARM.attributes
                0x000004e5       0x32 ./HAL_Library/stm32l0xx_hal_dac_ex.o
 .ARM.attributes
                0x00000517       0x32 ./HAL_Library/stm32l0xx_hal_dma.o
 .ARM.attributes
                0x00000549       0x32 ./HAL_Library/stm32l0xx_hal_firewall.o
 .ARM.attributes
                0x0000057b       0x32 ./HAL_Library/stm32l0xx_hal_flash.o
 .ARM.attributes
                0x000005ad       0x32 ./HAL_Library/stm32l0xx_hal_flash_ex.o
 .ARM.attributes
                0x000005df       0x32 ./HAL_Library/stm32l0xx_hal_flash_ramfunc.o
 .ARM.attributes
                0x00000611       0x32 ./HAL_Library/stm32l0xx_hal_gpio.o
 .ARM.attributes
                0x00000643       0x32 ./HAL_Library/stm32l0xx_hal_i2c.o
 .ARM.attributes
                0x00000675       0x32 ./HAL_Library/stm32l0xx_hal_i2c_ex.o
 .ARM.attributes
                0x000006a7       0x32 ./HAL_Library/stm32l0xx_hal_i2s.o
 .ARM.attributes
                0x000006d9       0x32 ./HAL_Library/stm32l0xx_hal_irda.o
 .ARM.attributes
                0x0000070b       0x32 ./HAL_Library/stm32l0xx_hal_iwdg.o
 .ARM.attributes
                0x0000073d       0x32 ./HAL_Library/stm32l0xx_hal_lcd.o
 .ARM.attributes
                0x0000076f       0x32 ./HAL_Library/stm32l0xx_hal_lptim.o
 .ARM.attributes
                0x000007a1       0x32 ./HAL_Library/stm32l0xx_hal_pcd.o
 .ARM.attributes
                0x000007d3       0x32 ./HAL_Library/stm32l0xx_hal_pcd_ex.o
 .ARM.attributes
                0x00000805       0x32 ./HAL_Library/stm32l0xx_hal_pwr.o
 .ARM.attributes
                0x00000837       0x32 ./HAL_Library/stm32l0xx_hal_pwr_ex.o
 .ARM.attributes
                0x00000869       0x32 ./HAL_Library/stm32l0xx_hal_rcc.o
 .ARM.attributes
                0x0000089b       0x32 ./HAL_Library/stm32l0xx_hal_rcc_ex.o
 .ARM.attributes
                0x000008cd       0x32 ./HAL_Library/stm32l0xx_hal_rng.o
 .ARM.attributes
                0x000008ff       0x32 ./HAL_Library/stm32l0xx_hal_rtc.o
 .ARM.attributes
                0x00000931       0x32 ./HAL_Library/stm32l0xx_hal_rtc_ex.o
 .ARM.attributes
                0x00000963       0x32 ./HAL_Library/stm32l0xx_hal_smartcard.o
 .ARM.attributes
                0x00000995       0x32 ./HAL_Library/stm32l0xx_hal_smartcard_ex.o
 .ARM.attributes
                0x000009c7       0x32 ./HAL_Library/stm32l0xx_hal_smbus.o
 .ARM.attributes
                0x000009f9       0x32 ./HAL_Library/stm32l0xx_hal_spi.o
 .ARM.attributes
                0x00000a2b       0x32 ./HAL_Library/stm32l0xx_hal_tim.o
 .ARM.attributes
                0x00000a5d       0x32 ./HAL_Library/stm32l0xx_hal_tim_ex.o
 .ARM.attributes
                0x00000a8f       0x32 ./HAL_Library/stm32l0xx_hal_tsc.o
 .ARM.attributes
                0x00000ac1       0x32 ./HAL_Library/stm32l0xx_hal_uart.o
 .ARM.attributes
                0x00000af3       0x32 ./HAL_Library/stm32l0xx_hal_uart_ex.o
 .ARM.attributes
                0x00000b25       0x32 ./HAL_Library/stm32l0xx_hal_usart.o
 .ARM.attributes
                0x00000b57       0x32 ./HAL_Library/stm32l0xx_hal_wwdg.o
 .ARM.attributes
                0x00000b89       0x22 ./startup_stm32l052xx.o
 .ARM.attributes
                0x00000bab       0x1e c:/program files (x86)/gnu tools arm embedded/5.4 2016q2/bin/../lib/gcc/arm-none-eabi/5.4.1/armv6-m\libgcc.a(_udivsi3.o)
 .ARM.attributes
                0x00000bc9       0x1e c:/program files (x86)/gnu tools arm embedded/5.4 2016q2/bin/../lib/gcc/arm-none-eabi/5.4.1/armv6-m\libgcc.a(_dvmd_tls.o)
 .ARM.attributes
                0x00000be7       0x2c c:/program files (x86)/gnu tools arm embedded/5.4 2016q2/bin/../lib/gcc/arm-none-eabi/5.4.1/../../../../arm-none-eabi/lib/armv6-m\libnosys.a(_exit.o)
 .ARM.attributes
                0x00000c13       0x2c c:/program files (x86)/gnu tools arm embedded/5.4 2016q2/bin/../lib/gcc/arm-none-eabi/5.4.1/armv6-m/crtend.o
 .ARM.attributes
                0x00000c3f       0x1e c:/program files (x86)/gnu tools arm embedded/5.4 2016q2/bin/../lib/gcc/arm-none-eabi/5.4.1/armv6-m/crtn.o
OUTPUT(ledStripController.elf elf32-littlearm)

.debug_frame    0x00000000     0x1334
 .debug_frame   0x00000000       0x28 c:/program files (x86)/gnu tools arm embedded/5.4 2016q2/bin/../lib/gcc/arm-none-eabi/5.4.1/../../../../arm-none-eabi/lib/armv6-m\libc.a(lib_a-exit.o)
 .debug_frame   0x00000028       0x2c c:/program files (x86)/gnu tools arm embedded/5.4 2016q2/bin/../lib/gcc/arm-none-eabi/5.4.1/../../../../arm-none-eabi/lib/armv6-m\libc.a(lib_a-init.o)
 .debug_frame   0x00000054       0x2c c:/program files (x86)/gnu tools arm embedded/5.4 2016q2/bin/../lib/gcc/arm-none-eabi/5.4.1/../../../../arm-none-eabi/lib/armv6-m\libc.a(lib_a-memset.o)
 .debug_frame   0x00000080       0x54 c:/program files (x86)/gnu tools arm embedded/5.4 2016q2/bin/../lib/gcc/arm-none-eabi/5.4.1/../../../../arm-none-eabi/lib/armv6-m\libc.a(lib_a-__call_atexit.o)
 .debug_frame   0x000000d4       0x28 c:/program files (x86)/gnu tools arm embedded/5.4 2016q2/bin/../lib/gcc/arm-none-eabi/5.4.1/../../../../arm-none-eabi/lib/armv6-m\libc.a(lib_a-atexit.o)
 .debug_frame   0x000000fc       0x2c c:/program files (x86)/gnu tools arm embedded/5.4 2016q2/bin/../lib/gcc/arm-none-eabi/5.4.1/../../../../arm-none-eabi/lib/armv6-m\libc.a(lib_a-fini.o)
 .debug_frame   0x00000128       0x3c c:/program files (x86)/gnu tools arm embedded/5.4 2016q2/bin/../lib/gcc/arm-none-eabi/5.4.1/../../../../arm-none-eabi/lib/armv6-m\libc.a(lib_a-__atexit.o)
 .debug_frame   0x00000164       0x5c ./src/debug.o
 .debug_frame   0x000001c0      0x118 ./src/led_driver.o
 .debug_frame   0x000002d8       0x68 ./src/main.o
 .debug_frame   0x00000340       0x20 ./src/stm32l0xx_it.o
 .debug_frame   0x00000360       0x38 ./src/system_stm32l0xx.o
 .debug_frame   0x00000398      0x1e4 ./HAL_Library/stm32l0xx_hal.o
 .debug_frame   0x0000057c       0xf4 ./HAL_Library/stm32l0xx_hal_cortex.o
 .debug_frame   0x00000670       0xf8 ./HAL_Library/stm32l0xx_hal_dma.o
 .debug_frame   0x00000768      0x138 ./HAL_Library/stm32l0xx_hal_flash.o
 .debug_frame   0x000008a0      0x19c ./HAL_Library/stm32l0xx_hal_flash_ex.o
 .debug_frame   0x00000a3c       0x6c ./HAL_Library/stm32l0xx_hal_flash_ramfunc.o
 .debug_frame   0x00000aa8       0xd4 ./HAL_Library/stm32l0xx_hal_gpio.o
 .debug_frame   0x00000b7c      0x13c ./HAL_Library/stm32l0xx_hal_pwr.o
 .debug_frame   0x00000cb8       0x78 ./HAL_Library/stm32l0xx_hal_pwr_ex.o
 .debug_frame   0x00000d30      0x158 ./HAL_Library/stm32l0xx_hal_rcc.o
 .debug_frame   0x00000e88      0x140 ./HAL_Library/stm32l0xx_hal_rcc_ex.o
 .debug_frame   0x00000fc8      0x32c ./HAL_Library/stm32l0xx_hal_usart.o
 .debug_frame   0x000012f4       0x20 c:/program files (x86)/gnu tools arm embedded/5.4 2016q2/bin/../lib/gcc/arm-none-eabi/5.4.1/armv6-m\libgcc.a(_udivsi3.o)
 .debug_frame   0x00001314       0x20 c:/program files (x86)/gnu tools arm embedded/5.4 2016q2/bin/../lib/gcc/arm-none-eabi/5.4.1/../../../../arm-none-eabi/lib/armv6-m\libnosys.a(_exit.o)

.debug_info     0x00000000     0x85ed
 .debug_info    0x00000000      0x829 ./src/debug.o
 .debug_info    0x00000829      0x75f ./src/led_driver.o
 .debug_info    0x00000f88      0x818 ./src/main.o
 .debug_info    0x000017a0       0x8b ./src/stm32l0xx_it.o
 .debug_info    0x0000182b      0x343 ./src/system_stm32l0xx.o
 .debug_info    0x00001b6e      0x6cb ./HAL_Library/stm32l0xx_hal.o
 .debug_info    0x00002239       0x72 ./HAL_Library/stm32l0xx_hal_adc.o
 .debug_info    0x000022ab       0x72 ./HAL_Library/stm32l0xx_hal_adc_ex.o
 .debug_info    0x0000231d       0x72 ./HAL_Library/stm32l0xx_hal_comp.o
 .debug_info    0x0000238f       0x72 ./HAL_Library/stm32l0xx_hal_comp_ex.o
 .debug_info    0x00002401      0x8c6 ./HAL_Library/stm32l0xx_hal_cortex.o
 .debug_info    0x00002cc7       0x72 ./HAL_Library/stm32l0xx_hal_crc.o
 .debug_info    0x00002d39       0x72 ./HAL_Library/stm32l0xx_hal_crc_ex.o
 .debug_info    0x00002dab       0x72 ./HAL_Library/stm32l0xx_hal_dac.o
 .debug_info    0x00002e1d       0x72 ./HAL_Library/stm32l0xx_hal_dac_ex.o
 .debug_info    0x00002e8f      0x648 ./HAL_Library/stm32l0xx_hal_dma.o
 .debug_info    0x000034d7       0x72 ./HAL_Library/stm32l0xx_hal_firewall.o
 .debug_info    0x00003549      0x573 ./HAL_Library/stm32l0xx_hal_flash.o
 .debug_info    0x00003abc      0xb9e ./HAL_Library/stm32l0xx_hal_flash_ex.o
 .debug_info    0x0000465a      0x381 ./HAL_Library/stm32l0xx_hal_flash_ramfunc.o
 .debug_info    0x000049db      0x642 ./HAL_Library/stm32l0xx_hal_gpio.o
 .debug_info    0x0000501d       0x72 ./HAL_Library/stm32l0xx_hal_i2c.o
 .debug_info    0x0000508f       0x72 ./HAL_Library/stm32l0xx_hal_i2c_ex.o
 .debug_info    0x00005101       0x72 ./HAL_Library/stm32l0xx_hal_i2s.o
 .debug_info    0x00005173       0x72 ./HAL_Library/stm32l0xx_hal_irda.o
 .debug_info    0x000051e5       0x72 ./HAL_Library/stm32l0xx_hal_iwdg.o
 .debug_info    0x00005257       0x72 ./HAL_Library/stm32l0xx_hal_lcd.o
 .debug_info    0x000052c9       0x72 ./HAL_Library/stm32l0xx_hal_lptim.o
 .debug_info    0x0000533b       0x72 ./HAL_Library/stm32l0xx_hal_pcd.o
 .debug_info    0x000053ad       0x72 ./HAL_Library/stm32l0xx_hal_pcd_ex.o
 .debug_info    0x0000541f      0x5e3 ./HAL_Library/stm32l0xx_hal_pwr.o
 .debug_info    0x00005a02      0x196 ./HAL_Library/stm32l0xx_hal_pwr_ex.o
 .debug_info    0x00005b98      0xb03 ./HAL_Library/stm32l0xx_hal_rcc.o
 .debug_info    0x0000669b      0x785 ./HAL_Library/stm32l0xx_hal_rcc_ex.o
 .debug_info    0x00006e20       0x72 ./HAL_Library/stm32l0xx_hal_rng.o
 .debug_info    0x00006e92       0x72 ./HAL_Library/stm32l0xx_hal_rtc.o
 .debug_info    0x00006f04       0x72 ./HAL_Library/stm32l0xx_hal_rtc_ex.o
 .debug_info    0x00006f76       0x72 ./HAL_Library/stm32l0xx_hal_smartcard.o
 .debug_info    0x00006fe8       0x72 ./HAL_Library/stm32l0xx_hal_smartcard_ex.o
 .debug_info    0x0000705a       0x72 ./HAL_Library/stm32l0xx_hal_smbus.o
 .debug_info    0x000070cc       0x72 ./HAL_Library/stm32l0xx_hal_spi.o
 .debug_info    0x0000713e       0x72 ./HAL_Library/stm32l0xx_hal_tim.o
 .debug_info    0x000071b0       0x72 ./HAL_Library/stm32l0xx_hal_tim_ex.o
 .debug_info    0x00007222       0x72 ./HAL_Library/stm32l0xx_hal_tsc.o
 .debug_info    0x00007294       0x72 ./HAL_Library/stm32l0xx_hal_uart.o
 .debug_info    0x00007306       0x72 ./HAL_Library/stm32l0xx_hal_uart_ex.o
 .debug_info    0x00007378     0x1203 ./HAL_Library/stm32l0xx_hal_usart.o
 .debug_info    0x0000857b       0x72 ./HAL_Library/stm32l0xx_hal_wwdg.o

.debug_abbrev   0x00000000     0x254f
 .debug_abbrev  0x00000000      0x193 ./src/debug.o
 .debug_abbrev  0x00000193      0x2cd ./src/led_driver.o
 .debug_abbrev  0x00000460      0x209 ./src/main.o
 .debug_abbrev  0x00000669       0x45 ./src/stm32l0xx_it.o
 .debug_abbrev  0x000006ae       0xf0 ./src/system_stm32l0xx.o
 .debug_abbrev  0x0000079e      0x214 ./HAL_Library/stm32l0xx_hal.o
 .debug_abbrev  0x000009b2       0x26 ./HAL_Library/stm32l0xx_hal_adc.o
 .debug_abbrev  0x000009d8       0x26 ./HAL_Library/stm32l0xx_hal_adc_ex.o
 .debug_abbrev  0x000009fe       0x26 ./HAL_Library/stm32l0xx_hal_comp.o
 .debug_abbrev  0x00000a24       0x26 ./HAL_Library/stm32l0xx_hal_comp_ex.o
 .debug_abbrev  0x00000a4a      0x28f ./HAL_Library/stm32l0xx_hal_cortex.o
 .debug_abbrev  0x00000cd9       0x26 ./HAL_Library/stm32l0xx_hal_crc.o
 .debug_abbrev  0x00000cff       0x26 ./HAL_Library/stm32l0xx_hal_crc_ex.o
 .debug_abbrev  0x00000d25       0x26 ./HAL_Library/stm32l0xx_hal_dac.o
 .debug_abbrev  0x00000d4b       0x26 ./HAL_Library/stm32l0xx_hal_dac_ex.o
 .debug_abbrev  0x00000d71      0x1f1 ./HAL_Library/stm32l0xx_hal_dma.o
 .debug_abbrev  0x00000f62       0x26 ./HAL_Library/stm32l0xx_hal_firewall.o
 .debug_abbrev  0x00000f88      0x25e ./HAL_Library/stm32l0xx_hal_flash.o
 .debug_abbrev  0x000011e6      0x298 ./HAL_Library/stm32l0xx_hal_flash_ex.o
 .debug_abbrev  0x0000147e      0x1ac ./HAL_Library/stm32l0xx_hal_flash_ramfunc.o
 .debug_abbrev  0x0000162a      0x1c8 ./HAL_Library/stm32l0xx_hal_gpio.o
 .debug_abbrev  0x000017f2       0x26 ./HAL_Library/stm32l0xx_hal_i2c.o
 .debug_abbrev  0x00001818       0x26 ./HAL_Library/stm32l0xx_hal_i2c_ex.o
 .debug_abbrev  0x0000183e       0x26 ./HAL_Library/stm32l0xx_hal_i2s.o
 .debug_abbrev  0x00001864       0x26 ./HAL_Library/stm32l0xx_hal_irda.o
 .debug_abbrev  0x0000188a       0x26 ./HAL_Library/stm32l0xx_hal_iwdg.o
 .debug_abbrev  0x000018b0       0x26 ./HAL_Library/stm32l0xx_hal_lcd.o
 .debug_abbrev  0x000018d6       0x26 ./HAL_Library/stm32l0xx_hal_lptim.o
 .debug_abbrev  0x000018fc       0x26 ./HAL_Library/stm32l0xx_hal_pcd.o
 .debug_abbrev  0x00001922       0x26 ./HAL_Library/stm32l0xx_hal_pcd_ex.o
 .debug_abbrev  0x00001948      0x18d ./HAL_Library/stm32l0xx_hal_pwr.o
 .debug_abbrev  0x00001ad5       0xdc ./HAL_Library/stm32l0xx_hal_pwr_ex.o
 .debug_abbrev  0x00001bb1      0x2ba ./HAL_Library/stm32l0xx_hal_rcc.o
 .debug_abbrev  0x00001e6b      0x20b ./HAL_Library/stm32l0xx_hal_rcc_ex.o
 .debug_abbrev  0x00002076       0x26 ./HAL_Library/stm32l0xx_hal_rng.o
 .debug_abbrev  0x0000209c       0x26 ./HAL_Library/stm32l0xx_hal_rtc.o
 .debug_abbrev  0x000020c2       0x26 ./HAL_Library/stm32l0xx_hal_rtc_ex.o
 .debug_abbrev  0x000020e8       0x26 ./HAL_Library/stm32l0xx_hal_smartcard.o
 .debug_abbrev  0x0000210e       0x26 ./HAL_Library/stm32l0xx_hal_smartcard_ex.o
 .debug_abbrev  0x00002134       0x26 ./HAL_Library/stm32l0xx_hal_smbus.o
 .debug_abbrev  0x0000215a       0x26 ./HAL_Library/stm32l0xx_hal_spi.o
 .debug_abbrev  0x00002180       0x26 ./HAL_Library/stm32l0xx_hal_tim.o
 .debug_abbrev  0x000021a6       0x26 ./HAL_Library/stm32l0xx_hal_tim_ex.o
 .debug_abbrev  0x000021cc       0x26 ./HAL_Library/stm32l0xx_hal_tsc.o
 .debug_abbrev  0x000021f2       0x26 ./HAL_Library/stm32l0xx_hal_uart.o
 .debug_abbrev  0x00002218       0x26 ./HAL_Library/stm32l0xx_hal_uart_ex.o
 .debug_abbrev  0x0000223e      0x2eb ./HAL_Library/stm32l0xx_hal_usart.o
 .debug_abbrev  0x00002529       0x26 ./HAL_Library/stm32l0xx_hal_wwdg.o

.debug_aranges  0x00000000      0x530
 .debug_aranges
                0x00000000       0x20 ./src/debug.o
 .debug_aranges
                0x00000020       0x20 ./src/led_driver.o
 .debug_aranges
                0x00000040       0x28 ./src/main.o
 .debug_aranges
                0x00000068       0x20 ./src/stm32l0xx_it.o
 .debug_aranges
                0x00000088       0x20 ./src/system_stm32l0xx.o
 .debug_aranges
                0x000000a8       0x20 ./HAL_Library/stm32l0xx_hal.o
 .debug_aranges
                0x000000c8       0x18 ./HAL_Library/stm32l0xx_hal_adc.o
 .debug_aranges
                0x000000e0       0x18 ./HAL_Library/stm32l0xx_hal_adc_ex.o
 .debug_aranges
                0x000000f8       0x18 ./HAL_Library/stm32l0xx_hal_comp.o
 .debug_aranges
                0x00000110       0x18 ./HAL_Library/stm32l0xx_hal_comp_ex.o
 .debug_aranges
                0x00000128       0x20 ./HAL_Library/stm32l0xx_hal_cortex.o
 .debug_aranges
                0x00000148       0x18 ./HAL_Library/stm32l0xx_hal_crc.o
 .debug_aranges
                0x00000160       0x18 ./HAL_Library/stm32l0xx_hal_crc_ex.o
 .debug_aranges
                0x00000178       0x18 ./HAL_Library/stm32l0xx_hal_dac.o
 .debug_aranges
                0x00000190       0x18 ./HAL_Library/stm32l0xx_hal_dac_ex.o
 .debug_aranges
                0x000001a8       0x20 ./HAL_Library/stm32l0xx_hal_dma.o
 .debug_aranges
                0x000001c8       0x18 ./HAL_Library/stm32l0xx_hal_firewall.o
 .debug_aranges
                0x000001e0       0x20 ./HAL_Library/stm32l0xx_hal_flash.o
 .debug_aranges
                0x00000200       0x20 ./HAL_Library/stm32l0xx_hal_flash_ex.o
 .debug_aranges
                0x00000220       0x40 ./HAL_Library/stm32l0xx_hal_flash_ramfunc.o
 .debug_aranges
                0x00000260       0x20 ./HAL_Library/stm32l0xx_hal_gpio.o
 .debug_aranges
                0x00000280       0x18 ./HAL_Library/stm32l0xx_hal_i2c.o
 .debug_aranges
                0x00000298       0x18 ./HAL_Library/stm32l0xx_hal_i2c_ex.o
 .debug_aranges
                0x000002b0       0x18 ./HAL_Library/stm32l0xx_hal_i2s.o
 .debug_aranges
                0x000002c8       0x18 ./HAL_Library/stm32l0xx_hal_irda.o
 .debug_aranges
                0x000002e0       0x18 ./HAL_Library/stm32l0xx_hal_iwdg.o
 .debug_aranges
                0x000002f8       0x18 ./HAL_Library/stm32l0xx_hal_lcd.o
 .debug_aranges
                0x00000310       0x18 ./HAL_Library/stm32l0xx_hal_lptim.o
 .debug_aranges
                0x00000328       0x18 ./HAL_Library/stm32l0xx_hal_pcd.o
 .debug_aranges
                0x00000340       0x18 ./HAL_Library/stm32l0xx_hal_pcd_ex.o
 .debug_aranges
                0x00000358       0x20 ./HAL_Library/stm32l0xx_hal_pwr.o
 .debug_aranges
                0x00000378       0x20 ./HAL_Library/stm32l0xx_hal_pwr_ex.o
 .debug_aranges
                0x00000398       0x20 ./HAL_Library/stm32l0xx_hal_rcc.o
 .debug_aranges
                0x000003b8       0x20 ./HAL_Library/stm32l0xx_hal_rcc_ex.o
 .debug_aranges
                0x000003d8       0x18 ./HAL_Library/stm32l0xx_hal_rng.o
 .debug_aranges
                0x000003f0       0x18 ./HAL_Library/stm32l0xx_hal_rtc.o
 .debug_aranges
                0x00000408       0x18 ./HAL_Library/stm32l0xx_hal_rtc_ex.o
 .debug_aranges
                0x00000420       0x18 ./HAL_Library/stm32l0xx_hal_smartcard.o
 .debug_aranges
                0x00000438       0x18 ./HAL_Library/stm32l0xx_hal_smartcard_ex.o
 .debug_aranges
                0x00000450       0x18 ./HAL_Library/stm32l0xx_hal_smbus.o
 .debug_aranges
                0x00000468       0x18 ./HAL_Library/stm32l0xx_hal_spi.o
 .debug_aranges
                0x00000480       0x18 ./HAL_Library/stm32l0xx_hal_tim.o
 .debug_aranges
                0x00000498       0x18 ./HAL_Library/stm32l0xx_hal_tim_ex.o
 .debug_aranges
                0x000004b0       0x18 ./HAL_Library/stm32l0xx_hal_tsc.o
 .debug_aranges
                0x000004c8       0x18 ./HAL_Library/stm32l0xx_hal_uart.o
 .debug_aranges
                0x000004e0       0x18 ./HAL_Library/stm32l0xx_hal_uart_ex.o
 .debug_aranges
                0x000004f8       0x20 ./HAL_Library/stm32l0xx_hal_usart.o
 .debug_aranges
                0x00000518       0x18 ./HAL_Library/stm32l0xx_hal_wwdg.o

.debug_ranges   0x00000000      0x398
 .debug_ranges  0x00000000       0x28 ./src/debug.o
 .debug_ranges  0x00000028       0x60 ./src/led_driver.o
 .debug_ranges  0x00000088       0x18 ./src/main.o
 .debug_ranges  0x000000a0       0x80 ./HAL_Library/stm32l0xx_hal_cortex.o
 .debug_ranges  0x00000120       0x30 ./HAL_Library/stm32l0xx_hal_dma.o
 .debug_ranges  0x00000150       0x28 ./HAL_Library/stm32l0xx_hal_flash.o
 .debug_ranges  0x00000178       0x80 ./HAL_Library/stm32l0xx_hal_flash_ex.o
 .debug_ranges  0x000001f8       0x68 ./HAL_Library/stm32l0xx_hal_flash_ramfunc.o
 .debug_ranges  0x00000260       0xc0 ./HAL_Library/stm32l0xx_hal_rcc.o
 .debug_ranges  0x00000320       0x78 ./HAL_Library/stm32l0xx_hal_usart.o

.debug_line     0x00000000     0x47ae
 .debug_line    0x00000000      0x276 ./src/debug.o
 .debug_line    0x00000276      0x346 ./src/led_driver.o
 .debug_line    0x000005bc      0x2ee ./src/main.o
 .debug_line    0x000008aa       0x43 ./src/stm32l0xx_it.o
 .debug_line    0x000008ed      0x21f ./src/system_stm32l0xx.o
 .debug_line    0x00000b0c      0x371 ./HAL_Library/stm32l0xx_hal.o
 .debug_line    0x00000e7d       0x1d ./HAL_Library/stm32l0xx_hal_adc.o
 .debug_line    0x00000e9a       0x1d ./HAL_Library/stm32l0xx_hal_adc_ex.o
 .debug_line    0x00000eb7       0x1d ./HAL_Library/stm32l0xx_hal_comp.o
 .debug_line    0x00000ed4       0x1d ./HAL_Library/stm32l0xx_hal_comp_ex.o
 .debug_line    0x00000ef1      0x3b7 ./HAL_Library/stm32l0xx_hal_cortex.o
 .debug_line    0x000012a8       0x1d ./HAL_Library/stm32l0xx_hal_crc.o
 .debug_line    0x000012c5       0x1d ./HAL_Library/stm32l0xx_hal_crc_ex.o
 .debug_line    0x000012e2        0x0 ./HAL_Library/stm32l0xx_hal_cryp.o
 .debug_line    0x000012e2        0x0 ./HAL_Library/stm32l0xx_hal_cryp_ex.o
 .debug_line    0x000012e2       0x1d ./HAL_Library/stm32l0xx_hal_dac.o
 .debug_line    0x000012ff       0x1d ./HAL_Library/stm32l0xx_hal_dac_ex.o
 .debug_line    0x0000131c      0x6f3 ./HAL_Library/stm32l0xx_hal_dma.o
 .debug_line    0x00001a0f       0x1d ./HAL_Library/stm32l0xx_hal_firewall.o
 .debug_line    0x00001a2c      0x420 ./HAL_Library/stm32l0xx_hal_flash.o
 .debug_line    0x00001e4c      0x4ae ./HAL_Library/stm32l0xx_hal_flash_ex.o
 .debug_line    0x000022fa      0x344 ./HAL_Library/stm32l0xx_hal_flash_ramfunc.o
 .debug_line    0x0000263e      0x39d ./HAL_Library/stm32l0xx_hal_gpio.o
 .debug_line    0x000029db       0x1d ./HAL_Library/stm32l0xx_hal_i2c.o
 .debug_line    0x000029f8       0x1d ./HAL_Library/stm32l0xx_hal_i2c_ex.o
 .debug_line    0x00002a15       0x1d ./HAL_Library/stm32l0xx_hal_i2s.o
 .debug_line    0x00002a32       0x1d ./HAL_Library/stm32l0xx_hal_irda.o
 .debug_line    0x00002a4f       0x1d ./HAL_Library/stm32l0xx_hal_iwdg.o
 .debug_line    0x00002a6c       0x1d ./HAL_Library/stm32l0xx_hal_lcd.o
 .debug_line    0x00002a89       0x1d ./HAL_Library/stm32l0xx_hal_lptim.o
 .debug_line    0x00002aa6       0x1d ./HAL_Library/stm32l0xx_hal_pcd.o
 .debug_line    0x00002ac3       0x1d ./HAL_Library/stm32l0xx_hal_pcd_ex.o
 .debug_line    0x00002ae0      0x380 ./HAL_Library/stm32l0xx_hal_pwr.o
 .debug_line    0x00002e60      0x2a3 ./HAL_Library/stm32l0xx_hal_pwr_ex.o
 .debug_line    0x00003103      0x5ca ./HAL_Library/stm32l0xx_hal_rcc.o
 .debug_line    0x000036cd      0x4b4 ./HAL_Library/stm32l0xx_hal_rcc_ex.o
 .debug_line    0x00003b81       0x1d ./HAL_Library/stm32l0xx_hal_rng.o
 .debug_line    0x00003b9e       0x1d ./HAL_Library/stm32l0xx_hal_rtc.o
 .debug_line    0x00003bbb       0x1d ./HAL_Library/stm32l0xx_hal_rtc_ex.o
 .debug_line    0x00003bd8       0x1d ./HAL_Library/stm32l0xx_hal_smartcard.o
 .debug_line    0x00003bf5       0x1d ./HAL_Library/stm32l0xx_hal_smartcard_ex.o
 .debug_line    0x00003c12       0x1d ./HAL_Library/stm32l0xx_hal_smbus.o
 .debug_line    0x00003c2f       0x1d ./HAL_Library/stm32l0xx_hal_spi.o
 .debug_line    0x00003c4c       0x1d ./HAL_Library/stm32l0xx_hal_tim.o
 .debug_line    0x00003c69       0x1d ./HAL_Library/stm32l0xx_hal_tim_ex.o
 .debug_line    0x00003c86       0x1d ./HAL_Library/stm32l0xx_hal_tsc.o
 .debug_line    0x00003ca3       0x1d ./HAL_Library/stm32l0xx_hal_uart.o
 .debug_line    0x00003cc0       0x1d ./HAL_Library/stm32l0xx_hal_uart_ex.o
 .debug_line    0x00003cdd      0xab4 ./HAL_Library/stm32l0xx_hal_usart.o
 .debug_line    0x00004791       0x1d ./HAL_Library/stm32l0xx_hal_wwdg.o

.debug_str      0x00000000     0x36cc
 .debug_str     0x00000000      0x618 ./src/debug.o
                                0x6b4 (size before relaxing)
 .debug_str     0x00000618      0x145 ./src/led_driver.o
                                0x40f (size before relaxing)
 .debug_str     0x0000075d      0x3de ./src/main.o
                                0x641 (size before relaxing)
 .debug_str     0x00000b3b       0x28 ./src/stm32l0xx_it.o
                                0x190 (size before relaxing)
 .debug_str     0x00000b63       0xa7 ./src/system_stm32l0xx.o
                                0x2d6 (size before relaxing)
 .debug_str     0x00000c0a      0x375 ./HAL_Library/stm32l0xx_hal.o
                                0x776 (size before relaxing)
 .debug_str     0x00000f7f       0x6a ./HAL_Library/stm32l0xx_hal_adc.o
                                0x1d2 (size before relaxing)
 .debug_str     0x00000fe9       0x6d ./HAL_Library/stm32l0xx_hal_adc_ex.o
                                0x1d5 (size before relaxing)
 .debug_str     0x00001056       0x6b ./HAL_Library/stm32l0xx_hal_comp.o
                                0x1d3 (size before relaxing)
[...]
HAL_RCC_MCOConfig                                 ./HAL_Library/stm32l0xx_hal_rcc.o
HAL_RCC_NMI_IRQHandler                            ./HAL_Library/stm32l0xx_hal_rcc.o
HAL_RCC_OscConfig                                 ./HAL_Library/stm32l0xx_hal_rcc.o
                                                  ./src/main.o
HAL_ResumeTick                                    ./HAL_Library/stm32l0xx_hal.o
HAL_SYSCFG_DisableVREFINT                         ./HAL_Library/stm32l0xx_hal.o
HAL_SYSCFG_Disable_Lock_VREFINT                   ./HAL_Library/stm32l0xx_hal.o
HAL_SYSCFG_EnableVREFINT                          ./HAL_Library/stm32l0xx_hal.o
HAL_SYSCFG_Enable_Lock_VREFINT                    ./HAL_Library/stm32l0xx_hal.o
HAL_SYSCFG_GetBootMode                            ./HAL_Library/stm32l0xx_hal.o
HAL_SYSCFG_VREFINT_OutputSelect                   ./HAL_Library/stm32l0xx_hal.o
HAL_SYSTICK_CLKSourceConfig                       ./HAL_Library/stm32l0xx_hal_cortex.o
                                                  ./src/main.o
HAL_SYSTICK_Callback                              ./HAL_Library/stm32l0xx_hal_cortex.o
HAL_SYSTICK_Config                                ./HAL_Library/stm32l0xx_hal_cortex.o
                                                  ./HAL_Library/stm32l0xx_hal.o
                                                  ./src/main.o
HAL_SYSTICK_IRQHandler                            ./HAL_Library/stm32l0xx_hal_cortex.o
HAL_SuspendTick                                   ./HAL_Library/stm32l0xx_hal.o
HAL_USART_DMAPause                                ./HAL_Library/stm32l0xx_hal_usart.o
HAL_USART_DMAResume                               ./HAL_Library/stm32l0xx_hal_usart.o
HAL_USART_DMAStop                                 ./HAL_Library/stm32l0xx_hal_usart.o
HAL_USART_DeInit                                  ./HAL_Library/stm32l0xx_hal_usart.o
HAL_USART_ErrorCallback                           ./HAL_Library/stm32l0xx_hal_usart.o
HAL_USART_GetError                                ./HAL_Library/stm32l0xx_hal_usart.o
HAL_USART_GetState                                ./HAL_Library/stm32l0xx_hal_usart.o
HAL_USART_IRQHandler                              ./HAL_Library/stm32l0xx_hal_usart.o
HAL_USART_Init                                    ./HAL_Library/stm32l0xx_hal_usart.o
                                                  ./src/debug.o
HAL_USART_MspDeInit                               ./HAL_Library/stm32l0xx_hal_usart.o
HAL_USART_MspInit                                 ./HAL_Library/stm32l0xx_hal_usart.o
HAL_USART_Receive                                 ./HAL_Library/stm32l0xx_hal_usart.o
HAL_USART_Receive_DMA                             ./HAL_Library/stm32l0xx_hal_usart.o
HAL_USART_Receive_IT                              ./HAL_Library/stm32l0xx_hal_usart.o
HAL_USART_RxCpltCallback                          ./HAL_Library/stm32l0xx_hal_usart.o
HAL_USART_RxHalfCpltCallback                      ./HAL_Library/stm32l0xx_hal_usart.o
HAL_USART_Transmit                                ./HAL_Library/stm32l0xx_hal_usart.o
HAL_USART_TransmitReceive                         ./HAL_Library/stm32l0xx_hal_usart.o
HAL_USART_TransmitReceive_DMA                     ./HAL_Library/stm32l0xx_hal_usart.o
HAL_USART_TransmitReceive_IT                      ./HAL_Library/stm32l0xx_hal_usart.o
HAL_USART_Transmit_DMA                            ./HAL_Library/stm32l0xx_hal_usart.o
HAL_USART_Transmit_IT                             ./HAL_Library/stm32l0xx_hal_usart.o
HAL_USART_TxCpltCallback                          ./HAL_Library/stm32l0xx_hal_usart.o
HAL_USART_TxHalfCpltCallback                      ./HAL_Library/stm32l0xx_hal_usart.o
HAL_USART_TxRxCpltCallback                        ./HAL_Library/stm32l0xx_hal_usart.o
HardFault_Handler                                 ./src/stm32l0xx_it.o
I2C1_IRQHandler                                   ./startup_stm32l052xx.o
I2C2_IRQHandler                                   ./startup_stm32l052xx.o
LPTIM1_IRQHandler                                 ./startup_stm32l052xx.o
NMI_Handler                                       ./startup_stm32l052xx.o
PLLMulTable                                       ./src/system_stm32l0xx.o
                                                  ./HAL_Library/stm32l0xx_hal_rcc_ex.o
                                                  ./HAL_Library/stm32l0xx_hal_rcc.o
PVD_IRQHandler                                    ./startup_stm32l052xx.o
PendSV_Handler                                    ./startup_stm32l052xx.o
ProcFlash                                         ./HAL_Library/stm32l0xx_hal_flash.o
                                                  ./HAL_Library/stm32l0xx_hal_flash_ramfunc.o
                                                  ./HAL_Library/stm32l0xx_hal_flash_ex.o
RCC_CRS_IRQHandler                                ./startup_stm32l052xx.o
RNG_LPUART1_IRQHandler                            ./startup_stm32l052xx.o
RTC_IRQHandler                                    ./startup_stm32l052xx.o
Reset_Handler                                     ./startup_stm32l052xx.o
SPI1_IRQHandler                                   ./startup_stm32l052xx.o
SPI2_IRQHandler                                   ./startup_stm32l052xx.o
SVC_Handler                                       ./startup_stm32l052xx.o
SysTick_Handler                                   ./src/main.o
SystemCoreClock                                   ./src/system_stm32l0xx.o
                                                  ./HAL_Library/stm32l0xx_hal_rcc.o
                                                  ./HAL_Library/stm32l0xx_hal_pwr_ex.o
SystemCoreClockUpdate                             ./src/system_stm32l0xx.o
SystemInit                                        ./src/system_stm32l0xx.o
                                                  ./startup_stm32l052xx.o
TIM21_IRQHandler                                  ./startup_stm32l052xx.o
TIM22_IRQHandler                                  ./startup_stm32l052xx.o
TIM2_IRQHandler                                   ./startup_stm32l052xx.o
TIM6_DAC_IRQHandler                               ./startup_stm32l052xx.o
TSC_IRQHandler                                    ./startup_stm32l052xx.o
USART1_IRQHandler                                 ./startup_stm32l052xx.o
USART2_IRQHandler                                 ./startup_stm32l052xx.o
USART_Handle                                      ./src/debug.o
USB_IRQHandler                                    ./startup_stm32l052xx.o
WWDG_IRQHandler                                   ./startup_stm32l052xx.o
_Jv_RegisterClasses                               c:/program files (x86)/gnu tools arm embedded/5.4 2016q2/bin/../lib/gcc/arm-none-eabi/5.4.1/armv6-m/crtbegin.o
__aeabi_idiv0                                     c:/program files (x86)/gnu tools arm embedded/5.4 2016q2/bin/../lib/gcc/arm-none-eabi/5.4.1/armv6-m\libgcc.a(_dvmd_tls.o)
                                                  c:/program files (x86)/gnu tools arm embedded/5.4 2016q2/bin/../lib/gcc/arm-none-eabi/5.4.1/armv6-m\libgcc.a(_udivsi3.o)
__aeabi_ldiv0                                     c:/program files (x86)/gnu tools arm embedded/5.4 2016q2/bin/../lib/gcc/arm-none-eabi/5.4.1/armv6-m\libgcc.a(_dvmd_tls.o)
__aeabi_uidiv                                     c:/program files (x86)/gnu tools arm embedded/5.4 2016q2/bin/../lib/gcc/arm-none-eabi/5.4.1/armv6-m\libgcc.a(_udivsi3.o)
                                                  ./HAL_Library/stm32l0xx_hal_usart.o
                                                  ./HAL_Library/stm32l0xx_hal_rcc_ex.o
                                                  ./HAL_Library/stm32l0xx_hal_rcc.o
                                                  ./HAL_Library/stm32l0xx_hal_pwr_ex.o
                                                  ./HAL_Library/stm32l0xx_hal.o
                                                  ./src/system_stm32l0xx.o
                                                  ./src/main.o
__aeabi_uidivmod                                  c:/program files (x86)/gnu tools arm embedded/5.4 2016q2/bin/../lib/gcc/arm-none-eabi/5.4.1/armv6-m\libgcc.a(_udivsi3.o)
__bss_end__                                       c:/program files (x86)/gnu tools arm embedded/5.4 2016q2/bin/../lib/gcc/arm-none-eabi/5.4.1/../../../../arm-none-eabi/lib/armv6-m/crt0.o
__bss_start__                                     c:/program files (x86)/gnu tools arm embedded/5.4 2016q2/bin/../lib/gcc/arm-none-eabi/5.4.1/../../../../arm-none-eabi/lib/armv6-m/crt0.o
__call_exitprocs                                  c:/program files (x86)/gnu tools arm embedded/5.4 2016q2/bin/../lib/gcc/arm-none-eabi/5.4.1/../../../../arm-none-eabi/lib/armv6-m\libc.a(lib_a-__call_atexit.o)
                                                  c:/program files (x86)/gnu tools arm embedded/5.4 2016q2/bin/../lib/gcc/arm-none-eabi/5.4.1/../../../../arm-none-eabi/lib/armv6-m\libc.a(lib_a-exit.o)
__deregister_frame_info                           c:/program files (x86)/gnu tools arm embedded/5.4 2016q2/bin/../lib/gcc/arm-none-eabi/5.4.1/armv6-m/crtbegin.o
__dso_handle                                      c:/program files (x86)/gnu tools arm embedded/5.4 2016q2/bin/../lib/gcc/arm-none-eabi/5.4.1/armv6-m/crtbegin.o
__fini_array_end                                  c:/program files (x86)/gnu tools arm embedded/5.4 2016q2/bin/../lib/gcc/arm-none-eabi/5.4.1/../../../../arm-none-eabi/lib/armv6-m\libc.a(lib_a-fini.o)
__fini_array_start                                c:/program files (x86)/gnu tools arm embedded/5.4 2016q2/bin/../lib/gcc/arm-none-eabi/5.4.1/../../../../arm-none-eabi/lib/armv6-m\libc.a(lib_a-fini.o)
__init_array_end                                  c:/program files (x86)/gnu tools arm embedded/5.4 2016q2/bin/../lib/gcc/arm-none-eabi/5.4.1/../../../../arm-none-eabi/lib/armv6-m\libc.a(lib_a-init.o)
__init_array_start                                c:/program files (x86)/gnu tools arm embedded/5.4 2016q2/bin/../lib/gcc/arm-none-eabi/5.4.1/../../../../arm-none-eabi/lib/armv6-m\libc.a(lib_a-init.o)
__libc_fini                                       c:/program files (x86)/gnu tools arm embedded/5.4 2016q2/bin/../lib/gcc/arm-none-eabi/5.4.1/../../../../arm-none-eabi/lib/armv6-m\libc.a(lib_a-__call_atexit.o)
__libc_fini_array                                 c:/program files (x86)/gnu tools arm embedded/5.4 2016q2/bin/../lib/gcc/arm-none-eabi/5.4.1/../../../../arm-none-eabi/lib/armv6-m\libc.a(lib_a-fini.o)
                                                  c:/program files (x86)/gnu tools arm embedded/5.4 2016q2/bin/../lib/gcc/arm-none-eabi/5.4.1/../../../../arm-none-eabi/lib/armv6-m\libc.a(lib_a-__call_atexit.o)
                                                  c:/program files (x86)/gnu tools arm embedded/5.4 2016q2/bin/../lib/gcc/arm-none-eabi/5.4.1/../../../../arm-none-eabi/lib/armv6-m/crt0.o
__libc_init_array                                 c:/program files (x86)/gnu tools arm embedded/5.4 2016q2/bin/../lib/gcc/arm-none-eabi/5.4.1/../../../../arm-none-eabi/lib/armv6-m\libc.a(lib_a-init.o)
                                                  ./startup_stm32l052xx.o
                                                  c:/program files (x86)/gnu tools arm embedded/5.4 2016q2/bin/../lib/gcc/arm-none-eabi/5.4.1/../../../../arm-none-eabi/lib/armv6-m/crt0.o
__preinit_array_end                               c:/program files (x86)/gnu tools arm embedded/5.4 2016q2/bin/../lib/gcc/arm-none-eabi/5.4.1/../../../../arm-none-eabi/lib/armv6-m\libc.a(lib_a-init.o)
__preinit_array_start                             c:/program files (x86)/gnu tools arm embedded/5.4 2016q2/bin/../lib/gcc/arm-none-eabi/5.4.1/../../../../arm-none-eabi/lib/armv6-m\libc.a(lib_a-init.o)
__register_exitproc                               c:/program files (x86)/gnu tools arm embedded/5.4 2016q2/bin/../lib/gcc/arm-none-eabi/5.4.1/../../../../arm-none-eabi/lib/armv6-m\libc.a(lib_a-__atexit.o)
                                                  c:/program files (x86)/gnu tools arm embedded/5.4 2016q2/bin/../lib/gcc/arm-none-eabi/5.4.1/../../../../arm-none-eabi/lib/armv6-m\libc.a(lib_a-atexit.o)
__register_frame_info                             c:/program files (x86)/gnu tools arm embedded/5.4 2016q2/bin/../lib/gcc/arm-none-eabi/5.4.1/armv6-m/crtbegin.o
__stack                                           c:/program files (x86)/gnu tools arm embedded/5.4 2016q2/bin/../lib/gcc/arm-none-eabi/5.4.1/../../../../arm-none-eabi/lib/armv6-m/crt0.o
__udivsi3                                         c:/program files (x86)/gnu tools arm embedded/5.4 2016q2/bin/../lib/gcc/arm-none-eabi/5.4.1/armv6-m\libgcc.a(_udivsi3.o)
_ebss                                             ./startup_stm32l052xx.o
_edata                                            ./startup_stm32l052xx.o
_estack                                           ./startup_stm32l052xx.o
_exit                                             c:/program files (x86)/gnu tools arm embedded/5.4 2016q2/bin/../lib/gcc/arm-none-eabi/5.4.1/../../../../arm-none-eabi/lib/armv6-m\libnosys.a(_exit.o)
                                                  c:/program files (x86)/gnu tools arm embedded/5.4 2016q2/bin/../lib/gcc/arm-none-eabi/5.4.1/../../../../arm-none-eabi/lib/armv6-m\libc.a(lib_a-exit.o)
_fini                                             c:/program files (x86)/gnu tools arm embedded/5.4 2016q2/bin/../lib/gcc/arm-none-eabi/5.4.1/armv6-m/crti.o
                                                  c:/program files (x86)/gnu tools arm embedded/5.4 2016q2/bin/../lib/gcc/arm-none-eabi/5.4.1/../../../../arm-none-eabi/lib/armv6-m\libc.a(lib_a-fini.o)
_global_impure_ptr                                c:/program files (x86)/gnu tools arm embedded/5.4 2016q2/bin/../lib/gcc/arm-none-eabi/5.4.1/../../../../arm-none-eabi/lib/armv6-m\libc.a(lib_a-impure.o)
                                                  c:/program files (x86)/gnu tools arm embedded/5.4 2016q2/bin/../lib/gcc/arm-none-eabi/5.4.1/../../../../arm-none-eabi/lib/armv6-m\libc.a(lib_a-__atexit.o)
                                                  c:/program files (x86)/gnu tools arm embedded/5.4 2016q2/bin/../lib/gcc/arm-none-eabi/5.4.1/../../../../arm-none-eabi/lib/armv6-m\libc.a(lib_a-__call_atexit.o)
                                                  c:/program files (x86)/gnu tools arm embedded/5.4 2016q2/bin/../lib/gcc/arm-none-eabi/5.4.1/../../../../arm-none-eabi/lib/armv6-m\libc.a(lib_a-exit.o)
_impure_ptr                                       c:/program files (x86)/gnu tools arm embedded/5.4 2016q2/bin/../lib/gcc/arm-none-eabi/5.4.1/../../../../arm-none-eabi/lib/armv6-m\libc.a(lib_a-impure.o)
_init                                             c:/program files (x86)/gnu tools arm embedded/5.4 2016q2/bin/../lib/gcc/arm-none-eabi/5.4.1/armv6-m/crti.o
                                                  c:/program files (x86)/gnu tools arm embedded/5.4 2016q2/bin/../lib/gcc/arm-none-eabi/5.4.1/../../../../arm-none-eabi/lib/armv6-m\libc.a(lib_a-init.o)
_mainCRTStartup                                   c:/program files (x86)/gnu tools arm embedded/5.4 2016q2/bin/../lib/gcc/arm-none-eabi/5.4.1/../../../../arm-none-eabi/lib/armv6-m/crt0.o
_sbss                                             ./startup_stm32l052xx.o
_sdata                                            ./startup_stm32l052xx.o
_sidata                                           ./startup_stm32l052xx.o
_start                                            c:/program files (x86)/gnu tools arm embedded/5.4 2016q2/bin/../lib/gcc/arm-none-eabi/5.4.1/../../../../arm-none-eabi/lib/armv6-m/crt0.o
atexit                                            c:/program files (x86)/gnu tools arm embedded/5.4 2016q2/bin/../lib/gcc/arm-none-eabi/5.4.1/../../../../arm-none-eabi/lib/armv6-m\libc.a(lib_a-atexit.o)
                                                  c:/program files (x86)/gnu tools arm embedded/5.4 2016q2/bin/../lib/gcc/arm-none-eabi/5.4.1/../../../../arm-none-eabi/lib/armv6-m\libc.a(lib_a-__call_atexit.o)
                                                  c:/program files (x86)/gnu tools arm embedded/5.4 2016q2/bin/../lib/gcc/arm-none-eabi/5.4.1/../../../../arm-none-eabi/lib/armv6-m/crt0.o
buffer                                            ./src/led_driver.o
bufferCount                                       ./src/led_driver.o
clock_init                                        ./src/main.o
colour_lookup                                     ./src/led_driver.o
debug_disable_usart                               ./src/debug.o
debug_enable_usart                                ./src/debug.o
debug_init                                        ./src/debug.o
                                                  ./src/main.o
delay_ms                                          ./src/main.o
exit                                              c:/program files (x86)/gnu tools arm embedded/5.4 2016q2/bin/../lib/gcc/arm-none-eabi/5.4.1/../../../../arm-none-eabi/lib/armv6-m\libc.a(lib_a-exit.o)
                                                  c:/program files (x86)/gnu tools arm embedded/5.4 2016q2/bin/../lib/gcc/arm-none-eabi/5.4.1/../../../../arm-none-eabi/lib/armv6-m/crt0.o
free                                              c:/program files (x86)/gnu tools arm embedded/5.4 2016q2/bin/../lib/gcc/arm-none-eabi/5.4.1/../../../../arm-none-eabi/lib/armv6-m\libc.a(lib_a-__call_atexit.o)
g_pfnVectors                                      ./startup_stm32l052xx.o
get_colour                                        ./src/led_driver.o
hardware_init_hook                                c:/program files (x86)/gnu tools arm embedded/5.4 2016q2/bin/../lib/gcc/arm-none-eabi/5.4.1/../../../../arm-none-eabi/lib/armv6-m/crt0.o
id                                                ./src/main.o
ledStrip                                          ./src/led_driver.o
led_init                                          ./src/led_driver.o
                                                  ./src/main.o
led_propagate                                     ./src/led_driver.o
                                                  ./src/main.o
led_push_buffer                                   ./src/led_driver.o
                                                  ./src/main.o
led_send_colour                                   ./src/led_driver.o
led_update                                        ./src/led_driver.o
                                                  ./src/main.o
main                                              ./src/main.o
                                                  ./startup_stm32l052xx.o
                                                  c:/program files (x86)/gnu tools arm embedded/5.4 2016q2/bin/../lib/gcc/arm-none-eabi/5.4.1/../../../../arm-none-eabi/lib/armv6-m/crt0.o
malloc                                            c:/program files (x86)/gnu tools arm embedded/5.4 2016q2/bin/../lib/gcc/arm-none-eabi/5.4.1/../../../../arm-none-eabi/lib/armv6-m\libc.a(lib_a-__atexit.o)
memset                                            c:/program files (x86)/gnu tools arm embedded/5.4 2016q2/bin/../lib/gcc/arm-none-eabi/5.4.1/../../../../arm-none-eabi/lib/armv6-m\libc.a(lib_a-memset.o)
                                                  c:/program files (x86)/gnu tools arm embedded/5.4 2016q2/bin/../lib/gcc/arm-none-eabi/5.4.1/../../../../arm-none-eabi/lib/armv6-m/crt0.o
read_buffer                                       ./src/led_driver.o
rx_buffer                                         ./src/debug.o
send_high                                         ./src/led_driver.o
send_low                                          ./src/led_driver.o
send_res                                          ./src/led_driver.o
software_init_hook                                c:/program files (x86)/gnu tools arm embedded/5.4 2016q2/bin/../lib/gcc/arm-none-eabi/5.4.1/../../../../arm-none-eabi/lib/armv6-m/crt0.o
sysTime                                           ./src/main.o
tx_buffer                                         ./src/debug.o
