Archive member included to satisfy reference by file (symbol)

d:/gnu tools arm embedded/5.3.2016q1/bin/../lib/gcc/arm-none-eabi/5.3.1/../../../../arm-none-eabi/lib/armv6-m\libc.a(lib_a-exit.o)
                              d:/gnu tools arm embedded/5.3.2016q1/bin/../lib/gcc/arm-none-eabi/5.3.1/../../../../arm-none-eabi/lib/armv6-m/crt0.o (exit)
d:/gnu tools arm embedded/5.3.2016q1/bin/../lib/gcc/arm-none-eabi/5.3.1/../../../../arm-none-eabi/lib/armv6-m\libc.a(lib_a-impure.o)
                              d:/gnu tools arm embedded/5.3.2016q1/bin/../lib/gcc/arm-none-eabi/5.3.1/../../../../arm-none-eabi/lib/armv6-m\libc.a(lib_a-exit.o) (_global_impure_ptr)
d:/gnu tools arm embedded/5.3.2016q1/bin/../lib/gcc/arm-none-eabi/5.3.1/../../../../arm-none-eabi/lib/armv6-m\libc.a(lib_a-init.o)
                              d:/gnu tools arm embedded/5.3.2016q1/bin/../lib/gcc/arm-none-eabi/5.3.1/../../../../arm-none-eabi/lib/armv6-m/crt0.o (__libc_init_array)
d:/gnu tools arm embedded/5.3.2016q1/bin/../lib/gcc/arm-none-eabi/5.3.1/../../../../arm-none-eabi/lib/armv6-m\libc.a(lib_a-memset.o)
                              d:/gnu tools arm embedded/5.3.2016q1/bin/../lib/gcc/arm-none-eabi/5.3.1/../../../../arm-none-eabi/lib/armv6-m/crt0.o (memset)
d:/gnu tools arm embedded/5.3.2016q1/bin/../lib/gcc/arm-none-eabi/5.3.1/../../../../arm-none-eabi/lib/armv6-m\libc.a(lib_a-__call_atexit.o)
                              d:/gnu tools arm embedded/5.3.2016q1/bin/../lib/gcc/arm-none-eabi/5.3.1/../../../../arm-none-eabi/lib/armv6-m\libc.a(lib_a-exit.o) (__call_exitprocs)
d:/gnu tools arm embedded/5.3.2016q1/bin/../lib/gcc/arm-none-eabi/5.3.1/../../../../arm-none-eabi/lib/armv6-m\libc.a(lib_a-atexit.o)
                              d:/gnu tools arm embedded/5.3.2016q1/bin/../lib/gcc/arm-none-eabi/5.3.1/../../../../arm-none-eabi/lib/armv6-m\libc.a(lib_a-__call_atexit.o) (atexit)
d:/gnu tools arm embedded/5.3.2016q1/bin/../lib/gcc/arm-none-eabi/5.3.1/../../../../arm-none-eabi/lib/armv6-m\libc.a(lib_a-fini.o)
                              d:/gnu tools arm embedded/5.3.2016q1/bin/../lib/gcc/arm-none-eabi/5.3.1/../../../../arm-none-eabi/lib/armv6-m\libc.a(lib_a-__call_atexit.o) (__libc_fini_array)
d:/gnu tools arm embedded/5.3.2016q1/bin/../lib/gcc/arm-none-eabi/5.3.1/../../../../arm-none-eabi/lib/armv6-m\libc.a(lib_a-__atexit.o)
                              d:/gnu tools arm embedded/5.3.2016q1/bin/../lib/gcc/arm-none-eabi/5.3.1/../../../../arm-none-eabi/lib/armv6-m\libc.a(lib_a-atexit.o) (__register_exitproc)
d:/gnu tools arm embedded/5.3.2016q1/bin/../lib/gcc/arm-none-eabi/5.3.1/armv6-m\libgcc.a(_udivsi3.o)
                              ./src/main.o (__aeabi_uidiv)
d:/gnu tools arm embedded/5.3.2016q1/bin/../lib/gcc/arm-none-eabi/5.3.1/armv6-m\libgcc.a(_divsi3.o)
                              ./src/led_driver.o (__aeabi_idiv)
d:/gnu tools arm embedded/5.3.2016q1/bin/../lib/gcc/arm-none-eabi/5.3.1/armv6-m\libgcc.a(_dvmd_tls.o)
                              d:/gnu tools arm embedded/5.3.2016q1/bin/../lib/gcc/arm-none-eabi/5.3.1/armv6-m\libgcc.a(_udivsi3.o) (__aeabi_idiv0)
d:/gnu tools arm embedded/5.3.2016q1/bin/../lib/gcc/arm-none-eabi/5.3.1/../../../../arm-none-eabi/lib/armv6-m\libc.a(lib_a-malloc.o)
                              ./src/uart.o (malloc)
d:/gnu tools arm embedded/5.3.2016q1/bin/../lib/gcc/arm-none-eabi/5.3.1/../../../../arm-none-eabi/lib/armv6-m\libc.a(lib_a-mallocr.o)
                              d:/gnu tools arm embedded/5.3.2016q1/bin/../lib/gcc/arm-none-eabi/5.3.1/../../../../arm-none-eabi/lib/armv6-m\libc.a(lib_a-malloc.o) (_malloc_r)
d:/gnu tools arm embedded/5.3.2016q1/bin/../lib/gcc/arm-none-eabi/5.3.1/../../../../arm-none-eabi/lib/armv6-m\libc.a(lib_a-mlock.o)
                              d:/gnu tools arm embedded/5.3.2016q1/bin/../lib/gcc/arm-none-eabi/5.3.1/../../../../arm-none-eabi/lib/armv6-m\libc.a(lib_a-mallocr.o) (__malloc_lock)
d:/gnu tools arm embedded/5.3.2016q1/bin/../lib/gcc/arm-none-eabi/5.3.1/../../../../arm-none-eabi/lib/armv6-m\libc.a(lib_a-sbrkr.o)
                              d:/gnu tools arm embedded/5.3.2016q1/bin/../lib/gcc/arm-none-eabi/5.3.1/../../../../arm-none-eabi/lib/armv6-m\libc.a(lib_a-mallocr.o) (_sbrk_r)
d:/gnu tools arm embedded/5.3.2016q1/bin/../lib/gcc/arm-none-eabi/5.3.1/../../../../arm-none-eabi/lib/armv6-m\libc.a(lib_a-freer.o)
                              d:/gnu tools arm embedded/5.3.2016q1/bin/../lib/gcc/arm-none-eabi/5.3.1/../../../../arm-none-eabi/lib/armv6-m\libc.a(lib_a-malloc.o) (_free_r)
d:/gnu tools arm embedded/5.3.2016q1/bin/../lib/gcc/arm-none-eabi/5.3.1/../../../../arm-none-eabi/lib/armv6-m\libc.a(lib_a-reent.o)
                              d:/gnu tools arm embedded/5.3.2016q1/bin/../lib/gcc/arm-none-eabi/5.3.1/../../../../arm-none-eabi/lib/armv6-m\libc.a(lib_a-sbrkr.o) (errno)
d:/gnu tools arm embedded/5.3.2016q1/bin/../lib/gcc/arm-none-eabi/5.3.1/../../../../arm-none-eabi/lib/armv6-m\libnosys.a(sbrk.o)
[...]
Memory Configuration

Name             Origin             Length             Attributes
FLASH            0x08000000         0x00010000         xr
RAM              0x20000000         0x00002000         xrw
*default*        0x00000000         0xffffffff

Linker script and memory map

LOAD d:/gnu tools arm embedded/5.3.2016q1/bin/../lib/gcc/arm-none-eabi/5.3.1/armv6-m/crti.o
LOAD d:/gnu tools arm embedded/5.3.2016q1/bin/../lib/gcc/arm-none-eabi/5.3.1/armv6-m/crtbegin.o
LOAD d:/gnu tools arm embedded/5.3.2016q1/bin/../lib/gcc/arm-none-eabi/5.3.1/../../../../arm-none-eabi/lib/armv6-m/crt0.o
LOAD d:/gnu tools arm embedded/5.3.2016q1/bin/../lib/gcc/arm-none-eabi/5.3.1/../../../../arm-none-eabi/lib/armv6-m\libc.a
LOAD ./src/debug.o
LOAD ./src/led_driver.o
LOAD ./src/main.o
LOAD ./src/stm32l0xx_it.o
LOAD ./src/system_stm32l0xx.o
LOAD ./src/timer.o
LOAD ./src/uart.o
LOAD ./HAL_Library/stm32l0xx_hal.o
LOAD ./HAL_Library/stm32l0xx_hal_adc.o
LOAD ./HAL_Library/stm32l0xx_hal_adc_ex.o
LOAD ./HAL_Library/stm32l0xx_hal_comp.o
LOAD ./HAL_Library/stm32l0xx_hal_comp_ex.o
LOAD ./HAL_Library/stm32l0xx_hal_cortex.o
LOAD ./HAL_Library/stm32l0xx_hal_crc.o
LOAD ./HAL_Library/stm32l0xx_hal_crc_ex.o
LOAD ./HAL_Library/stm32l0xx_hal_cryp.o
LOAD ./HAL_Library/stm32l0xx_hal_cryp_ex.o
LOAD ./HAL_Library/stm32l0xx_hal_dac.o
LOAD ./HAL_Library/stm32l0xx_hal_dac_ex.o
LOAD ./HAL_Library/stm32l0xx_hal_dma.o
LOAD ./HAL_Library/stm32l0xx_hal_firewall.o
LOAD ./HAL_Library/stm32l0xx_hal_flash.o
LOAD ./HAL_Library/stm32l0xx_hal_flash_ex.o
LOAD ./HAL_Library/stm32l0xx_hal_flash_ramfunc.o
LOAD ./HAL_Library/stm32l0xx_hal_gpio.o
LOAD ./HAL_Library/stm32l0xx_hal_i2c.o
LOAD ./HAL_Library/stm32l0xx_hal_i2c_ex.o
LOAD ./HAL_Library/stm32l0xx_hal_i2s.o
LOAD ./HAL_Library/stm32l0xx_hal_irda.o
LOAD ./HAL_Library/stm32l0xx_hal_iwdg.o
LOAD ./HAL_Library/stm32l0xx_hal_lcd.o
LOAD ./HAL_Library/stm32l0xx_hal_lptim.o
LOAD ./HAL_Library/stm32l0xx_hal_pcd.o
LOAD ./HAL_Library/stm32l0xx_hal_pcd_ex.o
LOAD ./HAL_Library/stm32l0xx_hal_pwr.o
LOAD ./HAL_Library/stm32l0xx_hal_pwr_ex.o
LOAD ./HAL_Library/stm32l0xx_hal_rcc.o
LOAD ./HAL_Library/stm32l0xx_hal_rcc_ex.o
LOAD ./HAL_Library/stm32l0xx_hal_rng.o
LOAD ./HAL_Library/stm32l0xx_hal_rtc.o
LOAD ./HAL_Library/stm32l0xx_hal_rtc_ex.o
LOAD ./HAL_Library/stm32l0xx_hal_smartcard.o
LOAD ./HAL_Library/stm32l0xx_hal_smartcard_ex.o
LOAD ./HAL_Library/stm32l0xx_hal_smbus.o
LOAD ./HAL_Library/stm32l0xx_hal_spi.o
LOAD ./HAL_Library/stm32l0xx_hal_tim.o
LOAD ./HAL_Library/stm32l0xx_hal_tim_ex.o
LOAD ./HAL_Library/stm32l0xx_hal_tsc.o
LOAD ./HAL_Library/stm32l0xx_hal_uart.o
LOAD ./HAL_Library/stm32l0xx_hal_uart_ex.o
LOAD ./HAL_Library/stm32l0xx_hal_usart.o
LOAD ./HAL_Library/stm32l0xx_hal_wwdg.o
LOAD ./startup_stm32l052xx.o
START GROUP
LOAD d:/gnu tools arm embedded/5.3.2016q1/bin/../lib/gcc/arm-none-eabi/5.3.1/armv6-m\libgcc.a
LOAD d:/gnu tools arm embedded/5.3.2016q1/bin/../lib/gcc/arm-none-eabi/5.3.1/../../../../arm-none-eabi/lib/armv6-m\libc.a
END GROUP
START GROUP
LOAD d:/gnu tools arm embedded/5.3.2016q1/bin/../lib/gcc/arm-none-eabi/5.3.1/armv6-m\libgcc.a
LOAD d:/gnu tools arm embedded/5.3.2016q1/bin/../lib/gcc/arm-none-eabi/5.3.1/../../../../arm-none-eabi/lib/armv6-m\libc.a
LOAD d:/gnu tools arm embedded/5.3.2016q1/bin/../lib/gcc/arm-none-eabi/5.3.1/../../../../arm-none-eabi/lib/armv6-m\libnosys.a
END GROUP
LOAD d:/gnu tools arm embedded/5.3.2016q1/bin/../lib/gcc/arm-none-eabi/5.3.1/armv6-m/crtend.o
LOAD d:/gnu tools arm embedded/5.3.2016q1/bin/../lib/gcc/arm-none-eabi/5.3.1/armv6-m/crtn.o
                0x20002000                _estack = 0x20002000
                0x00000200                _Min_Heap_Size = 0x200
                0x00000200                _Min_Stack_Size = 0x200

.isr_vector     0x08000000       0xc0
                0x08000000                . = ALIGN (0x4)
 *(.isr_vector)
 .isr_vector    0x08000000       0xc0 ./startup_stm32l052xx.o
                0x08000000                g_pfnVectors
                0x080000c0                . = ALIGN (0x4)

.text           0x080000c0     0x73b0
                0x080000c0                . = ALIGN (0x4)
 *(.text)
 .text          0x080000c0        0x0 d:/gnu tools arm embedded/5.3.2016q1/bin/../lib/gcc/arm-none-eabi/5.3.1/armv6-m/crti.o
 .text          0x080000c0       0x60 d:/gnu tools arm embedded/5.3.2016q1/bin/../lib/gcc/arm-none-eabi/5.3.1/armv6-m/crtbegin.o
 .text          0x08000120       0x78 d:/gnu tools arm embedded/5.3.2016q1/bin/../lib/gcc/arm-none-eabi/5.3.1/../../../../arm-none-eabi/lib/armv6-m/crt0.o
                0x08000120                _start
                0x08000120                _mainCRTStartup
 .text          0x08000198        0x0 d:/gnu tools arm embedded/5.3.2016q1/bin/../lib/gcc/arm-none-eabi/5.3.1/../../../../arm-none-eabi/lib/armv6-m\libc.a(lib_a-exit.o)
 .text          0x08000198        0x0 d:/gnu tools arm embedded/5.3.2016q1/bin/../lib/gcc/arm-none-eabi/5.3.1/../../../../arm-none-eabi/lib/armv6-m\libc.a(lib_a-impure.o)
 .text          0x08000198        0x0 d:/gnu tools arm embedded/5.3.2016q1/bin/../lib/gcc/arm-none-eabi/5.3.1/../../../../arm-none-eabi/lib/armv6-m\libc.a(lib_a-init.o)
 .text          0x08000198        0x0 d:/gnu tools arm embedded/5.3.2016q1/bin/../lib/gcc/arm-none-eabi/5.3.1/../../../../arm-none-eabi/lib/armv6-m\libc.a(lib_a-memset.o)
 .text          0x08000198        0x0 d:/gnu tools arm embedded/5.3.2016q1/bin/../lib/gcc/arm-none-eabi/5.3.1/../../../../arm-none-eabi/lib/armv6-m\libc.a(lib_a-__call_atexit.o)
 .text          0x08000198        0x0 d:/gnu tools arm embedded/5.3.2016q1/bin/../lib/gcc/arm-none-eabi/5.3.1/../../../../arm-none-eabi/lib/armv6-m\libc.a(lib_a-atexit.o)
 .text          0x08000198        0x0 d:/gnu tools arm embedded/5.3.2016q1/bin/../lib/gcc/arm-none-eabi/5.3.1/../../../../arm-none-eabi/lib/armv6-m\libc.a(lib_a-fini.o)
 .text          0x08000198        0x0 d:/gnu tools arm embedded/5.3.2016q1/bin/../lib/gcc/arm-none-eabi/5.3.1/../../../../arm-none-eabi/lib/armv6-m\libc.a(lib_a-__atexit.o)
 .text          0x08000198       0x48 ./src/debug.o
                0x08000198                debug_init
                0x080001d8                debug_disable_usart
                0x080001dc                debug_enable_usart
 .text          0x080001e0      0x6ec ./src/led_driver.o
                0x080001e0                led_init
                0x08000280                led_push_buffer
                0x080002a8                led_set_beacon
                0x08000320                led_set_beacon_background
                0x0800039c                led_pulse_target
                0x080003c8                led_set_beacon_fade_div
                0x080003d4                led_show_logo
                0x08000468                led_propagate
                0x080006fc                send_high
                0x08000730                send_low
                0x08000758                led_update
                0x08000814                led_send_colour
                0x08000840                send_res
                0x08000860                read_buffer
                0x0800088c                get_colour
                0x080008a4                led_set_all
 .text          0x080008cc      0x200 ./src/main.o
                0x080008cc                shortHandler
                0x08000970                timHandler
                0x08000984                longHandler
                0x08000a00                initialise
                0x08000a28                clock_init
 .text          0x08000acc        0x4 ./src/stm32l0xx_it.o
                0x08000acc                HardFault_Handler
 .text          0x08000ad0       0xf0 ./src/system_stm32l0xx.o
                0x08000ad0                SystemInit
                0x08000b2c                SystemCoreClockUpdate
 .text          0x08000bc0      0x1dc ./src/timer.o
                0x08000bc0                timer_get_now
                0x08000bcc                timer_set_interval
                0x08000c08                timer_get_interval
                0x08000c14                timer_set_state
                0x08000c44                timer_get_state
                0x08000c50                sysClock_init
                0x08000cf4                timer_init
                0x08000d58                timer_delay_ms
                0x08000d6c                SysTick_Handler
                0x08000d7c                TIM2_IRQHandler
 .text          0x08000d9c      0x44c ./src/uart.o
                0x08000d9c                uart_init
                0x08000e70                uart_send
                0x08000ea4                uart_handle
                0x080011b4                readBuffer
 .text          0x080011e8      0x1cc ./HAL_Library/stm32l0xx_hal.o
                0x080011e8                HAL_MspInit
                0x080011ec                HAL_MspDeInit
                0x080011f0                HAL_DeInit
                0x08001218                HAL_InitTick
                0x0800123c                HAL_Init
                0x0800124c                HAL_IncTick
                0x0800125c                HAL_GetTick
                0x08001268                HAL_Delay
                0x08001284                HAL_SuspendTick
                0x08001294                HAL_ResumeTick
                0x080012a4                HAL_GetHalVersion
                0x080012ac                HAL_GetREVID
                0x080012b8                HAL_GetDEVID
                0x080012c8                HAL_DBGMCU_EnableDBGSleepMode
                0x080012d8                HAL_DBGMCU_DisableDBGSleepMode
                0x080012e8                HAL_DBGMCU_EnableDBGStopMode
                0x080012f8                HAL_DBGMCU_DisableDBGStopMode
                0x08001308                HAL_DBGMCU_EnableDBGStandbyMode
                0x08001318                HAL_DBGMCU_DisableDBGStandbyMode
                0x08001328                HAL_DBGMCU_DBG_EnableLowPowerConfig
                0x08001338                HAL_DBGMCU_DBG_DisableLowPowerConfig
                0x08001348                HAL_SYSCFG_GetBootMode
                0x08001358                HAL_SYSCFG_EnableVREFINT
                0x08001368                HAL_SYSCFG_DisableVREFINT
                0x08001378                HAL_SYSCFG_VREFINT_OutputSelect
                0x08001390                HAL_SYSCFG_Enable_Lock_VREFINT
                0x080013a4                HAL_SYSCFG_Disable_Lock_VREFINT
 .text          0x080013b4        0x0 ./HAL_Library/stm32l0xx_hal_adc.o
 .text          0x080013b4        0x0 ./HAL_Library/stm32l0xx_hal_adc_ex.o
 .text          0x080013b4        0x0 ./HAL_Library/stm32l0xx_hal_comp.o
 .text          0x080013b4        0x0 ./HAL_Library/stm32l0xx_hal_comp_ex.o
 .text          0x080013b4      0x1f4 ./HAL_Library/stm32l0xx_hal_cortex.o
                0x080013b4                HAL_NVIC_SetPriority
                0x0800141c                HAL_NVIC_EnableIRQ
                0x08001430                HAL_NVIC_DisableIRQ
                0x08001444                HAL_NVIC_SystemReset
                0x08001460                HAL_SYSTICK_Config
                0x08001498                HAL_NVIC_GetPriority
                0x080014e0                HAL_NVIC_SetPendingIRQ
                0x080014f8                HAL_NVIC_GetPendingIRQ
                0x08001514                HAL_NVIC_ClearPendingIRQ
                0x0800152c                HAL_SYSTICK_CLKSourceConfig
                0x0800154c                HAL_SYSTICK_Callback
                0x08001550                HAL_SYSTICK_IRQHandler
                0x08001558                HAL_MPU_ConfigRegion
 .text          0x080015a8        0x0 ./HAL_Library/stm32l0xx_hal_crc.o
 .text          0x080015a8        0x0 ./HAL_Library/stm32l0xx_hal_crc_ex.o
 .text          0x080015a8        0x0 ./HAL_Library/stm32l0xx_hal_cryp.o
 .text          0x080015a8        0x0 ./HAL_Library/stm32l0xx_hal_cryp_ex.o
 .text          0x080015a8        0x0 ./HAL_Library/stm32l0xx_hal_dac.o
 .text          0x080015a8        0x0 ./HAL_Library/stm32l0xx_hal_dac_ex.o
 .text          0x080015a8      0xaa0 ./HAL_Library/stm32l0xx_hal_dma.o
                0x080015a8                HAL_DMA_Init
                0x080016f4                HAL_DMA_DeInit
                0x080018b4                HAL_DMA_Start
                0x080018f0                HAL_DMA_Start_IT
                0x08001944                HAL_DMA_Abort
                0x08001998                HAL_DMA_PollForTransfer
                0x08001c4c                HAL_DMA_IRQHandler
                0x0800203c                HAL_DMA_GetState
                0x08002044                HAL_DMA_GetError
 .text          0x08002048        0x0 ./HAL_Library/stm32l0xx_hal_firewall.o
 .text          0x08002048      0x394 ./HAL_Library/stm32l0xx_hal_flash.o
                0x080020dc                HAL_FLASH_EndOfOperationCallback
                0x080020e0                HAL_FLASH_OperationErrorCallback
                0x080020e4                HAL_FLASH_IRQHandler
                0x080021d8                HAL_FLASH_Unlock
                0x08002214                HAL_FLASH_Lock
                0x08002228                HAL_FLASH_OB_Unlock
                0x08002264                HAL_FLASH_OB_Lock
                0x08002278                HAL_FLASH_GetError
                0x08002284                FLASH_WaitForLastOperation
                0x080022fc                HAL_FLASH_Program
                0x08002338                HAL_FLASH_Program_IT
                0x0800238c                HAL_FLASH_OB_Launch
                0x080023b4                FLASH_ErasePage
 .text          0x080023dc      0x400 ./HAL_Library/stm32l0xx_hal_flash_ex.o
                0x0800246c                HAL_FLASHEx_Erase
                0x08002508                HAL_FLASHEx_Erase_IT
                0x0800255c                HAL_FLASHEx_OBProgram
                0x0800268c                HAL_FLASHEx_OBGetConfig
                0x080026bc                HAL_FLASHEx_AdvOBProgram
                0x080026d4                HAL_FLASHEx_AdvOBGetConfig
                0x080026ec                HAL_FLASHEx_OB_SelectPCROP
                0x080026f8                HAL_FLASHEx_OB_DeSelectPCROP
                0x08002704                HAL_FLASHEx_DATAEEPROM_Unlock
                0x08002728                HAL_FLASHEx_DATAEEPROM_Lock
                0x0800273c                HAL_FLASHEx_DATAEEPROM_Erase
                0x08002760                HAL_FLASHEx_DATAEEPROM_Program
                0x080027b4                HAL_FLASHEx_DATAEEPROM_EnableFixedTimeProgram
                0x080027c8                HAL_FLASHEx_DATAEEPROM_DisableFixedTimeProgram
 .text          0x080027dc        0x0 ./HAL_Library/stm32l0xx_hal_flash_ramfunc.o
 .text          0x080027dc      0x370 ./HAL_Library/stm32l0xx_hal_gpio.o
                0x080027dc                HAL_GPIO_Init
                0x080029b0                HAL_GPIO_DeInit
                0x08002ae8                HAL_GPIO_ReadPin
                0x08002af4                HAL_GPIO_WritePin
                0x08002b00                HAL_GPIO_TogglePin
                0x08002b08                HAL_GPIO_LockPin
                0x08002b30                HAL_GPIO_EXTI_Callback
                0x08002b34                HAL_GPIO_EXTI_IRQHandler
 .text          0x08002b4c        0x0 ./HAL_Library/stm32l0xx_hal_i2c.o
 .text          0x08002b4c        0x0 ./HAL_Library/stm32l0xx_hal_i2c_ex.o
 .text          0x08002b4c        0x0 ./HAL_Library/stm32l0xx_hal_i2s.o
 .text          0x08002b4c        0x0 ./HAL_Library/stm32l0xx_hal_irda.o
 .text          0x08002b4c        0x0 ./HAL_Library/stm32l0xx_hal_iwdg.o
 .text          0x08002b4c        0x0 ./HAL_Library/stm32l0xx_hal_lcd.o
 .text          0x08002b4c        0x0 ./HAL_Library/stm32l0xx_hal_lptim.o
 .text          0x08002b4c        0x0 ./HAL_Library/stm32l0xx_hal_pcd.o
 .text          0x08002b4c        0x0 ./HAL_Library/stm32l0xx_hal_pcd_ex.o
 .text          0x08002b4c      0x1ec ./HAL_Library/stm32l0xx_hal_pwr.o
                0x08002b4c                HAL_PWR_DeInit
                0x08002b6c                HAL_PWR_EnableBkUpAccess
                0x08002b80                HAL_PWR_DisableBkUpAccess
                0x08002b94                HAL_PWR_ConfigPVD
                0x08002c0c                HAL_PWR_EnablePVD
                0x08002c1c                HAL_PWR_DisablePVD
                0x08002c2c                HAL_PWR_EnableWakeUpPin
                0x08002c3c                HAL_PWR_DisableWakeUpPin
                0x08002c4c                HAL_PWR_EnterSLEEPMode
                0x08002c7c                HAL_PWR_EnterSTOPMode
                0x08002cb8                HAL_PWR_EnterSTANDBYMode
                0x08002cd8                HAL_PWR_EnableSleepOnExit
                0x08002ce8                HAL_PWR_DisableSleepOnExit
                0x08002cf8                HAL_PWR_EnableSEVOnPend
                0x08002d08                HAL_PWR_DisableSEVOnPend
                0x08002d18                HAL_PWR_PVDCallback
                0x08002d1c                HAL_PWR_PVD_IRQHandler
 .text          0x08002d38       0xc8 ./HAL_Library/stm32l0xx_hal_pwr_ex.o
                0x08002d38                HAL_PWREx_EnableFastWakeUp
                0x08002d4c                HAL_PWREx_DisableFastWakeUp
                0x08002d60                HAL_PWREx_EnableUltraLowPower
                0x08002d74                HAL_PWREx_DisableUltraLowPower
                0x08002d88                HAL_PWREx_EnableLowPowerRunMode
                0x08002da4                HAL_PWREx_DisableLowPowerRunMode
 .text          0x08002e00      0x9c8 ./HAL_Library/stm32l0xx_hal_rcc.o
                0x08002e04                HAL_RCC_OscConfig
                0x08003368                HAL_RCC_ClockConfig
                0x080034dc                HAL_RCC_MCOConfig
                0x0800355c                HAL_RCC_EnableCSS
                0x08003570                HAL_RCC_GetSysClockFreq
                0x080035fc                HAL_RCC_GetHCLKFreq
                0x08003624                HAL_RCC_GetPCLK1Freq
                0x08003654                HAL_RCC_GetPCLK2Freq
                0x08003684                HAL_RCC_GetOscConfig
                0x08003768                HAL_RCC_GetClockConfig
                0x080037a8                HAL_RCC_CSSCallback
                0x080037ac                HAL_RCC_NMI_IRQHandler
 .text          0x080037c8      0x5dc ./HAL_Library/stm32l0xx_hal_rcc_ex.o
                0x080037c8                HAL_RCC_DeInit
                0x08003808                HAL_RCCEx_PeriphCLKConfig
                0x08003998                HAL_RCCEx_GetPeriphCLKConfig
                0x080039e8                HAL_RCCEx_GetPeriphCLKFreq
                0x08003ba0                HAL_RCCEx_EnableLSECSS
                0x08003bb4                HAL_RCCEx_DisableLSECSS
                0x08003bd0                HAL_RCCEx_EnableLSECSS_IT
                0x08003c00                HAL_RCCEx_LSECSS_Callback
                0x08003c04                HAL_RCCEx_LSECSS_IRQHandler
                0x08003c1c                HAL_RCCEx_CRSConfig
                0x08003ca4                HAL_RCCEx_CRSSoftwareSynchronizationGenerate
                0x08003cb4                HAL_RCCEx_CRSGetSynchronizationInfo
                0x08003cdc                HAL_RCCEx_CRSWaitSynchronization
                0x08003d7c                HAL_RCCEx_EnableHSI48_VREFINT
                0x08003d90                HAL_RCCEx_DisableHSI48_VREFINT
 .text          0x08003da4        0x0 ./HAL_Library/stm32l0xx_hal_rng.o
 .text          0x08003da4        0x0 ./HAL_Library/stm32l0xx_hal_rtc.o
 .text          0x08003da4        0x0 ./HAL_Library/stm32l0xx_hal_rtc_ex.o
 .text          0x08003da4        0x0 ./HAL_Library/stm32l0xx_hal_smartcard.o
 .text          0x08003da4        0x0 ./HAL_Library/stm32l0xx_hal_smartcard_ex.o
 .text          0x08003da4        0x0 ./HAL_Library/stm32l0xx_hal_smbus.o
 .text          0x08003da4        0x0 ./HAL_Library/stm32l0xx_hal_spi.o
 .text          0x08003da4     0x19e8 ./HAL_Library/stm32l0xx_hal_tim.o
                0x08003ef0                HAL_TIM_Base_MspInit
                0x08003ef4                HAL_TIM_Base_Init
                0x08003f28                HAL_TIM_Base_MspDeInit
                0x08003f2c                HAL_TIM_Base_DeInit
                0x08003f60                HAL_TIM_Base_Start
                0x08003f78                HAL_TIM_Base_Stop
                0x08003fa0                HAL_TIM_Base_Start_IT
                0x08003fb4                HAL_TIM_Base_Stop_IT
                0x08003fd4                HAL_TIM_Base_Start_DMA
                0x08004034                HAL_TIM_Base_Stop_DMA
                0x08004060                HAL_TIM_OC_MspInit
                0x08004064                HAL_TIM_OC_Init
                0x08004098                HAL_TIM_OC_MspDeInit
                0x0800409c                HAL_TIM_OC_DeInit
                0x080040d0                HAL_TIM_PWM_MspInit
                0x080040d4                HAL_TIM_PWM_Init
                0x08004108                HAL_TIM_PWM_MspDeInit
                0x0800410c                HAL_TIM_PWM_DeInit
                0x08004140                HAL_TIM_PWM_Stop
                0x08004170                HAL_TIM_PWM_Start_DMA
                0x08004258                HAL_TIM_OC_Start_DMA
                0x08004260                HAL_TIM_IC_MspInit
                0x08004264                HAL_TIM_IC_Init
                0x08004298                HAL_TIM_IC_MspDeInit
                0x0800429c                HAL_TIM_IC_DeInit
                0x080042d0                HAL_TIM_IC_Start
                0x080042f0                HAL_TIM_PWM_Start
                0x080042f8                HAL_TIM_OC_Start
                0x08004300                HAL_TIM_IC_Stop
                0x0800432c                HAL_TIM_OC_Stop
                0x08004334                HAL_TIM_IC_Start_IT
                0x08004388                HAL_TIM_PWM_Start_IT
                0x08004390                HAL_TIM_OC_Start_IT
                0x08004398                HAL_TIM_IC_Stop_IT
                0x080043f8                HAL_TIM_PWM_Stop_IT
                0x08004400                HAL_TIM_OC_Stop_IT
                0x08004408                HAL_TIM_IC_Start_DMA
                0x080044f0                HAL_TIM_IC_Stop_DMA
                0x08004574                HAL_TIM_PWM_Stop_DMA
                0x0800457c                HAL_TIM_OC_Stop_DMA
                0x08004584                HAL_TIM_OnePulse_MspInit
                0x08004588                HAL_TIM_OnePulse_Init
                0x080045d0                HAL_TIM_OnePulse_MspDeInit
                0x080045d4                HAL_TIM_OnePulse_DeInit
                0x08004608                HAL_TIM_OnePulse_Start
                0x0800462c                HAL_TIM_OnePulse_Stop
                0x0800465c                HAL_TIM_OnePulse_Start_IT
                0x08004690                HAL_TIM_OnePulse_Stop_IT
                0x080046d0                HAL_TIM_Encoder_MspInit
                0x080046d4                HAL_TIM_Encoder_Init
                0x0800476c                HAL_TIM_Encoder_MspDeInit
                0x08004770                HAL_TIM_Encoder_DeInit
                0x080047a4                HAL_TIM_Encoder_Start
                0x080047e4                HAL_TIM_Encoder_Stop
                0x08004840                HAL_TIM_Encoder_Start_IT
                0x080048b4                HAL_TIM_Encoder_Stop_IT
                0x0800492c                HAL_TIM_Encoder_Start_DMA
                0x08004a50                HAL_TIM_Encoder_Stop_DMA
                0x08004ad0                HAL_TIM_OC_ConfigChannel
                0x08004bd4                HAL_TIM_IC_ConfigChannel
                0x08004d38                HAL_TIM_PWM_ConfigChannel
                0x08004ea8                HAL_TIM_OnePulse_ConfigChannel
                0x08005010                HAL_TIM_DMABurst_WriteStart
                0x080050d8                HAL_TIM_DMABurst_ReadStart
                0x080051a0                HAL_TIM_DMABurst_ReadStop
                0x08005214                HAL_TIM_DMABurst_WriteStop
                0x0800521c                HAL_TIM_GenerateEvent
                0x08005240                HAL_TIM_ConfigOCrefClear
                0x08005320                HAL_TIM_ConfigClockSource
                0x080054ac                HAL_TIM_ConfigTI1Input
                0x080054bc                HAL_TIM_SlaveConfigSynchronization
                0x080054f8                HAL_TIM_SlaveConfigSynchronization_IT
                0x08005534                HAL_TIM_ReadCapturedValue
                0x08005578                HAL_TIM_PeriodElapsedCallback
                0x0800558c                HAL_TIM_OC_DelayElapsedCallback
                0x08005590                HAL_TIM_IC_CaptureCallback
                0x08005594                TIM_DMACaptureCplt
                0x080055d4                HAL_TIM_PWM_PulseFinishedCallback
                0x080055d8                TIM_DMADelayPulseCplt
                0x08005618                HAL_TIM_TriggerCallback
                0x0800561c                HAL_TIM_IRQHandler
                0x08005748                HAL_TIM_ErrorCallback
                0x0800574c                TIM_DMAError
                0x0800575c                HAL_TIM_Base_GetState
                0x08005764                HAL_TIM_OC_GetState
                0x0800576c                HAL_TIM_PWM_GetState
                0x08005774                HAL_TIM_IC_GetState
                0x0800577c                HAL_TIM_OnePulse_GetState
                0x08005784                HAL_TIM_Encoder_GetState
 .text          0x0800578c       0x60 ./HAL_Library/stm32l0xx_hal_tim_ex.o
                0x0800578c                HAL_TIMEx_MasterConfigSynchronization
                0x080057cc                HAL_TIMEx_RemapConfig
 .text          0x080057ec        0x0 ./HAL_Library/stm32l0xx_hal_tsc.o
 .text          0x080057ec        0x0 ./HAL_Library/stm32l0xx_hal_uart.o
 .text          0x080057ec        0x0 ./HAL_Library/stm32l0xx_hal_uart_ex.o
 .text          0x080057ec      0xcf0 ./HAL_Library/stm32l0xx_hal_usart.o
                0x08005850                HAL_USART_MspInit
                0x08005854                HAL_USART_Init
                0x080059d4                HAL_USART_MspDeInit
                0x080059d8                HAL_USART_DeInit
                0x08005a04                HAL_USART_Transmit
                0x08005ab8                HAL_USART_Receive
                0x08005bd0                HAL_USART_TransmitReceive
                0x08005d08                HAL_USART_Transmit_IT
                0x08005d50                HAL_USART_Receive_IT
                0x08005e2c                HAL_USART_TransmitReceive_IT
                0x08005ee0                HAL_USART_Transmit_DMA
                0x08005f54                HAL_USART_Receive_DMA
                0x08005ff0                HAL_USART_TransmitReceive_DMA
                0x080060b4                HAL_USART_DMAPause
                0x080060d4                HAL_USART_DMAResume
                0x080060f4                HAL_USART_DMAStop
                0x08006128                HAL_USART_TxCpltCallback
                0x0800616c                HAL_USART_TxHalfCpltCallback
                0x0800617c                HAL_USART_RxCpltCallback
                0x08006180                HAL_USART_RxHalfCpltCallback
                0x08006190                HAL_USART_TxRxCpltCallback
                0x080062d4                HAL_USART_ErrorCallback
                0x080062f8                HAL_USART_IRQHandler
                0x080064d0                HAL_USART_GetState
                0x080064d8                HAL_USART_GetError
 .text          0x080064dc        0x0 ./HAL_Library/stm32l0xx_hal_wwdg.o
 .text          0x080064dc       0x14 ./startup_stm32l052xx.o
 .text          0x080064f0      0x114 d:/gnu tools arm embedded/5.3.2016q1/bin/../lib/gcc/arm-none-eabi/5.3.1/armv6-m\libgcc.a(_udivsi3.o)
                0x080064f0                __aeabi_uidiv
                0x080064f0                __udivsi3
                0x080065fc                __aeabi_uidivmod
 .text          0x08006604      0x1d4 d:/gnu tools arm embedded/5.3.2016q1/bin/../lib/gcc/arm-none-eabi/5.3.1/armv6-m\libgcc.a(_divsi3.o)
                0x08006604                __divsi3
                0x08006604                __aeabi_idiv
                0x080067d0                __aeabi_idivmod
 .text          0x080067d8        0x4 d:/gnu tools arm embedded/5.3.2016q1/bin/../lib/gcc/arm-none-eabi/5.3.1/armv6-m\libgcc.a(_dvmd_tls.o)
                0x080067d8                __aeabi_idiv0
                0x080067d8                __aeabi_ldiv0
 .text          0x080067dc        0x0 d:/gnu tools arm embedded/5.3.2016q1/bin/../lib/gcc/arm-none-eabi/5.3.1/../../../../arm-none-eabi/lib/armv6-m\libc.a(lib_a-malloc.o)
 .text          0x080067dc        0x0 d:/gnu tools arm embedded/5.3.2016q1/bin/../lib/gcc/arm-none-eabi/5.3.1/../../../../arm-none-eabi/lib/armv6-m\libc.a(lib_a-mallocr.o)
 .text          0x080067dc        0x0 d:/gnu tools arm embedded/5.3.2016q1/bin/../lib/gcc/arm-none-eabi/5.3.1/../../../../arm-none-eabi/lib/armv6-m\libc.a(lib_a-mlock.o)
 .text          0x080067dc        0x0 d:/gnu tools arm embedded/5.3.2016q1/bin/../lib/gcc/arm-none-eabi/5.3.1/../../../../arm-none-eabi/lib/armv6-m\libc.a(lib_a-sbrkr.o)
 .text          0x080067dc        0x0 d:/gnu tools arm embedded/5.3.2016q1/bin/../lib/gcc/arm-none-eabi/5.3.1/../../../../arm-none-eabi/lib/armv6-m\libc.a(lib_a-freer.o)
 .text          0x080067dc        0x0 d:/gnu tools arm embedded/5.3.2016q1/bin/../lib/gcc/arm-none-eabi/5.3.1/../../../../arm-none-eabi/lib/armv6-m\libc.a(lib_a-reent.o)
 .text          0x080067dc        0x0 d:/gnu tools arm embedded/5.3.2016q1/bin/../lib/gcc/arm-none-eabi/5.3.1/../../../../arm-none-eabi/lib/armv6-m\libnosys.a(sbrk.o)
 .text          0x080067dc        0x0 d:/gnu tools arm embedded/5.3.2016q1/bin/../lib/gcc/arm-none-eabi/5.3.1/../../../../arm-none-eabi/lib/armv6-m\libnosys.a(_exit.o)
 .text          0x080067dc        0x0 d:/gnu tools arm embedded/5.3.2016q1/bin/../lib/gcc/arm-none-eabi/5.3.1/armv6-m/crtend.o
 .text          0x080067dc        0x0 d:/gnu tools arm embedded/5.3.2016q1/bin/../lib/gcc/arm-none-eabi/5.3.1/armv6-m/crtn.o
 *(.text*)
 .text.exit     0x080067dc       0x20 d:/gnu tools arm embedded/5.3.2016q1/bin/../lib/gcc/arm-none-eabi/5.3.1/../../../../arm-none-eabi/lib/armv6-m\libc.a(lib_a-exit.o)
                0x080067dc                exit
 .text.__libc_init_array
                0x080067fc       0x48 d:/gnu tools arm embedded/5.3.2016q1/bin/../lib/gcc/arm-none-eabi/5.3.1/../../../../arm-none-eabi/lib/armv6-m\libc.a(lib_a-init.o)
                0x080067fc                __libc_init_array
 .text.memset   0x08006844       0x8c d:/gnu tools arm embedded/5.3.2016q1/bin/../lib/gcc/arm-none-eabi/5.3.1/../../../../arm-none-eabi/lib/armv6-m\libc.a(lib_a-memset.o)
                0x08006844                memset
 .text.startup.register_fini
                0x080068d0       0x18 d:/gnu tools arm embedded/5.3.2016q1/bin/../lib/gcc/arm-none-eabi/5.3.1/../../../../arm-none-eabi/lib/armv6-m\libc.a(lib_a-__call_atexit.o)
 .text.__call_exitprocs
                0x080068e8       0xfc d:/gnu tools arm embedded/5.3.2016q1/bin/../lib/gcc/arm-none-eabi/5.3.1/../../../../arm-none-eabi/lib/armv6-m\libc.a(lib_a-__call_atexit.o)
                0x080068e8                __call_exitprocs
 .text.atexit   0x080069e4       0x10 d:/gnu tools arm embedded/5.3.2016q1/bin/../lib/gcc/arm-none-eabi/5.3.1/../../../../arm-none-eabi/lib/armv6-m\libc.a(lib_a-atexit.o)
                0x080069e4                atexit
 .text.__libc_fini_array
                0x080069f4       0x34 d:/gnu tools arm embedded/5.3.2016q1/bin/../lib/gcc/arm-none-eabi/5.3.1/../../../../arm-none-eabi/lib/armv6-m\libc.a(lib_a-fini.o)
                0x080069f4                __libc_fini_array
 .text.__register_exitproc
                0x08006a28       0xd4 d:/gnu tools arm embedded/5.3.2016q1/bin/../lib/gcc/arm-none-eabi/5.3.1/../../../../arm-none-eabi/lib/armv6-m\libc.a(lib_a-__atexit.o)
                0x08006a28                __register_exitproc
 .text.startup  0x08006afc       0x28 ./src/main.o
                0x08006afc                main
 .text.Reset_Handler
                0x08006b24       0x50 ./startup_stm32l052xx.o
                0x08006b24                Reset_Handler
 .text.Default_Handler
                0x08006b74        0x2 ./startup_stm32l052xx.o
                0x08006b74                TSC_IRQHandler
                0x08006b74                ADC1_COMP_IRQHandler
                0x08006b74                PVD_IRQHandler
                0x08006b74                PendSV_Handler
                0x08006b74                NMI_Handler
                0x08006b74                I2C1_IRQHandler
                0x08006b74                RCC_CRS_IRQHandler
                0x08006b74                SPI1_IRQHandler
                0x08006b74                TIM6_DAC_IRQHandler
                0x08006b74                EXTI2_3_IRQHandler
                0x08006b74                I2C2_IRQHandler
                0x08006b74                RTC_IRQHandler
                0x08006b74                DMA1_Channel4_5_6_7_IRQHandler
                0x08006b74                EXTI4_15_IRQHandler
                0x08006b74                DMA1_Channel1_IRQHandler
                0x08006b74                Default_Handler
                0x08006b74                TIM22_IRQHandler
                0x08006b74                EXTI0_1_IRQHandler
                0x08006b74                USB_IRQHandler
                0x08006b74                SPI2_IRQHandler
                0x08006b74                SVC_Handler
                0x08006b74                TIM21_IRQHandler
                0x08006b74                WWDG_IRQHandler
                0x08006b74                DMA1_Channel2_3_IRQHandler
                0x08006b74                USART2_IRQHandler
                0x08006b74                FLASH_IRQHandler
                0x08006b74                USART1_IRQHandler
                0x08006b74                RNG_LPUART1_IRQHandler
                0x08006b74                LPTIM1_IRQHandler
 *fill*         0x08006b76        0x2 
 .text.malloc   0x08006b78       0x14 d:/gnu tools arm embedded/5.3.2016q1/bin/../lib/gcc/arm-none-eabi/5.3.1/../../../../arm-none-eabi/lib/armv6-m\libc.a(lib_a-malloc.o)
                0x08006b78                malloc
 .text.free     0x08006b8c       0x14 d:/gnu tools arm embedded/5.3.2016q1/bin/../lib/gcc/arm-none-eabi/5.3.1/../../../../arm-none-eabi/lib/armv6-m\libc.a(lib_a-malloc.o)
                0x08006b8c                free
 .text._malloc_r
                0x08006ba0      0x554 d:/gnu tools arm embedded/5.3.2016q1/bin/../lib/gcc/arm-none-eabi/5.3.1/../../../../arm-none-eabi/lib/armv6-m\libc.a(lib_a-mallocr.o)
                0x08006ba0                _malloc_r
 .text.__malloc_lock
                0x080070f4        0x4 d:/gnu tools arm embedded/5.3.2016q1/bin/../lib/gcc/arm-none-eabi/5.3.1/../../../../arm-none-eabi/lib/armv6-m\libc.a(lib_a-mlock.o)
                0x080070f4                __malloc_lock
 .text.__malloc_unlock
                0x080070f8        0x4 d:/gnu tools arm embedded/5.3.2016q1/bin/../lib/gcc/arm-none-eabi/5.3.1/../../../../arm-none-eabi/lib/armv6-m\libc.a(lib_a-mlock.o)
                0x080070f8                __malloc_unlock
 .text._sbrk_r  0x080070fc       0x24 d:/gnu tools arm embedded/5.3.2016q1/bin/../lib/gcc/arm-none-eabi/5.3.1/../../../../arm-none-eabi/lib/armv6-m\libc.a(lib_a-sbrkr.o)
                0x080070fc                _sbrk_r
 .text._malloc_trim_r
                0x08007120       0xa0 d:/gnu tools arm embedded/5.3.2016q1/bin/../lib/gcc/arm-none-eabi/5.3.1/../../../../arm-none-eabi/lib/armv6-m\libc.a(lib_a-freer.o)
                0x08007120                _malloc_trim_r
 .text._free_r  0x080071c0      0x1c4 d:/gnu tools arm embedded/5.3.2016q1/bin/../lib/gcc/arm-none-eabi/5.3.1/../../../../arm-none-eabi/lib/armv6-m\libc.a(lib_a-freer.o)
                0x080071c0                _free_r
 .text.cleanup_glue
                0x08007384       0x1c d:/gnu tools arm embedded/5.3.2016q1/bin/../lib/gcc/arm-none-eabi/5.3.1/../../../../arm-none-eabi/lib/armv6-m\libc.a(lib_a-reent.o)
                0x08007384                cleanup_glue
 .text._reclaim_reent
                0x080073a0       0x94 d:/gnu tools arm embedded/5.3.2016q1/bin/../lib/gcc/arm-none-eabi/5.3.1/../../../../arm-none-eabi/lib/armv6-m\libc.a(lib_a-reent.o)
                0x080073a0                _reclaim_reent
 .text._sbrk    0x08007434       0x1c d:/gnu tools arm embedded/5.3.2016q1/bin/../lib/gcc/arm-none-eabi/5.3.1/../../../../arm-none-eabi/lib/armv6-m\libnosys.a(sbrk.o)
                0x08007434                _sbrk
 .text._exit    0x08007450        0x4 d:/gnu tools arm embedded/5.3.2016q1/bin/../lib/gcc/arm-none-eabi/5.3.1/../../../../arm-none-eabi/lib/armv6-m\libnosys.a(_exit.o)
                0x08007450                _exit
 *(.glue_7)
 .glue_7        0x08007454        0x0 linker stubs
 *(.glue_7t)
 .glue_7t       0x08007454        0x0 linker stubs
 *(.eh_frame)
 .eh_frame      0x08007454        0x0 d:/gnu tools arm embedded/5.3.2016q1/bin/../lib/gcc/arm-none-eabi/5.3.1/armv6-m/crtbegin.o
 .eh_frame      0x08007454        0x4 d:/gnu tools arm embedded/5.3.2016q1/bin/../lib/gcc/arm-none-eabi/5.3.1/armv6-m/crtend.o
 *(.init)
 .init          0x08007458        0x4 d:/gnu tools arm embedded/5.3.2016q1/bin/../lib/gcc/arm-none-eabi/5.3.1/armv6-m/crti.o
                0x08007458                _init
 .init          0x0800745c        0x8 d:/gnu tools arm embedded/5.3.2016q1/bin/../lib/gcc/arm-none-eabi/5.3.1/armv6-m/crtn.o
 *(.fini)
 .fini          0x08007464        0x4 d:/gnu tools arm embedded/5.3.2016q1/bin/../lib/gcc/arm-none-eabi/5.3.1/armv6-m/crti.o
                0x08007464                _fini
 .fini          0x08007468        0x8 d:/gnu tools arm embedded/5.3.2016q1/bin/../lib/gcc/arm-none-eabi/5.3.1/armv6-m/crtn.o
                0x08007470                . = ALIGN (0x4)
                0x08007470                _etext = .

.vfp11_veneer   0x08007470        0x0
 .vfp11_veneer  0x08007470        0x0 linker stubs

.v4_bx          0x08007470        0x0
 .v4_bx         0x08007470        0x0 linker stubs

.iplt           0x08007470        0x0
 .iplt          0x08007470        0x0 d:/gnu tools arm embedded/5.3.2016q1/bin/../lib/gcc/arm-none-eabi/5.3.1/armv6-m/crtbegin.o

.RamFunc        0x08007470      0x198
 .RamFunc       0x08007470      0x198 ./HAL_Library/stm32l0xx_hal_flash_ramfunc.o
                0x0800755c                HAL_FLASHEx_HalfPageProgram
                0x080075b0                HAL_FLASHEx_EnableRunPowerDown
                0x080075d4                HAL_FLASHEx_DisableRunPowerDown
                0x080075f8                HAL_FLASHRAM_GetError

.rodata         0x08007608      0x1c8
                0x08007608                . = ALIGN (0x4)
 *(.rodata)
 .rodata        0x08007608       0x1d ./src/led_driver.o
                0x08007608                logo
 *fill*         0x08007625        0x3 
 .rodata        0x08007628       0x18 ./src/main.o
 .rodata        0x08007640       0x1c ./src/system_stm32l0xx.o
                0x08007640                PLLMulTable
                0x0800764c                AHBPrescTable
 .rodata        0x0800765c       0x10 ./HAL_Library/stm32l0xx_hal_rcc.o
 .rodata        0x0800766c      0x104 ./HAL_Library/stm32l0xx_hal_rcc_ex.o
 .rodata        0x08007770       0x58 ./HAL_Library/stm32l0xx_hal_usart.o
 *(.rodata*)
 .rodata.str1.4
                0x080077c8        0x4 d:/gnu tools arm embedded/5.3.2016q1/bin/../lib/gcc/arm-none-eabi/5.3.1/../../../../arm-none-eabi/lib/armv6-m\libc.a(lib_a-impure.o)
                                  0x2 (size before relaxing)
 .rodata._global_impure_ptr
                0x080077cc        0x4 d:/gnu tools arm embedded/5.3.2016q1/bin/../lib/gcc/arm-none-eabi/5.3.1/../../../../arm-none-eabi/lib/armv6-m\libc.a(lib_a-impure.o)
                0x080077cc                _global_impure_ptr
                0x080077d0                . = ALIGN (0x4)

.ARM.extab      0x080077d0        0x0
 *(.ARM.extab* .gnu.linkonce.armextab.*)
 .ARM.extab     0x080077d0        0x0 d:/gnu tools arm embedded/5.3.2016q1/bin/../lib/gcc/arm-none-eabi/5.3.1/../../../../arm-none-eabi/lib/armv6-m/crt0.o

.ARM            0x080077d0        0x8
                0x080077d0                __exidx_start = .
 *(.ARM.exidx*)
 .ARM.exidx     0x080077d0        0x8 d:/gnu tools arm embedded/5.3.2016q1/bin/../lib/gcc/arm-none-eabi/5.3.1/../../../../arm-none-eabi/lib/armv6-m/crt0.o
                0x080077d8                __exidx_end = .

.rel.dyn        0x080077d8        0x0
 .rel.iplt      0x080077d8        0x0 d:/gnu tools arm embedded/5.3.2016q1/bin/../lib/gcc/arm-none-eabi/5.3.1/armv6-m/crtbegin.o

.preinit_array  0x080077d8        0x0
                0x080077d8                PROVIDE (__preinit_array_start, .)
 *(.preinit_array*)
                0x080077d8                PROVIDE (__preinit_array_end, .)

.init_array     0x080077d8        0x8
                0x080077d8                PROVIDE (__init_array_start, .)
 *(SORT(.init_array.*))
 .init_array.00000
                0x080077d8        0x4 d:/gnu tools arm embedded/5.3.2016q1/bin/../lib/gcc/arm-none-eabi/5.3.1/../../../../arm-none-eabi/lib/armv6-m\libc.a(lib_a-__call_atexit.o)
 *(.init_array*)
 .init_array    0x080077dc        0x4 d:/gnu tools arm embedded/5.3.2016q1/bin/../lib/gcc/arm-none-eabi/5.3.1/armv6-m/crtbegin.o
                0x080077e0                PROVIDE (__init_array_end, .)

.fini_array     0x080077e0        0x4
                0x080077e0                PROVIDE (__fini_array_start, .)
 *(SORT(.fini_array.*))
 *(.fini_array*)
 .fini_array    0x080077e0        0x4 d:/gnu tools arm embedded/5.3.2016q1/bin/../lib/gcc/arm-none-eabi/5.3.1/armv6-m/crtbegin.o
                0x080077e4                PROVIDE (__fini_array_end, .)
                0x080077e4                _sidata = LOADADDR (.data)

.data           0x20000000      0x84c load address 0x080077e4
                0x20000000                . = ALIGN (0x4)
                0x20000000                _sdata = .
 *(.data)
 .data          0x20000000        0x0 d:/gnu tools arm embedded/5.3.2016q1/bin/../lib/gcc/arm-none-eabi/5.3.1/armv6-m/crti.o
 .data          0x20000000        0x4 d:/gnu tools arm embedded/5.3.2016q1/bin/../lib/gcc/arm-none-eabi/5.3.1/armv6-m/crtbegin.o
                0x20000000                __dso_handle
 .data          0x20000004        0x0 d:/gnu tools arm embedded/5.3.2016q1/bin/../lib/gcc/arm-none-eabi/5.3.1/../../../../arm-none-eabi/lib/armv6-m/crt0.o
 .data          0x20000004        0x0 d:/gnu tools arm embedded/5.3.2016q1/bin/../lib/gcc/arm-none-eabi/5.3.1/../../../../arm-none-eabi/lib/armv6-m\libc.a(lib_a-exit.o)
 .data          0x20000004        0x0 d:/gnu tools arm embedded/5.3.2016q1/bin/../lib/gcc/arm-none-eabi/5.3.1/../../../../arm-none-eabi/lib/armv6-m\libc.a(lib_a-impure.o)
 .data          0x20000004        0x0 d:/gnu tools arm embedded/5.3.2016q1/bin/../lib/gcc/arm-none-eabi/5.3.1/../../../../arm-none-eabi/lib/armv6-m\libc.a(lib_a-init.o)
 .data          0x20000004        0x0 d:/gnu tools arm embedded/5.3.2016q1/bin/../lib/gcc/arm-none-eabi/5.3.1/../../../../arm-none-eabi/lib/armv6-m\libc.a(lib_a-memset.o)
 .data          0x20000004        0x0 d:/gnu tools arm embedded/5.3.2016q1/bin/../lib/gcc/arm-none-eabi/5.3.1/../../../../arm-none-eabi/lib/armv6-m\libc.a(lib_a-__call_atexit.o)
 .data          0x20000004        0x0 d:/gnu tools arm embedded/5.3.2016q1/bin/../lib/gcc/arm-none-eabi/5.3.1/../../../../arm-none-eabi/lib/armv6-m\libc.a(lib_a-atexit.o)
 .data          0x20000004        0x0 d:/gnu tools arm embedded/5.3.2016q1/bin/../lib/gcc/arm-none-eabi/5.3.1/../../../../arm-none-eabi/lib/armv6-m\libc.a(lib_a-fini.o)
 .data          0x20000004        0x0 d:/gnu tools arm embedded/5.3.2016q1/bin/../lib/gcc/arm-none-eabi/5.3.1/../../../../arm-none-eabi/lib/armv6-m\libc.a(lib_a-__atexit.o)
 .data          0x20000004        0x0 ./src/debug.o
 .data          0x20000004        0x1 ./src/led_driver.o
                0x20000004                beaconFadeDiv
 .data          0x20000005        0x1 ./src/main.o
                0x20000005                id
 .data          0x20000006        0x0 ./src/stm32l0xx_it.o
 *fill*         0x20000006        0x2 
 .data          0x20000008        0x4 ./src/system_stm32l0xx.o
                0x20000008                SystemCoreClock
 .data          0x2000000c        0x1 ./src/timer.o
                0x2000000c                current_state
 .data          0x2000000d        0x0 ./src/uart.o
 .data          0x2000000d        0x0 ./HAL_Library/stm32l0xx_hal.o
 .data          0x2000000d        0x0 ./HAL_Library/stm32l0xx_hal_adc.o
 .data          0x2000000d        0x0 ./HAL_Library/stm32l0xx_hal_adc_ex.o
 .data          0x2000000d        0x0 ./HAL_Library/stm32l0xx_hal_comp.o
 .data          0x2000000d        0x0 ./HAL_Library/stm32l0xx_hal_comp_ex.o
 .data          0x2000000d        0x0 ./HAL_Library/stm32l0xx_hal_cortex.o
 .data          0x2000000d        0x0 ./HAL_Library/stm32l0xx_hal_crc.o
 .data          0x2000000d        0x0 ./HAL_Library/stm32l0xx_hal_crc_ex.o
 .data          0x2000000d        0x0 ./HAL_Library/stm32l0xx_hal_cryp.o
 .data          0x2000000d        0x0 ./HAL_Library/stm32l0xx_hal_cryp_ex.o
 .data          0x2000000d        0x0 ./HAL_Library/stm32l0xx_hal_dac.o
 .data          0x2000000d        0x0 ./HAL_Library/stm32l0xx_hal_dac_ex.o
 .data          0x2000000d        0x0 ./HAL_Library/stm32l0xx_hal_dma.o
 .data          0x2000000d        0x0 ./HAL_Library/stm32l0xx_hal_firewall.o
 .data          0x2000000d        0x0 ./HAL_Library/stm32l0xx_hal_flash.o
 .data          0x2000000d        0x0 ./HAL_Library/stm32l0xx_hal_flash_ex.o
 .data          0x2000000d        0x0 ./HAL_Library/stm32l0xx_hal_flash_ramfunc.o
 .data          0x2000000d        0x0 ./HAL_Library/stm32l0xx_hal_gpio.o
 .data          0x2000000d        0x0 ./HAL_Library/stm32l0xx_hal_i2c.o
 .data          0x2000000d        0x0 ./HAL_Library/stm32l0xx_hal_i2c_ex.o
 .data          0x2000000d        0x0 ./HAL_Library/stm32l0xx_hal_i2s.o
 .data          0x2000000d        0x0 ./HAL_Library/stm32l0xx_hal_irda.o
 .data          0x2000000d        0x0 ./HAL_Library/stm32l0xx_hal_iwdg.o
 .data          0x2000000d        0x0 ./HAL_Library/stm32l0xx_hal_lcd.o
 .data          0x2000000d        0x0 ./HAL_Library/stm32l0xx_hal_lptim.o
 .data          0x2000000d        0x0 ./HAL_Library/stm32l0xx_hal_pcd.o
 .data          0x2000000d        0x0 ./HAL_Library/stm32l0xx_hal_pcd_ex.o
 .data          0x2000000d        0x0 ./HAL_Library/stm32l0xx_hal_pwr.o
 .data          0x2000000d        0x0 ./HAL_Library/stm32l0xx_hal_pwr_ex.o
 .data          0x2000000d        0x0 ./HAL_Library/stm32l0xx_hal_rcc.o
 .data          0x2000000d        0x0 ./HAL_Library/stm32l0xx_hal_rcc_ex.o
 .data          0x2000000d        0x0 ./HAL_Library/stm32l0xx_hal_rng.o
 .data          0x2000000d        0x0 ./HAL_Library/stm32l0xx_hal_rtc.o
 .data          0x2000000d        0x0 ./HAL_Library/stm32l0xx_hal_rtc_ex.o
 .data          0x2000000d        0x0 ./HAL_Library/stm32l0xx_hal_smartcard.o
 .data          0x2000000d        0x0 ./HAL_Library/stm32l0xx_hal_smartcard_ex.o
 .data          0x2000000d        0x0 ./HAL_Library/stm32l0xx_hal_smbus.o
 .data          0x2000000d        0x0 ./HAL_Library/stm32l0xx_hal_spi.o
 .data          0x2000000d        0x0 ./HAL_Library/stm32l0xx_hal_tim.o
 .data          0x2000000d        0x0 ./HAL_Library/stm32l0xx_hal_tim_ex.o
 .data          0x2000000d        0x0 ./HAL_Library/stm32l0xx_hal_tsc.o
 .data          0x2000000d        0x0 ./HAL_Library/stm32l0xx_hal_uart.o
 .data          0x2000000d        0x0 ./HAL_Library/stm32l0xx_hal_uart_ex.o
 .data          0x2000000d        0x0 ./HAL_Library/stm32l0xx_hal_usart.o
 .data          0x2000000d        0x0 ./HAL_Library/stm32l0xx_hal_wwdg.o
 .data          0x2000000d        0x0 ./startup_stm32l052xx.o
 .data          0x2000000d        0x0 d:/gnu tools arm embedded/5.3.2016q1/bin/../lib/gcc/arm-none-eabi/5.3.1/armv6-m\libgcc.a(_udivsi3.o)
 .data          0x2000000d        0x0 d:/gnu tools arm embedded/5.3.2016q1/bin/../lib/gcc/arm-none-eabi/5.3.1/armv6-m\libgcc.a(_divsi3.o)
 .data          0x2000000d        0x0 d:/gnu tools arm embedded/5.3.2016q1/bin/../lib/gcc/arm-none-eabi/5.3.1/armv6-m\libgcc.a(_dvmd_tls.o)
 .data          0x2000000d        0x0 d:/gnu tools arm embedded/5.3.2016q1/bin/../lib/gcc/arm-none-eabi/5.3.1/../../../../arm-none-eabi/lib/armv6-m\libc.a(lib_a-malloc.o)
 .data          0x2000000d        0x0 d:/gnu tools arm embedded/5.3.2016q1/bin/../lib/gcc/arm-none-eabi/5.3.1/../../../../arm-none-eabi/lib/armv6-m\libc.a(lib_a-mallocr.o)
 .data          0x2000000d        0x0 d:/gnu tools arm embedded/5.3.2016q1/bin/../lib/gcc/arm-none-eabi/5.3.1/../../../../arm-none-eabi/lib/armv6-m\libc.a(lib_a-mlock.o)
 .data          0x2000000d        0x0 d:/gnu tools arm embedded/5.3.2016q1/bin/../lib/gcc/arm-none-eabi/5.3.1/../../../../arm-none-eabi/lib/armv6-m\libc.a(lib_a-sbrkr.o)
 .data          0x2000000d        0x0 d:/gnu tools arm embedded/5.3.2016q1/bin/../lib/gcc/arm-none-eabi/5.3.1/../../../../arm-none-eabi/lib/armv6-m\libc.a(lib_a-freer.o)
 .data          0x2000000d        0x0 d:/gnu tools arm embedded/5.3.2016q1/bin/../lib/gcc/arm-none-eabi/5.3.1/../../../../arm-none-eabi/lib/armv6-m\libc.a(lib_a-reent.o)
 .data          0x2000000d        0x0 d:/gnu tools arm embedded/5.3.2016q1/bin/../lib/gcc/arm-none-eabi/5.3.1/../../../../arm-none-eabi/lib/armv6-m\libnosys.a(sbrk.o)
 .data          0x2000000d        0x0 d:/gnu tools arm embedded/5.3.2016q1/bin/../lib/gcc/arm-none-eabi/5.3.1/../../../../arm-none-eabi/lib/armv6-m\libnosys.a(_exit.o)
 .data          0x2000000d        0x0 d:/gnu tools arm embedded/5.3.2016q1/bin/../lib/gcc/arm-none-eabi/5.3.1/armv6-m/crtend.o
 .data          0x2000000d        0x0 d:/gnu tools arm embedded/5.3.2016q1/bin/../lib/gcc/arm-none-eabi/5.3.1/armv6-m/crtn.o
 *(.data*)
 *fill*         0x2000000d        0x3 
 .data.impure_data
                0x20000010      0x428 d:/gnu tools arm embedded/5.3.2016q1/bin/../lib/gcc/arm-none-eabi/5.3.1/../../../../arm-none-eabi/lib/armv6-m\libc.a(lib_a-impure.o)
 .data._impure_ptr
                0x20000438        0x4 d:/gnu tools arm embedded/5.3.2016q1/bin/../lib/gcc/arm-none-eabi/5.3.1/../../../../arm-none-eabi/lib/armv6-m\libc.a(lib_a-impure.o)
                0x20000438                _impure_ptr
 .data.__malloc_av_
                0x2000043c      0x408 d:/gnu tools arm embedded/5.3.2016q1/bin/../lib/gcc/arm-none-eabi/5.3.1/../../../../arm-none-eabi/lib/armv6-m\libc.a(lib_a-mallocr.o)
                0x2000043c                __malloc_av_
 .data.__malloc_trim_threshold
                0x20000844        0x4 d:/gnu tools arm embedded/5.3.2016q1/bin/../lib/gcc/arm-none-eabi/5.3.1/../../../../arm-none-eabi/lib/armv6-m\libc.a(lib_a-mallocr.o)
                0x20000844                __malloc_trim_threshold
 .data.__malloc_sbrk_base
                0x20000848        0x4 d:/gnu tools arm embedded/5.3.2016q1/bin/../lib/gcc/arm-none-eabi/5.3.1/../../../../arm-none-eabi/lib/armv6-m\libc.a(lib_a-mallocr.o)
                0x20000848                __malloc_sbrk_base
                0x2000084c                . = ALIGN (0x4)
                0x2000084c                _edata = .

.jcr            0x2000084c        0x4 load address 0x08008030
 .jcr           0x2000084c        0x0 d:/gnu tools arm embedded/5.3.2016q1/bin/../lib/gcc/arm-none-eabi/5.3.1/armv6-m/crtbegin.o
 .jcr           0x2000084c        0x4 d:/gnu tools arm embedded/5.3.2016q1/bin/../lib/gcc/arm-none-eabi/5.3.1/armv6-m/crtend.o

.igot.plt       0x20000850        0x0 load address 0x08008034
 .igot.plt      0x20000850        0x0 d:/gnu tools arm embedded/5.3.2016q1/bin/../lib/gcc/arm-none-eabi/5.3.1/armv6-m/crtbegin.o
                0x20000850                . = ALIGN (0x4)

.bss            0x20000850      0xa28 load address 0x08008034
                0x20000850                _sbss = .
                0x20000850                __bss_start__ = _sbss
 *(.bss)
 .bss           0x20000850        0x0 d:/gnu tools arm embedded/5.3.2016q1/bin/../lib/gcc/arm-none-eabi/5.3.1/armv6-m/crti.o
 .bss           0x20000850       0x1c d:/gnu tools arm embedded/5.3.2016q1/bin/../lib/gcc/arm-none-eabi/5.3.1/armv6-m/crtbegin.o
 .bss           0x2000086c        0x0 d:/gnu tools arm embedded/5.3.2016q1/bin/../lib/gcc/arm-none-eabi/5.3.1/../../../../arm-none-eabi/lib/armv6-m/crt0.o
 .bss           0x2000086c        0x0 d:/gnu tools arm embedded/5.3.2016q1/bin/../lib/gcc/arm-none-eabi/5.3.1/../../../../arm-none-eabi/lib/armv6-m\libc.a(lib_a-exit.o)
 .bss           0x2000086c        0x0 d:/gnu tools arm embedded/5.3.2016q1/bin/../lib/gcc/arm-none-eabi/5.3.1/../../../../arm-none-eabi/lib/armv6-m\libc.a(lib_a-impure.o)
 .bss           0x2000086c        0x0 d:/gnu tools arm embedded/5.3.2016q1/bin/../lib/gcc/arm-none-eabi/5.3.1/../../../../arm-none-eabi/lib/armv6-m\libc.a(lib_a-init.o)
 .bss           0x2000086c        0x0 d:/gnu tools arm embedded/5.3.2016q1/bin/../lib/gcc/arm-none-eabi/5.3.1/../../../../arm-none-eabi/lib/armv6-m\libc.a(lib_a-memset.o)
 .bss           0x2000086c        0x0 d:/gnu tools arm embedded/5.3.2016q1/bin/../lib/gcc/arm-none-eabi/5.3.1/../../../../arm-none-eabi/lib/armv6-m\libc.a(lib_a-__call_atexit.o)
 .bss           0x2000086c        0x0 d:/gnu tools arm embedded/5.3.2016q1/bin/../lib/gcc/arm-none-eabi/5.3.1/../../../../arm-none-eabi/lib/armv6-m\libc.a(lib_a-atexit.o)
 .bss           0x2000086c        0x0 d:/gnu tools arm embedded/5.3.2016q1/bin/../lib/gcc/arm-none-eabi/5.3.1/../../../../arm-none-eabi/lib/armv6-m\libc.a(lib_a-fini.o)
 .bss           0x2000086c        0x0 d:/gnu tools arm embedded/5.3.2016q1/bin/../lib/gcc/arm-none-eabi/5.3.1/../../../../arm-none-eabi/lib/armv6-m\libc.a(lib_a-__atexit.o)
 .bss           0x2000086c       0xc8 ./src/debug.o
                0x2000086c                tx_buffer
                0x200008d0                rx_buffer
 .bss           0x20000934      0x3ef ./src/led_driver.o
                0x20000934                bufferCount
                0x20000938                buffer
                0x20000d20                notePressed
                0x20000d21                bufferPosition
                0x20000d22                beaconMask
 .bss           0x20000d23        0x1 ./src/main.o
                0x20000d23                led_updated
 .bss           0x20000d24        0x0 ./src/stm32l0xx_it.o
 .bss           0x20000d24        0x0 ./src/system_stm32l0xx.o
 .bss           0x20000d24        0x5 ./src/timer.o
                0x20000d24                sysTime
                0x20000d28                update_led
 *fill*         0x20000d29        0x3 
 .bss           0x20000d2c        0x9 ./src/uart.o
                0x20000d2c                readPosition
                0x20000d30                lastDataTime
                0x20000d34                currentState
 *fill*         0x20000d35        0x3 
 .bss           0x20000d38        0x4 ./HAL_Library/stm32l0xx_hal.o
 .bss           0x20000d3c        0x0 ./HAL_Library/stm32l0xx_hal_adc.o
 .bss           0x20000d3c        0x0 ./HAL_Library/stm32l0xx_hal_adc_ex.o
 .bss           0x20000d3c        0x0 ./HAL_Library/stm32l0xx_hal_comp.o
 .bss           0x20000d3c        0x0 ./HAL_Library/stm32l0xx_hal_comp_ex.o
 .bss           0x20000d3c        0x0 ./HAL_Library/stm32l0xx_hal_cortex.o
 .bss           0x20000d3c        0x0 ./HAL_Library/stm32l0xx_hal_crc.o
 .bss           0x20000d3c        0x0 ./HAL_Library/stm32l0xx_hal_crc_ex.o
 .bss           0x20000d3c        0x0 ./HAL_Library/stm32l0xx_hal_cryp.o
 .bss           0x20000d3c        0x0 ./HAL_Library/stm32l0xx_hal_cryp_ex.o
 .bss           0x20000d3c        0x0 ./HAL_Library/stm32l0xx_hal_dac.o
 .bss           0x20000d3c        0x0 ./HAL_Library/stm32l0xx_hal_dac_ex.o
 .bss           0x20000d3c        0x0 ./HAL_Library/stm32l0xx_hal_dma.o
 .bss           0x20000d3c        0x0 ./HAL_Library/stm32l0xx_hal_firewall.o
 .bss           0x20000d3c        0x0 ./HAL_Library/stm32l0xx_hal_flash.o
 .bss           0x20000d3c        0x0 ./HAL_Library/stm32l0xx_hal_flash_ex.o
 .bss           0x20000d3c        0x0 ./HAL_Library/stm32l0xx_hal_flash_ramfunc.o
 .bss           0x20000d3c        0x0 ./HAL_Library/stm32l0xx_hal_gpio.o
 .bss           0x20000d3c        0x0 ./HAL_Library/stm32l0xx_hal_i2c.o
 .bss           0x20000d3c        0x0 ./HAL_Library/stm32l0xx_hal_i2c_ex.o
 .bss           0x20000d3c        0x0 ./HAL_Library/stm32l0xx_hal_i2s.o
 .bss           0x20000d3c        0x0 ./HAL_Library/stm32l0xx_hal_irda.o
 .bss           0x20000d3c        0x0 ./HAL_Library/stm32l0xx_hal_iwdg.o
 .bss           0x20000d3c        0x0 ./HAL_Library/stm32l0xx_hal_lcd.o
 .bss           0x20000d3c        0x0 ./HAL_Library/stm32l0xx_hal_lptim.o
 .bss           0x20000d3c        0x0 ./HAL_Library/stm32l0xx_hal_pcd.o
 .bss           0x20000d3c        0x0 ./HAL_Library/stm32l0xx_hal_pcd_ex.o
 .bss           0x20000d3c        0x0 ./HAL_Library/stm32l0xx_hal_pwr.o
 .bss           0x20000d3c        0x0 ./HAL_Library/stm32l0xx_hal_pwr_ex.o
 .bss           0x20000d3c        0x0 ./HAL_Library/stm32l0xx_hal_rcc.o
 .bss           0x20000d3c        0x0 ./HAL_Library/stm32l0xx_hal_rcc_ex.o
 .bss           0x20000d3c        0x0 ./HAL_Library/stm32l0xx_hal_rng.o
 .bss           0x20000d3c        0x0 ./HAL_Library/stm32l0xx_hal_rtc.o
 .bss           0x20000d3c        0x0 ./HAL_Library/stm32l0xx_hal_rtc_ex.o
 .bss           0x20000d3c        0x0 ./HAL_Library/stm32l0xx_hal_smartcard.o
 .bss           0x20000d3c        0x0 ./HAL_Library/stm32l0xx_hal_smartcard_ex.o
 .bss           0x20000d3c        0x0 ./HAL_Library/stm32l0xx_hal_smbus.o
 .bss           0x20000d3c        0x0 ./HAL_Library/stm32l0xx_hal_spi.o
 .bss           0x20000d3c        0x0 ./HAL_Library/stm32l0xx_hal_tim.o
 .bss           0x20000d3c        0x0 ./HAL_Library/stm32l0xx_hal_tim_ex.o
 .bss           0x20000d3c        0x0 ./HAL_Library/stm32l0xx_hal_tsc.o
 .bss           0x20000d3c        0x0 ./HAL_Library/stm32l0xx_hal_uart.o
 .bss           0x20000d3c        0x0 ./HAL_Library/stm32l0xx_hal_uart_ex.o
 .bss           0x20000d3c        0x0 ./HAL_Library/stm32l0xx_hal_usart.o
 .bss           0x20000d3c        0x0 ./HAL_Library/stm32l0xx_hal_wwdg.o
 .bss           0x20000d3c        0x0 ./startup_stm32l052xx.o
 .bss           0x20000d3c        0x0 d:/gnu tools arm embedded/5.3.2016q1/bin/../lib/gcc/arm-none-eabi/5.3.1/armv6-m\libgcc.a(_udivsi3.o)
 .bss           0x20000d3c        0x0 d:/gnu tools arm embedded/5.3.2016q1/bin/../lib/gcc/arm-none-eabi/5.3.1/armv6-m\libgcc.a(_divsi3.o)
 .bss           0x20000d3c        0x0 d:/gnu tools arm embedded/5.3.2016q1/bin/../lib/gcc/arm-none-eabi/5.3.1/armv6-m\libgcc.a(_dvmd_tls.o)
 .bss           0x20000d3c        0x0 d:/gnu tools arm embedded/5.3.2016q1/bin/../lib/gcc/arm-none-eabi/5.3.1/../../../../arm-none-eabi/lib/armv6-m\libc.a(lib_a-malloc.o)
 .bss           0x20000d3c        0x0 d:/gnu tools arm embedded/5.3.2016q1/bin/../lib/gcc/arm-none-eabi/5.3.1/../../../../arm-none-eabi/lib/armv6-m\libc.a(lib_a-mallocr.o)
 .bss           0x20000d3c        0x0 d:/gnu tools arm embedded/5.3.2016q1/bin/../lib/gcc/arm-none-eabi/5.3.1/../../../../arm-none-eabi/lib/armv6-m\libc.a(lib_a-mlock.o)
 .bss           0x20000d3c        0x0 d:/gnu tools arm embedded/5.3.2016q1/bin/../lib/gcc/arm-none-eabi/5.3.1/../../../../arm-none-eabi/lib/armv6-m\libc.a(lib_a-sbrkr.o)
 .bss           0x20000d3c        0x0 d:/gnu tools arm embedded/5.3.2016q1/bin/../lib/gcc/arm-none-eabi/5.3.1/../../../../arm-none-eabi/lib/armv6-m\libc.a(lib_a-freer.o)
 .bss           0x20000d3c        0x0 d:/gnu tools arm embedded/5.3.2016q1/bin/../lib/gcc/arm-none-eabi/5.3.1/../../../../arm-none-eabi/lib/armv6-m\libc.a(lib_a-reent.o)
 .bss           0x20000d3c        0x0 d:/gnu tools arm embedded/5.3.2016q1/bin/../lib/gcc/arm-none-eabi/5.3.1/../../../../arm-none-eabi/lib/armv6-m\libnosys.a(sbrk.o)
 .bss           0x20000d3c        0x0 d:/gnu tools arm embedded/5.3.2016q1/bin/../lib/gcc/arm-none-eabi/5.3.1/../../../../arm-none-eabi/lib/armv6-m\libnosys.a(_exit.o)
 .bss           0x20000d3c        0x0 d:/gnu tools arm embedded/5.3.2016q1/bin/../lib/gcc/arm-none-eabi/5.3.1/armv6-m/crtend.o
 .bss           0x20000d3c        0x0 d:/gnu tools arm embedded/5.3.2016q1/bin/../lib/gcc/arm-none-eabi/5.3.1/armv6-m/crtn.o
 *(.bss*)
 .bss.__malloc_max_total_mem
                0x20000d3c        0x4 d:/gnu tools arm embedded/5.3.2016q1/bin/../lib/gcc/arm-none-eabi/5.3.1/../../../../arm-none-eabi/lib/armv6-m\libc.a(lib_a-mallocr.o)
                0x20000d3c                __malloc_max_total_mem
 .bss.__malloc_max_sbrked_mem
                0x20000d40        0x4 d:/gnu tools arm embedded/5.3.2016q1/bin/../lib/gcc/arm-none-eabi/5.3.1/../../../../arm-none-eabi/lib/armv6-m\libc.a(lib_a-mallocr.o)
                0x20000d40                __malloc_max_sbrked_mem
 .bss.__malloc_top_pad
                0x20000d44        0x4 d:/gnu tools arm embedded/5.3.2016q1/bin/../lib/gcc/arm-none-eabi/5.3.1/../../../../arm-none-eabi/lib/armv6-m\libc.a(lib_a-mallocr.o)
                0x20000d44                __malloc_top_pad
 .bss.__malloc_current_mallinfo
                0x20000d48       0x28 d:/gnu tools arm embedded/5.3.2016q1/bin/../lib/gcc/arm-none-eabi/5.3.1/../../../../arm-none-eabi/lib/armv6-m\libc.a(lib_a-mallocr.o)
                0x20000d48                __malloc_current_mallinfo
 .bss.heap_end.4167
                0x20000d70        0x4 d:/gnu tools arm embedded/5.3.2016q1/bin/../lib/gcc/arm-none-eabi/5.3.1/../../../../arm-none-eabi/lib/armv6-m\libnosys.a(sbrk.o)
 *(COMMON)
 COMMON         0x20000d74       0xc0 ./src/debug.o
                0x20000d74                DMA_RX_Handle
                0x20000db0                DMA_TX_Handle
                0x20000dec                USART_Handle
 COMMON         0x20000e34      0x358 ./src/led_driver.o
                0x20000e34                ledStrip
                0x20001154                beaconBlueStep
                0x20001155                beaconRedStep
                0x20001158                targetColour
                0x2000115c                targetColourDefault
                0x20001160                beaconGreenStep
                0x20001164                colour_lookup
                0x20001184                beaconBackground
                0x20001188                beaconColour
 COMMON         0x2000118c        0x0 ./src/main.o
 COMMON         0x2000118c       0x3c ./src/timer.o
                0x2000118c                timHandle
                0x200011c4                timerHandler
 COMMON         0x200011c8       0x94 ./src/uart.o
                0x200011c8                currentFunc
                0x200011d4                rxBuffer
                0x20001254                longCmdHandler
                0x20001258                shortCmdHandler
 COMMON         0x2000125c       0x18 ./HAL_Library/stm32l0xx_hal_flash.o
                0x2000125c                ProcFlash
 COMMON         0x20001274        0x4 d:/gnu tools arm embedded/5.3.2016q1/bin/../lib/gcc/arm-none-eabi/5.3.1/../../../../arm-none-eabi/lib/armv6-m\libc.a(lib_a-reent.o)
                0x20001274                errno
                0x20001278                . = ALIGN (0x4)
                0x20001278                _ebss = .
                0x20001278                __bss_end__ = _ebss

._user_heap_stack
                0x20001278      0x400 load address 0x08008034
                0x20001278                . = ALIGN (0x4)
                0x20001278                PROVIDE (end, .)
                [!provide]                PROVIDE (_end, .)
                0x20001478                . = (. + _Min_Heap_Size)
 *fill*         0x20001278      0x200 
                0x20001678                . = (. + _Min_Stack_Size)
 *fill*         0x20001478      0x200 
                0x20001678                . = ALIGN (0x4)

/DISCARD/
 libc.a(*)
 libm.a(*)
 libgcc.a(*)

.ARM.attributes
                0x00000000       0x28
 *(.ARM.attributes)
 .ARM.attributes
                0x00000000       0x1e d:/gnu tools arm embedded/5.3.2016q1/bin/../lib/gcc/arm-none-eabi/5.3.1/armv6-m/crti.o
 .ARM.attributes
                0x0000001e       0x2c d:/gnu tools arm embedded/5.3.2016q1/bin/../lib/gcc/arm-none-eabi/5.3.1/armv6-m/crtbegin.o
 .ARM.attributes
                0x0000004a       0x1b d:/gnu tools arm embedded/5.3.2016q1/bin/../lib/gcc/arm-none-eabi/5.3.1/../../../../arm-none-eabi/lib/armv6-m/crt0.o
 .ARM.attributes
                0x00000065       0x2c d:/gnu tools arm embedded/5.3.2016q1/bin/../lib/gcc/arm-none-eabi/5.3.1/../../../../arm-none-eabi/lib/armv6-m\libc.a(lib_a-exit.o)
 .ARM.attributes
                0x00000091       0x2c d:/gnu tools arm embedded/5.3.2016q1/bin/../lib/gcc/arm-none-eabi/5.3.1/../../../../arm-none-eabi/lib/armv6-m\libc.a(lib_a-impure.o)
 .ARM.attributes
                0x000000bd       0x2c d:/gnu tools arm embedded/5.3.2016q1/bin/../lib/gcc/arm-none-eabi/5.3.1/../../../../arm-none-eabi/lib/armv6-m\libc.a(lib_a-init.o)
 .ARM.attributes
                0x000000e9       0x2c d:/gnu tools arm embedded/5.3.2016q1/bin/../lib/gcc/arm-none-eabi/5.3.1/../../../../arm-none-eabi/lib/armv6-m\libc.a(lib_a-memset.o)
 .ARM.attributes
                0x00000115       0x2c d:/gnu tools arm embedded/5.3.2016q1/bin/../lib/gcc/arm-none-eabi/5.3.1/../../../../arm-none-eabi/lib/armv6-m\libc.a(lib_a-__call_atexit.o)
 .ARM.attributes
                0x00000141       0x2c d:/gnu tools arm embedded/5.3.2016q1/bin/../lib/gcc/arm-none-eabi/5.3.1/../../../../arm-none-eabi/lib/armv6-m\libc.a(lib_a-atexit.o)
 .ARM.attributes
                0x0000016d       0x2c d:/gnu tools arm embedded/5.3.2016q1/bin/../lib/gcc/arm-none-eabi/5.3.1/../../../../arm-none-eabi/lib/armv6-m\libc.a(lib_a-fini.o)
 .ARM.attributes
                0x00000199       0x2c d:/gnu tools arm embedded/5.3.2016q1/bin/../lib/gcc/arm-none-eabi/5.3.1/../../../../arm-none-eabi/lib/armv6-m\libc.a(lib_a-__atexit.o)
 .ARM.attributes
                0x000001c5       0x32 ./src/debug.o
 .ARM.attributes
                0x000001f7       0x32 ./src/led_driver.o
 .ARM.attributes
                0x00000229       0x32 ./src/main.o
 .ARM.attributes
                0x0000025b       0x32 ./src/stm32l0xx_it.o
 .ARM.attributes
                0x0000028d       0x32 ./src/system_stm32l0xx.o
 .ARM.attributes
                0x000002bf       0x32 ./src/timer.o
 .ARM.attributes
                0x000002f1       0x32 ./src/uart.o
 .ARM.attributes
                0x00000323       0x32 ./HAL_Library/stm32l0xx_hal.o
 .ARM.attributes
                0x00000355       0x32 ./HAL_Library/stm32l0xx_hal_adc.o
 .ARM.attributes
                0x00000387       0x32 ./HAL_Library/stm32l0xx_hal_adc_ex.o
 .ARM.attributes
                0x000003b9       0x32 ./HAL_Library/stm32l0xx_hal_comp.o
 .ARM.attributes
                0x000003eb       0x32 ./HAL_Library/stm32l0xx_hal_comp_ex.o
 .ARM.attributes
                0x0000041d       0x32 ./HAL_Library/stm32l0xx_hal_cortex.o
 .ARM.attributes
                0x0000044f       0x32 ./HAL_Library/stm32l0xx_hal_crc.o
 .ARM.attributes
                0x00000481       0x32 ./HAL_Library/stm32l0xx_hal_crc_ex.o
 .ARM.attributes
                0x000004b3       0x32 ./HAL_Library/stm32l0xx_hal_cryp.o
 .ARM.attributes
                0x000004e5       0x32 ./HAL_Library/stm32l0xx_hal_cryp_ex.o
 .ARM.attributes
                0x00000517       0x32 ./HAL_Library/stm32l0xx_hal_dac.o
 .ARM.attributes
                0x00000549       0x32 ./HAL_Library/stm32l0xx_hal_dac_ex.o
 .ARM.attributes
                0x0000057b       0x32 ./HAL_Library/stm32l0xx_hal_dma.o
 .ARM.attributes
                0x000005ad       0x32 ./HAL_Library/stm32l0xx_hal_firewall.o
 .ARM.attributes
                0x000005df       0x32 ./HAL_Library/stm32l0xx_hal_flash.o
 .ARM.attributes
                0x00000611       0x32 ./HAL_Library/stm32l0xx_hal_flash_ex.o
 .ARM.attributes
                0x00000643       0x32 ./HAL_Library/stm32l0xx_hal_flash_ramfunc.o
 .ARM.attributes
                0x00000675       0x32 ./HAL_Library/stm32l0xx_hal_gpio.o
 .ARM.attributes
                0x000006a7       0x32 ./HAL_Library/stm32l0xx_hal_i2c.o
 .ARM.attributes
                0x000006d9       0x32 ./HAL_Library/stm32l0xx_hal_i2c_ex.o
 .ARM.attributes
                0x0000070b       0x32 ./HAL_Library/stm32l0xx_hal_i2s.o
 .ARM.attributes
                0x0000073d       0x32 ./HAL_Library/stm32l0xx_hal_irda.o
 .ARM.attributes
                0x0000076f       0x32 ./HAL_Library/stm32l0xx_hal_iwdg.o
 .ARM.attributes
                0x000007a1       0x32 ./HAL_Library/stm32l0xx_hal_lcd.o
 .ARM.attributes
                0x000007d3       0x32 ./HAL_Library/stm32l0xx_hal_lptim.o
 .ARM.attributes
                0x00000805       0x32 ./HAL_Library/stm32l0xx_hal_pcd.o
 .ARM.attributes
                0x00000837       0x32 ./HAL_Library/stm32l0xx_hal_pcd_ex.o
 .ARM.attributes
                0x00000869       0x32 ./HAL_Library/stm32l0xx_hal_pwr.o
 .ARM.attributes
                0x0000089b       0x32 ./HAL_Library/stm32l0xx_hal_pwr_ex.o
 .ARM.attributes
                0x000008cd       0x32 ./HAL_Library/stm32l0xx_hal_rcc.o
 .ARM.attributes
                0x000008ff       0x32 ./HAL_Library/stm32l0xx_hal_rcc_ex.o
 .ARM.attributes
                0x00000931       0x32 ./HAL_Library/stm32l0xx_hal_rng.o
 .ARM.attributes
                0x00000963       0x32 ./HAL_Library/stm32l0xx_hal_rtc.o
 .ARM.attributes
                0x00000995       0x32 ./HAL_Library/stm32l0xx_hal_rtc_ex.o
 .ARM.attributes
                0x000009c7       0x32 ./HAL_Library/stm32l0xx_hal_smartcard.o
 .ARM.attributes
                0x000009f9       0x32 ./HAL_Library/stm32l0xx_hal_smartcard_ex.o
 .ARM.attributes
                0x00000a2b       0x32 ./HAL_Library/stm32l0xx_hal_smbus.o
 .ARM.attributes
                0x00000a5d       0x32 ./HAL_Library/stm32l0xx_hal_spi.o
 .ARM.attributes
                0x00000a8f       0x32 ./HAL_Library/stm32l0xx_hal_tim.o
 .ARM.attributes
                0x00000ac1       0x32 ./HAL_Library/stm32l0xx_hal_tim_ex.o
 .ARM.attributes
                0x00000af3       0x32 ./HAL_Library/stm32l0xx_hal_tsc.o
 .ARM.attributes
                0x00000b25       0x32 ./HAL_Library/stm32l0xx_hal_uart.o
 .ARM.attributes
                0x00000b57       0x32 ./HAL_Library/stm32l0xx_hal_uart_ex.o
 .ARM.attributes
                0x00000b89       0x32 ./HAL_Library/stm32l0xx_hal_usart.o
 .ARM.attributes
                0x00000bbb       0x32 ./HAL_Library/stm32l0xx_hal_wwdg.o
 .ARM.attributes
                0x00000bed       0x22 ./startup_stm32l052xx.o
 .ARM.attributes
                0x00000c0f       0x1e d:/gnu tools arm embedded/5.3.2016q1/bin/../lib/gcc/arm-none-eabi/5.3.1/armv6-m\libgcc.a(_udivsi3.o)
 .ARM.attributes
                0x00000c2d       0x1e d:/gnu tools arm embedded/5.3.2016q1/bin/../lib/gcc/arm-none-eabi/5.3.1/armv6-m\libgcc.a(_divsi3.o)
 .ARM.attributes
                0x00000c4b       0x1e d:/gnu tools arm embedded/5.3.2016q1/bin/../lib/gcc/arm-none-eabi/5.3.1/armv6-m\libgcc.a(_dvmd_tls.o)
 .ARM.attributes
                0x00000c69       0x2c d:/gnu tools arm embedded/5.3.2016q1/bin/../lib/gcc/arm-none-eabi/5.3.1/../../../../arm-none-eabi/lib/armv6-m\libc.a(lib_a-malloc.o)
 .ARM.attributes
                0x00000c95       0x2c d:/gnu tools arm embedded/5.3.2016q1/bin/../lib/gcc/arm-none-eabi/5.3.1/../../../../arm-none-eabi/lib/armv6-m\libc.a(lib_a-mallocr.o)
 .ARM.attributes
                0x00000cc1       0x2c d:/gnu tools arm embedded/5.3.2016q1/bin/../lib/gcc/arm-none-eabi/5.3.1/../../../../arm-none-eabi/lib/armv6-m\libc.a(lib_a-mlock.o)
 .ARM.attributes
                0x00000ced       0x2c d:/gnu tools arm embedded/5.3.2016q1/bin/../lib/gcc/arm-none-eabi/5.3.1/../../../../arm-none-eabi/lib/armv6-m\libc.a(lib_a-sbrkr.o)
 .ARM.attributes
                0x00000d19       0x2c d:/gnu tools arm embedded/5.3.2016q1/bin/../lib/gcc/arm-none-eabi/5.3.1/../../../../arm-none-eabi/lib/armv6-m\libc.a(lib_a-freer.o)
 .ARM.attributes
                0x00000d45       0x2c d:/gnu tools arm embedded/5.3.2016q1/bin/../lib/gcc/arm-none-eabi/5.3.1/../../../../arm-none-eabi/lib/armv6-m\libc.a(lib_a-reent.o)
 .ARM.attributes
                0x00000d71       0x2c d:/gnu tools arm embedded/5.3.2016q1/bin/../lib/gcc/arm-none-eabi/5.3.1/../../../../arm-none-eabi/lib/armv6-m\libnosys.a(sbrk.o)
 .ARM.attributes
                0x00000d9d       0x2c d:/gnu tools arm embedded/5.3.2016q1/bin/../lib/gcc/arm-none-eabi/5.3.1/../../../../arm-none-eabi/lib/armv6-m\libnosys.a(_exit.o)
 .ARM.attributes
                0x00000dc9       0x2c d:/gnu tools arm embedded/5.3.2016q1/bin/../lib/gcc/arm-none-eabi/5.3.1/armv6-m/crtend.o
 .ARM.attributes
                0x00000df5       0x1e d:/gnu tools arm embedded/5.3.2016q1/bin/../lib/gcc/arm-none-eabi/5.3.1/armv6-m/crtn.o
OUTPUT(ledStripController.elf elf32-littlearm)

.debug_frame    0x00000000     0x1f80
 .debug_frame   0x00000000       0x28 d:/gnu tools arm embedded/5.3.2016q1/bin/../lib/gcc/arm-none-eabi/5.3.1/../../../../arm-none-eabi/lib/armv6-m\libc.a(lib_a-exit.o)
 .debug_frame   0x00000028       0x2c d:/gnu tools arm embedded/5.3.2016q1/bin/../lib/gcc/arm-none-eabi/5.3.1/../../../../arm-none-eabi/lib/armv6-m\libc.a(lib_a-init.o)
 .debug_frame   0x00000054       0x2c d:/gnu tools arm embedded/5.3.2016q1/bin/../lib/gcc/arm-none-eabi/5.3.1/../../../../arm-none-eabi/lib/armv6-m\libc.a(lib_a-memset.o)
 .debug_frame   0x00000080       0x54 d:/gnu tools arm embedded/5.3.2016q1/bin/../lib/gcc/arm-none-eabi/5.3.1/../../../../arm-none-eabi/lib/armv6-m\libc.a(lib_a-__call_atexit.o)
 .debug_frame   0x000000d4       0x28 d:/gnu tools arm embedded/5.3.2016q1/bin/../lib/gcc/arm-none-eabi/5.3.1/../../../../arm-none-eabi/lib/armv6-m\libc.a(lib_a-atexit.o)
 .debug_frame   0x000000fc       0x2c d:/gnu tools arm embedded/5.3.2016q1/bin/../lib/gcc/arm-none-eabi/5.3.1/../../../../arm-none-eabi/lib/armv6-m\libc.a(lib_a-fini.o)
 .debug_frame   0x00000128       0x3c d:/gnu tools arm embedded/5.3.2016q1/bin/../lib/gcc/arm-none-eabi/5.3.1/../../../../arm-none-eabi/lib/armv6-m\libc.a(lib_a-__atexit.o)
 .debug_frame   0x00000164       0x50 ./src/debug.o
 .debug_frame   0x000001b4      0x1ac ./src/led_driver.o
 .debug_frame   0x00000360       0xac ./src/main.o
 .debug_frame   0x0000040c       0x20 ./src/stm32l0xx_it.o
 .debug_frame   0x0000042c       0x38 ./src/system_stm32l0xx.o
 .debug_frame   0x00000464       0xc8 ./src/timer.o
 .debug_frame   0x0000052c       0x7c ./src/uart.o
 .debug_frame   0x000005a8      0x1e4 ./HAL_Library/stm32l0xx_hal.o
 .debug_frame   0x0000078c       0xf4 ./HAL_Library/stm32l0xx_hal_cortex.o
 .debug_frame   0x00000880       0xf8 ./HAL_Library/stm32l0xx_hal_dma.o
 .debug_frame   0x00000978      0x138 ./HAL_Library/stm32l0xx_hal_flash.o
 .debug_frame   0x00000ab0      0x19c ./HAL_Library/stm32l0xx_hal_flash_ex.o
 .debug_frame   0x00000c4c       0x6c ./HAL_Library/stm32l0xx_hal_flash_ramfunc.o
 .debug_frame   0x00000cb8       0xd4 ./HAL_Library/stm32l0xx_hal_gpio.o
 .debug_frame   0x00000d8c      0x13c ./HAL_Library/stm32l0xx_hal_pwr.o
 .debug_frame   0x00000ec8       0x78 ./HAL_Library/stm32l0xx_hal_pwr_ex.o
 .debug_frame   0x00000f40      0x158 ./HAL_Library/stm32l0xx_hal_rcc.o
 .debug_frame   0x00001098      0x140 ./HAL_Library/stm32l0xx_hal_rcc_ex.o
 .debug_frame   0x000011d8      0x844 ./HAL_Library/stm32l0xx_hal_tim.o
 .debug_frame   0x00001a1c       0x44 ./HAL_Library/stm32l0xx_hal_tim_ex.o
 .debug_frame   0x00001a60      0x32c ./HAL_Library/stm32l0xx_hal_usart.o
 .debug_frame   0x00001d8c       0x20 d:/gnu tools arm embedded/5.3.2016q1/bin/../lib/gcc/arm-none-eabi/5.3.1/armv6-m\libgcc.a(_udivsi3.o)
 .debug_frame   0x00001dac       0x20 d:/gnu tools arm embedded/5.3.2016q1/bin/../lib/gcc/arm-none-eabi/5.3.1/armv6-m\libgcc.a(_divsi3.o)
 .debug_frame   0x00001dcc       0x40 d:/gnu tools arm embedded/5.3.2016q1/bin/../lib/gcc/arm-none-eabi/5.3.1/../../../../arm-none-eabi/lib/armv6-m\libc.a(lib_a-malloc.o)
 .debug_frame   0x00001e0c       0x3c d:/gnu tools arm embedded/5.3.2016q1/bin/../lib/gcc/arm-none-eabi/5.3.1/../../../../arm-none-eabi/lib/armv6-m\libc.a(lib_a-mallocr.o)
 .debug_frame   0x00001e48       0x30 d:/gnu tools arm embedded/5.3.2016q1/bin/../lib/gcc/arm-none-eabi/5.3.1/../../../../arm-none-eabi/lib/armv6-m\libc.a(lib_a-mlock.o)
 .debug_frame   0x00001e78       0x2c d:/gnu tools arm embedded/5.3.2016q1/bin/../lib/gcc/arm-none-eabi/5.3.1/../../../../arm-none-eabi/lib/armv6-m\libc.a(lib_a-sbrkr.o)
 .debug_frame   0x00001ea4       0x54 d:/gnu tools arm embedded/5.3.2016q1/bin/../lib/gcc/arm-none-eabi/5.3.1/../../../../arm-none-eabi/lib/armv6-m\libc.a(lib_a-freer.o)
 .debug_frame   0x00001ef8       0x48 d:/gnu tools arm embedded/5.3.2016q1/bin/../lib/gcc/arm-none-eabi/5.3.1/../../../../arm-none-eabi/lib/armv6-m\libc.a(lib_a-reent.o)
 .debug_frame   0x00001f40       0x20 d:/gnu tools arm embedded/5.3.2016q1/bin/../lib/gcc/arm-none-eabi/5.3.1/../../../../arm-none-eabi/lib/armv6-m\libnosys.a(sbrk.o)
 .debug_frame   0x00001f60       0x20 d:/gnu tools arm embedded/5.3.2016q1/bin/../lib/gcc/arm-none-eabi/5.3.1/../../../../arm-none-eabi/lib/armv6-m\libnosys.a(_exit.o)

.debug_info     0x00000000     0xd3d8
 .debug_info    0x00000000      0x7b7 ./src/debug.o
 .debug_info    0x000007b7      0xab5 ./src/led_driver.o
 .debug_info    0x0000126c      0x9ba ./src/main.o
 .debug_info    0x00001c26       0x8b ./src/stm32l0xx_it.o
 .debug_info    0x00001cb1      0x343 ./src/system_stm32l0xx.o
 .debug_info    0x00001ff4      0xde0 ./src/timer.o
 .debug_info    0x00002dd4      0x813 ./src/uart.o
 .debug_info    0x000035e7      0x6cb ./HAL_Library/stm32l0xx_hal.o
 .debug_info    0x00003cb2       0x72 ./HAL_Library/stm32l0xx_hal_adc.o
 .debug_info    0x00003d24       0x72 ./HAL_Library/stm32l0xx_hal_adc_ex.o
 .debug_info    0x00003d96       0x72 ./HAL_Library/stm32l0xx_hal_comp.o
 .debug_info    0x00003e08       0x72 ./HAL_Library/stm32l0xx_hal_comp_ex.o
 .debug_info    0x00003e7a      0x8c6 ./HAL_Library/stm32l0xx_hal_cortex.o
 .debug_info    0x00004740       0x72 ./HAL_Library/stm32l0xx_hal_crc.o
 .debug_info    0x000047b2       0x72 ./HAL_Library/stm32l0xx_hal_crc_ex.o
 .debug_info    0x00004824       0x72 ./HAL_Library/stm32l0xx_hal_dac.o
 .debug_info    0x00004896       0x72 ./HAL_Library/stm32l0xx_hal_dac_ex.o
 .debug_info    0x00004908      0x648 ./HAL_Library/stm32l0xx_hal_dma.o
 .debug_info    0x00004f50       0x72 ./HAL_Library/stm32l0xx_hal_firewall.o
 .debug_info    0x00004fc2      0x573 ./HAL_Library/stm32l0xx_hal_flash.o
 .debug_info    0x00005535      0xb9e ./HAL_Library/stm32l0xx_hal_flash_ex.o
 .debug_info    0x000060d3      0x381 ./HAL_Library/stm32l0xx_hal_flash_ramfunc.o
 .debug_info    0x00006454      0x642 ./HAL_Library/stm32l0xx_hal_gpio.o
 .debug_info    0x00006a96       0x72 ./HAL_Library/stm32l0xx_hal_i2c.o
 .debug_info    0x00006b08       0x72 ./HAL_Library/stm32l0xx_hal_i2c_ex.o
 .debug_info    0x00006b7a       0x72 ./HAL_Library/stm32l0xx_hal_i2s.o
 .debug_info    0x00006bec       0x72 ./HAL_Library/stm32l0xx_hal_irda.o
 .debug_info    0x00006c5e       0x72 ./HAL_Library/stm32l0xx_hal_iwdg.o
 .debug_info    0x00006cd0       0x72 ./HAL_Library/stm32l0xx_hal_lcd.o
 .debug_info    0x00006d42       0x72 ./HAL_Library/stm32l0xx_hal_lptim.o
 .debug_info    0x00006db4       0x72 ./HAL_Library/stm32l0xx_hal_pcd.o
 .debug_info    0x00006e26       0x72 ./HAL_Library/stm32l0xx_hal_pcd_ex.o
 .debug_info    0x00006e98      0x5e3 ./HAL_Library/stm32l0xx_hal_pwr.o
 .debug_info    0x0000747b      0x196 ./HAL_Library/stm32l0xx_hal_pwr_ex.o
 .debug_info    0x00007611      0xb03 ./HAL_Library/stm32l0xx_hal_rcc.o
 .debug_info    0x00008114      0x785 ./HAL_Library/stm32l0xx_hal_rcc_ex.o
 .debug_info    0x00008899       0x72 ./HAL_Library/stm32l0xx_hal_rng.o
 .debug_info    0x0000890b       0x72 ./HAL_Library/stm32l0xx_hal_rtc.o
 .debug_info    0x0000897d       0x72 ./HAL_Library/stm32l0xx_hal_rtc_ex.o
 .debug_info    0x000089ef       0x72 ./HAL_Library/stm32l0xx_hal_smartcard.o
 .debug_info    0x00008a61       0x72 ./HAL_Library/stm32l0xx_hal_smartcard_ex.o
 .debug_info    0x00008ad3       0x72 ./HAL_Library/stm32l0xx_hal_smbus.o
 .debug_info    0x00008b45       0x72 ./HAL_Library/stm32l0xx_hal_spi.o
 .debug_info    0x00008bb7     0x2ecc ./HAL_Library/stm32l0xx_hal_tim.o
 .debug_info    0x0000ba83      0x58a ./HAL_Library/stm32l0xx_hal_tim_ex.o
 .debug_info    0x0000c00d       0x72 ./HAL_Library/stm32l0xx_hal_tsc.o
 .debug_info    0x0000c07f       0x72 ./HAL_Library/stm32l0xx_hal_uart.o
 .debug_info    0x0000c0f1       0x72 ./HAL_Library/stm32l0xx_hal_uart_ex.o
 .debug_info    0x0000c163     0x1203 ./HAL_Library/stm32l0xx_hal_usart.o
 .debug_info    0x0000d366       0x72 ./HAL_Library/stm32l0xx_hal_wwdg.o

.debug_abbrev   0x00000000     0x2fd9
 .debug_abbrev  0x00000000      0x186 ./src/debug.o
 .debug_abbrev  0x00000186      0x359 ./src/led_driver.o
 .debug_abbrev  0x000004df      0x25c ./src/main.o
 .debug_abbrev  0x0000073b       0x45 ./src/stm32l0xx_it.o
 .debug_abbrev  0x00000780       0xf0 ./src/system_stm32l0xx.o
 .debug_abbrev  0x00000870      0x308 ./src/timer.o
 .debug_abbrev  0x00000b78      0x284 ./src/uart.o
 .debug_abbrev  0x00000dfc      0x214 ./HAL_Library/stm32l0xx_hal.o
 .debug_abbrev  0x00001010       0x26 ./HAL_Library/stm32l0xx_hal_adc.o
 .debug_abbrev  0x00001036       0x26 ./HAL_Library/stm32l0xx_hal_adc_ex.o
 .debug_abbrev  0x0000105c       0x26 ./HAL_Library/stm32l0xx_hal_comp.o
 .debug_abbrev  0x00001082       0x26 ./HAL_Library/stm32l0xx_hal_comp_ex.o
 .debug_abbrev  0x000010a8      0x28f ./HAL_Library/stm32l0xx_hal_cortex.o
 .debug_abbrev  0x00001337       0x26 ./HAL_Library/stm32l0xx_hal_crc.o
 .debug_abbrev  0x0000135d       0x26 ./HAL_Library/stm32l0xx_hal_crc_ex.o
 .debug_abbrev  0x00001383       0x26 ./HAL_Library/stm32l0xx_hal_dac.o
 .debug_abbrev  0x000013a9       0x26 ./HAL_Library/stm32l0xx_hal_dac_ex.o
 .debug_abbrev  0x000013cf      0x1f1 ./HAL_Library/stm32l0xx_hal_dma.o
 .debug_abbrev  0x000015c0       0x26 ./HAL_Library/stm32l0xx_hal_firewall.o
 .debug_abbrev  0x000015e6      0x25e ./HAL_Library/stm32l0xx_hal_flash.o
 .debug_abbrev  0x00001844      0x298 ./HAL_Library/stm32l0xx_hal_flash_ex.o
 .debug_abbrev  0x00001adc      0x1ac ./HAL_Library/stm32l0xx_hal_flash_ramfunc.o
 .debug_abbrev  0x00001c88      0x1c8 ./HAL_Library/stm32l0xx_hal_gpio.o
 .debug_abbrev  0x00001e50       0x26 ./HAL_Library/stm32l0xx_hal_i2c.o
 .debug_abbrev  0x00001e76       0x26 ./HAL_Library/stm32l0xx_hal_i2c_ex.o
 .debug_abbrev  0x00001e9c       0x26 ./HAL_Library/stm32l0xx_hal_i2s.o
 .debug_abbrev  0x00001ec2       0x26 ./HAL_Library/stm32l0xx_hal_irda.o
 .debug_abbrev  0x00001ee8       0x26 ./HAL_Library/stm32l0xx_hal_iwdg.o
 .debug_abbrev  0x00001f0e       0x26 ./HAL_Library/stm32l0xx_hal_lcd.o
 .debug_abbrev  0x00001f34       0x26 ./HAL_Library/stm32l0xx_hal_lptim.o
 .debug_abbrev  0x00001f5a       0x26 ./HAL_Library/stm32l0xx_hal_pcd.o
 .debug_abbrev  0x00001f80       0x26 ./HAL_Library/stm32l0xx_hal_pcd_ex.o
 .debug_abbrev  0x00001fa6      0x18d ./HAL_Library/stm32l0xx_hal_pwr.o
 .debug_abbrev  0x00002133       0xdc ./HAL_Library/stm32l0xx_hal_pwr_ex.o
 .debug_abbrev  0x0000220f      0x2ba ./HAL_Library/stm32l0xx_hal_rcc.o
 .debug_abbrev  0x000024c9      0x20b ./HAL_Library/stm32l0xx_hal_rcc_ex.o
 .debug_abbrev  0x000026d4       0x26 ./HAL_Library/stm32l0xx_hal_rng.o
 .debug_abbrev  0x000026fa       0x26 ./HAL_Library/stm32l0xx_hal_rtc.o
 .debug_abbrev  0x00002720       0x26 ./HAL_Library/stm32l0xx_hal_rtc_ex.o
 .debug_abbrev  0x00002746       0x26 ./HAL_Library/stm32l0xx_hal_smartcard.o
 .debug_abbrev  0x0000276c       0x26 ./HAL_Library/stm32l0xx_hal_smartcard_ex.o
 .debug_abbrev  0x00002792       0x26 ./HAL_Library/stm32l0xx_hal_smbus.o
 .debug_abbrev  0x000027b8       0x26 ./HAL_Library/stm32l0xx_hal_spi.o
 .debug_abbrev  0x000027de      0x31b ./HAL_Library/stm32l0xx_hal_tim.o
 .debug_abbrev  0x00002af9      0x15d ./HAL_Library/stm32l0xx_hal_tim_ex.o
 .debug_abbrev  0x00002c56       0x26 ./HAL_Library/stm32l0xx_hal_tsc.o
 .debug_abbrev  0x00002c7c       0x26 ./HAL_Library/stm32l0xx_hal_uart.o
 .debug_abbrev  0x00002ca2       0x26 ./HAL_Library/stm32l0xx_hal_uart_ex.o
 .debug_abbrev  0x00002cc8      0x2eb ./HAL_Library/stm32l0xx_hal_usart.o
 .debug_abbrev  0x00002fb3       0x26 ./HAL_Library/stm32l0xx_hal_wwdg.o

.debug_aranges  0x00000000      0x580
 .debug_aranges
                0x00000000       0x20 ./src/debug.o
 .debug_aranges
                0x00000020       0x20 ./src/led_driver.o
 .debug_aranges
                0x00000040       0x28 ./src/main.o
 .debug_aranges
                0x00000068       0x20 ./src/stm32l0xx_it.o
 .debug_aranges
                0x00000088       0x20 ./src/system_stm32l0xx.o
 .debug_aranges
                0x000000a8       0x20 ./src/timer.o
 .debug_aranges
                0x000000c8       0x20 ./src/uart.o
 .debug_aranges
                0x000000e8       0x20 ./HAL_Library/stm32l0xx_hal.o
 .debug_aranges
                0x00000108       0x18 ./HAL_Library/stm32l0xx_hal_adc.o
 .debug_aranges
                0x00000120       0x18 ./HAL_Library/stm32l0xx_hal_adc_ex.o
 .debug_aranges
                0x00000138       0x18 ./HAL_Library/stm32l0xx_hal_comp.o
 .debug_aranges
                0x00000150       0x18 ./HAL_Library/stm32l0xx_hal_comp_ex.o
 .debug_aranges
                0x00000168       0x20 ./HAL_Library/stm32l0xx_hal_cortex.o
 .debug_aranges
                0x00000188       0x18 ./HAL_Library/stm32l0xx_hal_crc.o
 .debug_aranges
                0x000001a0       0x18 ./HAL_Library/stm32l0xx_hal_crc_ex.o
 .debug_aranges
                0x000001b8       0x18 ./HAL_Library/stm32l0xx_hal_dac.o
 .debug_aranges
                0x000001d0       0x18 ./HAL_Library/stm32l0xx_hal_dac_ex.o
 .debug_aranges
                0x000001e8       0x20 ./HAL_Library/stm32l0xx_hal_dma.o
 .debug_aranges
                0x00000208       0x18 ./HAL_Library/stm32l0xx_hal_firewall.o
 .debug_aranges
                0x00000220       0x20 ./HAL_Library/stm32l0xx_hal_flash.o
 .debug_aranges
                0x00000240       0x20 ./HAL_Library/stm32l0xx_hal_flash_ex.o
 .debug_aranges
                0x00000260       0x40 ./HAL_Library/stm32l0xx_hal_flash_ramfunc.o
 .debug_aranges
                0x000002a0       0x20 ./HAL_Library/stm32l0xx_hal_gpio.o
 .debug_aranges
                0x000002c0       0x18 ./HAL_Library/stm32l0xx_hal_i2c.o
 .debug_aranges
                0x000002d8       0x18 ./HAL_Library/stm32l0xx_hal_i2c_ex.o
 .debug_aranges
                0x000002f0       0x18 ./HAL_Library/stm32l0xx_hal_i2s.o
 .debug_aranges
                0x00000308       0x18 ./HAL_Library/stm32l0xx_hal_irda.o
 .debug_aranges
                0x00000320       0x18 ./HAL_Library/stm32l0xx_hal_iwdg.o
 .debug_aranges
                0x00000338       0x18 ./HAL_Library/stm32l0xx_hal_lcd.o
 .debug_aranges
                0x00000350       0x18 ./HAL_Library/stm32l0xx_hal_lptim.o
 .debug_aranges
                0x00000368       0x18 ./HAL_Library/stm32l0xx_hal_pcd.o
 .debug_aranges
                0x00000380       0x18 ./HAL_Library/stm32l0xx_hal_pcd_ex.o
 .debug_aranges
                0x00000398       0x20 ./HAL_Library/stm32l0xx_hal_pwr.o
 .debug_aranges
                0x000003b8       0x20 ./HAL_Library/stm32l0xx_hal_pwr_ex.o
 .debug_aranges
                0x000003d8       0x20 ./HAL_Library/stm32l0xx_hal_rcc.o
 .debug_aranges
                0x000003f8       0x20 ./HAL_Library/stm32l0xx_hal_rcc_ex.o
 .debug_aranges
                0x00000418       0x18 ./HAL_Library/stm32l0xx_hal_rng.o
 .debug_aranges
                0x00000430       0x18 ./HAL_Library/stm32l0xx_hal_rtc.o
 .debug_aranges
                0x00000448       0x18 ./HAL_Library/stm32l0xx_hal_rtc_ex.o
 .debug_aranges
                0x00000460       0x18 ./HAL_Library/stm32l0xx_hal_smartcard.o
 .debug_aranges
                0x00000478       0x18 ./HAL_Library/stm32l0xx_hal_smartcard_ex.o
 .debug_aranges
                0x00000490       0x18 ./HAL_Library/stm32l0xx_hal_smbus.o
 .debug_aranges
                0x000004a8       0x18 ./HAL_Library/stm32l0xx_hal_spi.o
 .debug_aranges
                0x000004c0       0x20 ./HAL_Library/stm32l0xx_hal_tim.o
 .debug_aranges
                0x000004e0       0x20 ./HAL_Library/stm32l0xx_hal_tim_ex.o
 .debug_aranges
                0x00000500       0x18 ./HAL_Library/stm32l0xx_hal_tsc.o
 .debug_aranges
                0x00000518       0x18 ./HAL_Library/stm32l0xx_hal_uart.o
 .debug_aranges
                0x00000530       0x18 ./HAL_Library/stm32l0xx_hal_uart_ex.o
 .debug_aranges
                0x00000548       0x20 ./HAL_Library/stm32l0xx_hal_usart.o
 .debug_aranges
                0x00000568       0x18 ./HAL_Library/stm32l0xx_hal_wwdg.o

.debug_ranges   0x00000000      0xa50
 .debug_ranges  0x00000000       0x28 ./src/debug.o
 .debug_ranges  0x00000028      0x108 ./src/led_driver.o
 .debug_ranges  0x00000130       0x30 ./src/main.o
 .debug_ranges  0x00000160       0x58 ./src/timer.o
 .debug_ranges  0x000001b8       0xe8 ./src/uart.o
 .debug_ranges  0x000002a0       0x80 ./HAL_Library/stm32l0xx_hal_cortex.o
 .debug_ranges  0x00000320       0x30 ./HAL_Library/stm32l0xx_hal_dma.o
 .debug_ranges  0x00000350       0x28 ./HAL_Library/stm32l0xx_hal_flash.o
 .debug_ranges  0x00000378       0x80 ./HAL_Library/stm32l0xx_hal_flash_ex.o
 .debug_ranges  0x000003f8       0x68 ./HAL_Library/stm32l0xx_hal_flash_ramfunc.o
 .debug_ranges  0x00000460       0xc0 ./HAL_Library/stm32l0xx_hal_rcc.o
 .debug_ranges  0x00000520      0x4b8 ./HAL_Library/stm32l0xx_hal_tim.o
 .debug_ranges  0x000009d8       0x78 ./HAL_Library/stm32l0xx_hal_usart.o

.debug_line     0x00000000     0x5dd2
 .debug_line    0x00000000      0x20f ./src/debug.o
 .debug_line    0x0000020f      0x453 ./src/led_driver.o
 .debug_line    0x00000662      0x30d ./src/main.o
 .debug_line    0x0000096f       0x43 ./src/stm32l0xx_it.o
 .debug_line    0x000009b2      0x1e9 ./src/system_stm32l0xx.o
 .debug_line    0x00000b9b      0x38b ./src/timer.o
 .debug_line    0x00000f26      0x33f ./src/uart.o
 .debug_line    0x00001265      0x32d ./HAL_Library/stm32l0xx_hal.o
 .debug_line    0x00001592       0x1d ./HAL_Library/stm32l0xx_hal_adc.o
 .debug_line    0x000015af       0x1d ./HAL_Library/stm32l0xx_hal_adc_ex.o
 .debug_line    0x000015cc       0x1d ./HAL_Library/stm32l0xx_hal_comp.o
 .debug_line    0x000015e9       0x1d ./HAL_Library/stm32l0xx_hal_comp_ex.o
 .debug_line    0x00001606      0x373 ./HAL_Library/stm32l0xx_hal_cortex.o
 .debug_line    0x00001979       0x1d ./HAL_Library/stm32l0xx_hal_crc.o
 .debug_line    0x00001996       0x1d ./HAL_Library/stm32l0xx_hal_crc_ex.o
 .debug_line    0x000019b3        0x0 ./HAL_Library/stm32l0xx_hal_cryp.o
 .debug_line    0x000019b3        0x0 ./HAL_Library/stm32l0xx_hal_cryp_ex.o
 .debug_line    0x000019b3       0x1d ./HAL_Library/stm32l0xx_hal_dac.o
 .debug_line    0x000019d0       0x1d ./HAL_Library/stm32l0xx_hal_dac_ex.o
 .debug_line    0x000019ed      0x6b6 ./HAL_Library/stm32l0xx_hal_dma.o
 .debug_line    0x000020a3       0x1d ./HAL_Library/stm32l0xx_hal_firewall.o
 .debug_line    0x000020c0      0x3e3 ./HAL_Library/stm32l0xx_hal_flash.o
 .debug_line    0x000024a3      0x471 ./HAL_Library/stm32l0xx_hal_flash_ex.o
 .debug_line    0x00002914      0x300 ./HAL_Library/stm32l0xx_hal_flash_ramfunc.o
 .debug_line    0x00002c14      0x360 ./HAL_Library/stm32l0xx_hal_gpio.o
 .debug_line    0x00002f74       0x1d ./HAL_Library/stm32l0xx_hal_i2c.o
 .debug_line    0x00002f91       0x1d ./HAL_Library/stm32l0xx_hal_i2c_ex.o
 .debug_line    0x00002fae       0x1d ./HAL_Library/stm32l0xx_hal_i2s.o
 .debug_line    0x00002fcb       0x1d ./HAL_Library/stm32l0xx_hal_irda.o
 .debug_line    0x00002fe8       0x1d ./HAL_Library/stm32l0xx_hal_iwdg.o
 .debug_line    0x00003005       0x1d ./HAL_Library/stm32l0xx_hal_lcd.o
 .debug_line    0x00003022       0x1d ./HAL_Library/stm32l0xx_hal_lptim.o
 .debug_line    0x0000303f       0x1d ./HAL_Library/stm32l0xx_hal_pcd.o
 .debug_line    0x0000305c       0x1d ./HAL_Library/stm32l0xx_hal_pcd_ex.o
 .debug_line    0x00003079      0x33c ./HAL_Library/stm32l0xx_hal_pwr.o
 .debug_line    0x000033b5      0x266 ./HAL_Library/stm32l0xx_hal_pwr_ex.o
 .debug_line    0x0000361b      0x58d ./HAL_Library/stm32l0xx_hal_rcc.o
 .debug_line    0x00003ba8      0x477 ./HAL_Library/stm32l0xx_hal_rcc_ex.o
 .debug_line    0x0000401f       0x1d ./HAL_Library/stm32l0xx_hal_rng.o
 .debug_line    0x0000403c       0x1d ./HAL_Library/stm32l0xx_hal_rtc.o
 .debug_line    0x00004059       0x1d ./HAL_Library/stm32l0xx_hal_rtc_ex.o
 .debug_line    0x00004076       0x1d ./HAL_Library/stm32l0xx_hal_smartcard.o
 .debug_line    0x00004093       0x1d ./HAL_Library/stm32l0xx_hal_smartcard_ex.o
 .debug_line    0x000040b0       0x1d ./HAL_Library/stm32l0xx_hal_smbus.o
 .debug_line    0x000040cd       0x1d ./HAL_Library/stm32l0xx_hal_spi.o
 .debug_line    0x000040ea      0xf39 ./HAL_Library/stm32l0xx_hal_tim.o
 .debug_line    0x00005023      0x2c4 ./HAL_Library/stm32l0xx_hal_tim_ex.o
 .debug_line    0x000052e7       0x1d ./HAL_Library/stm32l0xx_hal_tsc.o
 .debug_line    0x00005304       0x1d ./HAL_Library/stm32l0xx_hal_uart.o
 .debug_line    0x00005321       0x1d ./HAL_Library/stm32l0xx_hal_uart_ex.o
 .debug_line    0x0000533e      0xa77 ./HAL_Library/stm32l0xx_hal_usart.o
 .debug_line    0x00005db5       0x1d ./HAL_Library/stm32l0xx_hal_wwdg.o

.debug_str      0x00000000     0x451d
 .debug_str     0x00000000      0x5f4 ./src/debug.o
                                0x690 (size before relaxing)
 .debug_str     0x000005f4      0x2be ./src/led_driver.o
                                0x594 (size before relaxing)
 .debug_str     0x000008b2      0x475 ./src/main.o
                                0x76a (size before relaxing)
 .debug_str     0x00000d27       0x28 ./src/stm32l0xx_it.o
                                0x188 (size before relaxing)
 .debug_str     0x00000d4f       0xa7 ./src/system_stm32l0xx.o
                                0x2ce (size before relaxing)