Archive member included to satisfy reference by file (symbol)

c:/program files (x86)/gnu tools arm embedded/5.4 2016q2/bin/../lib/gcc/arm-none-eabi/5.4.1/../../../../arm-none-eabi/lib/armv6-m\libc.a(lib_a-exit.o)
                              c:/program files (x86)/gnu tools arm embedded/5.4 2016q2/bin/../lib/gcc/arm-none-eabi/5.4.1/../../../../arm-none-eabi/lib/armv6-m/crt0.o (exit)
c:/program files (x86)/gnu tools arm embedded/5.4 2016q2/bin/../lib/gcc/arm-none-eabi/5.4.1/../../../../arm-none-eabi/lib/armv6-m\libc.a(lib_a-impure.o)
                              c:/program files (x86)/gnu tools arm embedded/5.4 2016q2/bin/../lib/gcc/arm-none-eabi/5.4.1/../../../../arm-none-eabi/lib/armv6-m\libc.a(lib_a-exit.o) (_global_impure_ptr)
c:/program files (x86)/gnu tools arm embedded/5.4 2016q2/bin/../lib/gcc/arm-none-eabi/5.4.1/../../../../arm-none-eabi/lib/armv6-m\libc.a(lib_a-init.o)
                              c:/program files (x86)/gnu tools arm embedded/5.4 2016q2/bin/../lib/gcc/arm-none-eabi/5.4.1/../../../../arm-none-eabi/lib/armv6-m/crt0.o (__libc_init_array)
c:/program files (x86)/gnu tools arm embedded/5.4 2016q2/bin/../lib/gcc/arm-none-eabi/5.4.1/../../../../arm-none-eabi/lib/armv6-m\libc.a(lib_a-memset.o)
                              c:/program files (x86)/gnu tools arm embedded/5.4 2016q2/bin/../lib/gcc/arm-none-eabi/5.4.1/../../../../arm-none-eabi/lib/armv6-m/crt0.o (memset)
c:/program files (x86)/gnu tools arm embedded/5.4 2016q2/bin/../lib/gcc/arm-none-eabi/5.4.1/../../../../arm-none-eabi/lib/armv6-m\libc.a(lib_a-__call_atexit.o)
                              c:/program files (x86)/gnu tools arm embedded/5.4 2016q2/bin/../lib/gcc/arm-none-eabi/5.4.1/../../../../arm-none-eabi/lib/armv6-m\libc.a(lib_a-exit.o) (__call_exitprocs)
c:/program files (x86)/gnu tools arm embedded/5.4 2016q2/bin/../lib/gcc/arm-none-eabi/5.4.1/../../../../arm-none-eabi/lib/armv6-m\libc.a(lib_a-atexit.o)
                              c:/program files (x86)/gnu tools arm embedded/5.4 2016q2/bin/../lib/gcc/arm-none-eabi/5.4.1/../../../../arm-none-eabi/lib/armv6-m\libc.a(lib_a-__call_atexit.o) (atexit)
c:/program files (x86)/gnu tools arm embedded/5.4 2016q2/bin/../lib/gcc/arm-none-eabi/5.4.1/../../../../arm-none-eabi/lib/armv6-m\libc.a(lib_a-fini.o)
                              c:/program files (x86)/gnu tools arm embedded/5.4 2016q2/bin/../lib/gcc/arm-none-eabi/5.4.1/../../../../arm-none-eabi/lib/armv6-m\libc.a(lib_a-__call_atexit.o) (__libc_fini_array)
c:/program files (x86)/gnu tools arm embedded/5.4 2016q2/bin/../lib/gcc/arm-none-eabi/5.4.1/../../../../arm-none-eabi/lib/armv6-m\libc.a(lib_a-__atexit.o)
                              c:/program files (x86)/gnu tools arm embedded/5.4 2016q2/bin/../lib/gcc/arm-none-eabi/5.4.1/../../../../arm-none-eabi/lib/armv6-m\libc.a(lib_a-atexit.o) (__register_exitproc)
c:/program files (x86)/gnu tools arm embedded/5.4 2016q2/bin/../lib/gcc/arm-none-eabi/5.4.1/armv6-m\libgcc.a(_udivsi3.o)
                              ./src/main.o (__aeabi_uidiv)
c:/program files (x86)/gnu tools arm embedded/5.4 2016q2/bin/../lib/gcc/arm-none-eabi/5.4.1/armv6-m\libgcc.a(_divsi3.o)
                              ./src/led_driver.o (__aeabi_idiv)
c:/program files (x86)/gnu tools arm embedded/5.4 2016q2/bin/../lib/gcc/arm-none-eabi/5.4.1/armv6-m\libgcc.a(_dvmd_tls.o)
                              c:/program files (x86)/gnu tools arm embedded/5.4 2016q2/bin/../lib/gcc/arm-none-eabi/5.4.1/armv6-m\libgcc.a(_udivsi3.o) (__aeabi_idiv0)
c:/program files (x86)/gnu tools arm embedded/5.4 2016q2/bin/../lib/gcc/arm-none-eabi/5.4.1/../../../../arm-none-eabi/lib/armv6-m\libc.a(lib_a-malloc.o)
                              ./src/uart.o (malloc)
c:/program files (x86)/gnu tools arm embedded/5.4 2016q2/bin/../lib/gcc/arm-none-eabi/5.4.1/../../../../arm-none-eabi/lib/armv6-m\libc.a(lib_a-mallocr.o)
                              c:/program files (x86)/gnu tools arm embedded/5.4 2016q2/bin/../lib/gcc/arm-none-eabi/5.4.1/../../../../arm-none-eabi/lib/armv6-m\libc.a(lib_a-malloc.o) (_malloc_r)
c:/program files (x86)/gnu tools arm embedded/5.4 2016q2/bin/../lib/gcc/arm-none-eabi/5.4.1/../../../../arm-none-eabi/lib/armv6-m\libc.a(lib_a-mlock.o)
                              c:/program files (x86)/gnu tools arm embedded/5.4 2016q2/bin/../lib/gcc/arm-none-eabi/5.4.1/../../../../arm-none-eabi/lib/armv6-m\libc.a(lib_a-mallocr.o) (__malloc_lock)
c:/program files (x86)/gnu tools arm embedded/5.4 2016q2/bin/../lib/gcc/arm-none-eabi/5.4.1/../../../../arm-none-eabi/lib/armv6-m\libc.a(lib_a-sbrkr.o)
                              c:/program files (x86)/gnu tools arm embedded/5.4 2016q2/bin/../lib/gcc/arm-none-eabi/5.4.1/../../../../arm-none-eabi/lib/armv6-m\libc.a(lib_a-mallocr.o) (_sbrk_r)
c:/program files (x86)/gnu tools arm embedded/5.4 2016q2/bin/../lib/gcc/arm-none-eabi/5.4.1/../../../../arm-none-eabi/lib/armv6-m\libc.a(lib_a-freer.o)
[...]
Memory Configuration

Name             Origin             Length             Attributes
FLASH            0x08000000         0x00010000         xr
RAM              0x20000000         0x00002000         xrw
*default*        0x00000000         0xffffffff

Linker script and memory map

LOAD c:/program files (x86)/gnu tools arm embedded/5.4 2016q2/bin/../lib/gcc/arm-none-eabi/5.4.1/armv6-m/crti.o
LOAD c:/program files (x86)/gnu tools arm embedded/5.4 2016q2/bin/../lib/gcc/arm-none-eabi/5.4.1/armv6-m/crtbegin.o
LOAD c:/program files (x86)/gnu tools arm embedded/5.4 2016q2/bin/../lib/gcc/arm-none-eabi/5.4.1/../../../../arm-none-eabi/lib/armv6-m/crt0.o
LOAD c:/program files (x86)/gnu tools arm embedded/5.4 2016q2/bin/../lib/gcc/arm-none-eabi/5.4.1/../../../../arm-none-eabi/lib/armv6-m\libc.a
LOAD ./src/debug.o
LOAD ./src/led_driver.o
LOAD ./src/main.o
LOAD ./src/stm32l0xx_it.o
LOAD ./src/system_stm32l0xx.o
LOAD ./src/timer.o
LOAD ./src/uart.o
LOAD ./HAL_Library/stm32l0xx_hal.o
LOAD ./HAL_Library/stm32l0xx_hal_adc.o
LOAD ./HAL_Library/stm32l0xx_hal_adc_ex.o
LOAD ./HAL_Library/stm32l0xx_hal_comp.o
LOAD ./HAL_Library/stm32l0xx_hal_comp_ex.o
LOAD ./HAL_Library/stm32l0xx_hal_cortex.o
LOAD ./HAL_Library/stm32l0xx_hal_crc.o
LOAD ./HAL_Library/stm32l0xx_hal_crc_ex.o
LOAD ./HAL_Library/stm32l0xx_hal_cryp.o
LOAD ./HAL_Library/stm32l0xx_hal_cryp_ex.o
LOAD ./HAL_Library/stm32l0xx_hal_dac.o
LOAD ./HAL_Library/stm32l0xx_hal_dac_ex.o
LOAD ./HAL_Library/stm32l0xx_hal_dma.o
LOAD ./HAL_Library/stm32l0xx_hal_firewall.o
LOAD ./HAL_Library/stm32l0xx_hal_flash.o
LOAD ./HAL_Library/stm32l0xx_hal_flash_ex.o
LOAD ./HAL_Library/stm32l0xx_hal_flash_ramfunc.o
LOAD ./HAL_Library/stm32l0xx_hal_gpio.o
LOAD ./HAL_Library/stm32l0xx_hal_i2c.o
LOAD ./HAL_Library/stm32l0xx_hal_i2c_ex.o
LOAD ./HAL_Library/stm32l0xx_hal_i2s.o
LOAD ./HAL_Library/stm32l0xx_hal_irda.o
LOAD ./HAL_Library/stm32l0xx_hal_iwdg.o
LOAD ./HAL_Library/stm32l0xx_hal_lcd.o
LOAD ./HAL_Library/stm32l0xx_hal_lptim.o
LOAD ./HAL_Library/stm32l0xx_hal_pcd.o
LOAD ./HAL_Library/stm32l0xx_hal_pcd_ex.o
LOAD ./HAL_Library/stm32l0xx_hal_pwr.o
LOAD ./HAL_Library/stm32l0xx_hal_pwr_ex.o
LOAD ./HAL_Library/stm32l0xx_hal_rcc.o
LOAD ./HAL_Library/stm32l0xx_hal_rcc_ex.o
LOAD ./HAL_Library/stm32l0xx_hal_rng.o
LOAD ./HAL_Library/stm32l0xx_hal_rtc.o
LOAD ./HAL_Library/stm32l0xx_hal_rtc_ex.o
LOAD ./HAL_Library/stm32l0xx_hal_smartcard.o
LOAD ./HAL_Library/stm32l0xx_hal_smartcard_ex.o
LOAD ./HAL_Library/stm32l0xx_hal_smbus.o
LOAD ./HAL_Library/stm32l0xx_hal_spi.o
LOAD ./HAL_Library/stm32l0xx_hal_tim.o
LOAD ./HAL_Library/stm32l0xx_hal_tim_ex.o
LOAD ./HAL_Library/stm32l0xx_hal_tsc.o
LOAD ./HAL_Library/stm32l0xx_hal_uart.o
LOAD ./HAL_Library/stm32l0xx_hal_uart_ex.o
LOAD ./HAL_Library/stm32l0xx_hal_usart.o
LOAD ./HAL_Library/stm32l0xx_hal_wwdg.o
LOAD ./startup_stm32l052xx.o
START GROUP
LOAD c:/program files (x86)/gnu tools arm embedded/5.4 2016q2/bin/../lib/gcc/arm-none-eabi/5.4.1/armv6-m\libgcc.a
LOAD c:/program files (x86)/gnu tools arm embedded/5.4 2016q2/bin/../lib/gcc/arm-none-eabi/5.4.1/../../../../arm-none-eabi/lib/armv6-m\libc.a
END GROUP
START GROUP
LOAD c:/program files (x86)/gnu tools arm embedded/5.4 2016q2/bin/../lib/gcc/arm-none-eabi/5.4.1/armv6-m\libgcc.a
LOAD c:/program files (x86)/gnu tools arm embedded/5.4 2016q2/bin/../lib/gcc/arm-none-eabi/5.4.1/../../../../arm-none-eabi/lib/armv6-m\libc.a
LOAD c:/program files (x86)/gnu tools arm embedded/5.4 2016q2/bin/../lib/gcc/arm-none-eabi/5.4.1/../../../../arm-none-eabi/lib/armv6-m\libnosys.a
END GROUP
LOAD c:/program files (x86)/gnu tools arm embedded/5.4 2016q2/bin/../lib/gcc/arm-none-eabi/5.4.1/armv6-m/crtend.o
LOAD c:/program files (x86)/gnu tools arm embedded/5.4 2016q2/bin/../lib/gcc/arm-none-eabi/5.4.1/armv6-m/crtn.o
                0x20002000                _estack = 0x20002000
                0x00000200                _Min_Heap_Size = 0x200
                0x00000200                _Min_Stack_Size = 0x200

.isr_vector     0x08000000       0xc0
                0x08000000                . = ALIGN (0x4)
 *(.isr_vector)
 .isr_vector    0x08000000       0xc0 ./startup_stm32l052xx.o
                0x08000000                g_pfnVectors
                0x080000c0                . = ALIGN (0x4)

.text           0x080000c0     0x7418
                0x080000c0                . = ALIGN (0x4)
 *(.text)
 .text          0x080000c0        0x0 c:/program files (x86)/gnu tools arm embedded/5.4 2016q2/bin/../lib/gcc/arm-none-eabi/5.4.1/armv6-m/crti.o
 .text          0x080000c0       0x60 c:/program files (x86)/gnu tools arm embedded/5.4 2016q2/bin/../lib/gcc/arm-none-eabi/5.4.1/armv6-m/crtbegin.o
 .text          0x08000120       0x78 c:/program files (x86)/gnu tools arm embedded/5.4 2016q2/bin/../lib/gcc/arm-none-eabi/5.4.1/../../../../arm-none-eabi/lib/armv6-m/crt0.o
                0x08000120                _start
                0x08000120                _mainCRTStartup
 .text          0x08000198        0x0 c:/program files (x86)/gnu tools arm embedded/5.4 2016q2/bin/../lib/gcc/arm-none-eabi/5.4.1/../../../../arm-none-eabi/lib/armv6-m\libc.a(lib_a-exit.o)
 .text          0x08000198        0x0 c:/program files (x86)/gnu tools arm embedded/5.4 2016q2/bin/../lib/gcc/arm-none-eabi/5.4.1/../../../../arm-none-eabi/lib/armv6-m\libc.a(lib_a-impure.o)
 .text          0x08000198        0x0 c:/program files (x86)/gnu tools arm embedded/5.4 2016q2/bin/../lib/gcc/arm-none-eabi/5.4.1/../../../../arm-none-eabi/lib/armv6-m\libc.a(lib_a-init.o)
 .text          0x08000198        0x0 c:/program files (x86)/gnu tools arm embedded/5.4 2016q2/bin/../lib/gcc/arm-none-eabi/5.4.1/../../../../arm-none-eabi/lib/armv6-m\libc.a(lib_a-memset.o)
 .text          0x08000198        0x0 c:/program files (x86)/gnu tools arm embedded/5.4 2016q2/bin/../lib/gcc/arm-none-eabi/5.4.1/../../../../arm-none-eabi/lib/armv6-m\libc.a(lib_a-__call_atexit.o)
 .text          0x08000198        0x0 c:/program files (x86)/gnu tools arm embedded/5.4 2016q2/bin/../lib/gcc/arm-none-eabi/5.4.1/../../../../arm-none-eabi/lib/armv6-m\libc.a(lib_a-atexit.o)
 .text          0x08000198        0x0 c:/program files (x86)/gnu tools arm embedded/5.4 2016q2/bin/../lib/gcc/arm-none-eabi/5.4.1/../../../../arm-none-eabi/lib/armv6-m\libc.a(lib_a-fini.o)
 .text          0x08000198        0x0 c:/program files (x86)/gnu tools arm embedded/5.4 2016q2/bin/../lib/gcc/arm-none-eabi/5.4.1/../../../../arm-none-eabi/lib/armv6-m\libc.a(lib_a-__atexit.o)
 .text          0x08000198       0x48 ./src/debug.o
                0x08000198                debug_init
                0x080001d8                debug_disable_usart
                0x080001dc                debug_enable_usart
 .text          0x080001e0      0x754 ./src/led_driver.o
                0x080001e0                led_init
                0x0800028c                led_push_buffer
                0x080002b4                led_set_beacon
                0x08000338                led_set_beacon_background
                0x080003b4                led_pulse_target
                0x080003c4                led_set_beacon_fade_div
                0x080003d0                led_show_logo
                0x08000464                led_propagate
                0x08000764                send_high
                0x08000798                send_low
                0x080007c0                led_update
                0x0800087c                led_send_colour
                0x080008a8                send_res
                0x080008c8                read_buffer
                0x080008f4                get_colour
                0x0800090c                led_set_all
 .text          0x08000934      0x200 ./src/main.o
                0x08000934                shortHandler
                0x080009d8                timHandler
                0x080009ec                longHandler
                0x08000a68                initialise
                0x08000a90                clock_init
 .text          0x08000b34        0x4 ./src/stm32l0xx_it.o
                0x08000b34                HardFault_Handler
 .text          0x08000b38       0xf0 ./src/system_stm32l0xx.o
                0x08000b38                SystemInit
                0x08000b94                SystemCoreClockUpdate
 .text          0x08000c28      0x1dc ./src/timer.o
                0x08000c28                timer_get_now
                0x08000c34                timer_set_interval
                0x08000c70                timer_get_interval
                0x08000c7c                timer_set_state
                0x08000cac                timer_get_state
                0x08000cb8                sysClock_init
                0x08000d5c                timer_init
                0x08000dc0                timer_delay_ms
                0x08000dd4                SysTick_Handler
                0x08000de4                TIM2_IRQHandler
 .text          0x08000e04      0x44c ./src/uart.o
                0x08000e04                uart_init
                0x08000ed8                uart_send
                0x08000f0c                uart_handle
                0x0800121c                readBuffer
 .text          0x08001250      0x1cc ./HAL_Library/stm32l0xx_hal.o
                0x08001250                HAL_MspInit
                0x08001254                HAL_MspDeInit
                0x08001258                HAL_DeInit
                0x08001280                HAL_InitTick
                0x080012a4                HAL_Init
                0x080012b4                HAL_IncTick
                0x080012c4                HAL_GetTick
                0x080012d0                HAL_Delay
                0x080012ec                HAL_SuspendTick
                0x080012fc                HAL_ResumeTick
                0x0800130c                HAL_GetHalVersion
                0x08001314                HAL_GetREVID
                0x08001320                HAL_GetDEVID
                0x08001330                HAL_DBGMCU_EnableDBGSleepMode
                0x08001340                HAL_DBGMCU_DisableDBGSleepMode
                0x08001350                HAL_DBGMCU_EnableDBGStopMode
                0x08001360                HAL_DBGMCU_DisableDBGStopMode
                0x08001370                HAL_DBGMCU_EnableDBGStandbyMode
                0x08001380                HAL_DBGMCU_DisableDBGStandbyMode
                0x08001390                HAL_DBGMCU_DBG_EnableLowPowerConfig
                0x080013a0                HAL_DBGMCU_DBG_DisableLowPowerConfig
                0x080013b0                HAL_SYSCFG_GetBootMode
                0x080013c0                HAL_SYSCFG_EnableVREFINT
                0x080013d0                HAL_SYSCFG_DisableVREFINT
                0x080013e0                HAL_SYSCFG_VREFINT_OutputSelect
                0x080013f8                HAL_SYSCFG_Enable_Lock_VREFINT
                0x0800140c                HAL_SYSCFG_Disable_Lock_VREFINT
 .text          0x0800141c        0x0 ./HAL_Library/stm32l0xx_hal_adc.o
 .text          0x0800141c        0x0 ./HAL_Library/stm32l0xx_hal_adc_ex.o
 .text          0x0800141c        0x0 ./HAL_Library/stm32l0xx_hal_comp.o
 .text          0x0800141c        0x0 ./HAL_Library/stm32l0xx_hal_comp_ex.o
 .text          0x0800141c      0x1f4 ./HAL_Library/stm32l0xx_hal_cortex.o
                0x0800141c                HAL_NVIC_SetPriority
                0x08001484                HAL_NVIC_EnableIRQ
                0x08001498                HAL_NVIC_DisableIRQ
                0x080014ac                HAL_NVIC_SystemReset
                0x080014c8                HAL_SYSTICK_Config
                0x08001500                HAL_NVIC_GetPriority
                0x08001548                HAL_NVIC_SetPendingIRQ
                0x08001560                HAL_NVIC_GetPendingIRQ
                0x0800157c                HAL_NVIC_ClearPendingIRQ
                0x08001594                HAL_SYSTICK_CLKSourceConfig
                0x080015b4                HAL_SYSTICK_Callback
                0x080015b8                HAL_SYSTICK_IRQHandler
                0x080015c0                HAL_MPU_ConfigRegion
 .text          0x08001610        0x0 ./HAL_Library/stm32l0xx_hal_crc.o
 .text          0x08001610        0x0 ./HAL_Library/stm32l0xx_hal_crc_ex.o
 .text          0x08001610        0x0 ./HAL_Library/stm32l0xx_hal_cryp.o
 .text          0x08001610        0x0 ./HAL_Library/stm32l0xx_hal_cryp_ex.o
 .text          0x08001610        0x0 ./HAL_Library/stm32l0xx_hal_dac.o
 .text          0x08001610        0x0 ./HAL_Library/stm32l0xx_hal_dac_ex.o
 .text          0x08001610      0xaa0 ./HAL_Library/stm32l0xx_hal_dma.o
                0x08001610                HAL_DMA_Init
                0x0800175c                HAL_DMA_DeInit
                0x0800191c                HAL_DMA_Start
                0x08001958                HAL_DMA_Start_IT
                0x080019ac                HAL_DMA_Abort
                0x08001a00                HAL_DMA_PollForTransfer
                0x08001cb4                HAL_DMA_IRQHandler
                0x080020a4                HAL_DMA_GetState
                0x080020ac                HAL_DMA_GetError
 .text          0x080020b0        0x0 ./HAL_Library/stm32l0xx_hal_firewall.o
 .text          0x080020b0      0x394 ./HAL_Library/stm32l0xx_hal_flash.o
                0x08002144                HAL_FLASH_EndOfOperationCallback
                0x08002148                HAL_FLASH_OperationErrorCallback
                0x0800214c                HAL_FLASH_IRQHandler
                0x08002240                HAL_FLASH_Unlock
                0x0800227c                HAL_FLASH_Lock
                0x08002290                HAL_FLASH_OB_Unlock
                0x080022cc                HAL_FLASH_OB_Lock
                0x080022e0                HAL_FLASH_GetError
                0x080022ec                FLASH_WaitForLastOperation
                0x08002364                HAL_FLASH_Program
                0x080023a0                HAL_FLASH_Program_IT
                0x080023f4                HAL_FLASH_OB_Launch
                0x0800241c                FLASH_ErasePage
 .text          0x08002444      0x400 ./HAL_Library/stm32l0xx_hal_flash_ex.o
                0x080024d4                HAL_FLASHEx_Erase
                0x08002570                HAL_FLASHEx_Erase_IT
                0x080025c4                HAL_FLASHEx_OBProgram
                0x080026f4                HAL_FLASHEx_OBGetConfig
                0x08002724                HAL_FLASHEx_AdvOBProgram
                0x0800273c                HAL_FLASHEx_AdvOBGetConfig
                0x08002754                HAL_FLASHEx_OB_SelectPCROP
                0x08002760                HAL_FLASHEx_OB_DeSelectPCROP
                0x0800276c                HAL_FLASHEx_DATAEEPROM_Unlock
                0x08002790                HAL_FLASHEx_DATAEEPROM_Lock
                0x080027a4                HAL_FLASHEx_DATAEEPROM_Erase
                0x080027c8                HAL_FLASHEx_DATAEEPROM_Program
                0x0800281c                HAL_FLASHEx_DATAEEPROM_EnableFixedTimeProgram
                0x08002830                HAL_FLASHEx_DATAEEPROM_DisableFixedTimeProgram
 .text          0x08002844        0x0 ./HAL_Library/stm32l0xx_hal_flash_ramfunc.o
 .text          0x08002844      0x370 ./HAL_Library/stm32l0xx_hal_gpio.o
                0x08002844                HAL_GPIO_Init
                0x08002a18                HAL_GPIO_DeInit
                0x08002b50                HAL_GPIO_ReadPin
                0x08002b5c                HAL_GPIO_WritePin
                0x08002b68                HAL_GPIO_TogglePin
                0x08002b70                HAL_GPIO_LockPin
                0x08002b98                HAL_GPIO_EXTI_Callback
                0x08002b9c                HAL_GPIO_EXTI_IRQHandler
 .text          0x08002bb4        0x0 ./HAL_Library/stm32l0xx_hal_i2c.o
 .text          0x08002bb4        0x0 ./HAL_Library/stm32l0xx_hal_i2c_ex.o
 .text          0x08002bb4        0x0 ./HAL_Library/stm32l0xx_hal_i2s.o
 .text          0x08002bb4        0x0 ./HAL_Library/stm32l0xx_hal_irda.o
 .text          0x08002bb4        0x0 ./HAL_Library/stm32l0xx_hal_iwdg.o
 .text          0x08002bb4        0x0 ./HAL_Library/stm32l0xx_hal_lcd.o
 .text          0x08002bb4        0x0 ./HAL_Library/stm32l0xx_hal_lptim.o
 .text          0x08002bb4        0x0 ./HAL_Library/stm32l0xx_hal_pcd.o
 .text          0x08002bb4        0x0 ./HAL_Library/stm32l0xx_hal_pcd_ex.o
 .text          0x08002bb4      0x1ec ./HAL_Library/stm32l0xx_hal_pwr.o
                0x08002bb4                HAL_PWR_DeInit
                0x08002bd4                HAL_PWR_EnableBkUpAccess
                0x08002be8                HAL_PWR_DisableBkUpAccess
                0x08002bfc                HAL_PWR_ConfigPVD
                0x08002c74                HAL_PWR_EnablePVD
                0x08002c84                HAL_PWR_DisablePVD
                0x08002c94                HAL_PWR_EnableWakeUpPin
                0x08002ca4                HAL_PWR_DisableWakeUpPin
                0x08002cb4                HAL_PWR_EnterSLEEPMode
                0x08002ce4                HAL_PWR_EnterSTOPMode
                0x08002d20                HAL_PWR_EnterSTANDBYMode
                0x08002d40                HAL_PWR_EnableSleepOnExit
                0x08002d50                HAL_PWR_DisableSleepOnExit
                0x08002d60                HAL_PWR_EnableSEVOnPend
                0x08002d70                HAL_PWR_DisableSEVOnPend
                0x08002d80                HAL_PWR_PVDCallback
                0x08002d84                HAL_PWR_PVD_IRQHandler
 .text          0x08002da0       0xc8 ./HAL_Library/stm32l0xx_hal_pwr_ex.o
                0x08002da0                HAL_PWREx_EnableFastWakeUp
                0x08002db4                HAL_PWREx_DisableFastWakeUp
                0x08002dc8                HAL_PWREx_EnableUltraLowPower
                0x08002ddc                HAL_PWREx_DisableUltraLowPower
                0x08002df0                HAL_PWREx_EnableLowPowerRunMode
                0x08002e0c                HAL_PWREx_DisableLowPowerRunMode
 .text          0x08002e68      0x9c8 ./HAL_Library/stm32l0xx_hal_rcc.o
                0x08002e6c                HAL_RCC_OscConfig
                0x080033d0                HAL_RCC_ClockConfig
                0x08003544                HAL_RCC_MCOConfig
                0x080035c4                HAL_RCC_EnableCSS
                0x080035d8                HAL_RCC_GetSysClockFreq
                0x08003664                HAL_RCC_GetHCLKFreq
                0x0800368c                HAL_RCC_GetPCLK1Freq
                0x080036bc                HAL_RCC_GetPCLK2Freq
                0x080036ec                HAL_RCC_GetOscConfig
                0x080037d0                HAL_RCC_GetClockConfig
                0x08003810                HAL_RCC_CSSCallback
                0x08003814                HAL_RCC_NMI_IRQHandler
 .text          0x08003830      0x5dc ./HAL_Library/stm32l0xx_hal_rcc_ex.o
                0x08003830                HAL_RCC_DeInit
                0x08003870                HAL_RCCEx_PeriphCLKConfig
                0x08003a00                HAL_RCCEx_GetPeriphCLKConfig
                0x08003a50                HAL_RCCEx_GetPeriphCLKFreq
                0x08003c08                HAL_RCCEx_EnableLSECSS
                0x08003c1c                HAL_RCCEx_DisableLSECSS
                0x08003c38                HAL_RCCEx_EnableLSECSS_IT
                0x08003c68                HAL_RCCEx_LSECSS_Callback
                0x08003c6c                HAL_RCCEx_LSECSS_IRQHandler
                0x08003c84                HAL_RCCEx_CRSConfig
                0x08003d0c                HAL_RCCEx_CRSSoftwareSynchronizationGenerate
                0x08003d1c                HAL_RCCEx_CRSGetSynchronizationInfo
                0x08003d44                HAL_RCCEx_CRSWaitSynchronization
                0x08003de4                HAL_RCCEx_EnableHSI48_VREFINT
                0x08003df8                HAL_RCCEx_DisableHSI48_VREFINT
 .text          0x08003e0c        0x0 ./HAL_Library/stm32l0xx_hal_rng.o
 .text          0x08003e0c        0x0 ./HAL_Library/stm32l0xx_hal_rtc.o
 .text          0x08003e0c        0x0 ./HAL_Library/stm32l0xx_hal_rtc_ex.o
 .text          0x08003e0c        0x0 ./HAL_Library/stm32l0xx_hal_smartcard.o
 .text          0x08003e0c        0x0 ./HAL_Library/stm32l0xx_hal_smartcard_ex.o
 .text          0x08003e0c        0x0 ./HAL_Library/stm32l0xx_hal_smbus.o
 .text          0x08003e0c        0x0 ./HAL_Library/stm32l0xx_hal_spi.o
 .text          0x08003e0c     0x19e8 ./HAL_Library/stm32l0xx_hal_tim.o
                0x08003f58                HAL_TIM_Base_MspInit
                0x08003f5c                HAL_TIM_Base_Init
                0x08003f90                HAL_TIM_Base_MspDeInit
                0x08003f94                HAL_TIM_Base_DeInit
                0x08003fc8                HAL_TIM_Base_Start
                0x08003fe0                HAL_TIM_Base_Stop
                0x08004008                HAL_TIM_Base_Start_IT
                0x0800401c                HAL_TIM_Base_Stop_IT
                0x0800403c                HAL_TIM_Base_Start_DMA
                0x0800409c                HAL_TIM_Base_Stop_DMA
                0x080040c8                HAL_TIM_OC_MspInit
                0x080040cc                HAL_TIM_OC_Init
                0x08004100                HAL_TIM_OC_MspDeInit
                0x08004104                HAL_TIM_OC_DeInit
                0x08004138                HAL_TIM_PWM_MspInit
                0x0800413c                HAL_TIM_PWM_Init
                0x08004170                HAL_TIM_PWM_MspDeInit
                0x08004174                HAL_TIM_PWM_DeInit
                0x080041a8                HAL_TIM_PWM_Stop
                0x080041d8                HAL_TIM_PWM_Start_DMA
                0x080042c0                HAL_TIM_OC_Start_DMA
                0x080042c8                HAL_TIM_IC_MspInit
                0x080042cc                HAL_TIM_IC_Init
                0x08004300                HAL_TIM_IC_MspDeInit
                0x08004304                HAL_TIM_IC_DeInit
                0x08004338                HAL_TIM_IC_Start
                0x08004358                HAL_TIM_PWM_Start
                0x08004360                HAL_TIM_OC_Start
                0x08004368                HAL_TIM_IC_Stop
                0x08004394                HAL_TIM_OC_Stop
                0x0800439c                HAL_TIM_IC_Start_IT
                0x080043f0                HAL_TIM_PWM_Start_IT
                0x080043f8                HAL_TIM_OC_Start_IT
                0x08004400                HAL_TIM_IC_Stop_IT
                0x08004460                HAL_TIM_PWM_Stop_IT
                0x08004468                HAL_TIM_OC_Stop_IT
                0x08004470                HAL_TIM_IC_Start_DMA
                0x08004558                HAL_TIM_IC_Stop_DMA
                0x080045dc                HAL_TIM_PWM_Stop_DMA
                0x080045e4                HAL_TIM_OC_Stop_DMA
                0x080045ec                HAL_TIM_OnePulse_MspInit
                0x080045f0                HAL_TIM_OnePulse_Init
                0x08004638                HAL_TIM_OnePulse_MspDeInit
                0x0800463c                HAL_TIM_OnePulse_DeInit
                0x08004670                HAL_TIM_OnePulse_Start
                0x08004694                HAL_TIM_OnePulse_Stop
                0x080046c4                HAL_TIM_OnePulse_Start_IT
                0x080046f8                HAL_TIM_OnePulse_Stop_IT
                0x08004738                HAL_TIM_Encoder_MspInit
                0x0800473c                HAL_TIM_Encoder_Init
                0x080047d4                HAL_TIM_Encoder_MspDeInit
                0x080047d8                HAL_TIM_Encoder_DeInit
                0x0800480c                HAL_TIM_Encoder_Start
                0x0800484c                HAL_TIM_Encoder_Stop
                0x080048a8                HAL_TIM_Encoder_Start_IT
                0x0800491c                HAL_TIM_Encoder_Stop_IT
                0x08004994                HAL_TIM_Encoder_Start_DMA
                0x08004ab8                HAL_TIM_Encoder_Stop_DMA
                0x08004b38                HAL_TIM_OC_ConfigChannel
                0x08004c3c                HAL_TIM_IC_ConfigChannel
                0x08004da0                HAL_TIM_PWM_ConfigChannel
                0x08004f10                HAL_TIM_OnePulse_ConfigChannel
                0x08005078                HAL_TIM_DMABurst_WriteStart
                0x08005140                HAL_TIM_DMABurst_ReadStart
                0x08005208                HAL_TIM_DMABurst_ReadStop
                0x0800527c                HAL_TIM_DMABurst_WriteStop
                0x08005284                HAL_TIM_GenerateEvent
                0x080052a8                HAL_TIM_ConfigOCrefClear
                0x08005388                HAL_TIM_ConfigClockSource
                0x08005514                HAL_TIM_ConfigTI1Input
                0x08005524                HAL_TIM_SlaveConfigSynchronization
                0x08005560                HAL_TIM_SlaveConfigSynchronization_IT
                0x0800559c                HAL_TIM_ReadCapturedValue
                0x080055e0                HAL_TIM_PeriodElapsedCallback
                0x080055f4                HAL_TIM_OC_DelayElapsedCallback
                0x080055f8                HAL_TIM_IC_CaptureCallback
                0x080055fc                TIM_DMACaptureCplt
                0x0800563c                HAL_TIM_PWM_PulseFinishedCallback
                0x08005640                TIM_DMADelayPulseCplt
                0x08005680                HAL_TIM_TriggerCallback
                0x08005684                HAL_TIM_IRQHandler
                0x080057b0                HAL_TIM_ErrorCallback
                0x080057b4                TIM_DMAError
                0x080057c4                HAL_TIM_Base_GetState
                0x080057cc                HAL_TIM_OC_GetState
                0x080057d4                HAL_TIM_PWM_GetState
                0x080057dc                HAL_TIM_IC_GetState
                0x080057e4                HAL_TIM_OnePulse_GetState
                0x080057ec                HAL_TIM_Encoder_GetState
 .text          0x080057f4       0x60 ./HAL_Library/stm32l0xx_hal_tim_ex.o
                0x080057f4                HAL_TIMEx_MasterConfigSynchronization
                0x08005834                HAL_TIMEx_RemapConfig
 .text          0x08005854        0x0 ./HAL_Library/stm32l0xx_hal_tsc.o
 .text          0x08005854        0x0 ./HAL_Library/stm32l0xx_hal_uart.o
 .text          0x08005854        0x0 ./HAL_Library/stm32l0xx_hal_uart_ex.o
 .text          0x08005854      0xcf0 ./HAL_Library/stm32l0xx_hal_usart.o
                0x080058b8                HAL_USART_MspInit
                0x080058bc                HAL_USART_Init
                0x08005a3c                HAL_USART_MspDeInit
                0x08005a40                HAL_USART_DeInit
                0x08005a6c                HAL_USART_Transmit
                0x08005b20                HAL_USART_Receive
                0x08005c38                HAL_USART_TransmitReceive
                0x08005d70                HAL_USART_Transmit_IT
                0x08005db8                HAL_USART_Receive_IT
                0x08005e94                HAL_USART_TransmitReceive_IT
                0x08005f48                HAL_USART_Transmit_DMA
                0x08005fbc                HAL_USART_Receive_DMA
                0x08006058                HAL_USART_TransmitReceive_DMA
                0x0800611c                HAL_USART_DMAPause
                0x0800613c                HAL_USART_DMAResume
                0x0800615c                HAL_USART_DMAStop
                0x08006190                HAL_USART_TxCpltCallback
                0x080061d4                HAL_USART_TxHalfCpltCallback
                0x080061e4                HAL_USART_RxCpltCallback
                0x080061e8                HAL_USART_RxHalfCpltCallback
                0x080061f8                HAL_USART_TxRxCpltCallback
                0x0800633c                HAL_USART_ErrorCallback
                0x08006360                HAL_USART_IRQHandler
                0x08006538                HAL_USART_GetState
                0x08006540                HAL_USART_GetError
 .text          0x08006544        0x0 ./HAL_Library/stm32l0xx_hal_wwdg.o
 .text          0x08006544       0x14 ./startup_stm32l052xx.o
 .text          0x08006558      0x114 c:/program files (x86)/gnu tools arm embedded/5.4 2016q2/bin/../lib/gcc/arm-none-eabi/5.4.1/armv6-m\libgcc.a(_udivsi3.o)
                0x08006558                __aeabi_uidiv
                0x08006558                __udivsi3
                0x08006664                __aeabi_uidivmod
 .text          0x0800666c      0x1d4 c:/program files (x86)/gnu tools arm embedded/5.4 2016q2/bin/../lib/gcc/arm-none-eabi/5.4.1/armv6-m\libgcc.a(_divsi3.o)
                0x0800666c                __divsi3
                0x0800666c                __aeabi_idiv
                0x08006838                __aeabi_idivmod
 .text          0x08006840        0x4 c:/program files (x86)/gnu tools arm embedded/5.4 2016q2/bin/../lib/gcc/arm-none-eabi/5.4.1/armv6-m\libgcc.a(_dvmd_tls.o)
                0x08006840                __aeabi_idiv0
                0x08006840                __aeabi_ldiv0
 .text          0x08006844        0x0 c:/program files (x86)/gnu tools arm embedded/5.4 2016q2/bin/../lib/gcc/arm-none-eabi/5.4.1/../../../../arm-none-eabi/lib/armv6-m\libc.a(lib_a-malloc.o)
 .text          0x08006844        0x0 c:/program files (x86)/gnu tools arm embedded/5.4 2016q2/bin/../lib/gcc/arm-none-eabi/5.4.1/../../../../arm-none-eabi/lib/armv6-m\libc.a(lib_a-mallocr.o)
 .text          0x08006844        0x0 c:/program files (x86)/gnu tools arm embedded/5.4 2016q2/bin/../lib/gcc/arm-none-eabi/5.4.1/../../../../arm-none-eabi/lib/armv6-m\libc.a(lib_a-mlock.o)
 .text          0x08006844        0x0 c:/program files (x86)/gnu tools arm embedded/5.4 2016q2/bin/../lib/gcc/arm-none-eabi/5.4.1/../../../../arm-none-eabi/lib/armv6-m\libc.a(lib_a-sbrkr.o)
 .text          0x08006844        0x0 c:/program files (x86)/gnu tools arm embedded/5.4 2016q2/bin/../lib/gcc/arm-none-eabi/5.4.1/../../../../arm-none-eabi/lib/armv6-m\libc.a(lib_a-freer.o)
 .text          0x08006844        0x0 c:/program files (x86)/gnu tools arm embedded/5.4 2016q2/bin/../lib/gcc/arm-none-eabi/5.4.1/../../../../arm-none-eabi/lib/armv6-m\libc.a(lib_a-reent.o)
 .text          0x08006844        0x0 c:/program files (x86)/gnu tools arm embedded/5.4 2016q2/bin/../lib/gcc/arm-none-eabi/5.4.1/../../../../arm-none-eabi/lib/armv6-m\libnosys.a(sbrk.o)
 .text          0x08006844        0x0 c:/program files (x86)/gnu tools arm embedded/5.4 2016q2/bin/../lib/gcc/arm-none-eabi/5.4.1/../../../../arm-none-eabi/lib/armv6-m\libnosys.a(_exit.o)
 .text          0x08006844        0x0 c:/program files (x86)/gnu tools arm embedded/5.4 2016q2/bin/../lib/gcc/arm-none-eabi/5.4.1/armv6-m/crtend.o
 .text          0x08006844        0x0 c:/program files (x86)/gnu tools arm embedded/5.4 2016q2/bin/../lib/gcc/arm-none-eabi/5.4.1/armv6-m/crtn.o
 *(.text*)
 .text.exit     0x08006844       0x20 c:/program files (x86)/gnu tools arm embedded/5.4 2016q2/bin/../lib/gcc/arm-none-eabi/5.4.1/../../../../arm-none-eabi/lib/armv6-m\libc.a(lib_a-exit.o)
                0x08006844                exit
 .text.__libc_init_array
                0x08006864       0x48 c:/program files (x86)/gnu tools arm embedded/5.4 2016q2/bin/../lib/gcc/arm-none-eabi/5.4.1/../../../../arm-none-eabi/lib/armv6-m\libc.a(lib_a-init.o)
                0x08006864                __libc_init_array
 .text.memset   0x080068ac       0x8c c:/program files (x86)/gnu tools arm embedded/5.4 2016q2/bin/../lib/gcc/arm-none-eabi/5.4.1/../../../../arm-none-eabi/lib/armv6-m\libc.a(lib_a-memset.o)
                0x080068ac                memset
 .text.startup.register_fini
                0x08006938       0x18 c:/program files (x86)/gnu tools arm embedded/5.4 2016q2/bin/../lib/gcc/arm-none-eabi/5.4.1/../../../../arm-none-eabi/lib/armv6-m\libc.a(lib_a-__call_atexit.o)
 .text.__call_exitprocs
                0x08006950       0xfc c:/program files (x86)/gnu tools arm embedded/5.4 2016q2/bin/../lib/gcc/arm-none-eabi/5.4.1/../../../../arm-none-eabi/lib/armv6-m\libc.a(lib_a-__call_atexit.o)
                0x08006950                __call_exitprocs
 .text.atexit   0x08006a4c       0x10 c:/program files (x86)/gnu tools arm embedded/5.4 2016q2/bin/../lib/gcc/arm-none-eabi/5.4.1/../../../../arm-none-eabi/lib/armv6-m\libc.a(lib_a-atexit.o)
                0x08006a4c                atexit
 .text.__libc_fini_array
                0x08006a5c       0x34 c:/program files (x86)/gnu tools arm embedded/5.4 2016q2/bin/../lib/gcc/arm-none-eabi/5.4.1/../../../../arm-none-eabi/lib/armv6-m\libc.a(lib_a-fini.o)
                0x08006a5c                __libc_fini_array
 .text.__register_exitproc
                0x08006a90       0xd4 c:/program files (x86)/gnu tools arm embedded/5.4 2016q2/bin/../lib/gcc/arm-none-eabi/5.4.1/../../../../arm-none-eabi/lib/armv6-m\libc.a(lib_a-__atexit.o)
                0x08006a90                __register_exitproc
 .text.startup  0x08006b64       0x28 ./src/main.o
                0x08006b64                main
 .text.Reset_Handler
                0x08006b8c       0x50 ./startup_stm32l052xx.o
                0x08006b8c                Reset_Handler
 .text.Default_Handler
                0x08006bdc        0x2 ./startup_stm32l052xx.o
                0x08006bdc                TSC_IRQHandler
                0x08006bdc                ADC1_COMP_IRQHandler
                0x08006bdc                PVD_IRQHandler
                0x08006bdc                PendSV_Handler
                0x08006bdc                NMI_Handler
                0x08006bdc                I2C1_IRQHandler
                0x08006bdc                RCC_CRS_IRQHandler
                0x08006bdc                SPI1_IRQHandler
                0x08006bdc                TIM6_DAC_IRQHandler
                0x08006bdc                EXTI2_3_IRQHandler
                0x08006bdc                I2C2_IRQHandler
                0x08006bdc                RTC_IRQHandler
                0x08006bdc                DMA1_Channel4_5_6_7_IRQHandler
                0x08006bdc                EXTI4_15_IRQHandler
                0x08006bdc                DMA1_Channel1_IRQHandler
                0x08006bdc                Default_Handler
                0x08006bdc                TIM22_IRQHandler
                0x08006bdc                EXTI0_1_IRQHandler
                0x08006bdc                USB_IRQHandler
                0x08006bdc                SPI2_IRQHandler
                0x08006bdc                SVC_Handler
                0x08006bdc                TIM21_IRQHandler
                0x08006bdc                WWDG_IRQHandler
                0x08006bdc                DMA1_Channel2_3_IRQHandler
                0x08006bdc                USART2_IRQHandler
                0x08006bdc                FLASH_IRQHandler
                0x08006bdc                USART1_IRQHandler
                0x08006bdc                RNG_LPUART1_IRQHandler
                0x08006bdc                LPTIM1_IRQHandler
 *fill*         0x08006bde        0x2 
 .text.malloc   0x08006be0       0x14 c:/program files (x86)/gnu tools arm embedded/5.4 2016q2/bin/../lib/gcc/arm-none-eabi/5.4.1/../../../../arm-none-eabi/lib/armv6-m\libc.a(lib_a-malloc.o)
                0x08006be0                malloc
 .text.free     0x08006bf4       0x14 c:/program files (x86)/gnu tools arm embedded/5.4 2016q2/bin/../lib/gcc/arm-none-eabi/5.4.1/../../../../arm-none-eabi/lib/armv6-m\libc.a(lib_a-malloc.o)
                0x08006bf4                free
 .text._malloc_r
                0x08006c08      0x554 c:/program files (x86)/gnu tools arm embedded/5.4 2016q2/bin/../lib/gcc/arm-none-eabi/5.4.1/../../../../arm-none-eabi/lib/armv6-m\libc.a(lib_a-mallocr.o)
                0x08006c08                _malloc_r
 .text.__malloc_lock
                0x0800715c        0x4 c:/program files (x86)/gnu tools arm embedded/5.4 2016q2/bin/../lib/gcc/arm-none-eabi/5.4.1/../../../../arm-none-eabi/lib/armv6-m\libc.a(lib_a-mlock.o)
                0x0800715c                __malloc_lock
 .text.__malloc_unlock
                0x08007160        0x4 c:/program files (x86)/gnu tools arm embedded/5.4 2016q2/bin/../lib/gcc/arm-none-eabi/5.4.1/../../../../arm-none-eabi/lib/armv6-m\libc.a(lib_a-mlock.o)
                0x08007160                __malloc_unlock
 .text._sbrk_r  0x08007164       0x24 c:/program files (x86)/gnu tools arm embedded/5.4 2016q2/bin/../lib/gcc/arm-none-eabi/5.4.1/../../../../arm-none-eabi/lib/armv6-m\libc.a(lib_a-sbrkr.o)
                0x08007164                _sbrk_r
 .text._malloc_trim_r
                0x08007188       0xa0 c:/program files (x86)/gnu tools arm embedded/5.4 2016q2/bin/../lib/gcc/arm-none-eabi/5.4.1/../../../../arm-none-eabi/lib/armv6-m\libc.a(lib_a-freer.o)
                0x08007188                _malloc_trim_r
 .text._free_r  0x08007228      0x1c4 c:/program files (x86)/gnu tools arm embedded/5.4 2016q2/bin/../lib/gcc/arm-none-eabi/5.4.1/../../../../arm-none-eabi/lib/armv6-m\libc.a(lib_a-freer.o)
                0x08007228                _free_r
 .text.cleanup_glue
                0x080073ec       0x1c c:/program files (x86)/gnu tools arm embedded/5.4 2016q2/bin/../lib/gcc/arm-none-eabi/5.4.1/../../../../arm-none-eabi/lib/armv6-m\libc.a(lib_a-reent.o)
                0x080073ec                cleanup_glue
 .text._reclaim_reent
                0x08007408       0x94 c:/program files (x86)/gnu tools arm embedded/5.4 2016q2/bin/../lib/gcc/arm-none-eabi/5.4.1/../../../../arm-none-eabi/lib/armv6-m\libc.a(lib_a-reent.o)
                0x08007408                _reclaim_reent
 .text._sbrk    0x0800749c       0x1c c:/program files (x86)/gnu tools arm embedded/5.4 2016q2/bin/../lib/gcc/arm-none-eabi/5.4.1/../../../../arm-none-eabi/lib/armv6-m\libnosys.a(sbrk.o)
                0x0800749c                _sbrk
 .text._exit    0x080074b8        0x4 c:/program files (x86)/gnu tools arm embedded/5.4 2016q2/bin/../lib/gcc/arm-none-eabi/5.4.1/../../../../arm-none-eabi/lib/armv6-m\libnosys.a(_exit.o)
                0x080074b8                _exit
 *(.glue_7)
 .glue_7        0x080074bc        0x0 linker stubs
 *(.glue_7t)
 .glue_7t       0x080074bc        0x0 linker stubs
 *(.eh_frame)
 .eh_frame      0x080074bc        0x0 c:/program files (x86)/gnu tools arm embedded/5.4 2016q2/bin/../lib/gcc/arm-none-eabi/5.4.1/armv6-m/crtbegin.o
 .eh_frame      0x080074bc        0x4 c:/program files (x86)/gnu tools arm embedded/5.4 2016q2/bin/../lib/gcc/arm-none-eabi/5.4.1/armv6-m/crtend.o
 *(.init)
 .init          0x080074c0        0x4 c:/program files (x86)/gnu tools arm embedded/5.4 2016q2/bin/../lib/gcc/arm-none-eabi/5.4.1/armv6-m/crti.o
                0x080074c0                _init
 .init          0x080074c4        0x8 c:/program files (x86)/gnu tools arm embedded/5.4 2016q2/bin/../lib/gcc/arm-none-eabi/5.4.1/armv6-m/crtn.o
 *(.fini)
 .fini          0x080074cc        0x4 c:/program files (x86)/gnu tools arm embedded/5.4 2016q2/bin/../lib/gcc/arm-none-eabi/5.4.1/armv6-m/crti.o
                0x080074cc                _fini
 .fini          0x080074d0        0x8 c:/program files (x86)/gnu tools arm embedded/5.4 2016q2/bin/../lib/gcc/arm-none-eabi/5.4.1/armv6-m/crtn.o
                0x080074d8                . = ALIGN (0x4)
                0x080074d8                _etext = .

.vfp11_veneer   0x080074d8        0x0
 .vfp11_veneer  0x080074d8        0x0 linker stubs

.v4_bx          0x080074d8        0x0
 .v4_bx         0x080074d8        0x0 linker stubs

.iplt           0x080074d8        0x0
 .iplt          0x080074d8        0x0 c:/program files (x86)/gnu tools arm embedded/5.4 2016q2/bin/../lib/gcc/arm-none-eabi/5.4.1/armv6-m/crtbegin.o

.RamFunc        0x080074d8      0x198
 .RamFunc       0x080074d8      0x198 ./HAL_Library/stm32l0xx_hal_flash_ramfunc.o
                0x080075c4                HAL_FLASHEx_HalfPageProgram
                0x08007618                HAL_FLASHEx_EnableRunPowerDown
                0x0800763c                HAL_FLASHEx_DisableRunPowerDown
                0x08007660                HAL_FLASHRAM_GetError

.rodata         0x08007670      0x1c8
                0x08007670                . = ALIGN (0x4)
 *(.rodata)
 .rodata        0x08007670       0x1d ./src/led_driver.o
                0x08007670                logo
 *fill*         0x0800768d        0x3 
 .rodata        0x08007690       0x18 ./src/main.o
 .rodata        0x080076a8       0x1c ./src/system_stm32l0xx.o
                0x080076a8                PLLMulTable
                0x080076b4                AHBPrescTable
 .rodata        0x080076c4       0x10 ./HAL_Library/stm32l0xx_hal_rcc.o
 .rodata        0x080076d4      0x104 ./HAL_Library/stm32l0xx_hal_rcc_ex.o
 .rodata        0x080077d8       0x58 ./HAL_Library/stm32l0xx_hal_usart.o
 *(.rodata*)
 .rodata.str1.4
                0x08007830        0x4 c:/program files (x86)/gnu tools arm embedded/5.4 2016q2/bin/../lib/gcc/arm-none-eabi/5.4.1/../../../../arm-none-eabi/lib/armv6-m\libc.a(lib_a-impure.o)
                                  0x2 (size before relaxing)
 .rodata._global_impure_ptr
                0x08007834        0x4 c:/program files (x86)/gnu tools arm embedded/5.4 2016q2/bin/../lib/gcc/arm-none-eabi/5.4.1/../../../../arm-none-eabi/lib/armv6-m\libc.a(lib_a-impure.o)
                0x08007834                _global_impure_ptr
                0x08007838                . = ALIGN (0x4)

.ARM.extab      0x08007838        0x0
 *(.ARM.extab* .gnu.linkonce.armextab.*)
 .ARM.extab     0x08007838        0x0 c:/program files (x86)/gnu tools arm embedded/5.4 2016q2/bin/../lib/gcc/arm-none-eabi/5.4.1/../../../../arm-none-eabi/lib/armv6-m/crt0.o

.ARM            0x08007838        0x8
                0x08007838                __exidx_start = .
 *(.ARM.exidx*)
 .ARM.exidx     0x08007838        0x8 c:/program files (x86)/gnu tools arm embedded/5.4 2016q2/bin/../lib/gcc/arm-none-eabi/5.4.1/../../../../arm-none-eabi/lib/armv6-m/crt0.o
                0x08007840                __exidx_end = .

.rel.dyn        0x08007840        0x0
 .rel.iplt      0x08007840        0x0 c:/program files (x86)/gnu tools arm embedded/5.4 2016q2/bin/../lib/gcc/arm-none-eabi/5.4.1/armv6-m/crtbegin.o

.preinit_array  0x08007840        0x0
                0x08007840                PROVIDE (__preinit_array_start, .)
 *(.preinit_array*)
                0x08007840                PROVIDE (__preinit_array_end, .)

.init_array     0x08007840        0x8
                0x08007840                PROVIDE (__init_array_start, .)
 *(SORT(.init_array.*))
 .init_array.00000
                0x08007840        0x4 c:/program files (x86)/gnu tools arm embedded/5.4 2016q2/bin/../lib/gcc/arm-none-eabi/5.4.1/../../../../arm-none-eabi/lib/armv6-m\libc.a(lib_a-__call_atexit.o)
 *(.init_array*)
 .init_array    0x08007844        0x4 c:/program files (x86)/gnu tools arm embedded/5.4 2016q2/bin/../lib/gcc/arm-none-eabi/5.4.1/armv6-m/crtbegin.o
                0x08007848                PROVIDE (__init_array_end, .)

.fini_array     0x08007848        0x4
                0x08007848                PROVIDE (__fini_array_start, .)
 *(SORT(.fini_array.*))
 *(.fini_array*)
 .fini_array    0x08007848        0x4 c:/program files (x86)/gnu tools arm embedded/5.4 2016q2/bin/../lib/gcc/arm-none-eabi/5.4.1/armv6-m/crtbegin.o
                0x0800784c                PROVIDE (__fini_array_end, .)
                0x0800784c                _sidata = LOADADDR (.data)

.data           0x20000000      0x84c load address 0x0800784c
                0x20000000                . = ALIGN (0x4)
                0x20000000                _sdata = .
 *(.data)
 .data          0x20000000        0x0 c:/program files (x86)/gnu tools arm embedded/5.4 2016q2/bin/../lib/gcc/arm-none-eabi/5.4.1/armv6-m/crti.o
 .data          0x20000000        0x4 c:/program files (x86)/gnu tools arm embedded/5.4 2016q2/bin/../lib/gcc/arm-none-eabi/5.4.1/armv6-m/crtbegin.o
                0x20000000                __dso_handle
 .data          0x20000004        0x0 c:/program files (x86)/gnu tools arm embedded/5.4 2016q2/bin/../lib/gcc/arm-none-eabi/5.4.1/../../../../arm-none-eabi/lib/armv6-m/crt0.o
 .data          0x20000004        0x0 c:/program files (x86)/gnu tools arm embedded/5.4 2016q2/bin/../lib/gcc/arm-none-eabi/5.4.1/../../../../arm-none-eabi/lib/armv6-m\libc.a(lib_a-exit.o)
 .data          0x20000004        0x0 c:/program files (x86)/gnu tools arm embedded/5.4 2016q2/bin/../lib/gcc/arm-none-eabi/5.4.1/../../../../arm-none-eabi/lib/armv6-m\libc.a(lib_a-impure.o)
 .data          0x20000004        0x0 c:/program files (x86)/gnu tools arm embedded/5.4 2016q2/bin/../lib/gcc/arm-none-eabi/5.4.1/../../../../arm-none-eabi/lib/armv6-m\libc.a(lib_a-init.o)
 .data          0x20000004        0x0 c:/program files (x86)/gnu tools arm embedded/5.4 2016q2/bin/../lib/gcc/arm-none-eabi/5.4.1/../../../../arm-none-eabi/lib/armv6-m\libc.a(lib_a-memset.o)
 .data          0x20000004        0x0 c:/program files (x86)/gnu tools arm embedded/5.4 2016q2/bin/../lib/gcc/arm-none-eabi/5.4.1/../../../../arm-none-eabi/lib/armv6-m\libc.a(lib_a-__call_atexit.o)
 .data          0x20000004        0x0 c:/program files (x86)/gnu tools arm embedded/5.4 2016q2/bin/../lib/gcc/arm-none-eabi/5.4.1/../../../../arm-none-eabi/lib/armv6-m\libc.a(lib_a-atexit.o)
 .data          0x20000004        0x0 c:/program files (x86)/gnu tools arm embedded/5.4 2016q2/bin/../lib/gcc/arm-none-eabi/5.4.1/../../../../arm-none-eabi/lib/armv6-m\libc.a(lib_a-fini.o)
 .data          0x20000004        0x0 c:/program files (x86)/gnu tools arm embedded/5.4 2016q2/bin/../lib/gcc/arm-none-eabi/5.4.1/../../../../arm-none-eabi/lib/armv6-m\libc.a(lib_a-__atexit.o)
 .data          0x20000004        0x0 ./src/debug.o
 .data          0x20000004        0x1 ./src/led_driver.o
                0x20000004                beaconFadeDiv
 .data          0x20000005        0x1 ./src/main.o
                0x20000005                id
 .data          0x20000006        0x0 ./src/stm32l0xx_it.o
 *fill*         0x20000006        0x2 
 .data          0x20000008        0x4 ./src/system_stm32l0xx.o
                0x20000008                SystemCoreClock
 .data          0x2000000c        0x1 ./src/timer.o
                0x2000000c                current_state
 .data          0x2000000d        0x0 ./src/uart.o
 .data          0x2000000d        0x0 ./HAL_Library/stm32l0xx_hal.o
 .data          0x2000000d        0x0 ./HAL_Library/stm32l0xx_hal_adc.o
 .data          0x2000000d        0x0 ./HAL_Library/stm32l0xx_hal_adc_ex.o
 .data          0x2000000d        0x0 ./HAL_Library/stm32l0xx_hal_comp.o
 .data          0x2000000d        0x0 ./HAL_Library/stm32l0xx_hal_comp_ex.o
 .data          0x2000000d        0x0 ./HAL_Library/stm32l0xx_hal_cortex.o
 .data          0x2000000d        0x0 ./HAL_Library/stm32l0xx_hal_crc.o
 .data          0x2000000d        0x0 ./HAL_Library/stm32l0xx_hal_crc_ex.o
 .data          0x2000000d        0x0 ./HAL_Library/stm32l0xx_hal_cryp.o
 .data          0x2000000d        0x0 ./HAL_Library/stm32l0xx_hal_cryp_ex.o
 .data          0x2000000d        0x0 ./HAL_Library/stm32l0xx_hal_dac.o
 .data          0x2000000d        0x0 ./HAL_Library/stm32l0xx_hal_dac_ex.o
 .data          0x2000000d        0x0 ./HAL_Library/stm32l0xx_hal_dma.o
 .data          0x2000000d        0x0 ./HAL_Library/stm32l0xx_hal_firewall.o
 .data          0x2000000d        0x0 ./HAL_Library/stm32l0xx_hal_flash.o
 .data          0x2000000d        0x0 ./HAL_Library/stm32l0xx_hal_flash_ex.o
 .data          0x2000000d        0x0 ./HAL_Library/stm32l0xx_hal_flash_ramfunc.o
 .data          0x2000000d        0x0 ./HAL_Library/stm32l0xx_hal_gpio.o
 .data          0x2000000d        0x0 ./HAL_Library/stm32l0xx_hal_i2c.o
 .data          0x2000000d        0x0 ./HAL_Library/stm32l0xx_hal_i2c_ex.o
 .data          0x2000000d        0x0 ./HAL_Library/stm32l0xx_hal_i2s.o
 .data          0x2000000d        0x0 ./HAL_Library/stm32l0xx_hal_irda.o
 .data          0x2000000d        0x0 ./HAL_Library/stm32l0xx_hal_iwdg.o
 .data          0x2000000d        0x0 ./HAL_Library/stm32l0xx_hal_lcd.o
 .data          0x2000000d        0x0 ./HAL_Library/stm32l0xx_hal_lptim.o
 .data          0x2000000d        0x0 ./HAL_Library/stm32l0xx_hal_pcd.o
 .data          0x2000000d        0x0 ./HAL_Library/stm32l0xx_hal_pcd_ex.o
 .data          0x2000000d        0x0 ./HAL_Library/stm32l0xx_hal_pwr.o
 .data          0x2000000d        0x0 ./HAL_Library/stm32l0xx_hal_pwr_ex.o
 .data          0x2000000d        0x0 ./HAL_Library/stm32l0xx_hal_rcc.o
 .data          0x2000000d        0x0 ./HAL_Library/stm32l0xx_hal_rcc_ex.o
 .data          0x2000000d        0x0 ./HAL_Library/stm32l0xx_hal_rng.o
 .data          0x2000000d        0x0 ./HAL_Library/stm32l0xx_hal_rtc.o
 .data          0x2000000d        0x0 ./HAL_Library/stm32l0xx_hal_rtc_ex.o
 .data          0x2000000d        0x0 ./HAL_Library/stm32l0xx_hal_smartcard.o
 .data          0x2000000d        0x0 ./HAL_Library/stm32l0xx_hal_smartcard_ex.o
 .data          0x2000000d        0x0 ./HAL_Library/stm32l0xx_hal_smbus.o
 .data          0x2000000d        0x0 ./HAL_Library/stm32l0xx_hal_spi.o
 .data          0x2000000d        0x0 ./HAL_Library/stm32l0xx_hal_tim.o
 .data          0x2000000d        0x0 ./HAL_Library/stm32l0xx_hal_tim_ex.o
 .data          0x2000000d        0x0 ./HAL_Library/stm32l0xx_hal_tsc.o
 .data          0x2000000d        0x0 ./HAL_Library/stm32l0xx_hal_uart.o
 .data          0x2000000d        0x0 ./HAL_Library/stm32l0xx_hal_uart_ex.o
 .data          0x2000000d        0x0 ./HAL_Library/stm32l0xx_hal_usart.o
 .data          0x2000000d        0x0 ./HAL_Library/stm32l0xx_hal_wwdg.o
 .data          0x2000000d        0x0 ./startup_stm32l052xx.o
 .data          0x2000000d        0x0 c:/program files (x86)/gnu tools arm embedded/5.4 2016q2/bin/../lib/gcc/arm-none-eabi/5.4.1/armv6-m\libgcc.a(_udivsi3.o)
 .data          0x2000000d        0x0 c:/program files (x86)/gnu tools arm embedded/5.4 2016q2/bin/../lib/gcc/arm-none-eabi/5.4.1/armv6-m\libgcc.a(_divsi3.o)
 .data          0x2000000d        0x0 c:/program files (x86)/gnu tools arm embedded/5.4 2016q2/bin/../lib/gcc/arm-none-eabi/5.4.1/armv6-m\libgcc.a(_dvmd_tls.o)
 .data          0x2000000d        0x0 c:/program files (x86)/gnu tools arm embedded/5.4 2016q2/bin/../lib/gcc/arm-none-eabi/5.4.1/../../../../arm-none-eabi/lib/armv6-m\libc.a(lib_a-malloc.o)
 .data          0x2000000d        0x0 c:/program files (x86)/gnu tools arm embedded/5.4 2016q2/bin/../lib/gcc/arm-none-eabi/5.4.1/../../../../arm-none-eabi/lib/armv6-m\libc.a(lib_a-mallocr.o)
 .data          0x2000000d        0x0 c:/program files (x86)/gnu tools arm embedded/5.4 2016q2/bin/../lib/gcc/arm-none-eabi/5.4.1/../../../../arm-none-eabi/lib/armv6-m\libc.a(lib_a-mlock.o)
 .data          0x2000000d        0x0 c:/program files (x86)/gnu tools arm embedded/5.4 2016q2/bin/../lib/gcc/arm-none-eabi/5.4.1/../../../../arm-none-eabi/lib/armv6-m\libc.a(lib_a-sbrkr.o)
 .data          0x2000000d        0x0 c:/program files (x86)/gnu tools arm embedded/5.4 2016q2/bin/../lib/gcc/arm-none-eabi/5.4.1/../../../../arm-none-eabi/lib/armv6-m\libc.a(lib_a-freer.o)
 .data          0x2000000d        0x0 c:/program files (x86)/gnu tools arm embedded/5.4 2016q2/bin/../lib/gcc/arm-none-eabi/5.4.1/../../../../arm-none-eabi/lib/armv6-m\libc.a(lib_a-reent.o)
 .data          0x2000000d        0x0 c:/program files (x86)/gnu tools arm embedded/5.4 2016q2/bin/../lib/gcc/arm-none-eabi/5.4.1/../../../../arm-none-eabi/lib/armv6-m\libnosys.a(sbrk.o)
 .data          0x2000000d        0x0 c:/program files (x86)/gnu tools arm embedded/5.4 2016q2/bin/../lib/gcc/arm-none-eabi/5.4.1/../../../../arm-none-eabi/lib/armv6-m\libnosys.a(_exit.o)
 .data          0x2000000d        0x0 c:/program files (x86)/gnu tools arm embedded/5.4 2016q2/bin/../lib/gcc/arm-none-eabi/5.4.1/armv6-m/crtend.o
 .data          0x2000000d        0x0 c:/program files (x86)/gnu tools arm embedded/5.4 2016q2/bin/../lib/gcc/arm-none-eabi/5.4.1/armv6-m/crtn.o
 *(.data*)
 *fill*         0x2000000d        0x3 
 .data.impure_data
                0x20000010      0x428 c:/program files (x86)/gnu tools arm embedded/5.4 2016q2/bin/../lib/gcc/arm-none-eabi/5.4.1/../../../../arm-none-eabi/lib/armv6-m\libc.a(lib_a-impure.o)
 .data._impure_ptr
                0x20000438        0x4 c:/program files (x86)/gnu tools arm embedded/5.4 2016q2/bin/../lib/gcc/arm-none-eabi/5.4.1/../../../../arm-none-eabi/lib/armv6-m\libc.a(lib_a-impure.o)
                0x20000438                _impure_ptr
 .data.__malloc_av_
                0x2000043c      0x408 c:/program files (x86)/gnu tools arm embedded/5.4 2016q2/bin/../lib/gcc/arm-none-eabi/5.4.1/../../../../arm-none-eabi/lib/armv6-m\libc.a(lib_a-mallocr.o)
                0x2000043c                __malloc_av_
 .data.__malloc_trim_threshold
                0x20000844        0x4 c:/program files (x86)/gnu tools arm embedded/5.4 2016q2/bin/../lib/gcc/arm-none-eabi/5.4.1/../../../../arm-none-eabi/lib/armv6-m\libc.a(lib_a-mallocr.o)
                0x20000844                __malloc_trim_threshold
 .data.__malloc_sbrk_base
                0x20000848        0x4 c:/program files (x86)/gnu tools arm embedded/5.4 2016q2/bin/../lib/gcc/arm-none-eabi/5.4.1/../../../../arm-none-eabi/lib/armv6-m\libc.a(lib_a-mallocr.o)
                0x20000848                __malloc_sbrk_base
                0x2000084c                . = ALIGN (0x4)
                0x2000084c                _edata = .

.jcr            0x2000084c        0x4 load address 0x08008098
 .jcr           0x2000084c        0x0 c:/program files (x86)/gnu tools arm embedded/5.4 2016q2/bin/../lib/gcc/arm-none-eabi/5.4.1/armv6-m/crtbegin.o
 .jcr           0x2000084c        0x4 c:/program files (x86)/gnu tools arm embedded/5.4 2016q2/bin/../lib/gcc/arm-none-eabi/5.4.1/armv6-m/crtend.o

.igot.plt       0x20000850        0x0 load address 0x0800809c
 .igot.plt      0x20000850        0x0 c:/program files (x86)/gnu tools arm embedded/5.4 2016q2/bin/../lib/gcc/arm-none-eabi/5.4.1/armv6-m/crtbegin.o
                0x20000850                . = ALIGN (0x4)

.bss            0x20000850      0xa2c load address 0x0800809c
                0x20000850                _sbss = .
                0x20000850                __bss_start__ = _sbss
 *(.bss)
 .bss           0x20000850        0x0 c:/program files (x86)/gnu tools arm embedded/5.4 2016q2/bin/../lib/gcc/arm-none-eabi/5.4.1/armv6-m/crti.o
 .bss           0x20000850       0x1c c:/program files (x86)/gnu tools arm embedded/5.4 2016q2/bin/../lib/gcc/arm-none-eabi/5.4.1/armv6-m/crtbegin.o
 .bss           0x2000086c        0x0 c:/program files (x86)/gnu tools arm embedded/5.4 2016q2/bin/../lib/gcc/arm-none-eabi/5.4.1/../../../../arm-none-eabi/lib/armv6-m/crt0.o
 .bss           0x2000086c        0x0 c:/program files (x86)/gnu tools arm embedded/5.4 2016q2/bin/../lib/gcc/arm-none-eabi/5.4.1/../../../../arm-none-eabi/lib/armv6-m\libc.a(lib_a-exit.o)
 .bss           0x2000086c        0x0 c:/program files (x86)/gnu tools arm embedded/5.4 2016q2/bin/../lib/gcc/arm-none-eabi/5.4.1/../../../../arm-none-eabi/lib/armv6-m\libc.a(lib_a-impure.o)
 .bss           0x2000086c        0x0 c:/program files (x86)/gnu tools arm embedded/5.4 2016q2/bin/../lib/gcc/arm-none-eabi/5.4.1/../../../../arm-none-eabi/lib/armv6-m\libc.a(lib_a-init.o)
 .bss           0x2000086c        0x0 c:/program files (x86)/gnu tools arm embedded/5.4 2016q2/bin/../lib/gcc/arm-none-eabi/5.4.1/../../../../arm-none-eabi/lib/armv6-m\libc.a(lib_a-memset.o)
 .bss           0x2000086c        0x0 c:/program files (x86)/gnu tools arm embedded/5.4 2016q2/bin/../lib/gcc/arm-none-eabi/5.4.1/../../../../arm-none-eabi/lib/armv6-m\libc.a(lib_a-__call_atexit.o)
 .bss           0x2000086c        0x0 c:/program files (x86)/gnu tools arm embedded/5.4 2016q2/bin/../lib/gcc/arm-none-eabi/5.4.1/../../../../arm-none-eabi/lib/armv6-m\libc.a(lib_a-atexit.o)
 .bss           0x2000086c        0x0 c:/program files (x86)/gnu tools arm embedded/5.4 2016q2/bin/../lib/gcc/arm-none-eabi/5.4.1/../../../../arm-none-eabi/lib/armv6-m\libc.a(lib_a-fini.o)
 .bss           0x2000086c        0x0 c:/program files (x86)/gnu tools arm embedded/5.4 2016q2/bin/../lib/gcc/arm-none-eabi/5.4.1/../../../../arm-none-eabi/lib/armv6-m\libc.a(lib_a-__atexit.o)
 .bss           0x2000086c       0xc8 ./src/debug.o
                0x2000086c                tx_buffer
                0x200008d0                rx_buffer
 .bss           0x20000934      0x3f0 ./src/led_driver.o
                0x20000934                bufferCount
                0x20000938                buffer
                0x20000d20                beaconSet
                0x20000d21                notePressed
                0x20000d22                bufferPosition
                0x20000d23                beaconMask
 .bss           0x20000d24        0x1 ./src/main.o
                0x20000d24                led_updated
 .bss           0x20000d25        0x0 ./src/stm32l0xx_it.o
 .bss           0x20000d25        0x0 ./src/system_stm32l0xx.o
 *fill*         0x20000d25        0x3 
 .bss           0x20000d28        0x5 ./src/timer.o
                0x20000d28                sysTime
                0x20000d2c                update_led
 *fill*         0x20000d2d        0x3 
 .bss           0x20000d30        0x9 ./src/uart.o
                0x20000d30                readPosition
                0x20000d34                lastDataTime
                0x20000d38                currentState
 *fill*         0x20000d39        0x3 
 .bss           0x20000d3c        0x4 ./HAL_Library/stm32l0xx_hal.o
 .bss           0x20000d40        0x0 ./HAL_Library/stm32l0xx_hal_adc.o
 .bss           0x20000d40        0x0 ./HAL_Library/stm32l0xx_hal_adc_ex.o
 .bss           0x20000d40        0x0 ./HAL_Library/stm32l0xx_hal_comp.o
 .bss           0x20000d40        0x0 ./HAL_Library/stm32l0xx_hal_comp_ex.o
 .bss           0x20000d40        0x0 ./HAL_Library/stm32l0xx_hal_cortex.o
 .bss           0x20000d40        0x0 ./HAL_Library/stm32l0xx_hal_crc.o
 .bss           0x20000d40        0x0 ./HAL_Library/stm32l0xx_hal_crc_ex.o
 .bss           0x20000d40        0x0 ./HAL_Library/stm32l0xx_hal_cryp.o
 .bss           0x20000d40        0x0 ./HAL_Library/stm32l0xx_hal_cryp_ex.o
 .bss           0x20000d40        0x0 ./HAL_Library/stm32l0xx_hal_dac.o
 .bss           0x20000d40        0x0 ./HAL_Library/stm32l0xx_hal_dac_ex.o
 .bss           0x20000d40        0x0 ./HAL_Library/stm32l0xx_hal_dma.o
 .bss           0x20000d40        0x0 ./HAL_Library/stm32l0xx_hal_firewall.o
 .bss           0x20000d40        0x0 ./HAL_Library/stm32l0xx_hal_flash.o
 .bss           0x20000d40        0x0 ./HAL_Library/stm32l0xx_hal_flash_ex.o
 .bss           0x20000d40        0x0 ./HAL_Library/stm32l0xx_hal_flash_ramfunc.o
 .bss           0x20000d40        0x0 ./HAL_Library/stm32l0xx_hal_gpio.o
 .bss           0x20000d40        0x0 ./HAL_Library/stm32l0xx_hal_i2c.o
 .bss           0x20000d40        0x0 ./HAL_Library/stm32l0xx_hal_i2c_ex.o
 .bss           0x20000d40        0x0 ./HAL_Library/stm32l0xx_hal_i2s.o
 .bss           0x20000d40        0x0 ./HAL_Library/stm32l0xx_hal_irda.o
 .bss           0x20000d40        0x0 ./HAL_Library/stm32l0xx_hal_iwdg.o
 .bss           0x20000d40        0x0 ./HAL_Library/stm32l0xx_hal_lcd.o
 .bss           0x20000d40        0x0 ./HAL_Library/stm32l0xx_hal_lptim.o
 .bss           0x20000d40        0x0 ./HAL_Library/stm32l0xx_hal_pcd.o
 .bss           0x20000d40        0x0 ./HAL_Library/stm32l0xx_hal_pcd_ex.o
 .bss           0x20000d40        0x0 ./HAL_Library/stm32l0xx_hal_pwr.o
 .bss           0x20000d40        0x0 ./HAL_Library/stm32l0xx_hal_pwr_ex.o
 .bss           0x20000d40        0x0 ./HAL_Library/stm32l0xx_hal_rcc.o
 .bss           0x20000d40        0x0 ./HAL_Library/stm32l0xx_hal_rcc_ex.o
 .bss           0x20000d40        0x0 ./HAL_Library/stm32l0xx_hal_rng.o
 .bss           0x20000d40        0x0 ./HAL_Library/stm32l0xx_hal_rtc.o
 .bss           0x20000d40        0x0 ./HAL_Library/stm32l0xx_hal_rtc_ex.o
 .bss           0x20000d40        0x0 ./HAL_Library/stm32l0xx_hal_smartcard.o
 .bss           0x20000d40        0x0 ./HAL_Library/stm32l0xx_hal_smartcard_ex.o
 .bss           0x20000d40        0x0 ./HAL_Library/stm32l0xx_hal_smbus.o
 .bss           0x20000d40        0x0 ./HAL_Library/stm32l0xx_hal_spi.o
 .bss           0x20000d40        0x0 ./HAL_Library/stm32l0xx_hal_tim.o
 .bss           0x20000d40        0x0 ./HAL_Library/stm32l0xx_hal_tim_ex.o
 .bss           0x20000d40        0x0 ./HAL_Library/stm32l0xx_hal_tsc.o
 .bss           0x20000d40        0x0 ./HAL_Library/stm32l0xx_hal_uart.o
 .bss           0x20000d40        0x0 ./HAL_Library/stm32l0xx_hal_uart_ex.o
 .bss           0x20000d40        0x0 ./HAL_Library/stm32l0xx_hal_usart.o
 .bss           0x20000d40        0x0 ./HAL_Library/stm32l0xx_hal_wwdg.o
 .bss           0x20000d40        0x0 ./startup_stm32l052xx.o
 .bss           0x20000d40        0x0 c:/program files (x86)/gnu tools arm embedded/5.4 2016q2/bin/../lib/gcc/arm-none-eabi/5.4.1/armv6-m\libgcc.a(_udivsi3.o)
 .bss           0x20000d40        0x0 c:/program files (x86)/gnu tools arm embedded/5.4 2016q2/bin/../lib/gcc/arm-none-eabi/5.4.1/armv6-m\libgcc.a(_divsi3.o)
 .bss           0x20000d40        0x0 c:/program files (x86)/gnu tools arm embedded/5.4 2016q2/bin/../lib/gcc/arm-none-eabi/5.4.1/armv6-m\libgcc.a(_dvmd_tls.o)
 .bss           0x20000d40        0x0 c:/program files (x86)/gnu tools arm embedded/5.4 2016q2/bin/../lib/gcc/arm-none-eabi/5.4.1/../../../../arm-none-eabi/lib/armv6-m\libc.a(lib_a-malloc.o)
 .bss           0x20000d40        0x0 c:/program files (x86)/gnu tools arm embedded/5.4 2016q2/bin/../lib/gcc/arm-none-eabi/5.4.1/../../../../arm-none-eabi/lib/armv6-m\libc.a(lib_a-mallocr.o)
 .bss           0x20000d40        0x0 c:/program files (x86)/gnu tools arm embedded/5.4 2016q2/bin/../lib/gcc/arm-none-eabi/5.4.1/../../../../arm-none-eabi/lib/armv6-m\libc.a(lib_a-mlock.o)
 .bss           0x20000d40        0x0 c:/program files (x86)/gnu tools arm embedded/5.4 2016q2/bin/../lib/gcc/arm-none-eabi/5.4.1/../../../../arm-none-eabi/lib/armv6-m\libc.a(lib_a-sbrkr.o)
 .bss           0x20000d40        0x0 c:/program files (x86)/gnu tools arm embedded/5.4 2016q2/bin/../lib/gcc/arm-none-eabi/5.4.1/../../../../arm-none-eabi/lib/armv6-m\libc.a(lib_a-freer.o)
 .bss           0x20000d40        0x0 c:/program files (x86)/gnu tools arm embedded/5.4 2016q2/bin/../lib/gcc/arm-none-eabi/5.4.1/../../../../arm-none-eabi/lib/armv6-m\libc.a(lib_a-reent.o)
 .bss           0x20000d40        0x0 c:/program files (x86)/gnu tools arm embedded/5.4 2016q2/bin/../lib/gcc/arm-none-eabi/5.4.1/../../../../arm-none-eabi/lib/armv6-m\libnosys.a(sbrk.o)
 .bss           0x20000d40        0x0 c:/program files (x86)/gnu tools arm embedded/5.4 2016q2/bin/../lib/gcc/arm-none-eabi/5.4.1/../../../../arm-none-eabi/lib/armv6-m\libnosys.a(_exit.o)
 .bss           0x20000d40        0x0 c:/program files (x86)/gnu tools arm embedded/5.4 2016q2/bin/../lib/gcc/arm-none-eabi/5.4.1/armv6-m/crtend.o
 .bss           0x20000d40        0x0 c:/program files (x86)/gnu tools arm embedded/5.4 2016q2/bin/../lib/gcc/arm-none-eabi/5.4.1/armv6-m/crtn.o
 *(.bss*)
 .bss.__malloc_max_total_mem
                0x20000d40        0x4 c:/program files (x86)/gnu tools arm embedded/5.4 2016q2/bin/../lib/gcc/arm-none-eabi/5.4.1/../../../../arm-none-eabi/lib/armv6-m\libc.a(lib_a-mallocr.o)
                0x20000d40                __malloc_max_total_mem
 .bss.__malloc_max_sbrked_mem
                0x20000d44        0x4 c:/program files (x86)/gnu tools arm embedded/5.4 2016q2/bin/../lib/gcc/arm-none-eabi/5.4.1/../../../../arm-none-eabi/lib/armv6-m\libc.a(lib_a-mallocr.o)
                0x20000d44                __malloc_max_sbrked_mem
 .bss.__malloc_top_pad
                0x20000d48        0x4 c:/program files (x86)/gnu tools arm embedded/5.4 2016q2/bin/../lib/gcc/arm-none-eabi/5.4.1/../../../../arm-none-eabi/lib/armv6-m\libc.a(lib_a-mallocr.o)
                0x20000d48                __malloc_top_pad
 .bss.__malloc_current_mallinfo
                0x20000d4c       0x28 c:/program files (x86)/gnu tools arm embedded/5.4 2016q2/bin/../lib/gcc/arm-none-eabi/5.4.1/../../../../arm-none-eabi/lib/armv6-m\libc.a(lib_a-mallocr.o)
                0x20000d4c                __malloc_current_mallinfo
 .bss.heap_end.4167
                0x20000d74        0x4 c:/program files (x86)/gnu tools arm embedded/5.4 2016q2/bin/../lib/gcc/arm-none-eabi/5.4.1/../../../../arm-none-eabi/lib/armv6-m\libnosys.a(sbrk.o)
 *(COMMON)
 COMMON         0x20000d78       0xc0 ./src/debug.o
                0x20000d78                DMA_RX_Handle
                0x20000db4                DMA_TX_Handle
                0x20000df0                USART_Handle
 COMMON         0x20000e38      0x358 ./src/led_driver.o
                0x20000e38                ledStrip
                0x20001158                beaconBlueStep
                0x20001159                beaconRedStep
                0x2000115c                targetColour
                0x20001160                targetColourDefault
                0x20001164                beaconGreenStep
                0x20001168                colour_lookup
                0x20001188                beaconBackground
                0x2000118c                beaconColour
 COMMON         0x20001190        0x0 ./src/main.o
 COMMON         0x20001190       0x3c ./src/timer.o
                0x20001190                timHandle
                0x200011c8                timerHandler
 COMMON         0x200011cc       0x94 ./src/uart.o
                0x200011cc                currentFunc
                0x200011d8                rxBuffer
                0x20001258                longCmdHandler
                0x2000125c                shortCmdHandler
 COMMON         0x20001260       0x18 ./HAL_Library/stm32l0xx_hal_flash.o
                0x20001260                ProcFlash
 COMMON         0x20001278        0x4 c:/program files (x86)/gnu tools arm embedded/5.4 2016q2/bin/../lib/gcc/arm-none-eabi/5.4.1/../../../../arm-none-eabi/lib/armv6-m\libc.a(lib_a-reent.o)
                0x20001278                errno
                0x2000127c                . = ALIGN (0x4)
                0x2000127c                _ebss = .
                0x2000127c                __bss_end__ = _ebss

._user_heap_stack
                0x2000127c      0x400 load address 0x0800809c
                0x2000127c                . = ALIGN (0x4)
                0x2000127c                PROVIDE (end, .)
                [!provide]                PROVIDE (_end, .)
                0x2000147c                . = (. + _Min_Heap_Size)
 *fill*         0x2000127c      0x200 
                0x2000167c                . = (. + _Min_Stack_Size)
 *fill*         0x2000147c      0x200 
                0x2000167c                . = ALIGN (0x4)

/DISCARD/
 libc.a(*)
 libm.a(*)
 libgcc.a(*)

.ARM.attributes
                0x00000000       0x28
 *(.ARM.attributes)
 .ARM.attributes
                0x00000000       0x1e c:/program files (x86)/gnu tools arm embedded/5.4 2016q2/bin/../lib/gcc/arm-none-eabi/5.4.1/armv6-m/crti.o
 .ARM.attributes
                0x0000001e       0x2c c:/program files (x86)/gnu tools arm embedded/5.4 2016q2/bin/../lib/gcc/arm-none-eabi/5.4.1/armv6-m/crtbegin.o
 .ARM.attributes
                0x0000004a       0x1b c:/program files (x86)/gnu tools arm embedded/5.4 2016q2/bin/../lib/gcc/arm-none-eabi/5.4.1/../../../../arm-none-eabi/lib/armv6-m/crt0.o
 .ARM.attributes
                0x00000065       0x2c c:/program files (x86)/gnu tools arm embedded/5.4 2016q2/bin/../lib/gcc/arm-none-eabi/5.4.1/../../../../arm-none-eabi/lib/armv6-m\libc.a(lib_a-exit.o)
 .ARM.attributes
                0x00000091       0x2c c:/program files (x86)/gnu tools arm embedded/5.4 2016q2/bin/../lib/gcc/arm-none-eabi/5.4.1/../../../../arm-none-eabi/lib/armv6-m\libc.a(lib_a-impure.o)
 .ARM.attributes
                0x000000bd       0x2c c:/program files (x86)/gnu tools arm embedded/5.4 2016q2/bin/../lib/gcc/arm-none-eabi/5.4.1/../../../../arm-none-eabi/lib/armv6-m\libc.a(lib_a-init.o)
 .ARM.attributes
                0x000000e9       0x2c c:/program files (x86)/gnu tools arm embedded/5.4 2016q2/bin/../lib/gcc/arm-none-eabi/5.4.1/../../../../arm-none-eabi/lib/armv6-m\libc.a(lib_a-memset.o)
 .ARM.attributes
                0x00000115       0x2c c:/program files (x86)/gnu tools arm embedded/5.4 2016q2/bin/../lib/gcc/arm-none-eabi/5.4.1/../../../../arm-none-eabi/lib/armv6-m\libc.a(lib_a-__call_atexit.o)
 .ARM.attributes
                0x00000141       0x2c c:/program files (x86)/gnu tools arm embedded/5.4 2016q2/bin/../lib/gcc/arm-none-eabi/5.4.1/../../../../arm-none-eabi/lib/armv6-m\libc.a(lib_a-atexit.o)
 .ARM.attributes
                0x0000016d       0x2c c:/program files (x86)/gnu tools arm embedded/5.4 2016q2/bin/../lib/gcc/arm-none-eabi/5.4.1/../../../../arm-none-eabi/lib/armv6-m\libc.a(lib_a-fini.o)
 .ARM.attributes
                0x00000199       0x2c c:/program files (x86)/gnu tools arm embedded/5.4 2016q2/bin/../lib/gcc/arm-none-eabi/5.4.1/../../../../arm-none-eabi/lib/armv6-m\libc.a(lib_a-__atexit.o)
 .ARM.attributes
                0x000001c5       0x32 ./src/debug.o
 .ARM.attributes
                0x000001f7       0x32 ./src/led_driver.o
 .ARM.attributes
                0x00000229       0x32 ./src/main.o
 .ARM.attributes
                0x0000025b       0x32 ./src/stm32l0xx_it.o
 .ARM.attributes
                0x0000028d       0x32 ./src/system_stm32l0xx.o
 .ARM.attributes
                0x000002bf       0x32 ./src/timer.o
 .ARM.attributes
                0x000002f1       0x32 ./src/uart.o
 .ARM.attributes
                0x00000323       0x32 ./HAL_Library/stm32l0xx_hal.o
 .ARM.attributes
                0x00000355       0x32 ./HAL_Library/stm32l0xx_hal_adc.o
 .ARM.attributes
                0x00000387       0x32 ./HAL_Library/stm32l0xx_hal_adc_ex.o
 .ARM.attributes
                0x000003b9       0x32 ./HAL_Library/stm32l0xx_hal_comp.o
 .ARM.attributes
                0x000003eb       0x32 ./HAL_Library/stm32l0xx_hal_comp_ex.o
 .ARM.attributes
                0x0000041d       0x32 ./HAL_Library/stm32l0xx_hal_cortex.o
 .ARM.attributes
                0x0000044f       0x32 ./HAL_Library/stm32l0xx_hal_crc.o
 .ARM.attributes
                0x00000481       0x32 ./HAL_Library/stm32l0xx_hal_crc_ex.o
 .ARM.attributes
                0x000004b3       0x32 ./HAL_Library/stm32l0xx_hal_cryp.o
 .ARM.attributes
                0x000004e5       0x32 ./HAL_Library/stm32l0xx_hal_cryp_ex.o
 .ARM.attributes
                0x00000517       0x32 ./HAL_Library/stm32l0xx_hal_dac.o
 .ARM.attributes
                0x00000549       0x32 ./HAL_Library/stm32l0xx_hal_dac_ex.o
 .ARM.attributes
                0x0000057b       0x32 ./HAL_Library/stm32l0xx_hal_dma.o
 .ARM.attributes
                0x000005ad       0x32 ./HAL_Library/stm32l0xx_hal_firewall.o
 .ARM.attributes
                0x000005df       0x32 ./HAL_Library/stm32l0xx_hal_flash.o
 .ARM.attributes
                0x00000611       0x32 ./HAL_Library/stm32l0xx_hal_flash_ex.o
 .ARM.attributes
                0x00000643       0x32 ./HAL_Library/stm32l0xx_hal_flash_ramfunc.o
 .ARM.attributes
                0x00000675       0x32 ./HAL_Library/stm32l0xx_hal_gpio.o
 .ARM.attributes
                0x000006a7       0x32 ./HAL_Library/stm32l0xx_hal_i2c.o
 .ARM.attributes
                0x000006d9       0x32 ./HAL_Library/stm32l0xx_hal_i2c_ex.o
 .ARM.attributes
                0x0000070b       0x32 ./HAL_Library/stm32l0xx_hal_i2s.o
 .ARM.attributes
                0x0000073d       0x32 ./HAL_Library/stm32l0xx_hal_irda.o
 .ARM.attributes
                0x0000076f       0x32 ./HAL_Library/stm32l0xx_hal_iwdg.o
 .ARM.attributes
                0x000007a1       0x32 ./HAL_Library/stm32l0xx_hal_lcd.o
 .ARM.attributes
                0x000007d3       0x32 ./HAL_Library/stm32l0xx_hal_lptim.o
 .ARM.attributes
                0x00000805       0x32 ./HAL_Library/stm32l0xx_hal_pcd.o
 .ARM.attributes
                0x00000837       0x32 ./HAL_Library/stm32l0xx_hal_pcd_ex.o
 .ARM.attributes
                0x00000869       0x32 ./HAL_Library/stm32l0xx_hal_pwr.o
 .ARM.attributes
                0x0000089b       0x32 ./HAL_Library/stm32l0xx_hal_pwr_ex.o
 .ARM.attributes
                0x000008cd       0x32 ./HAL_Library/stm32l0xx_hal_rcc.o
 .ARM.attributes
                0x000008ff       0x32 ./HAL_Library/stm32l0xx_hal_rcc_ex.o
 .ARM.attributes
                0x00000931       0x32 ./HAL_Library/stm32l0xx_hal_rng.o
 .ARM.attributes
                0x00000963       0x32 ./HAL_Library/stm32l0xx_hal_rtc.o
 .ARM.attributes
                0x00000995       0x32 ./HAL_Library/stm32l0xx_hal_rtc_ex.o
 .ARM.attributes
                0x000009c7       0x32 ./HAL_Library/stm32l0xx_hal_smartcard.o
 .ARM.attributes
                0x000009f9       0x32 ./HAL_Library/stm32l0xx_hal_smartcard_ex.o
 .ARM.attributes
                0x00000a2b       0x32 ./HAL_Library/stm32l0xx_hal_smbus.o
 .ARM.attributes
                0x00000a5d       0x32 ./HAL_Library/stm32l0xx_hal_spi.o
 .ARM.attributes
                0x00000a8f       0x32 ./HAL_Library/stm32l0xx_hal_tim.o
 .ARM.attributes
                0x00000ac1       0x32 ./HAL_Library/stm32l0xx_hal_tim_ex.o
 .ARM.attributes
                0x00000af3       0x32 ./HAL_Library/stm32l0xx_hal_tsc.o
 .ARM.attributes
                0x00000b25       0x32 ./HAL_Library/stm32l0xx_hal_uart.o
 .ARM.attributes
                0x00000b57       0x32 ./HAL_Library/stm32l0xx_hal_uart_ex.o
 .ARM.attributes
                0x00000b89       0x32 ./HAL_Library/stm32l0xx_hal_usart.o
 .ARM.attributes
                0x00000bbb       0x32 ./HAL_Library/stm32l0xx_hal_wwdg.o
 .ARM.attributes
                0x00000bed       0x22 ./startup_stm32l052xx.o
 .ARM.attributes
                0x00000c0f       0x1e c:/program files (x86)/gnu tools arm embedded/5.4 2016q2/bin/../lib/gcc/arm-none-eabi/5.4.1/armv6-m\libgcc.a(_udivsi3.o)
 .ARM.attributes
                0x00000c2d       0x1e c:/program files (x86)/gnu tools arm embedded/5.4 2016q2/bin/../lib/gcc/arm-none-eabi/5.4.1/armv6-m\libgcc.a(_divsi3.o)
 .ARM.attributes
                0x00000c4b       0x1e c:/program files (x86)/gnu tools arm embedded/5.4 2016q2/bin/../lib/gcc/arm-none-eabi/5.4.1/armv6-m\libgcc.a(_dvmd_tls.o)
 .ARM.attributes
                0x00000c69       0x2c c:/program files (x86)/gnu tools arm embedded/5.4 2016q2/bin/../lib/gcc/arm-none-eabi/5.4.1/../../../../arm-none-eabi/lib/armv6-m\libc.a(lib_a-malloc.o)
 .ARM.attributes
                0x00000c95       0x2c c:/program files (x86)/gnu tools arm embedded/5.4 2016q2/bin/../lib/gcc/arm-none-eabi/5.4.1/../../../../arm-none-eabi/lib/armv6-m\libc.a(lib_a-mallocr.o)
 .ARM.attributes
                0x00000cc1       0x2c c:/program files (x86)/gnu tools arm embedded/5.4 2016q2/bin/../lib/gcc/arm-none-eabi/5.4.1/../../../../arm-none-eabi/lib/armv6-m\libc.a(lib_a-mlock.o)
 .ARM.attributes
                0x00000ced       0x2c c:/program files (x86)/gnu tools arm embedded/5.4 2016q2/bin/../lib/gcc/arm-none-eabi/5.4.1/../../../../arm-none-eabi/lib/armv6-m\libc.a(lib_a-sbrkr.o)
 .ARM.attributes
                0x00000d19       0x2c c:/program files (x86)/gnu tools arm embedded/5.4 2016q2/bin/../lib/gcc/arm-none-eabi/5.4.1/../../../../arm-none-eabi/lib/armv6-m\libc.a(lib_a-freer.o)
 .ARM.attributes
                0x00000d45       0x2c c:/program files (x86)/gnu tools arm embedded/5.4 2016q2/bin/../lib/gcc/arm-none-eabi/5.4.1/../../../../arm-none-eabi/lib/armv6-m\libc.a(lib_a-reent.o)
 .ARM.attributes
                0x00000d71       0x2c c:/program files (x86)/gnu tools arm embedded/5.4 2016q2/bin/../lib/gcc/arm-none-eabi/5.4.1/../../../../arm-none-eabi/lib/armv6-m\libnosys.a(sbrk.o)
 .ARM.attributes
                0x00000d9d       0x2c c:/program files (x86)/gnu tools arm embedded/5.4 2016q2/bin/../lib/gcc/arm-none-eabi/5.4.1/../../../../arm-none-eabi/lib/armv6-m\libnosys.a(_exit.o)
 .ARM.attributes
                0x00000dc9       0x2c c:/program files (x86)/gnu tools arm embedded/5.4 2016q2/bin/../lib/gcc/arm-none-eabi/5.4.1/armv6-m/crtend.o
 .ARM.attributes
                0x00000df5       0x1e c:/program files (x86)/gnu tools arm embedded/5.4 2016q2/bin/../lib/gcc/arm-none-eabi/5.4.1/armv6-m/crtn.o
OUTPUT(ledStripController.elf elf32-littlearm)

.debug_frame    0x00000000     0x1f80
 .debug_frame   0x00000000       0x28 c:/program files (x86)/gnu tools arm embedded/5.4 2016q2/bin/../lib/gcc/arm-none-eabi/5.4.1/../../../../arm-none-eabi/lib/armv6-m\libc.a(lib_a-exit.o)
 .debug_frame   0x00000028       0x2c c:/program files (x86)/gnu tools arm embedded/5.4 2016q2/bin/../lib/gcc/arm-none-eabi/5.4.1/../../../../arm-none-eabi/lib/armv6-m\libc.a(lib_a-init.o)
 .debug_frame   0x00000054       0x2c c:/program files (x86)/gnu tools arm embedded/5.4 2016q2/bin/../lib/gcc/arm-none-eabi/5.4.1/../../../../arm-none-eabi/lib/armv6-m\libc.a(lib_a-memset.o)
 .debug_frame   0x00000080       0x54 c:/program files (x86)/gnu tools arm embedded/5.4 2016q2/bin/../lib/gcc/arm-none-eabi/5.4.1/../../../../arm-none-eabi/lib/armv6-m\libc.a(lib_a-__call_atexit.o)
 .debug_frame   0x000000d4       0x28 c:/program files (x86)/gnu tools arm embedded/5.4 2016q2/bin/../lib/gcc/arm-none-eabi/5.4.1/../../../../arm-none-eabi/lib/armv6-m\libc.a(lib_a-atexit.o)
 .debug_frame   0x000000fc       0x2c c:/program files (x86)/gnu tools arm embedded/5.4 2016q2/bin/../lib/gcc/arm-none-eabi/5.4.1/../../../../arm-none-eabi/lib/armv6-m\libc.a(lib_a-fini.o)
 .debug_frame   0x00000128       0x3c c:/program files (x86)/gnu tools arm embedded/5.4 2016q2/bin/../lib/gcc/arm-none-eabi/5.4.1/../../../../arm-none-eabi/lib/armv6-m\libc.a(lib_a-__atexit.o)
 .debug_frame   0x00000164       0x50 ./src/debug.o
 .debug_frame   0x000001b4      0x1ac ./src/led_driver.o
 .debug_frame   0x00000360       0xac ./src/main.o
 .debug_frame   0x0000040c       0x20 ./src/stm32l0xx_it.o
 .debug_frame   0x0000042c       0x38 ./src/system_stm32l0xx.o
 .debug_frame   0x00000464       0xc8 ./src/timer.o
 .debug_frame   0x0000052c       0x7c ./src/uart.o
 .debug_frame   0x000005a8      0x1e4 ./HAL_Library/stm32l0xx_hal.o
 .debug_frame   0x0000078c       0xf4 ./HAL_Library/stm32l0xx_hal_cortex.o
 .debug_frame   0x00000880       0xf8 ./HAL_Library/stm32l0xx_hal_dma.o
 .debug_frame   0x00000978      0x138 ./HAL_Library/stm32l0xx_hal_flash.o
 .debug_frame   0x00000ab0      0x19c ./HAL_Library/stm32l0xx_hal_flash_ex.o
 .debug_frame   0x00000c4c       0x6c ./HAL_Library/stm32l0xx_hal_flash_ramfunc.o
 .debug_frame   0x00000cb8       0xd4 ./HAL_Library/stm32l0xx_hal_gpio.o
 .debug_frame   0x00000d8c      0x13c ./HAL_Library/stm32l0xx_hal_pwr.o
 .debug_frame   0x00000ec8       0x78 ./HAL_Library/stm32l0xx_hal_pwr_ex.o
 .debug_frame   0x00000f40      0x158 ./HAL_Library/stm32l0xx_hal_rcc.o
 .debug_frame   0x00001098      0x140 ./HAL_Library/stm32l0xx_hal_rcc_ex.o
 .debug_frame   0x000011d8      0x844 ./HAL_Library/stm32l0xx_hal_tim.o
 .debug_frame   0x00001a1c       0x44 ./HAL_Library/stm32l0xx_hal_tim_ex.o
 .debug_frame   0x00001a60      0x32c ./HAL_Library/stm32l0xx_hal_usart.o
 .debug_frame   0x00001d8c       0x20 c:/program files (x86)/gnu tools arm embedded/5.4 2016q2/bin/../lib/gcc/arm-none-eabi/5.4.1/armv6-m\libgcc.a(_udivsi3.o)
 .debug_frame   0x00001dac       0x20 c:/program files (x86)/gnu tools arm embedded/5.4 2016q2/bin/../lib/gcc/arm-none-eabi/5.4.1/armv6-m\libgcc.a(_divsi3.o)
 .debug_frame   0x00001dcc       0x40 c:/program files (x86)/gnu tools arm embedded/5.4 2016q2/bin/../lib/gcc/arm-none-eabi/5.4.1/../../../../arm-none-eabi/lib/armv6-m\libc.a(lib_a-malloc.o)
 .debug_frame   0x00001e0c       0x3c c:/program files (x86)/gnu tools arm embedded/5.4 2016q2/bin/../lib/gcc/arm-none-eabi/5.4.1/../../../../arm-none-eabi/lib/armv6-m\libc.a(lib_a-mallocr.o)
 .debug_frame   0x00001e48       0x30 c:/program files (x86)/gnu tools arm embedded/5.4 2016q2/bin/../lib/gcc/arm-none-eabi/5.4.1/../../../../arm-none-eabi/lib/armv6-m\libc.a(lib_a-mlock.o)
 .debug_frame   0x00001e78       0x2c c:/program files (x86)/gnu tools arm embedded/5.4 2016q2/bin/../lib/gcc/arm-none-eabi/5.4.1/../../../../arm-none-eabi/lib/armv6-m\libc.a(lib_a-sbrkr.o)
 .debug_frame   0x00001ea4       0x54 c:/program files (x86)/gnu tools arm embedded/5.4 2016q2/bin/../lib/gcc/arm-none-eabi/5.4.1/../../../../arm-none-eabi/lib/armv6-m\libc.a(lib_a-freer.o)
 .debug_frame   0x00001ef8       0x48 c:/program files (x86)/gnu tools arm embedded/5.4 2016q2/bin/../lib/gcc/arm-none-eabi/5.4.1/../../../../arm-none-eabi/lib/armv6-m\libc.a(lib_a-reent.o)
 .debug_frame   0x00001f40       0x20 c:/program files (x86)/gnu tools arm embedded/5.4 2016q2/bin/../lib/gcc/arm-none-eabi/5.4.1/../../../../arm-none-eabi/lib/armv6-m\libnosys.a(sbrk.o)
 .debug_frame   0x00001f60       0x20 c:/program files (x86)/gnu tools arm embedded/5.4 2016q2/bin/../lib/gcc/arm-none-eabi/5.4.1/../../../../arm-none-eabi/lib/armv6-m\libnosys.a(_exit.o)

.debug_info     0x00000000     0xd411
 .debug_info    0x00000000      0x7b7 ./src/debug.o
 .debug_info    0x000007b7      0xac9 ./src/led_driver.o
 .debug_info    0x00001280      0x9df ./src/main.o
 .debug_info    0x00001c5f       0x8b ./src/stm32l0xx_it.o
 .debug_info    0x00001cea      0x343 ./src/system_stm32l0xx.o
 .debug_info    0x0000202d      0xde0 ./src/timer.o
 .debug_info    0x00002e0d      0x813 ./src/uart.o
 .debug_info    0x00003620      0x6cb ./HAL_Library/stm32l0xx_hal.o
 .debug_info    0x00003ceb       0x72 ./HAL_Library/stm32l0xx_hal_adc.o
 .debug_info    0x00003d5d       0x72 ./HAL_Library/stm32l0xx_hal_adc_ex.o
 .debug_info    0x00003dcf       0x72 ./HAL_Library/stm32l0xx_hal_comp.o
 .debug_info    0x00003e41       0x72 ./HAL_Library/stm32l0xx_hal_comp_ex.o
 .debug_info    0x00003eb3      0x8c6 ./HAL_Library/stm32l0xx_hal_cortex.o
 .debug_info    0x00004779       0x72 ./HAL_Library/stm32l0xx_hal_crc.o
 .debug_info    0x000047eb       0x72 ./HAL_Library/stm32l0xx_hal_crc_ex.o
 .debug_info    0x0000485d       0x72 ./HAL_Library/stm32l0xx_hal_dac.o
 .debug_info    0x000048cf       0x72 ./HAL_Library/stm32l0xx_hal_dac_ex.o
 .debug_info    0x00004941      0x648 ./HAL_Library/stm32l0xx_hal_dma.o
 .debug_info    0x00004f89       0x72 ./HAL_Library/stm32l0xx_hal_firewall.o
 .debug_info    0x00004ffb      0x573 ./HAL_Library/stm32l0xx_hal_flash.o
 .debug_info    0x0000556e      0xb9e ./HAL_Library/stm32l0xx_hal_flash_ex.o
 .debug_info    0x0000610c      0x381 ./HAL_Library/stm32l0xx_hal_flash_ramfunc.o
 .debug_info    0x0000648d      0x642 ./HAL_Library/stm32l0xx_hal_gpio.o
 .debug_info    0x00006acf       0x72 ./HAL_Library/stm32l0xx_hal_i2c.o
 .debug_info    0x00006b41       0x72 ./HAL_Library/stm32l0xx_hal_i2c_ex.o
 .debug_info    0x00006bb3       0x72 ./HAL_Library/stm32l0xx_hal_i2s.o
 .debug_info    0x00006c25       0x72 ./HAL_Library/stm32l0xx_hal_irda.o
 .debug_info    0x00006c97       0x72 ./HAL_Library/stm32l0xx_hal_iwdg.o
 .debug_info    0x00006d09       0x72 ./HAL_Library/stm32l0xx_hal_lcd.o
 .debug_info    0x00006d7b       0x72 ./HAL_Library/stm32l0xx_hal_lptim.o
 .debug_info    0x00006ded       0x72 ./HAL_Library/stm32l0xx_hal_pcd.o
 .debug_info    0x00006e5f       0x72 ./HAL_Library/stm32l0xx_hal_pcd_ex.o
 .debug_info    0x00006ed1      0x5e3 ./HAL_Library/stm32l0xx_hal_pwr.o
 .debug_info    0x000074b4      0x196 ./HAL_Library/stm32l0xx_hal_pwr_ex.o
 .debug_info    0x0000764a      0xb03 ./HAL_Library/stm32l0xx_hal_rcc.o
 .debug_info    0x0000814d      0x785 ./HAL_Library/stm32l0xx_hal_rcc_ex.o
 .debug_info    0x000088d2       0x72 ./HAL_Library/stm32l0xx_hal_rng.o
 .debug_info    0x00008944       0x72 ./HAL_Library/stm32l0xx_hal_rtc.o
 .debug_info    0x000089b6       0x72 ./HAL_Library/stm32l0xx_hal_rtc_ex.o
 .debug_info    0x00008a28       0x72 ./HAL_Library/stm32l0xx_hal_smartcard.o
 .debug_info    0x00008a9a       0x72 ./HAL_Library/stm32l0xx_hal_smartcard_ex.o
 .debug_info    0x00008b0c       0x72 ./HAL_Library/stm32l0xx_hal_smbus.o
 .debug_info    0x00008b7e       0x72 ./HAL_Library/stm32l0xx_hal_spi.o
 .debug_info    0x00008bf0     0x2ecc ./HAL_Library/stm32l0xx_hal_tim.o
 .debug_info    0x0000babc      0x58a ./HAL_Library/stm32l0xx_hal_tim_ex.o
 .debug_info    0x0000c046       0x72 ./HAL_Library/stm32l0xx_hal_tsc.o
 .debug_info    0x0000c0b8       0x72 ./HAL_Library/stm32l0xx_hal_uart.o
 .debug_info    0x0000c12a       0x72 ./HAL_Library/stm32l0xx_hal_uart_ex.o
 .debug_info    0x0000c19c     0x1203 ./HAL_Library/stm32l0xx_hal_usart.o
 .debug_info    0x0000d39f       0x72 ./HAL_Library/stm32l0xx_hal_wwdg.o

.debug_abbrev   0x00000000     0x2fd9
 .debug_abbrev  0x00000000      0x186 ./src/debug.o
 .debug_abbrev  0x00000186      0x34a ./src/led_driver.o
 .debug_abbrev  0x000004d0      0x26b ./src/main.o
 .debug_abbrev  0x0000073b       0x45 ./src/stm32l0xx_it.o
 .debug_abbrev  0x00000780       0xf0 ./src/system_stm32l0xx.o
 .debug_abbrev  0x00000870      0x308 ./src/timer.o
 .debug_abbrev  0x00000b78      0x284 ./src/uart.o
 .debug_abbrev  0x00000dfc      0x214 ./HAL_Library/stm32l0xx_hal.o
 .debug_abbrev  0x00001010       0x26 ./HAL_Library/stm32l0xx_hal_adc.o
 .debug_abbrev  0x00001036       0x26 ./HAL_Library/stm32l0xx_hal_adc_ex.o
 .debug_abbrev  0x0000105c       0x26 ./HAL_Library/stm32l0xx_hal_comp.o
 .debug_abbrev  0x00001082       0x26 ./HAL_Library/stm32l0xx_hal_comp_ex.o
 .debug_abbrev  0x000010a8      0x28f ./HAL_Library/stm32l0xx_hal_cortex.o
 .debug_abbrev  0x00001337       0x26 ./HAL_Library/stm32l0xx_hal_crc.o
 .debug_abbrev  0x0000135d       0x26 ./HAL_Library/stm32l0xx_hal_crc_ex.o
 .debug_abbrev  0x00001383       0x26 ./HAL_Library/stm32l0xx_hal_dac.o
 .debug_abbrev  0x000013a9       0x26 ./HAL_Library/stm32l0xx_hal_dac_ex.o
 .debug_abbrev  0x000013cf      0x1f1 ./HAL_Library/stm32l0xx_hal_dma.o
 .debug_abbrev  0x000015c0       0x26 ./HAL_Library/stm32l0xx_hal_firewall.o
 .debug_abbrev  0x000015e6      0x25e ./HAL_Library/stm32l0xx_hal_flash.o
 .debug_abbrev  0x00001844      0x298 ./HAL_Library/stm32l0xx_hal_flash_ex.o
 .debug_abbrev  0x00001adc      0x1ac ./HAL_Library/stm32l0xx_hal_flash_ramfunc.o
 .debug_abbrev  0x00001c88      0x1c8 ./HAL_Library/stm32l0xx_hal_gpio.o
 .debug_abbrev  0x00001e50       0x26 ./HAL_Library/stm32l0xx_hal_i2c.o
 .debug_abbrev  0x00001e76       0x26 ./HAL_Library/stm32l0xx_hal_i2c_ex.o
 .debug_abbrev  0x00001e9c       0x26 ./HAL_Library/stm32l0xx_hal_i2s.o
 .debug_abbrev  0x00001ec2       0x26 ./HAL_Library/stm32l0xx_hal_irda.o
 .debug_abbrev  0x00001ee8       0x26 ./HAL_Library/stm32l0xx_hal_iwdg.o
 .debug_abbrev  0x00001f0e       0x26 ./HAL_Library/stm32l0xx_hal_lcd.o
 .debug_abbrev  0x00001f34       0x26 ./HAL_Library/stm32l0xx_hal_lptim.o
 .debug_abbrev  0x00001f5a       0x26 ./HAL_Library/stm32l0xx_hal_pcd.o
 .debug_abbrev  0x00001f80       0x26 ./HAL_Library/stm32l0xx_hal_pcd_ex.o
 .debug_abbrev  0x00001fa6      0x18d ./HAL_Library/stm32l0xx_hal_pwr.o
 .debug_abbrev  0x00002133       0xdc ./HAL_Library/stm32l0xx_hal_pwr_ex.o
 .debug_abbrev  0x0000220f      0x2ba ./HAL_Library/stm32l0xx_hal_rcc.o
 .debug_abbrev  0x000024c9      0x20b ./HAL_Library/stm32l0xx_hal_rcc_ex.o
 .debug_abbrev  0x000026d4       0x26 ./HAL_Library/stm32l0xx_hal_rng.o
 .debug_abbrev  0x000026fa       0x26 ./HAL_Library/stm32l0xx_hal_rtc.o
 .debug_abbrev  0x00002720       0x26 ./HAL_Library/stm32l0xx_hal_rtc_ex.o
 .debug_abbrev  0x00002746       0x26 ./HAL_Library/stm32l0xx_hal_smartcard.o
 .debug_abbrev  0x0000276c       0x26 ./HAL_Library/stm32l0xx_hal_smartcard_ex.o
 .debug_abbrev  0x00002792       0x26 ./HAL_Library/stm32l0xx_hal_smbus.o
 .debug_abbrev  0x000027b8       0x26 ./HAL_Library/stm32l0xx_hal_spi.o
 .debug_abbrev  0x000027de      0x31b ./HAL_Library/stm32l0xx_hal_tim.o
 .debug_abbrev  0x00002af9      0x15d ./HAL_Library/stm32l0xx_hal_tim_ex.o
 .debug_abbrev  0x00002c56       0x26 ./HAL_Library/stm32l0xx_hal_tsc.o
 .debug_abbrev  0x00002c7c       0x26 ./HAL_Library/stm32l0xx_hal_uart.o
 .debug_abbrev  0x00002ca2       0x26 ./HAL_Library/stm32l0xx_hal_uart_ex.o
 .debug_abbrev  0x00002cc8      0x2eb ./HAL_Library/stm32l0xx_hal_usart.o
 .debug_abbrev  0x00002fb3       0x26 ./HAL_Library/stm32l0xx_hal_wwdg.o

.debug_aranges  0x00000000      0x580
 .debug_aranges
                0x00000000       0x20 ./src/debug.o
 .debug_aranges
                0x00000020       0x20 ./src/led_driver.o
 .debug_aranges
                0x00000040       0x28 ./src/main.o
 .debug_aranges
                0x00000068       0x20 ./src/stm32l0xx_it.o
 .debug_aranges
                0x00000088       0x20 ./src/system_stm32l0xx.o
 .debug_aranges
                0x000000a8       0x20 ./src/timer.o
 .debug_aranges
                0x000000c8       0x20 ./src/uart.o
 .debug_aranges
                0x000000e8       0x20 ./HAL_Library/stm32l0xx_hal.o
 .debug_aranges
                0x00000108       0x18 ./HAL_Library/stm32l0xx_hal_adc.o
 .debug_aranges
                0x00000120       0x18 ./HAL_Library/stm32l0xx_hal_adc_ex.o
 .debug_aranges
                0x00000138       0x18 ./HAL_Library/stm32l0xx_hal_comp.o
 .debug_aranges
                0x00000150       0x18 ./HAL_Library/stm32l0xx_hal_comp_ex.o
 .debug_aranges
                0x00000168       0x20 ./HAL_Library/stm32l0xx_hal_cortex.o
 .debug_aranges
                0x00000188       0x18 ./HAL_Library/stm32l0xx_hal_crc.o
 .debug_aranges
                0x000001a0       0x18 ./HAL_Library/stm32l0xx_hal_crc_ex.o
 .debug_aranges
                0x000001b8       0x18 ./HAL_Library/stm32l0xx_hal_dac.o
 .debug_aranges
                0x000001d0       0x18 ./HAL_Library/stm32l0xx_hal_dac_ex.o
 .debug_aranges
                0x000001e8       0x20 ./HAL_Library/stm32l0xx_hal_dma.o
 .debug_aranges
                0x00000208       0x18 ./HAL_Library/stm32l0xx_hal_firewall.o
 .debug_aranges
                0x00000220       0x20 ./HAL_Library/stm32l0xx_hal_flash.o
 .debug_aranges
                0x00000240       0x20 ./HAL_Library/stm32l0xx_hal_flash_ex.o
 .debug_aranges
                0x00000260       0x40 ./HAL_Library/stm32l0xx_hal_flash_ramfunc.o
 .debug_aranges
                0x000002a0       0x20 ./HAL_Library/stm32l0xx_hal_gpio.o
 .debug_aranges
                0x000002c0       0x18 ./HAL_Library/stm32l0xx_hal_i2c.o
 .debug_aranges
                0x000002d8       0x18 ./HAL_Library/stm32l0xx_hal_i2c_ex.o
 .debug_aranges
                0x000002f0       0x18 ./HAL_Library/stm32l0xx_hal_i2s.o
 .debug_aranges
                0x00000308       0x18 ./HAL_Library/stm32l0xx_hal_irda.o
 .debug_aranges
                0x00000320       0x18 ./HAL_Library/stm32l0xx_hal_iwdg.o
 .debug_aranges
                0x00000338       0x18 ./HAL_Library/stm32l0xx_hal_lcd.o
 .debug_aranges
                0x00000350       0x18 ./HAL_Library/stm32l0xx_hal_lptim.o
 .debug_aranges
                0x00000368       0x18 ./HAL_Library/stm32l0xx_hal_pcd.o
 .debug_aranges
                0x00000380       0x18 ./HAL_Library/stm32l0xx_hal_pcd_ex.o
 .debug_aranges
                0x00000398       0x20 ./HAL_Library/stm32l0xx_hal_pwr.o
 .debug_aranges
                0x000003b8       0x20 ./HAL_Library/stm32l0xx_hal_pwr_ex.o
 .debug_aranges
                0x000003d8       0x20 ./HAL_Library/stm32l0xx_hal_rcc.o
 .debug_aranges
                0x000003f8       0x20 ./HAL_Library/stm32l0xx_hal_rcc_ex.o
 .debug_aranges
                0x00000418       0x18 ./HAL_Library/stm32l0xx_hal_rng.o
 .debug_aranges
                0x00000430       0x18 ./HAL_Library/stm32l0xx_hal_rtc.o
 .debug_aranges
                0x00000448       0x18 ./HAL_Library/stm32l0xx_hal_rtc_ex.o
 .debug_aranges
                0x00000460       0x18 ./HAL_Library/stm32l0xx_hal_smartcard.o
 .debug_aranges
                0x00000478       0x18 ./HAL_Library/stm32l0xx_hal_smartcard_ex.o
 .debug_aranges
                0x00000490       0x18 ./HAL_Library/stm32l0xx_hal_smbus.o
 .debug_aranges
                0x000004a8       0x18 ./HAL_Library/stm32l0xx_hal_spi.o
 .debug_aranges
                0x000004c0       0x20 ./HAL_Library/stm32l0xx_hal_tim.o
 .debug_aranges
                0x000004e0       0x20 ./HAL_Library/stm32l0xx_hal_tim_ex.o
 .debug_aranges
                0x00000500       0x18 ./HAL_Library/stm32l0xx_hal_tsc.o
 .debug_aranges
                0x00000518       0x18 ./HAL_Library/stm32l0xx_hal_uart.o
 .debug_aranges
                0x00000530       0x18 ./HAL_Library/stm32l0xx_hal_uart_ex.o
 .debug_aranges
                0x00000548       0x20 ./HAL_Library/stm32l0xx_hal_usart.o
 .debug_aranges
                0x00000568       0x18 ./HAL_Library/stm32l0xx_hal_wwdg.o

.debug_ranges   0x00000000      0xa38
 .debug_ranges  0x00000000       0x28 ./src/debug.o
 .debug_ranges  0x00000028       0xf0 ./src/led_driver.o
 .debug_ranges  0x00000118       0x30 ./src/main.o
 .debug_ranges  0x00000148       0x58 ./src/timer.o
 .debug_ranges  0x000001a0       0xe8 ./src/uart.o
 .debug_ranges  0x00000288       0x80 ./HAL_Library/stm32l0xx_hal_cortex.o
 .debug_ranges  0x00000308       0x30 ./HAL_Library/stm32l0xx_hal_dma.o
 .debug_ranges  0x00000338       0x28 ./HAL_Library/stm32l0xx_hal_flash.o
 .debug_ranges  0x00000360       0x80 ./HAL_Library/stm32l0xx_hal_flash_ex.o
 .debug_ranges  0x000003e0       0x68 ./HAL_Library/stm32l0xx_hal_flash_ramfunc.o
 .debug_ranges  0x00000448       0xc0 ./HAL_Library/stm32l0xx_hal_rcc.o
 .debug_ranges  0x00000508      0x4b8 ./HAL_Library/stm32l0xx_hal_tim.o
 .debug_ranges  0x000009c0       0x78 ./HAL_Library/stm32l0xx_hal_usart.o

.debug_line     0x00000000     0x62c9
 .debug_line    0x00000000      0x245 ./src/debug.o
 .debug_line    0x00000245      0x49f ./src/led_driver.o
 .debug_line    0x000006e4      0x34c ./src/main.o
 .debug_line    0x00000a30       0x43 ./src/stm32l0xx_it.o
 .debug_line    0x00000a73      0x21f ./src/system_stm32l0xx.o
 .debug_line    0x00000c92      0x3cf ./src/timer.o
 .debug_line    0x00001061      0x389 ./src/uart.o
 .debug_line    0x000013ea      0x371 ./HAL_Library/stm32l0xx_hal.o
 .debug_line    0x0000175b       0x1d ./HAL_Library/stm32l0xx_hal_adc.o
 .debug_line    0x00001778       0x1d ./HAL_Library/stm32l0xx_hal_adc_ex.o
 .debug_line    0x00001795       0x1d ./HAL_Library/stm32l0xx_hal_comp.o
 .debug_line    0x000017b2       0x1d ./HAL_Library/stm32l0xx_hal_comp_ex.o