Archive member included to satisfy reference by file (symbol)

d:/gnu tools arm embedded/5.3.2016q1/bin/../lib/gcc/arm-none-eabi/5.3.1/../../../../arm-none-eabi/lib/armv6-m\libc.a(lib_a-exit.o)
                              d:/gnu tools arm embedded/5.3.2016q1/bin/../lib/gcc/arm-none-eabi/5.3.1/../../../../arm-none-eabi/lib/armv6-m/crt0.o (exit)
d:/gnu tools arm embedded/5.3.2016q1/bin/../lib/gcc/arm-none-eabi/5.3.1/../../../../arm-none-eabi/lib/armv6-m\libc.a(lib_a-impure.o)
                              d:/gnu tools arm embedded/5.3.2016q1/bin/../lib/gcc/arm-none-eabi/5.3.1/../../../../arm-none-eabi/lib/armv6-m\libc.a(lib_a-exit.o) (_global_impure_ptr)
d:/gnu tools arm embedded/5.3.2016q1/bin/../lib/gcc/arm-none-eabi/5.3.1/../../../../arm-none-eabi/lib/armv6-m\libc.a(lib_a-init.o)
                              d:/gnu tools arm embedded/5.3.2016q1/bin/../lib/gcc/arm-none-eabi/5.3.1/../../../../arm-none-eabi/lib/armv6-m/crt0.o (__libc_init_array)
d:/gnu tools arm embedded/5.3.2016q1/bin/../lib/gcc/arm-none-eabi/5.3.1/../../../../arm-none-eabi/lib/armv6-m\libc.a(lib_a-memset.o)
                              d:/gnu tools arm embedded/5.3.2016q1/bin/../lib/gcc/arm-none-eabi/5.3.1/../../../../arm-none-eabi/lib/armv6-m/crt0.o (memset)
d:/gnu tools arm embedded/5.3.2016q1/bin/../lib/gcc/arm-none-eabi/5.3.1/../../../../arm-none-eabi/lib/armv6-m\libc.a(lib_a-__call_atexit.o)
                              d:/gnu tools arm embedded/5.3.2016q1/bin/../lib/gcc/arm-none-eabi/5.3.1/../../../../arm-none-eabi/lib/armv6-m\libc.a(lib_a-exit.o) (__call_exitprocs)
d:/gnu tools arm embedded/5.3.2016q1/bin/../lib/gcc/arm-none-eabi/5.3.1/../../../../arm-none-eabi/lib/armv6-m\libc.a(lib_a-atexit.o)
                              d:/gnu tools arm embedded/5.3.2016q1/bin/../lib/gcc/arm-none-eabi/5.3.1/../../../../arm-none-eabi/lib/armv6-m\libc.a(lib_a-__call_atexit.o) (atexit)
d:/gnu tools arm embedded/5.3.2016q1/bin/../lib/gcc/arm-none-eabi/5.3.1/../../../../arm-none-eabi/lib/armv6-m\libc.a(lib_a-fini.o)
                              d:/gnu tools arm embedded/5.3.2016q1/bin/../lib/gcc/arm-none-eabi/5.3.1/../../../../arm-none-eabi/lib/armv6-m\libc.a(lib_a-__call_atexit.o) (__libc_fini_array)
d:/gnu tools arm embedded/5.3.2016q1/bin/../lib/gcc/arm-none-eabi/5.3.1/../../../../arm-none-eabi/lib/armv6-m\libc.a(lib_a-__atexit.o)
                              d:/gnu tools arm embedded/5.3.2016q1/bin/../lib/gcc/arm-none-eabi/5.3.1/../../../../arm-none-eabi/lib/armv6-m\libc.a(lib_a-atexit.o) (__register_exitproc)
d:/gnu tools arm embedded/5.3.2016q1/bin/../lib/gcc/arm-none-eabi/5.3.1/armv6-m\libgcc.a(_udivsi3.o)
                              ./src/main.o (__aeabi_uidiv)
d:/gnu tools arm embedded/5.3.2016q1/bin/../lib/gcc/arm-none-eabi/5.3.1/armv6-m\libgcc.a(_divsi3.o)
                              ./src/led_driver.o (__aeabi_idiv)
d:/gnu tools arm embedded/5.3.2016q1/bin/../lib/gcc/arm-none-eabi/5.3.1/armv6-m\libgcc.a(_dvmd_tls.o)
                              d:/gnu tools arm embedded/5.3.2016q1/bin/../lib/gcc/arm-none-eabi/5.3.1/armv6-m\libgcc.a(_udivsi3.o) (__aeabi_idiv0)
d:/gnu tools arm embedded/5.3.2016q1/bin/../lib/gcc/arm-none-eabi/5.3.1/../../../../arm-none-eabi/lib/armv6-m\libc.a(lib_a-malloc.o)
                              ./src/uart.o (malloc)
d:/gnu tools arm embedded/5.3.2016q1/bin/../lib/gcc/arm-none-eabi/5.3.1/../../../../arm-none-eabi/lib/armv6-m\libc.a(lib_a-mallocr.o)
                              d:/gnu tools arm embedded/5.3.2016q1/bin/../lib/gcc/arm-none-eabi/5.3.1/../../../../arm-none-eabi/lib/armv6-m\libc.a(lib_a-malloc.o) (_malloc_r)
d:/gnu tools arm embedded/5.3.2016q1/bin/../lib/gcc/arm-none-eabi/5.3.1/../../../../arm-none-eabi/lib/armv6-m\libc.a(lib_a-mlock.o)
                              d:/gnu tools arm embedded/5.3.2016q1/bin/../lib/gcc/arm-none-eabi/5.3.1/../../../../arm-none-eabi/lib/armv6-m\libc.a(lib_a-mallocr.o) (__malloc_lock)
d:/gnu tools arm embedded/5.3.2016q1/bin/../lib/gcc/arm-none-eabi/5.3.1/../../../../arm-none-eabi/lib/armv6-m\libc.a(lib_a-sbrkr.o)
                              d:/gnu tools arm embedded/5.3.2016q1/bin/../lib/gcc/arm-none-eabi/5.3.1/../../../../arm-none-eabi/lib/armv6-m\libc.a(lib_a-mallocr.o) (_sbrk_r)
d:/gnu tools arm embedded/5.3.2016q1/bin/../lib/gcc/arm-none-eabi/5.3.1/../../../../arm-none-eabi/lib/armv6-m\libc.a(lib_a-freer.o)
                              d:/gnu tools arm embedded/5.3.2016q1/bin/../lib/gcc/arm-none-eabi/5.3.1/../../../../arm-none-eabi/lib/armv6-m\libc.a(lib_a-malloc.o) (_free_r)
d:/gnu tools arm embedded/5.3.2016q1/bin/../lib/gcc/arm-none-eabi/5.3.1/../../../../arm-none-eabi/lib/armv6-m\libc.a(lib_a-reent.o)
                              d:/gnu tools arm embedded/5.3.2016q1/bin/../lib/gcc/arm-none-eabi/5.3.1/../../../../arm-none-eabi/lib/armv6-m\libc.a(lib_a-sbrkr.o) (errno)
d:/gnu tools arm embedded/5.3.2016q1/bin/../lib/gcc/arm-none-eabi/5.3.1/../../../../arm-none-eabi/lib/armv6-m\libnosys.a(sbrk.o)
[...]
Memory Configuration

Name             Origin             Length             Attributes
FLASH            0x08000000         0x00010000         xr
RAM              0x20000000         0x00002000         xrw
*default*        0x00000000         0xffffffff

Linker script and memory map

LOAD d:/gnu tools arm embedded/5.3.2016q1/bin/../lib/gcc/arm-none-eabi/5.3.1/armv6-m/crti.o
LOAD d:/gnu tools arm embedded/5.3.2016q1/bin/../lib/gcc/arm-none-eabi/5.3.1/armv6-m/crtbegin.o
LOAD d:/gnu tools arm embedded/5.3.2016q1/bin/../lib/gcc/arm-none-eabi/5.3.1/../../../../arm-none-eabi/lib/armv6-m/crt0.o
LOAD d:/gnu tools arm embedded/5.3.2016q1/bin/../lib/gcc/arm-none-eabi/5.3.1/../../../../arm-none-eabi/lib/armv6-m\libc.a
LOAD ./src/debug.o
LOAD ./src/led_driver.o
LOAD ./src/main.o
LOAD ./src/stm32l0xx_it.o
LOAD ./src/system_stm32l0xx.o
LOAD ./src/timer.o
LOAD ./src/uart.o
LOAD ./HAL_Library/stm32l0xx_hal.o
LOAD ./HAL_Library/stm32l0xx_hal_adc.o
LOAD ./HAL_Library/stm32l0xx_hal_adc_ex.o
LOAD ./HAL_Library/stm32l0xx_hal_comp.o
LOAD ./HAL_Library/stm32l0xx_hal_comp_ex.o
LOAD ./HAL_Library/stm32l0xx_hal_cortex.o
LOAD ./HAL_Library/stm32l0xx_hal_crc.o
LOAD ./HAL_Library/stm32l0xx_hal_crc_ex.o
LOAD ./HAL_Library/stm32l0xx_hal_cryp.o
LOAD ./HAL_Library/stm32l0xx_hal_cryp_ex.o
LOAD ./HAL_Library/stm32l0xx_hal_dac.o
LOAD ./HAL_Library/stm32l0xx_hal_dac_ex.o
LOAD ./HAL_Library/stm32l0xx_hal_dma.o
LOAD ./HAL_Library/stm32l0xx_hal_firewall.o
LOAD ./HAL_Library/stm32l0xx_hal_flash.o
LOAD ./HAL_Library/stm32l0xx_hal_flash_ex.o
LOAD ./HAL_Library/stm32l0xx_hal_flash_ramfunc.o
LOAD ./HAL_Library/stm32l0xx_hal_gpio.o
LOAD ./HAL_Library/stm32l0xx_hal_i2c.o
LOAD ./HAL_Library/stm32l0xx_hal_i2c_ex.o
LOAD ./HAL_Library/stm32l0xx_hal_i2s.o
LOAD ./HAL_Library/stm32l0xx_hal_irda.o
LOAD ./HAL_Library/stm32l0xx_hal_iwdg.o
LOAD ./HAL_Library/stm32l0xx_hal_lcd.o
LOAD ./HAL_Library/stm32l0xx_hal_lptim.o
LOAD ./HAL_Library/stm32l0xx_hal_pcd.o
LOAD ./HAL_Library/stm32l0xx_hal_pcd_ex.o
LOAD ./HAL_Library/stm32l0xx_hal_pwr.o
LOAD ./HAL_Library/stm32l0xx_hal_pwr_ex.o
LOAD ./HAL_Library/stm32l0xx_hal_rcc.o
LOAD ./HAL_Library/stm32l0xx_hal_rcc_ex.o
LOAD ./HAL_Library/stm32l0xx_hal_rng.o
LOAD ./HAL_Library/stm32l0xx_hal_rtc.o
LOAD ./HAL_Library/stm32l0xx_hal_rtc_ex.o
LOAD ./HAL_Library/stm32l0xx_hal_smartcard.o
LOAD ./HAL_Library/stm32l0xx_hal_smartcard_ex.o
LOAD ./HAL_Library/stm32l0xx_hal_smbus.o
LOAD ./HAL_Library/stm32l0xx_hal_spi.o
LOAD ./HAL_Library/stm32l0xx_hal_tim.o
LOAD ./HAL_Library/stm32l0xx_hal_tim_ex.o
LOAD ./HAL_Library/stm32l0xx_hal_tsc.o
LOAD ./HAL_Library/stm32l0xx_hal_uart.o
LOAD ./HAL_Library/stm32l0xx_hal_uart_ex.o
LOAD ./HAL_Library/stm32l0xx_hal_usart.o
LOAD ./HAL_Library/stm32l0xx_hal_wwdg.o
LOAD ./startup_stm32l052xx.o
START GROUP
LOAD d:/gnu tools arm embedded/5.3.2016q1/bin/../lib/gcc/arm-none-eabi/5.3.1/armv6-m\libgcc.a
LOAD d:/gnu tools arm embedded/5.3.2016q1/bin/../lib/gcc/arm-none-eabi/5.3.1/../../../../arm-none-eabi/lib/armv6-m\libc.a
END GROUP
START GROUP
LOAD d:/gnu tools arm embedded/5.3.2016q1/bin/../lib/gcc/arm-none-eabi/5.3.1/armv6-m\libgcc.a
LOAD d:/gnu tools arm embedded/5.3.2016q1/bin/../lib/gcc/arm-none-eabi/5.3.1/../../../../arm-none-eabi/lib/armv6-m\libc.a
LOAD d:/gnu tools arm embedded/5.3.2016q1/bin/../lib/gcc/arm-none-eabi/5.3.1/../../../../arm-none-eabi/lib/armv6-m\libnosys.a
END GROUP
LOAD d:/gnu tools arm embedded/5.3.2016q1/bin/../lib/gcc/arm-none-eabi/5.3.1/armv6-m/crtend.o
LOAD d:/gnu tools arm embedded/5.3.2016q1/bin/../lib/gcc/arm-none-eabi/5.3.1/armv6-m/crtn.o
                0x20002000                _estack = 0x20002000
                0x00000200                _Min_Heap_Size = 0x200
                0x00000200                _Min_Stack_Size = 0x200

.isr_vector     0x08000000       0xc0
                0x08000000                . = ALIGN (0x4)
 *(.isr_vector)
 .isr_vector    0x08000000       0xc0 ./startup_stm32l052xx.o
                0x08000000                g_pfnVectors
                0x080000c0                . = ALIGN (0x4)

.text           0x080000c0     0x73bc
                0x080000c0                . = ALIGN (0x4)
 *(.text)
 .text          0x080000c0        0x0 d:/gnu tools arm embedded/5.3.2016q1/bin/../lib/gcc/arm-none-eabi/5.3.1/armv6-m/crti.o
 .text          0x080000c0       0x60 d:/gnu tools arm embedded/5.3.2016q1/bin/../lib/gcc/arm-none-eabi/5.3.1/armv6-m/crtbegin.o
 .text          0x08000120       0x78 d:/gnu tools arm embedded/5.3.2016q1/bin/../lib/gcc/arm-none-eabi/5.3.1/../../../../arm-none-eabi/lib/armv6-m/crt0.o
                0x08000120                _start
                0x08000120                _mainCRTStartup
 .text          0x08000198        0x0 d:/gnu tools arm embedded/5.3.2016q1/bin/../lib/gcc/arm-none-eabi/5.3.1/../../../../arm-none-eabi/lib/armv6-m\libc.a(lib_a-exit.o)
 .text          0x08000198        0x0 d:/gnu tools arm embedded/5.3.2016q1/bin/../lib/gcc/arm-none-eabi/5.3.1/../../../../arm-none-eabi/lib/armv6-m\libc.a(lib_a-impure.o)
 .text          0x08000198        0x0 d:/gnu tools arm embedded/5.3.2016q1/bin/../lib/gcc/arm-none-eabi/5.3.1/../../../../arm-none-eabi/lib/armv6-m\libc.a(lib_a-init.o)
 .text          0x08000198        0x0 d:/gnu tools arm embedded/5.3.2016q1/bin/../lib/gcc/arm-none-eabi/5.3.1/../../../../arm-none-eabi/lib/armv6-m\libc.a(lib_a-memset.o)
 .text          0x08000198        0x0 d:/gnu tools arm embedded/5.3.2016q1/bin/../lib/gcc/arm-none-eabi/5.3.1/../../../../arm-none-eabi/lib/armv6-m\libc.a(lib_a-__call_atexit.o)
 .text          0x08000198        0x0 d:/gnu tools arm embedded/5.3.2016q1/bin/../lib/gcc/arm-none-eabi/5.3.1/../../../../arm-none-eabi/lib/armv6-m\libc.a(lib_a-atexit.o)
 .text          0x08000198        0x0 d:/gnu tools arm embedded/5.3.2016q1/bin/../lib/gcc/arm-none-eabi/5.3.1/../../../../arm-none-eabi/lib/armv6-m\libc.a(lib_a-fini.o)
 .text          0x08000198        0x0 d:/gnu tools arm embedded/5.3.2016q1/bin/../lib/gcc/arm-none-eabi/5.3.1/../../../../arm-none-eabi/lib/armv6-m\libc.a(lib_a-__atexit.o)
 .text          0x08000198       0x48 ./src/debug.o
                0x08000198                debug_init
                0x080001d8                debug_disable_usart
                0x080001dc                debug_enable_usart
 .text          0x080001e0      0x6f8 ./src/led_driver.o
                0x080001e0                led_init
                0x0800028c                led_push_buffer
                0x080002b4                led_set_beacon
                0x0800032c                led_set_beacon_background
                0x080003a8                led_pulse_target
                0x080003d4                led_set_beacon_fade_div
                0x080003e0                led_show_logo
                0x08000474                led_propagate
                0x08000708                send_high
                0x0800073c                send_low
                0x08000764                led_update
                0x08000820                led_send_colour
                0x0800084c                send_res
                0x0800086c                read_buffer
                0x08000898                get_colour
                0x080008b0                led_set_all
 .text          0x080008d8      0x200 ./src/main.o
                0x080008d8                shortHandler
                0x0800097c                timHandler
                0x08000990                longHandler
                0x08000a0c                initialise
                0x08000a34                clock_init
 .text          0x08000ad8        0x4 ./src/stm32l0xx_it.o
                0x08000ad8                HardFault_Handler
 .text          0x08000adc       0xf0 ./src/system_stm32l0xx.o
                0x08000adc                SystemInit
                0x08000b38                SystemCoreClockUpdate
 .text          0x08000bcc      0x1dc ./src/timer.o
                0x08000bcc                timer_get_now
                0x08000bd8                timer_set_interval
                0x08000c14                timer_get_interval
                0x08000c20                timer_set_state
                0x08000c50                timer_get_state
                0x08000c5c                sysClock_init
                0x08000d00                timer_init
                0x08000d64                timer_delay_ms
                0x08000d78                SysTick_Handler
                0x08000d88                TIM2_IRQHandler
 .text          0x08000da8      0x44c ./src/uart.o
                0x08000da8                uart_init
                0x08000e7c                uart_send
                0x08000eb0                uart_handle
                0x080011c0                readBuffer
 .text          0x080011f4      0x1cc ./HAL_Library/stm32l0xx_hal.o
                0x080011f4                HAL_MspInit
                0x080011f8                HAL_MspDeInit
                0x080011fc                HAL_DeInit
                0x08001224                HAL_InitTick
                0x08001248                HAL_Init
                0x08001258                HAL_IncTick
                0x08001268                HAL_GetTick
                0x08001274                HAL_Delay
                0x08001290                HAL_SuspendTick
                0x080012a0                HAL_ResumeTick
                0x080012b0                HAL_GetHalVersion
                0x080012b8                HAL_GetREVID
                0x080012c4                HAL_GetDEVID
                0x080012d4                HAL_DBGMCU_EnableDBGSleepMode
                0x080012e4                HAL_DBGMCU_DisableDBGSleepMode
                0x080012f4                HAL_DBGMCU_EnableDBGStopMode
                0x08001304                HAL_DBGMCU_DisableDBGStopMode
                0x08001314                HAL_DBGMCU_EnableDBGStandbyMode
                0x08001324                HAL_DBGMCU_DisableDBGStandbyMode
                0x08001334                HAL_DBGMCU_DBG_EnableLowPowerConfig
                0x08001344                HAL_DBGMCU_DBG_DisableLowPowerConfig
                0x08001354                HAL_SYSCFG_GetBootMode
                0x08001364                HAL_SYSCFG_EnableVREFINT
                0x08001374                HAL_SYSCFG_DisableVREFINT
                0x08001384                HAL_SYSCFG_VREFINT_OutputSelect
                0x0800139c                HAL_SYSCFG_Enable_Lock_VREFINT
                0x080013b0                HAL_SYSCFG_Disable_Lock_VREFINT
 .text          0x080013c0        0x0 ./HAL_Library/stm32l0xx_hal_adc.o
 .text          0x080013c0        0x0 ./HAL_Library/stm32l0xx_hal_adc_ex.o
 .text          0x080013c0        0x0 ./HAL_Library/stm32l0xx_hal_comp.o
 .text          0x080013c0        0x0 ./HAL_Library/stm32l0xx_hal_comp_ex.o
 .text          0x080013c0      0x1f4 ./HAL_Library/stm32l0xx_hal_cortex.o
                0x080013c0                HAL_NVIC_SetPriority
                0x08001428                HAL_NVIC_EnableIRQ
                0x0800143c                HAL_NVIC_DisableIRQ
                0x08001450                HAL_NVIC_SystemReset
                0x0800146c                HAL_SYSTICK_Config
                0x080014a4                HAL_NVIC_GetPriority
                0x080014ec                HAL_NVIC_SetPendingIRQ
                0x08001504                HAL_NVIC_GetPendingIRQ
                0x08001520                HAL_NVIC_ClearPendingIRQ
                0x08001538                HAL_SYSTICK_CLKSourceConfig
                0x08001558                HAL_SYSTICK_Callback
                0x0800155c                HAL_SYSTICK_IRQHandler
                0x08001564                HAL_MPU_ConfigRegion
 .text          0x080015b4        0x0 ./HAL_Library/stm32l0xx_hal_crc.o
 .text          0x080015b4        0x0 ./HAL_Library/stm32l0xx_hal_crc_ex.o
 .text          0x080015b4        0x0 ./HAL_Library/stm32l0xx_hal_cryp.o
 .text          0x080015b4        0x0 ./HAL_Library/stm32l0xx_hal_cryp_ex.o
 .text          0x080015b4        0x0 ./HAL_Library/stm32l0xx_hal_dac.o
 .text          0x080015b4        0x0 ./HAL_Library/stm32l0xx_hal_dac_ex.o
 .text          0x080015b4      0xaa0 ./HAL_Library/stm32l0xx_hal_dma.o
                0x080015b4                HAL_DMA_Init
                0x08001700                HAL_DMA_DeInit
                0x080018c0                HAL_DMA_Start
                0x080018fc                HAL_DMA_Start_IT
                0x08001950                HAL_DMA_Abort
                0x080019a4                HAL_DMA_PollForTransfer
                0x08001c58                HAL_DMA_IRQHandler
                0x08002048                HAL_DMA_GetState
                0x08002050                HAL_DMA_GetError
 .text          0x08002054        0x0 ./HAL_Library/stm32l0xx_hal_firewall.o
 .text          0x08002054      0x394 ./HAL_Library/stm32l0xx_hal_flash.o
                0x080020e8                HAL_FLASH_EndOfOperationCallback
                0x080020ec                HAL_FLASH_OperationErrorCallback
                0x080020f0                HAL_FLASH_IRQHandler
                0x080021e4                HAL_FLASH_Unlock
                0x08002220                HAL_FLASH_Lock
                0x08002234                HAL_FLASH_OB_Unlock
                0x08002270                HAL_FLASH_OB_Lock
                0x08002284                HAL_FLASH_GetError
                0x08002290                FLASH_WaitForLastOperation
                0x08002308                HAL_FLASH_Program
                0x08002344                HAL_FLASH_Program_IT
                0x08002398                HAL_FLASH_OB_Launch
                0x080023c0                FLASH_ErasePage
 .text          0x080023e8      0x400 ./HAL_Library/stm32l0xx_hal_flash_ex.o
                0x08002478                HAL_FLASHEx_Erase
                0x08002514                HAL_FLASHEx_Erase_IT
                0x08002568                HAL_FLASHEx_OBProgram
                0x08002698                HAL_FLASHEx_OBGetConfig
                0x080026c8                HAL_FLASHEx_AdvOBProgram
                0x080026e0                HAL_FLASHEx_AdvOBGetConfig
                0x080026f8                HAL_FLASHEx_OB_SelectPCROP
                0x08002704                HAL_FLASHEx_OB_DeSelectPCROP
                0x08002710                HAL_FLASHEx_DATAEEPROM_Unlock
                0x08002734                HAL_FLASHEx_DATAEEPROM_Lock
                0x08002748                HAL_FLASHEx_DATAEEPROM_Erase
                0x0800276c                HAL_FLASHEx_DATAEEPROM_Program
                0x080027c0                HAL_FLASHEx_DATAEEPROM_EnableFixedTimeProgram
                0x080027d4                HAL_FLASHEx_DATAEEPROM_DisableFixedTimeProgram
 .text          0x080027e8        0x0 ./HAL_Library/stm32l0xx_hal_flash_ramfunc.o
 .text          0x080027e8      0x370 ./HAL_Library/stm32l0xx_hal_gpio.o
                0x080027e8                HAL_GPIO_Init
                0x080029bc                HAL_GPIO_DeInit
                0x08002af4                HAL_GPIO_ReadPin
                0x08002b00                HAL_GPIO_WritePin
                0x08002b0c                HAL_GPIO_TogglePin
                0x08002b14                HAL_GPIO_LockPin
                0x08002b3c                HAL_GPIO_EXTI_Callback
                0x08002b40                HAL_GPIO_EXTI_IRQHandler
 .text          0x08002b58        0x0 ./HAL_Library/stm32l0xx_hal_i2c.o
 .text          0x08002b58        0x0 ./HAL_Library/stm32l0xx_hal_i2c_ex.o
 .text          0x08002b58        0x0 ./HAL_Library/stm32l0xx_hal_i2s.o
 .text          0x08002b58        0x0 ./HAL_Library/stm32l0xx_hal_irda.o
 .text          0x08002b58        0x0 ./HAL_Library/stm32l0xx_hal_iwdg.o
 .text          0x08002b58        0x0 ./HAL_Library/stm32l0xx_hal_lcd.o
 .text          0x08002b58        0x0 ./HAL_Library/stm32l0xx_hal_lptim.o
 .text          0x08002b58        0x0 ./HAL_Library/stm32l0xx_hal_pcd.o
 .text          0x08002b58        0x0 ./HAL_Library/stm32l0xx_hal_pcd_ex.o
 .text          0x08002b58      0x1ec ./HAL_Library/stm32l0xx_hal_pwr.o
                0x08002b58                HAL_PWR_DeInit
                0x08002b78                HAL_PWR_EnableBkUpAccess
                0x08002b8c                HAL_PWR_DisableBkUpAccess
                0x08002ba0                HAL_PWR_ConfigPVD
                0x08002c18                HAL_PWR_EnablePVD
                0x08002c28                HAL_PWR_DisablePVD
                0x08002c38                HAL_PWR_EnableWakeUpPin
                0x08002c48                HAL_PWR_DisableWakeUpPin
                0x08002c58                HAL_PWR_EnterSLEEPMode
                0x08002c88                HAL_PWR_EnterSTOPMode
                0x08002cc4                HAL_PWR_EnterSTANDBYMode
                0x08002ce4                HAL_PWR_EnableSleepOnExit
                0x08002cf4                HAL_PWR_DisableSleepOnExit
                0x08002d04                HAL_PWR_EnableSEVOnPend
                0x08002d14                HAL_PWR_DisableSEVOnPend
                0x08002d24                HAL_PWR_PVDCallback
                0x08002d28                HAL_PWR_PVD_IRQHandler
 .text          0x08002d44       0xc8 ./HAL_Library/stm32l0xx_hal_pwr_ex.o
                0x08002d44                HAL_PWREx_EnableFastWakeUp
                0x08002d58                HAL_PWREx_DisableFastWakeUp
                0x08002d6c                HAL_PWREx_EnableUltraLowPower
                0x08002d80                HAL_PWREx_DisableUltraLowPower
                0x08002d94                HAL_PWREx_EnableLowPowerRunMode
                0x08002db0                HAL_PWREx_DisableLowPowerRunMode
 .text          0x08002e0c      0x9c8 ./HAL_Library/stm32l0xx_hal_rcc.o
                0x08002e10                HAL_RCC_OscConfig
                0x08003374                HAL_RCC_ClockConfig
                0x080034e8                HAL_RCC_MCOConfig
                0x08003568                HAL_RCC_EnableCSS
                0x0800357c                HAL_RCC_GetSysClockFreq
                0x08003608                HAL_RCC_GetHCLKFreq
                0x08003630                HAL_RCC_GetPCLK1Freq
                0x08003660                HAL_RCC_GetPCLK2Freq
                0x08003690                HAL_RCC_GetOscConfig
                0x08003774                HAL_RCC_GetClockConfig
                0x080037b4                HAL_RCC_CSSCallback
                0x080037b8                HAL_RCC_NMI_IRQHandler
 .text          0x080037d4      0x5dc ./HAL_Library/stm32l0xx_hal_rcc_ex.o
                0x080037d4                HAL_RCC_DeInit
                0x08003814                HAL_RCCEx_PeriphCLKConfig
                0x080039a4                HAL_RCCEx_GetPeriphCLKConfig
                0x080039f4                HAL_RCCEx_GetPeriphCLKFreq
                0x08003bac                HAL_RCCEx_EnableLSECSS
                0x08003bc0                HAL_RCCEx_DisableLSECSS
                0x08003bdc                HAL_RCCEx_EnableLSECSS_IT
                0x08003c0c                HAL_RCCEx_LSECSS_Callback
                0x08003c10                HAL_RCCEx_LSECSS_IRQHandler
                0x08003c28                HAL_RCCEx_CRSConfig
                0x08003cb0                HAL_RCCEx_CRSSoftwareSynchronizationGenerate
                0x08003cc0                HAL_RCCEx_CRSGetSynchronizationInfo
                0x08003ce8                HAL_RCCEx_CRSWaitSynchronization
                0x08003d88                HAL_RCCEx_EnableHSI48_VREFINT
                0x08003d9c                HAL_RCCEx_DisableHSI48_VREFINT
 .text          0x08003db0        0x0 ./HAL_Library/stm32l0xx_hal_rng.o
 .text          0x08003db0        0x0 ./HAL_Library/stm32l0xx_hal_rtc.o
 .text          0x08003db0        0x0 ./HAL_Library/stm32l0xx_hal_rtc_ex.o
 .text          0x08003db0        0x0 ./HAL_Library/stm32l0xx_hal_smartcard.o
 .text          0x08003db0        0x0 ./HAL_Library/stm32l0xx_hal_smartcard_ex.o
 .text          0x08003db0        0x0 ./HAL_Library/stm32l0xx_hal_smbus.o
 .text          0x08003db0        0x0 ./HAL_Library/stm32l0xx_hal_spi.o
 .text          0x08003db0     0x19e8 ./HAL_Library/stm32l0xx_hal_tim.o
                0x08003efc                HAL_TIM_Base_MspInit
                0x08003f00                HAL_TIM_Base_Init
                0x08003f34                HAL_TIM_Base_MspDeInit
                0x08003f38                HAL_TIM_Base_DeInit
                0x08003f6c                HAL_TIM_Base_Start
                0x08003f84                HAL_TIM_Base_Stop
                0x08003fac                HAL_TIM_Base_Start_IT
                0x08003fc0                HAL_TIM_Base_Stop_IT
                0x08003fe0                HAL_TIM_Base_Start_DMA
                0x08004040                HAL_TIM_Base_Stop_DMA
                0x0800406c                HAL_TIM_OC_MspInit
                0x08004070                HAL_TIM_OC_Init
                0x080040a4                HAL_TIM_OC_MspDeInit
                0x080040a8                HAL_TIM_OC_DeInit
                0x080040dc                HAL_TIM_PWM_MspInit
                0x080040e0                HAL_TIM_PWM_Init
                0x08004114                HAL_TIM_PWM_MspDeInit
                0x08004118                HAL_TIM_PWM_DeInit
                0x0800414c                HAL_TIM_PWM_Stop
                0x0800417c                HAL_TIM_PWM_Start_DMA
                0x08004264                HAL_TIM_OC_Start_DMA
                0x0800426c                HAL_TIM_IC_MspInit
                0x08004270                HAL_TIM_IC_Init
                0x080042a4                HAL_TIM_IC_MspDeInit
                0x080042a8                HAL_TIM_IC_DeInit
                0x080042dc                HAL_TIM_IC_Start
                0x080042fc                HAL_TIM_PWM_Start
                0x08004304                HAL_TIM_OC_Start
                0x0800430c                HAL_TIM_IC_Stop
                0x08004338                HAL_TIM_OC_Stop
                0x08004340                HAL_TIM_IC_Start_IT
                0x08004394                HAL_TIM_PWM_Start_IT
                0x0800439c                HAL_TIM_OC_Start_IT
                0x080043a4                HAL_TIM_IC_Stop_IT
                0x08004404                HAL_TIM_PWM_Stop_IT
                0x0800440c                HAL_TIM_OC_Stop_IT
                0x08004414                HAL_TIM_IC_Start_DMA
                0x080044fc                HAL_TIM_IC_Stop_DMA
                0x08004580                HAL_TIM_PWM_Stop_DMA
                0x08004588                HAL_TIM_OC_Stop_DMA
                0x08004590                HAL_TIM_OnePulse_MspInit
                0x08004594                HAL_TIM_OnePulse_Init
                0x080045dc                HAL_TIM_OnePulse_MspDeInit
                0x080045e0                HAL_TIM_OnePulse_DeInit
                0x08004614                HAL_TIM_OnePulse_Start
                0x08004638                HAL_TIM_OnePulse_Stop
                0x08004668                HAL_TIM_OnePulse_Start_IT
                0x0800469c                HAL_TIM_OnePulse_Stop_IT
                0x080046dc                HAL_TIM_Encoder_MspInit
                0x080046e0                HAL_TIM_Encoder_Init
                0x08004778                HAL_TIM_Encoder_MspDeInit
                0x0800477c                HAL_TIM_Encoder_DeInit
                0x080047b0                HAL_TIM_Encoder_Start
                0x080047f0                HAL_TIM_Encoder_Stop
                0x0800484c                HAL_TIM_Encoder_Start_IT
                0x080048c0                HAL_TIM_Encoder_Stop_IT
                0x08004938                HAL_TIM_Encoder_Start_DMA
                0x08004a5c                HAL_TIM_Encoder_Stop_DMA
                0x08004adc                HAL_TIM_OC_ConfigChannel
                0x08004be0                HAL_TIM_IC_ConfigChannel
                0x08004d44                HAL_TIM_PWM_ConfigChannel
                0x08004eb4                HAL_TIM_OnePulse_ConfigChannel
                0x0800501c                HAL_TIM_DMABurst_WriteStart
                0x080050e4                HAL_TIM_DMABurst_ReadStart
                0x080051ac                HAL_TIM_DMABurst_ReadStop
                0x08005220                HAL_TIM_DMABurst_WriteStop
                0x08005228                HAL_TIM_GenerateEvent
                0x0800524c                HAL_TIM_ConfigOCrefClear
                0x0800532c                HAL_TIM_ConfigClockSource
                0x080054b8                HAL_TIM_ConfigTI1Input
                0x080054c8                HAL_TIM_SlaveConfigSynchronization
                0x08005504                HAL_TIM_SlaveConfigSynchronization_IT
                0x08005540                HAL_TIM_ReadCapturedValue
                0x08005584                HAL_TIM_PeriodElapsedCallback
                0x08005598                HAL_TIM_OC_DelayElapsedCallback
                0x0800559c                HAL_TIM_IC_CaptureCallback
                0x080055a0                TIM_DMACaptureCplt
                0x080055e0                HAL_TIM_PWM_PulseFinishedCallback
                0x080055e4                TIM_DMADelayPulseCplt
                0x08005624                HAL_TIM_TriggerCallback
                0x08005628                HAL_TIM_IRQHandler
                0x08005754                HAL_TIM_ErrorCallback
                0x08005758                TIM_DMAError
                0x08005768                HAL_TIM_Base_GetState
                0x08005770                HAL_TIM_OC_GetState
                0x08005778                HAL_TIM_PWM_GetState
                0x08005780                HAL_TIM_IC_GetState
                0x08005788                HAL_TIM_OnePulse_GetState
                0x08005790                HAL_TIM_Encoder_GetState
 .text          0x08005798       0x60 ./HAL_Library/stm32l0xx_hal_tim_ex.o
                0x08005798                HAL_TIMEx_MasterConfigSynchronization
                0x080057d8                HAL_TIMEx_RemapConfig
 .text          0x080057f8        0x0 ./HAL_Library/stm32l0xx_hal_tsc.o
 .text          0x080057f8        0x0 ./HAL_Library/stm32l0xx_hal_uart.o
 .text          0x080057f8        0x0 ./HAL_Library/stm32l0xx_hal_uart_ex.o
 .text          0x080057f8      0xcf0 ./HAL_Library/stm32l0xx_hal_usart.o
                0x0800585c                HAL_USART_MspInit
                0x08005860                HAL_USART_Init
                0x080059e0                HAL_USART_MspDeInit
                0x080059e4                HAL_USART_DeInit
                0x08005a10                HAL_USART_Transmit
                0x08005ac4                HAL_USART_Receive
                0x08005bdc                HAL_USART_TransmitReceive
                0x08005d14                HAL_USART_Transmit_IT
                0x08005d5c                HAL_USART_Receive_IT
                0x08005e38                HAL_USART_TransmitReceive_IT
                0x08005eec                HAL_USART_Transmit_DMA
                0x08005f60                HAL_USART_Receive_DMA
                0x08005ffc                HAL_USART_TransmitReceive_DMA
                0x080060c0                HAL_USART_DMAPause
                0x080060e0                HAL_USART_DMAResume
                0x08006100                HAL_USART_DMAStop
                0x08006134                HAL_USART_TxCpltCallback
                0x08006178                HAL_USART_TxHalfCpltCallback
                0x08006188                HAL_USART_RxCpltCallback
                0x0800618c                HAL_USART_RxHalfCpltCallback
                0x0800619c                HAL_USART_TxRxCpltCallback
                0x080062e0                HAL_USART_ErrorCallback
                0x08006304                HAL_USART_IRQHandler
                0x080064dc                HAL_USART_GetState
                0x080064e4                HAL_USART_GetError
 .text          0x080064e8        0x0 ./HAL_Library/stm32l0xx_hal_wwdg.o
 .text          0x080064e8       0x14 ./startup_stm32l052xx.o
 .text          0x080064fc      0x114 d:/gnu tools arm embedded/5.3.2016q1/bin/../lib/gcc/arm-none-eabi/5.3.1/armv6-m\libgcc.a(_udivsi3.o)
                0x080064fc                __aeabi_uidiv
                0x080064fc                __udivsi3
                0x08006608                __aeabi_uidivmod
 .text          0x08006610      0x1d4 d:/gnu tools arm embedded/5.3.2016q1/bin/../lib/gcc/arm-none-eabi/5.3.1/armv6-m\libgcc.a(_divsi3.o)
                0x08006610                __divsi3
                0x08006610                __aeabi_idiv
                0x080067dc                __aeabi_idivmod
 .text          0x080067e4        0x4 d:/gnu tools arm embedded/5.3.2016q1/bin/../lib/gcc/arm-none-eabi/5.3.1/armv6-m\libgcc.a(_dvmd_tls.o)
                0x080067e4                __aeabi_idiv0
                0x080067e4                __aeabi_ldiv0
 .text          0x080067e8        0x0 d:/gnu tools arm embedded/5.3.2016q1/bin/../lib/gcc/arm-none-eabi/5.3.1/../../../../arm-none-eabi/lib/armv6-m\libc.a(lib_a-malloc.o)
 .text          0x080067e8        0x0 d:/gnu tools arm embedded/5.3.2016q1/bin/../lib/gcc/arm-none-eabi/5.3.1/../../../../arm-none-eabi/lib/armv6-m\libc.a(lib_a-mallocr.o)
 .text          0x080067e8        0x0 d:/gnu tools arm embedded/5.3.2016q1/bin/../lib/gcc/arm-none-eabi/5.3.1/../../../../arm-none-eabi/lib/armv6-m\libc.a(lib_a-mlock.o)
 .text          0x080067e8        0x0 d:/gnu tools arm embedded/5.3.2016q1/bin/../lib/gcc/arm-none-eabi/5.3.1/../../../../arm-none-eabi/lib/armv6-m\libc.a(lib_a-sbrkr.o)
 .text          0x080067e8        0x0 d:/gnu tools arm embedded/5.3.2016q1/bin/../lib/gcc/arm-none-eabi/5.3.1/../../../../arm-none-eabi/lib/armv6-m\libc.a(lib_a-freer.o)
 .text          0x080067e8        0x0 d:/gnu tools arm embedded/5.3.2016q1/bin/../lib/gcc/arm-none-eabi/5.3.1/../../../../arm-none-eabi/lib/armv6-m\libc.a(lib_a-reent.o)
 .text          0x080067e8        0x0 d:/gnu tools arm embedded/5.3.2016q1/bin/../lib/gcc/arm-none-eabi/5.3.1/../../../../arm-none-eabi/lib/armv6-m\libnosys.a(sbrk.o)
 .text          0x080067e8        0x0 d:/gnu tools arm embedded/5.3.2016q1/bin/../lib/gcc/arm-none-eabi/5.3.1/../../../../arm-none-eabi/lib/armv6-m\libnosys.a(_exit.o)
 .text          0x080067e8        0x0 d:/gnu tools arm embedded/5.3.2016q1/bin/../lib/gcc/arm-none-eabi/5.3.1/armv6-m/crtend.o
 .text          0x080067e8        0x0 d:/gnu tools arm embedded/5.3.2016q1/bin/../lib/gcc/arm-none-eabi/5.3.1/armv6-m/crtn.o
 *(.text*)
 .text.exit     0x080067e8       0x20 d:/gnu tools arm embedded/5.3.2016q1/bin/../lib/gcc/arm-none-eabi/5.3.1/../../../../arm-none-eabi/lib/armv6-m\libc.a(lib_a-exit.o)
                0x080067e8                exit
 .text.__libc_init_array
                0x08006808       0x48 d:/gnu tools arm embedded/5.3.2016q1/bin/../lib/gcc/arm-none-eabi/5.3.1/../../../../arm-none-eabi/lib/armv6-m\libc.a(lib_a-init.o)
                0x08006808                __libc_init_array
 .text.memset   0x08006850       0x8c d:/gnu tools arm embedded/5.3.2016q1/bin/../lib/gcc/arm-none-eabi/5.3.1/../../../../arm-none-eabi/lib/armv6-m\libc.a(lib_a-memset.o)
                0x08006850                memset
 .text.startup.register_fini
                0x080068dc       0x18 d:/gnu tools arm embedded/5.3.2016q1/bin/../lib/gcc/arm-none-eabi/5.3.1/../../../../arm-none-eabi/lib/armv6-m\libc.a(lib_a-__call_atexit.o)
 .text.__call_exitprocs
                0x080068f4       0xfc d:/gnu tools arm embedded/5.3.2016q1/bin/../lib/gcc/arm-none-eabi/5.3.1/../../../../arm-none-eabi/lib/armv6-m\libc.a(lib_a-__call_atexit.o)
                0x080068f4                __call_exitprocs
 .text.atexit   0x080069f0       0x10 d:/gnu tools arm embedded/5.3.2016q1/bin/../lib/gcc/arm-none-eabi/5.3.1/../../../../arm-none-eabi/lib/armv6-m\libc.a(lib_a-atexit.o)
                0x080069f0                atexit
 .text.__libc_fini_array
                0x08006a00       0x34 d:/gnu tools arm embedded/5.3.2016q1/bin/../lib/gcc/arm-none-eabi/5.3.1/../../../../arm-none-eabi/lib/armv6-m\libc.a(lib_a-fini.o)
                0x08006a00                __libc_fini_array
 .text.__register_exitproc
                0x08006a34       0xd4 d:/gnu tools arm embedded/5.3.2016q1/bin/../lib/gcc/arm-none-eabi/5.3.1/../../../../arm-none-eabi/lib/armv6-m\libc.a(lib_a-__atexit.o)
                0x08006a34                __register_exitproc
 .text.startup  0x08006b08       0x28 ./src/main.o
                0x08006b08                main
 .text.Reset_Handler
                0x08006b30       0x50 ./startup_stm32l052xx.o
                0x08006b30                Reset_Handler
 .text.Default_Handler
                0x08006b80        0x2 ./startup_stm32l052xx.o
                0x08006b80                TSC_IRQHandler
                0x08006b80                ADC1_COMP_IRQHandler
                0x08006b80                PVD_IRQHandler
                0x08006b80                PendSV_Handler
                0x08006b80                NMI_Handler
                0x08006b80                I2C1_IRQHandler
                0x08006b80                RCC_CRS_IRQHandler
                0x08006b80                SPI1_IRQHandler
                0x08006b80                TIM6_DAC_IRQHandler
                0x08006b80                EXTI2_3_IRQHandler
                0x08006b80                I2C2_IRQHandler
                0x08006b80                RTC_IRQHandler
                0x08006b80                DMA1_Channel4_5_6_7_IRQHandler
                0x08006b80                EXTI4_15_IRQHandler
                0x08006b80                DMA1_Channel1_IRQHandler
                0x08006b80                Default_Handler
                0x08006b80                TIM22_IRQHandler
                0x08006b80                EXTI0_1_IRQHandler
                0x08006b80                USB_IRQHandler
                0x08006b80                SPI2_IRQHandler
                0x08006b80                SVC_Handler
                0x08006b80                TIM21_IRQHandler
                0x08006b80                WWDG_IRQHandler
                0x08006b80                DMA1_Channel2_3_IRQHandler
                0x08006b80                USART2_IRQHandler
                0x08006b80                FLASH_IRQHandler
                0x08006b80                USART1_IRQHandler
                0x08006b80                RNG_LPUART1_IRQHandler
                0x08006b80                LPTIM1_IRQHandler
 *fill*         0x08006b82        0x2 
 .text.malloc   0x08006b84       0x14 d:/gnu tools arm embedded/5.3.2016q1/bin/../lib/gcc/arm-none-eabi/5.3.1/../../../../arm-none-eabi/lib/armv6-m\libc.a(lib_a-malloc.o)
                0x08006b84                malloc
 .text.free     0x08006b98       0x14 d:/gnu tools arm embedded/5.3.2016q1/bin/../lib/gcc/arm-none-eabi/5.3.1/../../../../arm-none-eabi/lib/armv6-m\libc.a(lib_a-malloc.o)
                0x08006b98                free
 .text._malloc_r
                0x08006bac      0x554 d:/gnu tools arm embedded/5.3.2016q1/bin/../lib/gcc/arm-none-eabi/5.3.1/../../../../arm-none-eabi/lib/armv6-m\libc.a(lib_a-mallocr.o)
                0x08006bac                _malloc_r
 .text.__malloc_lock
                0x08007100        0x4 d:/gnu tools arm embedded/5.3.2016q1/bin/../lib/gcc/arm-none-eabi/5.3.1/../../../../arm-none-eabi/lib/armv6-m\libc.a(lib_a-mlock.o)
                0x08007100                __malloc_lock
 .text.__malloc_unlock
                0x08007104        0x4 d:/gnu tools arm embedded/5.3.2016q1/bin/../lib/gcc/arm-none-eabi/5.3.1/../../../../arm-none-eabi/lib/armv6-m\libc.a(lib_a-mlock.o)
                0x08007104                __malloc_unlock
 .text._sbrk_r  0x08007108       0x24 d:/gnu tools arm embedded/5.3.2016q1/bin/../lib/gcc/arm-none-eabi/5.3.1/../../../../arm-none-eabi/lib/armv6-m\libc.a(lib_a-sbrkr.o)
                0x08007108                _sbrk_r
 .text._malloc_trim_r
                0x0800712c       0xa0 d:/gnu tools arm embedded/5.3.2016q1/bin/../lib/gcc/arm-none-eabi/5.3.1/../../../../arm-none-eabi/lib/armv6-m\libc.a(lib_a-freer.o)
                0x0800712c                _malloc_trim_r
 .text._free_r  0x080071cc      0x1c4 d:/gnu tools arm embedded/5.3.2016q1/bin/../lib/gcc/arm-none-eabi/5.3.1/../../../../arm-none-eabi/lib/armv6-m\libc.a(lib_a-freer.o)
                0x080071cc                _free_r
 .text.cleanup_glue
                0x08007390       0x1c d:/gnu tools arm embedded/5.3.2016q1/bin/../lib/gcc/arm-none-eabi/5.3.1/../../../../arm-none-eabi/lib/armv6-m\libc.a(lib_a-reent.o)
                0x08007390                cleanup_glue
 .text._reclaim_reent
                0x080073ac       0x94 d:/gnu tools arm embedded/5.3.2016q1/bin/../lib/gcc/arm-none-eabi/5.3.1/../../../../arm-none-eabi/lib/armv6-m\libc.a(lib_a-reent.o)
                0x080073ac                _reclaim_reent
 .text._sbrk    0x08007440       0x1c d:/gnu tools arm embedded/5.3.2016q1/bin/../lib/gcc/arm-none-eabi/5.3.1/../../../../arm-none-eabi/lib/armv6-m\libnosys.a(sbrk.o)
                0x08007440                _sbrk
 .text._exit    0x0800745c        0x4 d:/gnu tools arm embedded/5.3.2016q1/bin/../lib/gcc/arm-none-eabi/5.3.1/../../../../arm-none-eabi/lib/armv6-m\libnosys.a(_exit.o)
                0x0800745c                _exit
 *(.glue_7)
 .glue_7        0x08007460        0x0 linker stubs
 *(.glue_7t)
 .glue_7t       0x08007460        0x0 linker stubs
 *(.eh_frame)
 .eh_frame      0x08007460        0x0 d:/gnu tools arm embedded/5.3.2016q1/bin/../lib/gcc/arm-none-eabi/5.3.1/armv6-m/crtbegin.o
 .eh_frame      0x08007460        0x4 d:/gnu tools arm embedded/5.3.2016q1/bin/../lib/gcc/arm-none-eabi/5.3.1/armv6-m/crtend.o
 *(.init)
 .init          0x08007464        0x4 d:/gnu tools arm embedded/5.3.2016q1/bin/../lib/gcc/arm-none-eabi/5.3.1/armv6-m/crti.o
                0x08007464                _init
 .init          0x08007468        0x8 d:/gnu tools arm embedded/5.3.2016q1/bin/../lib/gcc/arm-none-eabi/5.3.1/armv6-m/crtn.o
 *(.fini)
 .fini          0x08007470        0x4 d:/gnu tools arm embedded/5.3.2016q1/bin/../lib/gcc/arm-none-eabi/5.3.1/armv6-m/crti.o
                0x08007470                _fini
 .fini          0x08007474        0x8 d:/gnu tools arm embedded/5.3.2016q1/bin/../lib/gcc/arm-none-eabi/5.3.1/armv6-m/crtn.o
                0x0800747c                . = ALIGN (0x4)
                0x0800747c                _etext = .

.vfp11_veneer   0x0800747c        0x0
 .vfp11_veneer  0x0800747c        0x0 linker stubs

.v4_bx          0x0800747c        0x0
 .v4_bx         0x0800747c        0x0 linker stubs

.iplt           0x0800747c        0x0
 .iplt          0x0800747c        0x0 d:/gnu tools arm embedded/5.3.2016q1/bin/../lib/gcc/arm-none-eabi/5.3.1/armv6-m/crtbegin.o

.RamFunc        0x0800747c      0x198
 .RamFunc       0x0800747c      0x198 ./HAL_Library/stm32l0xx_hal_flash_ramfunc.o
                0x08007568                HAL_FLASHEx_HalfPageProgram
                0x080075bc                HAL_FLASHEx_EnableRunPowerDown
                0x080075e0                HAL_FLASHEx_DisableRunPowerDown
                0x08007604                HAL_FLASHRAM_GetError

.rodata         0x08007614      0x1c8
                0x08007614                . = ALIGN (0x4)
 *(.rodata)
 .rodata        0x08007614       0x1d ./src/led_driver.o
                0x08007614                logo
 *fill*         0x08007631        0x3 
 .rodata        0x08007634       0x18 ./src/main.o
 .rodata        0x0800764c       0x1c ./src/system_stm32l0xx.o
                0x0800764c                PLLMulTable
                0x08007658                AHBPrescTable
 .rodata        0x08007668       0x10 ./HAL_Library/stm32l0xx_hal_rcc.o
 .rodata        0x08007678      0x104 ./HAL_Library/stm32l0xx_hal_rcc_ex.o
 .rodata        0x0800777c       0x58 ./HAL_Library/stm32l0xx_hal_usart.o
 *(.rodata*)
 .rodata.str1.4
                0x080077d4        0x4 d:/gnu tools arm embedded/5.3.2016q1/bin/../lib/gcc/arm-none-eabi/5.3.1/../../../../arm-none-eabi/lib/armv6-m\libc.a(lib_a-impure.o)
                                  0x2 (size before relaxing)
 .rodata._global_impure_ptr
                0x080077d8        0x4 d:/gnu tools arm embedded/5.3.2016q1/bin/../lib/gcc/arm-none-eabi/5.3.1/../../../../arm-none-eabi/lib/armv6-m\libc.a(lib_a-impure.o)
                0x080077d8                _global_impure_ptr
                0x080077dc                . = ALIGN (0x4)

.ARM.extab      0x080077dc        0x0
 *(.ARM.extab* .gnu.linkonce.armextab.*)
 .ARM.extab     0x080077dc        0x0 d:/gnu tools arm embedded/5.3.2016q1/bin/../lib/gcc/arm-none-eabi/5.3.1/../../../../arm-none-eabi/lib/armv6-m/crt0.o

.ARM            0x080077dc        0x8
                0x080077dc                __exidx_start = .
 *(.ARM.exidx*)
 .ARM.exidx     0x080077dc        0x8 d:/gnu tools arm embedded/5.3.2016q1/bin/../lib/gcc/arm-none-eabi/5.3.1/../../../../arm-none-eabi/lib/armv6-m/crt0.o
                0x080077e4                __exidx_end = .

.rel.dyn        0x080077e4        0x0
 .rel.iplt      0x080077e4        0x0 d:/gnu tools arm embedded/5.3.2016q1/bin/../lib/gcc/arm-none-eabi/5.3.1/armv6-m/crtbegin.o

.preinit_array  0x080077e4        0x0
                0x080077e4                PROVIDE (__preinit_array_start, .)
 *(.preinit_array*)
                0x080077e4                PROVIDE (__preinit_array_end, .)

.init_array     0x080077e4        0x8
                0x080077e4                PROVIDE (__init_array_start, .)
 *(SORT(.init_array.*))
 .init_array.00000
                0x080077e4        0x4 d:/gnu tools arm embedded/5.3.2016q1/bin/../lib/gcc/arm-none-eabi/5.3.1/../../../../arm-none-eabi/lib/armv6-m\libc.a(lib_a-__call_atexit.o)
 *(.init_array*)
 .init_array    0x080077e8        0x4 d:/gnu tools arm embedded/5.3.2016q1/bin/../lib/gcc/arm-none-eabi/5.3.1/armv6-m/crtbegin.o
                0x080077ec                PROVIDE (__init_array_end, .)

.fini_array     0x080077ec        0x4
                0x080077ec                PROVIDE (__fini_array_start, .)
 *(SORT(.fini_array.*))
 *(.fini_array*)
 .fini_array    0x080077ec        0x4 d:/gnu tools arm embedded/5.3.2016q1/bin/../lib/gcc/arm-none-eabi/5.3.1/armv6-m/crtbegin.o
                0x080077f0                PROVIDE (__fini_array_end, .)
                0x080077f0                _sidata = LOADADDR (.data)

.data           0x20000000      0x84c load address 0x080077f0
                0x20000000                . = ALIGN (0x4)
                0x20000000                _sdata = .
 *(.data)
 .data          0x20000000        0x0 d:/gnu tools arm embedded/5.3.2016q1/bin/../lib/gcc/arm-none-eabi/5.3.1/armv6-m/crti.o
 .data          0x20000000        0x4 d:/gnu tools arm embedded/5.3.2016q1/bin/../lib/gcc/arm-none-eabi/5.3.1/armv6-m/crtbegin.o
                0x20000000                __dso_handle
 .data          0x20000004        0x0 d:/gnu tools arm embedded/5.3.2016q1/bin/../lib/gcc/arm-none-eabi/5.3.1/../../../../arm-none-eabi/lib/armv6-m/crt0.o
 .data          0x20000004        0x0 d:/gnu tools arm embedded/5.3.2016q1/bin/../lib/gcc/arm-none-eabi/5.3.1/../../../../arm-none-eabi/lib/armv6-m\libc.a(lib_a-exit.o)
 .data          0x20000004        0x0 d:/gnu tools arm embedded/5.3.2016q1/bin/../lib/gcc/arm-none-eabi/5.3.1/../../../../arm-none-eabi/lib/armv6-m\libc.a(lib_a-impure.o)
 .data          0x20000004        0x0 d:/gnu tools arm embedded/5.3.2016q1/bin/../lib/gcc/arm-none-eabi/5.3.1/../../../../arm-none-eabi/lib/armv6-m\libc.a(lib_a-init.o)
 .data          0x20000004        0x0 d:/gnu tools arm embedded/5.3.2016q1/bin/../lib/gcc/arm-none-eabi/5.3.1/../../../../arm-none-eabi/lib/armv6-m\libc.a(lib_a-memset.o)
 .data          0x20000004        0x0 d:/gnu tools arm embedded/5.3.2016q1/bin/../lib/gcc/arm-none-eabi/5.3.1/../../../../arm-none-eabi/lib/armv6-m\libc.a(lib_a-__call_atexit.o)
 .data          0x20000004        0x0 d:/gnu tools arm embedded/5.3.2016q1/bin/../lib/gcc/arm-none-eabi/5.3.1/../../../../arm-none-eabi/lib/armv6-m\libc.a(lib_a-atexit.o)
 .data          0x20000004        0x0 d:/gnu tools arm embedded/5.3.2016q1/bin/../lib/gcc/arm-none-eabi/5.3.1/../../../../arm-none-eabi/lib/armv6-m\libc.a(lib_a-fini.o)
 .data          0x20000004        0x0 d:/gnu tools arm embedded/5.3.2016q1/bin/../lib/gcc/arm-none-eabi/5.3.1/../../../../arm-none-eabi/lib/armv6-m\libc.a(lib_a-__atexit.o)
 .data          0x20000004        0x0 ./src/debug.o
 .data          0x20000004        0x1 ./src/led_driver.o
                0x20000004                beaconFadeDiv
 .data          0x20000005        0x1 ./src/main.o
                0x20000005                id
 .data          0x20000006        0x0 ./src/stm32l0xx_it.o
 *fill*         0x20000006        0x2 
 .data          0x20000008        0x4 ./src/system_stm32l0xx.o
                0x20000008                SystemCoreClock
 .data          0x2000000c        0x1 ./src/timer.o
                0x2000000c                current_state
 .data          0x2000000d        0x0 ./src/uart.o
 .data          0x2000000d        0x0 ./HAL_Library/stm32l0xx_hal.o
 .data          0x2000000d        0x0 ./HAL_Library/stm32l0xx_hal_adc.o
 .data          0x2000000d        0x0 ./HAL_Library/stm32l0xx_hal_adc_ex.o
 .data          0x2000000d        0x0 ./HAL_Library/stm32l0xx_hal_comp.o
 .data          0x2000000d        0x0 ./HAL_Library/stm32l0xx_hal_comp_ex.o
 .data          0x2000000d        0x0 ./HAL_Library/stm32l0xx_hal_cortex.o
 .data          0x2000000d        0x0 ./HAL_Library/stm32l0xx_hal_crc.o
 .data          0x2000000d        0x0 ./HAL_Library/stm32l0xx_hal_crc_ex.o
 .data          0x2000000d        0x0 ./HAL_Library/stm32l0xx_hal_cryp.o
 .data          0x2000000d        0x0 ./HAL_Library/stm32l0xx_hal_cryp_ex.o
 .data          0x2000000d        0x0 ./HAL_Library/stm32l0xx_hal_dac.o
 .data          0x2000000d        0x0 ./HAL_Library/stm32l0xx_hal_dac_ex.o
 .data          0x2000000d        0x0 ./HAL_Library/stm32l0xx_hal_dma.o
 .data          0x2000000d        0x0 ./HAL_Library/stm32l0xx_hal_firewall.o
 .data          0x2000000d        0x0 ./HAL_Library/stm32l0xx_hal_flash.o
 .data          0x2000000d        0x0 ./HAL_Library/stm32l0xx_hal_flash_ex.o
 .data          0x2000000d        0x0 ./HAL_Library/stm32l0xx_hal_flash_ramfunc.o
 .data          0x2000000d        0x0 ./HAL_Library/stm32l0xx_hal_gpio.o
 .data          0x2000000d        0x0 ./HAL_Library/stm32l0xx_hal_i2c.o
 .data          0x2000000d        0x0 ./HAL_Library/stm32l0xx_hal_i2c_ex.o
 .data          0x2000000d        0x0 ./HAL_Library/stm32l0xx_hal_i2s.o
 .data          0x2000000d        0x0 ./HAL_Library/stm32l0xx_hal_irda.o
 .data          0x2000000d        0x0 ./HAL_Library/stm32l0xx_hal_iwdg.o
 .data          0x2000000d        0x0 ./HAL_Library/stm32l0xx_hal_lcd.o
 .data          0x2000000d        0x0 ./HAL_Library/stm32l0xx_hal_lptim.o
 .data          0x2000000d        0x0 ./HAL_Library/stm32l0xx_hal_pcd.o
 .data          0x2000000d        0x0 ./HAL_Library/stm32l0xx_hal_pcd_ex.o
 .data          0x2000000d        0x0 ./HAL_Library/stm32l0xx_hal_pwr.o
 .data          0x2000000d        0x0 ./HAL_Library/stm32l0xx_hal_pwr_ex.o
 .data          0x2000000d        0x0 ./HAL_Library/stm32l0xx_hal_rcc.o
 .data          0x2000000d        0x0 ./HAL_Library/stm32l0xx_hal_rcc_ex.o
 .data          0x2000000d        0x0 ./HAL_Library/stm32l0xx_hal_rng.o
 .data          0x2000000d        0x0 ./HAL_Library/stm32l0xx_hal_rtc.o
 .data          0x2000000d        0x0 ./HAL_Library/stm32l0xx_hal_rtc_ex.o
 .data          0x2000000d        0x0 ./HAL_Library/stm32l0xx_hal_smartcard.o
 .data          0x2000000d        0x0 ./HAL_Library/stm32l0xx_hal_smartcard_ex.o
 .data          0x2000000d        0x0 ./HAL_Library/stm32l0xx_hal_smbus.o
 .data          0x2000000d        0x0 ./HAL_Library/stm32l0xx_hal_spi.o
 .data          0x2000000d        0x0 ./HAL_Library/stm32l0xx_hal_tim.o
 .data          0x2000000d        0x0 ./HAL_Library/stm32l0xx_hal_tim_ex.o
 .data          0x2000000d        0x0 ./HAL_Library/stm32l0xx_hal_tsc.o
 .data          0x2000000d        0x0 ./HAL_Library/stm32l0xx_hal_uart.o
 .data          0x2000000d        0x0 ./HAL_Library/stm32l0xx_hal_uart_ex.o
 .data          0x2000000d        0x0 ./HAL_Library/stm32l0xx_hal_usart.o
 .data          0x2000000d        0x0 ./HAL_Library/stm32l0xx_hal_wwdg.o
 .data          0x2000000d        0x0 ./startup_stm32l052xx.o
 .data          0x2000000d        0x0 d:/gnu tools arm embedded/5.3.2016q1/bin/../lib/gcc/arm-none-eabi/5.3.1/armv6-m\libgcc.a(_udivsi3.o)
 .data          0x2000000d        0x0 d:/gnu tools arm embedded/5.3.2016q1/bin/../lib/gcc/arm-none-eabi/5.3.1/armv6-m\libgcc.a(_divsi3.o)
 .data          0x2000000d        0x0 d:/gnu tools arm embedded/5.3.2016q1/bin/../lib/gcc/arm-none-eabi/5.3.1/armv6-m\libgcc.a(_dvmd_tls.o)
 .data          0x2000000d        0x0 d:/gnu tools arm embedded/5.3.2016q1/bin/../lib/gcc/arm-none-eabi/5.3.1/../../../../arm-none-eabi/lib/armv6-m\libc.a(lib_a-malloc.o)
 .data          0x2000000d        0x0 d:/gnu tools arm embedded/5.3.2016q1/bin/../lib/gcc/arm-none-eabi/5.3.1/../../../../arm-none-eabi/lib/armv6-m\libc.a(lib_a-mallocr.o)
 .data          0x2000000d        0x0 d:/gnu tools arm embedded/5.3.2016q1/bin/../lib/gcc/arm-none-eabi/5.3.1/../../../../arm-none-eabi/lib/armv6-m\libc.a(lib_a-mlock.o)
 .data          0x2000000d        0x0 d:/gnu tools arm embedded/5.3.2016q1/bin/../lib/gcc/arm-none-eabi/5.3.1/../../../../arm-none-eabi/lib/armv6-m\libc.a(lib_a-sbrkr.o)
 .data          0x2000000d        0x0 d:/gnu tools arm embedded/5.3.2016q1/bin/../lib/gcc/arm-none-eabi/5.3.1/../../../../arm-none-eabi/lib/armv6-m\libc.a(lib_a-freer.o)
 .data          0x2000000d        0x0 d:/gnu tools arm embedded/5.3.2016q1/bin/../lib/gcc/arm-none-eabi/5.3.1/../../../../arm-none-eabi/lib/armv6-m\libc.a(lib_a-reent.o)
 .data          0x2000000d        0x0 d:/gnu tools arm embedded/5.3.2016q1/bin/../lib/gcc/arm-none-eabi/5.3.1/../../../../arm-none-eabi/lib/armv6-m\libnosys.a(sbrk.o)
 .data          0x2000000d        0x0 d:/gnu tools arm embedded/5.3.2016q1/bin/../lib/gcc/arm-none-eabi/5.3.1/../../../../arm-none-eabi/lib/armv6-m\libnosys.a(_exit.o)
 .data          0x2000000d        0x0 d:/gnu tools arm embedded/5.3.2016q1/bin/../lib/gcc/arm-none-eabi/5.3.1/armv6-m/crtend.o
 .data          0x2000000d        0x0 d:/gnu tools arm embedded/5.3.2016q1/bin/../lib/gcc/arm-none-eabi/5.3.1/armv6-m/crtn.o
 *(.data*)
 *fill*         0x2000000d        0x3 
 .data.impure_data
                0x20000010      0x428 d:/gnu tools arm embedded/5.3.2016q1/bin/../lib/gcc/arm-none-eabi/5.3.1/../../../../arm-none-eabi/lib/armv6-m\libc.a(lib_a-impure.o)
 .data._impure_ptr
                0x20000438        0x4 d:/gnu tools arm embedded/5.3.2016q1/bin/../lib/gcc/arm-none-eabi/5.3.1/../../../../arm-none-eabi/lib/armv6-m\libc.a(lib_a-impure.o)
                0x20000438                _impure_ptr
 .data.__malloc_av_
                0x2000043c      0x408 d:/gnu tools arm embedded/5.3.2016q1/bin/../lib/gcc/arm-none-eabi/5.3.1/../../../../arm-none-eabi/lib/armv6-m\libc.a(lib_a-mallocr.o)
                0x2000043c                __malloc_av_
 .data.__malloc_trim_threshold
                0x20000844        0x4 d:/gnu tools arm embedded/5.3.2016q1/bin/../lib/gcc/arm-none-eabi/5.3.1/../../../../arm-none-eabi/lib/armv6-m\libc.a(lib_a-mallocr.o)
                0x20000844                __malloc_trim_threshold
 .data.__malloc_sbrk_base
                0x20000848        0x4 d:/gnu tools arm embedded/5.3.2016q1/bin/../lib/gcc/arm-none-eabi/5.3.1/../../../../arm-none-eabi/lib/armv6-m\libc.a(lib_a-mallocr.o)
                0x20000848                __malloc_sbrk_base
                0x2000084c                . = ALIGN (0x4)
                0x2000084c                _edata = .

.jcr            0x2000084c        0x4 load address 0x0800803c
 .jcr           0x2000084c        0x0 d:/gnu tools arm embedded/5.3.2016q1/bin/../lib/gcc/arm-none-eabi/5.3.1/armv6-m/crtbegin.o
 .jcr           0x2000084c        0x4 d:/gnu tools arm embedded/5.3.2016q1/bin/../lib/gcc/arm-none-eabi/5.3.1/armv6-m/crtend.o

.igot.plt       0x20000850        0x0 load address 0x08008040
 .igot.plt      0x20000850        0x0 d:/gnu tools arm embedded/5.3.2016q1/bin/../lib/gcc/arm-none-eabi/5.3.1/armv6-m/crtbegin.o
                0x20000850                . = ALIGN (0x4)

.bss            0x20000850      0xa28 load address 0x08008040
                0x20000850                _sbss = .
                0x20000850                __bss_start__ = _sbss
 *(.bss)
 .bss           0x20000850        0x0 d:/gnu tools arm embedded/5.3.2016q1/bin/../lib/gcc/arm-none-eabi/5.3.1/armv6-m/crti.o
 .bss           0x20000850       0x1c d:/gnu tools arm embedded/5.3.2016q1/bin/../lib/gcc/arm-none-eabi/5.3.1/armv6-m/crtbegin.o
 .bss           0x2000086c        0x0 d:/gnu tools arm embedded/5.3.2016q1/bin/../lib/gcc/arm-none-eabi/5.3.1/../../../../arm-none-eabi/lib/armv6-m/crt0.o
 .bss           0x2000086c        0x0 d:/gnu tools arm embedded/5.3.2016q1/bin/../lib/gcc/arm-none-eabi/5.3.1/../../../../arm-none-eabi/lib/armv6-m\libc.a(lib_a-exit.o)
 .bss           0x2000086c        0x0 d:/gnu tools arm embedded/5.3.2016q1/bin/../lib/gcc/arm-none-eabi/5.3.1/../../../../arm-none-eabi/lib/armv6-m\libc.a(lib_a-impure.o)
 .bss           0x2000086c        0x0 d:/gnu tools arm embedded/5.3.2016q1/bin/../lib/gcc/arm-none-eabi/5.3.1/../../../../arm-none-eabi/lib/armv6-m\libc.a(lib_a-init.o)
 .bss           0x2000086c        0x0 d:/gnu tools arm embedded/5.3.2016q1/bin/../lib/gcc/arm-none-eabi/5.3.1/../../../../arm-none-eabi/lib/armv6-m\libc.a(lib_a-memset.o)
 .bss           0x2000086c        0x0 d:/gnu tools arm embedded/5.3.2016q1/bin/../lib/gcc/arm-none-eabi/5.3.1/../../../../arm-none-eabi/lib/armv6-m\libc.a(lib_a-__call_atexit.o)
 .bss           0x2000086c        0x0 d:/gnu tools arm embedded/5.3.2016q1/bin/../lib/gcc/arm-none-eabi/5.3.1/../../../../arm-none-eabi/lib/armv6-m\libc.a(lib_a-atexit.o)
 .bss           0x2000086c        0x0 d:/gnu tools arm embedded/5.3.2016q1/bin/../lib/gcc/arm-none-eabi/5.3.1/../../../../arm-none-eabi/lib/armv6-m\libc.a(lib_a-fini.o)
 .bss           0x2000086c        0x0 d:/gnu tools arm embedded/5.3.2016q1/bin/../lib/gcc/arm-none-eabi/5.3.1/../../../../arm-none-eabi/lib/armv6-m\libc.a(lib_a-__atexit.o)
 .bss           0x2000086c       0xc8 ./src/debug.o
                0x2000086c                tx_buffer
                0x200008d0                rx_buffer
 .bss           0x20000934      0x3ef ./src/led_driver.o
                0x20000934                bufferCount
                0x20000938                buffer
                0x20000d20                notePressed
                0x20000d21                bufferPosition
                0x20000d22                beaconMask
 .bss           0x20000d23        0x1 ./src/main.o
                0x20000d23                led_updated
 .bss           0x20000d24        0x0 ./src/stm32l0xx_it.o
 .bss           0x20000d24        0x0 ./src/system_stm32l0xx.o
 .bss           0x20000d24        0x5 ./src/timer.o
                0x20000d24                sysTime
                0x20000d28                update_led
 *fill*         0x20000d29        0x3 
 .bss           0x20000d2c        0x9 ./src/uart.o
                0x20000d2c                readPosition
                0x20000d30                lastDataTime
                0x20000d34                currentState
 *fill*         0x20000d35        0x3 
 .bss           0x20000d38        0x4 ./HAL_Library/stm32l0xx_hal.o
 .bss           0x20000d3c        0x0 ./HAL_Library/stm32l0xx_hal_adc.o
 .bss           0x20000d3c        0x0 ./HAL_Library/stm32l0xx_hal_adc_ex.o
 .bss           0x20000d3c        0x0 ./HAL_Library/stm32l0xx_hal_comp.o
 .bss           0x20000d3c        0x0 ./HAL_Library/stm32l0xx_hal_comp_ex.o
 .bss           0x20000d3c        0x0 ./HAL_Library/stm32l0xx_hal_cortex.o
 .bss           0x20000d3c        0x0 ./HAL_Library/stm32l0xx_hal_crc.o
 .bss           0x20000d3c        0x0 ./HAL_Library/stm32l0xx_hal_crc_ex.o
 .bss           0x20000d3c        0x0 ./HAL_Library/stm32l0xx_hal_cryp.o
 .bss           0x20000d3c        0x0 ./HAL_Library/stm32l0xx_hal_cryp_ex.o
 .bss           0x20000d3c        0x0 ./HAL_Library/stm32l0xx_hal_dac.o
 .bss           0x20000d3c        0x0 ./HAL_Library/stm32l0xx_hal_dac_ex.o
 .bss           0x20000d3c        0x0 ./HAL_Library/stm32l0xx_hal_dma.o
 .bss           0x20000d3c        0x0 ./HAL_Library/stm32l0xx_hal_firewall.o
 .bss           0x20000d3c        0x0 ./HAL_Library/stm32l0xx_hal_flash.o
 .bss           0x20000d3c        0x0 ./HAL_Library/stm32l0xx_hal_flash_ex.o
 .bss           0x20000d3c        0x0 ./HAL_Library/stm32l0xx_hal_flash_ramfunc.o
 .bss           0x20000d3c        0x0 ./HAL_Library/stm32l0xx_hal_gpio.o
 .bss           0x20000d3c        0x0 ./HAL_Library/stm32l0xx_hal_i2c.o
 .bss           0x20000d3c        0x0 ./HAL_Library/stm32l0xx_hal_i2c_ex.o
 .bss           0x20000d3c        0x0 ./HAL_Library/stm32l0xx_hal_i2s.o
 .bss           0x20000d3c        0x0 ./HAL_Library/stm32l0xx_hal_irda.o
 .bss           0x20000d3c        0x0 ./HAL_Library/stm32l0xx_hal_iwdg.o
 .bss           0x20000d3c        0x0 ./HAL_Library/stm32l0xx_hal_lcd.o
 .bss           0x20000d3c        0x0 ./HAL_Library/stm32l0xx_hal_lptim.o
 .bss           0x20000d3c        0x0 ./HAL_Library/stm32l0xx_hal_pcd.o
 .bss           0x20000d3c        0x0 ./HAL_Library/stm32l0xx_hal_pcd_ex.o
 .bss           0x20000d3c        0x0 ./HAL_Library/stm32l0xx_hal_pwr.o
 .bss           0x20000d3c        0x0 ./HAL_Library/stm32l0xx_hal_pwr_ex.o
 .bss           0x20000d3c        0x0 ./HAL_Library/stm32l0xx_hal_rcc.o
 .bss           0x20000d3c        0x0 ./HAL_Library/stm32l0xx_hal_rcc_ex.o
 .bss           0x20000d3c        0x0 ./HAL_Library/stm32l0xx_hal_rng.o
 .bss           0x20000d3c        0x0 ./HAL_Library/stm32l0xx_hal_rtc.o
 .bss           0x20000d3c        0x0 ./HAL_Library/stm32l0xx_hal_rtc_ex.o
 .bss           0x20000d3c        0x0 ./HAL_Library/stm32l0xx_hal_smartcard.o
 .bss           0x20000d3c        0x0 ./HAL_Library/stm32l0xx_hal_smartcard_ex.o
 .bss           0x20000d3c        0x0 ./HAL_Library/stm32l0xx_hal_smbus.o
 .bss           0x20000d3c        0x0 ./HAL_Library/stm32l0xx_hal_spi.o
 .bss           0x20000d3c        0x0 ./HAL_Library/stm32l0xx_hal_tim.o
 .bss           0x20000d3c        0x0 ./HAL_Library/stm32l0xx_hal_tim_ex.o
 .bss           0x20000d3c        0x0 ./HAL_Library/stm32l0xx_hal_tsc.o
 .bss           0x20000d3c        0x0 ./HAL_Library/stm32l0xx_hal_uart.o
 .bss           0x20000d3c        0x0 ./HAL_Library/stm32l0xx_hal_uart_ex.o
 .bss           0x20000d3c        0x0 ./HAL_Library/stm32l0xx_hal_usart.o
 .bss           0x20000d3c        0x0 ./HAL_Library/stm32l0xx_hal_wwdg.o
 .bss           0x20000d3c        0x0 ./startup_stm32l052xx.o
 .bss           0x20000d3c        0x0 d:/gnu tools arm embedded/5.3.2016q1/bin/../lib/gcc/arm-none-eabi/5.3.1/armv6-m\libgcc.a(_udivsi3.o)
 .bss           0x20000d3c        0x0 d:/gnu tools arm embedded/5.3.2016q1/bin/../lib/gcc/arm-none-eabi/5.3.1/armv6-m\libgcc.a(_divsi3.o)
 .bss           0x20000d3c        0x0 d:/gnu tools arm embedded/5.3.2016q1/bin/../lib/gcc/arm-none-eabi/5.3.1/armv6-m\libgcc.a(_dvmd_tls.o)
 .bss           0x20000d3c        0x0 d:/gnu tools arm embedded/5.3.2016q1/bin/../lib/gcc/arm-none-eabi/5.3.1/../../../../arm-none-eabi/lib/armv6-m\libc.a(lib_a-malloc.o)
 .bss           0x20000d3c        0x0 d:/gnu tools arm embedded/5.3.2016q1/bin/../lib/gcc/arm-none-eabi/5.3.1/../../../../arm-none-eabi/lib/armv6-m\libc.a(lib_a-mallocr.o)
 .bss           0x20000d3c        0x0 d:/gnu tools arm embedded/5.3.2016q1/bin/../lib/gcc/arm-none-eabi/5.3.1/../../../../arm-none-eabi/lib/armv6-m\libc.a(lib_a-mlock.o)
 .bss           0x20000d3c        0x0 d:/gnu tools arm embedded/5.3.2016q1/bin/../lib/gcc/arm-none-eabi/5.3.1/../../../../arm-none-eabi/lib/armv6-m\libc.a(lib_a-sbrkr.o)
 .bss           0x20000d3c        0x0 d:/gnu tools arm embedded/5.3.2016q1/bin/../lib/gcc/arm-none-eabi/5.3.1/../../../../arm-none-eabi/lib/armv6-m\libc.a(lib_a-freer.o)
 .bss           0x20000d3c        0x0 d:/gnu tools arm embedded/5.3.2016q1/bin/../lib/gcc/arm-none-eabi/5.3.1/../../../../arm-none-eabi/lib/armv6-m\libc.a(lib_a-reent.o)
 .bss           0x20000d3c        0x0 d:/gnu tools arm embedded/5.3.2016q1/bin/../lib/gcc/arm-none-eabi/5.3.1/../../../../arm-none-eabi/lib/armv6-m\libnosys.a(sbrk.o)
 .bss           0x20000d3c        0x0 d:/gnu tools arm embedded/5.3.2016q1/bin/../lib/gcc/arm-none-eabi/5.3.1/../../../../arm-none-eabi/lib/armv6-m\libnosys.a(_exit.o)
 .bss           0x20000d3c        0x0 d:/gnu tools arm embedded/5.3.2016q1/bin/../lib/gcc/arm-none-eabi/5.3.1/armv6-m/crtend.o
 .bss           0x20000d3c        0x0 d:/gnu tools arm embedded/5.3.2016q1/bin/../lib/gcc/arm-none-eabi/5.3.1/armv6-m/crtn.o
 *(.bss*)
 .bss.__malloc_max_total_mem
                0x20000d3c        0x4 d:/gnu tools arm embedded/5.3.2016q1/bin/../lib/gcc/arm-none-eabi/5.3.1/../../../../arm-none-eabi/lib/armv6-m\libc.a(lib_a-mallocr.o)
                0x20000d3c                __malloc_max_total_mem
 .bss.__malloc_max_sbrked_mem
                0x20000d40        0x4 d:/gnu tools arm embedded/5.3.2016q1/bin/../lib/gcc/arm-none-eabi/5.3.1/../../../../arm-none-eabi/lib/armv6-m\libc.a(lib_a-mallocr.o)
                0x20000d40                __malloc_max_sbrked_mem
 .bss.__malloc_top_pad
                0x20000d44        0x4 d:/gnu tools arm embedded/5.3.2016q1/bin/../lib/gcc/arm-none-eabi/5.3.1/../../../../arm-none-eabi/lib/armv6-m\libc.a(lib_a-mallocr.o)
                0x20000d44                __malloc_top_pad
 .bss.__malloc_current_mallinfo
                0x20000d48       0x28 d:/gnu tools arm embedded/5.3.2016q1/bin/../lib/gcc/arm-none-eabi/5.3.1/../../../../arm-none-eabi/lib/armv6-m\libc.a(lib_a-mallocr.o)
                0x20000d48                __malloc_current_mallinfo
 .bss.heap_end.4167
                0x20000d70        0x4 d:/gnu tools arm embedded/5.3.2016q1/bin/../lib/gcc/arm-none-eabi/5.3.1/../../../../arm-none-eabi/lib/armv6-m\libnosys.a(sbrk.o)
 *(COMMON)
 COMMON         0x20000d74       0xc0 ./src/debug.o
                0x20000d74                DMA_RX_Handle
                0x20000db0                DMA_TX_Handle
                0x20000dec                USART_Handle
 COMMON         0x20000e34      0x358 ./src/led_driver.o
                0x20000e34                ledStrip
                0x20001154                beaconBlueStep
                0x20001155                beaconRedStep
                0x20001158                targetColour
                0x2000115c                targetColourDefault
                0x20001160                beaconGreenStep
                0x20001164                colour_lookup
                0x20001184                beaconBackground
                0x20001188                beaconColour
 COMMON         0x2000118c        0x0 ./src/main.o
 COMMON         0x2000118c       0x3c ./src/timer.o
                0x2000118c                timHandle
                0x200011c4                timerHandler
 COMMON         0x200011c8       0x94 ./src/uart.o
                0x200011c8                currentFunc
                0x200011d4                rxBuffer
                0x20001254                longCmdHandler
                0x20001258                shortCmdHandler
 COMMON         0x2000125c       0x18 ./HAL_Library/stm32l0xx_hal_flash.o
                0x2000125c                ProcFlash
 COMMON         0x20001274        0x4 d:/gnu tools arm embedded/5.3.2016q1/bin/../lib/gcc/arm-none-eabi/5.3.1/../../../../arm-none-eabi/lib/armv6-m\libc.a(lib_a-reent.o)
                0x20001274                errno
                0x20001278                . = ALIGN (0x4)
                0x20001278                _ebss = .
                0x20001278                __bss_end__ = _ebss

._user_heap_stack
                0x20001278      0x400 load address 0x08008040
                0x20001278                . = ALIGN (0x4)
                0x20001278                PROVIDE (end, .)
                [!provide]                PROVIDE (_end, .)
                0x20001478                . = (. + _Min_Heap_Size)
 *fill*         0x20001278      0x200 
                0x20001678                . = (. + _Min_Stack_Size)
 *fill*         0x20001478      0x200 
                0x20001678                . = ALIGN (0x4)

/DISCARD/
 libc.a(*)
 libm.a(*)
 libgcc.a(*)

.ARM.attributes
                0x00000000       0x28
 *(.ARM.attributes)
 .ARM.attributes
                0x00000000       0x1e d:/gnu tools arm embedded/5.3.2016q1/bin/../lib/gcc/arm-none-eabi/5.3.1/armv6-m/crti.o
 .ARM.attributes
                0x0000001e       0x2c d:/gnu tools arm embedded/5.3.2016q1/bin/../lib/gcc/arm-none-eabi/5.3.1/armv6-m/crtbegin.o
 .ARM.attributes
                0x0000004a       0x1b d:/gnu tools arm embedded/5.3.2016q1/bin/../lib/gcc/arm-none-eabi/5.3.1/../../../../arm-none-eabi/lib/armv6-m/crt0.o
 .ARM.attributes
                0x00000065       0x2c d:/gnu tools arm embedded/5.3.2016q1/bin/../lib/gcc/arm-none-eabi/5.3.1/../../../../arm-none-eabi/lib/armv6-m\libc.a(lib_a-exit.o)
 .ARM.attributes
                0x00000091       0x2c d:/gnu tools arm embedded/5.3.2016q1/bin/../lib/gcc/arm-none-eabi/5.3.1/../../../../arm-none-eabi/lib/armv6-m\libc.a(lib_a-impure.o)
 .ARM.attributes
                0x000000bd       0x2c d:/gnu tools arm embedded/5.3.2016q1/bin/../lib/gcc/arm-none-eabi/5.3.1/../../../../arm-none-eabi/lib/armv6-m\libc.a(lib_a-init.o)
 .ARM.attributes
                0x000000e9       0x2c d:/gnu tools arm embedded/5.3.2016q1/bin/../lib/gcc/arm-none-eabi/5.3.1/../../../../arm-none-eabi/lib/armv6-m\libc.a(lib_a-memset.o)
 .ARM.attributes
                0x00000115       0x2c d:/gnu tools arm embedded/5.3.2016q1/bin/../lib/gcc/arm-none-eabi/5.3.1/../../../../arm-none-eabi/lib/armv6-m\libc.a(lib_a-__call_atexit.o)
 .ARM.attributes
                0x00000141       0x2c d:/gnu tools arm embedded/5.3.2016q1/bin/../lib/gcc/arm-none-eabi/5.3.1/../../../../arm-none-eabi/lib/armv6-m\libc.a(lib_a-atexit.o)
 .ARM.attributes
                0x0000016d       0x2c d:/gnu tools arm embedded/5.3.2016q1/bin/../lib/gcc/arm-none-eabi/5.3.1/../../../../arm-none-eabi/lib/armv6-m\libc.a(lib_a-fini.o)
 .ARM.attributes
                0x00000199       0x2c d:/gnu tools arm embedded/5.3.2016q1/bin/../lib/gcc/arm-none-eabi/5.3.1/../../../../arm-none-eabi/lib/armv6-m\libc.a(lib_a-__atexit.o)
 .ARM.attributes
                0x000001c5       0x32 ./src/debug.o
 .ARM.attributes
                0x000001f7       0x32 ./src/led_driver.o
 .ARM.attributes
                0x00000229       0x32 ./src/main.o
 .ARM.attributes
                0x0000025b       0x32 ./src/stm32l0xx_it.o
 .ARM.attributes
                0x0000028d       0x32 ./src/system_stm32l0xx.o
 .ARM.attributes
                0x000002bf       0x32 ./src/timer.o
 .ARM.attributes
                0x000002f1       0x32 ./src/uart.o
 .ARM.attributes
                0x00000323       0x32 ./HAL_Library/stm32l0xx_hal.o
 .ARM.attributes
                0x00000355       0x32 ./HAL_Library/stm32l0xx_hal_adc.o
 .ARM.attributes
                0x00000387       0x32 ./HAL_Library/stm32l0xx_hal_adc_ex.o
 .ARM.attributes
                0x000003b9       0x32 ./HAL_Library/stm32l0xx_hal_comp.o
 .ARM.attributes
                0x000003eb       0x32 ./HAL_Library/stm32l0xx_hal_comp_ex.o
 .ARM.attributes
                0x0000041d       0x32 ./HAL_Library/stm32l0xx_hal_cortex.o
 .ARM.attributes
                0x0000044f       0x32 ./HAL_Library/stm32l0xx_hal_crc.o
 .ARM.attributes
                0x00000481       0x32 ./HAL_Library/stm32l0xx_hal_crc_ex.o
 .ARM.attributes
                0x000004b3       0x32 ./HAL_Library/stm32l0xx_hal_cryp.o
 .ARM.attributes
                0x000004e5       0x32 ./HAL_Library/stm32l0xx_hal_cryp_ex.o
 .ARM.attributes
                0x00000517       0x32 ./HAL_Library/stm32l0xx_hal_dac.o
 .ARM.attributes
                0x00000549       0x32 ./HAL_Library/stm32l0xx_hal_dac_ex.o
 .ARM.attributes
                0x0000057b       0x32 ./HAL_Library/stm32l0xx_hal_dma.o
 .ARM.attributes
                0x000005ad       0x32 ./HAL_Library/stm32l0xx_hal_firewall.o
 .ARM.attributes
                0x000005df       0x32 ./HAL_Library/stm32l0xx_hal_flash.o
 .ARM.attributes
                0x00000611       0x32 ./HAL_Library/stm32l0xx_hal_flash_ex.o
 .ARM.attributes
                0x00000643       0x32 ./HAL_Library/stm32l0xx_hal_flash_ramfunc.o
 .ARM.attributes
                0x00000675       0x32 ./HAL_Library/stm32l0xx_hal_gpio.o
 .ARM.attributes
                0x000006a7       0x32 ./HAL_Library/stm32l0xx_hal_i2c.o
 .ARM.attributes
                0x000006d9       0x32 ./HAL_Library/stm32l0xx_hal_i2c_ex.o
 .ARM.attributes
                0x0000070b       0x32 ./HAL_Library/stm32l0xx_hal_i2s.o
 .ARM.attributes
                0x0000073d       0x32 ./HAL_Library/stm32l0xx_hal_irda.o
 .ARM.attributes
                0x0000076f       0x32 ./HAL_Library/stm32l0xx_hal_iwdg.o
 .ARM.attributes
                0x000007a1       0x32 ./HAL_Library/stm32l0xx_hal_lcd.o
 .ARM.attributes
                0x000007d3       0x32 ./HAL_Library/stm32l0xx_hal_lptim.o
 .ARM.attributes
                0x00000805       0x32 ./HAL_Library/stm32l0xx_hal_pcd.o
 .ARM.attributes
                0x00000837       0x32 ./HAL_Library/stm32l0xx_hal_pcd_ex.o
 .ARM.attributes
                0x00000869       0x32 ./HAL_Library/stm32l0xx_hal_pwr.o
 .ARM.attributes
                0x0000089b       0x32 ./HAL_Library/stm32l0xx_hal_pwr_ex.o
 .ARM.attributes
                0x000008cd       0x32 ./HAL_Library/stm32l0xx_hal_rcc.o
 .ARM.attributes
                0x000008ff       0x32 ./HAL_Library/stm32l0xx_hal_rcc_ex.o
 .ARM.attributes
                0x00000931       0x32 ./HAL_Library/stm32l0xx_hal_rng.o
 .ARM.attributes
                0x00000963       0x32 ./HAL_Library/stm32l0xx_hal_rtc.o
 .ARM.attributes
                0x00000995       0x32 ./HAL_Library/stm32l0xx_hal_rtc_ex.o
 .ARM.attributes
                0x000009c7       0x32 ./HAL_Library/stm32l0xx_hal_smartcard.o
 .ARM.attributes
                0x000009f9       0x32 ./HAL_Library/stm32l0xx_hal_smartcard_ex.o
 .ARM.attributes
                0x00000a2b       0x32 ./HAL_Library/stm32l0xx_hal_smbus.o
 .ARM.attributes
                0x00000a5d       0x32 ./HAL_Library/stm32l0xx_hal_spi.o
 .ARM.attributes
                0x00000a8f       0x32 ./HAL_Library/stm32l0xx_hal_tim.o
 .ARM.attributes
                0x00000ac1       0x32 ./HAL_Library/stm32l0xx_hal_tim_ex.o
 .ARM.attributes
                0x00000af3       0x32 ./HAL_Library/stm32l0xx_hal_tsc.o
 .ARM.attributes
                0x00000b25       0x32 ./HAL_Library/stm32l0xx_hal_uart.o
 .ARM.attributes
                0x00000b57       0x32 ./HAL_Library/stm32l0xx_hal_uart_ex.o
 .ARM.attributes
                0x00000b89       0x32 ./HAL_Library/stm32l0xx_hal_usart.o
 .ARM.attributes
                0x00000bbb       0x32 ./HAL_Library/stm32l0xx_hal_wwdg.o
 .ARM.attributes
                0x00000bed       0x22 ./startup_stm32l052xx.o
 .ARM.attributes
                0x00000c0f       0x1e d:/gnu tools arm embedded/5.3.2016q1/bin/../lib/gcc/arm-none-eabi/5.3.1/armv6-m\libgcc.a(_udivsi3.o)
 .ARM.attributes
                0x00000c2d       0x1e d:/gnu tools arm embedded/5.3.2016q1/bin/../lib/gcc/arm-none-eabi/5.3.1/armv6-m\libgcc.a(_divsi3.o)
 .ARM.attributes
                0x00000c4b       0x1e d:/gnu tools arm embedded/5.3.2016q1/bin/../lib/gcc/arm-none-eabi/5.3.1/armv6-m\libgcc.a(_dvmd_tls.o)
 .ARM.attributes
                0x00000c69       0x2c d:/gnu tools arm embedded/5.3.2016q1/bin/../lib/gcc/arm-none-eabi/5.3.1/../../../../arm-none-eabi/lib/armv6-m\libc.a(lib_a-malloc.o)
 .ARM.attributes
                0x00000c95       0x2c d:/gnu tools arm embedded/5.3.2016q1/bin/../lib/gcc/arm-none-eabi/5.3.1/../../../../arm-none-eabi/lib/armv6-m\libc.a(lib_a-mallocr.o)
 .ARM.attributes
                0x00000cc1       0x2c d:/gnu tools arm embedded/5.3.2016q1/bin/../lib/gcc/arm-none-eabi/5.3.1/../../../../arm-none-eabi/lib/armv6-m\libc.a(lib_a-mlock.o)
 .ARM.attributes
                0x00000ced       0x2c d:/gnu tools arm embedded/5.3.2016q1/bin/../lib/gcc/arm-none-eabi/5.3.1/../../../../arm-none-eabi/lib/armv6-m\libc.a(lib_a-sbrkr.o)
 .ARM.attributes
                0x00000d19       0x2c d:/gnu tools arm embedded/5.3.2016q1/bin/../lib/gcc/arm-none-eabi/5.3.1/../../../../arm-none-eabi/lib/armv6-m\libc.a(lib_a-freer.o)
 .ARM.attributes
                0x00000d45       0x2c d:/gnu tools arm embedded/5.3.2016q1/bin/../lib/gcc/arm-none-eabi/5.3.1/../../../../arm-none-eabi/lib/armv6-m\libc.a(lib_a-reent.o)
 .ARM.attributes
                0x00000d71       0x2c d:/gnu tools arm embedded/5.3.2016q1/bin/../lib/gcc/arm-none-eabi/5.3.1/../../../../arm-none-eabi/lib/armv6-m\libnosys.a(sbrk.o)
 .ARM.attributes
                0x00000d9d       0x2c d:/gnu tools arm embedded/5.3.2016q1/bin/../lib/gcc/arm-none-eabi/5.3.1/../../../../arm-none-eabi/lib/armv6-m\libnosys.a(_exit.o)
 .ARM.attributes
                0x00000dc9       0x2c d:/gnu tools arm embedded/5.3.2016q1/bin/../lib/gcc/arm-none-eabi/5.3.1/armv6-m/crtend.o
 .ARM.attributes
                0x00000df5       0x1e d:/gnu tools arm embedded/5.3.2016q1/bin/../lib/gcc/arm-none-eabi/5.3.1/armv6-m/crtn.o
OUTPUT(ledStripController.elf elf32-littlearm)

.debug_frame    0x00000000     0x1f80
 .debug_frame   0x00000000       0x28 d:/gnu tools arm embedded/5.3.2016q1/bin/../lib/gcc/arm-none-eabi/5.3.1/../../../../arm-none-eabi/lib/armv6-m\libc.a(lib_a-exit.o)
 .debug_frame   0x00000028       0x2c d:/gnu tools arm embedded/5.3.2016q1/bin/../lib/gcc/arm-none-eabi/5.3.1/../../../../arm-none-eabi/lib/armv6-m\libc.a(lib_a-init.o)
 .debug_frame   0x00000054       0x2c d:/gnu tools arm embedded/5.3.2016q1/bin/../lib/gcc/arm-none-eabi/5.3.1/../../../../arm-none-eabi/lib/armv6-m\libc.a(lib_a-memset.o)
 .debug_frame   0x00000080       0x54 d:/gnu tools arm embedded/5.3.2016q1/bin/../lib/gcc/arm-none-eabi/5.3.1/../../../../arm-none-eabi/lib/armv6-m\libc.a(lib_a-__call_atexit.o)
 .debug_frame   0x000000d4       0x28 d:/gnu tools arm embedded/5.3.2016q1/bin/../lib/gcc/arm-none-eabi/5.3.1/../../../../arm-none-eabi/lib/armv6-m\libc.a(lib_a-atexit.o)
 .debug_frame   0x000000fc       0x2c d:/gnu tools arm embedded/5.3.2016q1/bin/../lib/gcc/arm-none-eabi/5.3.1/../../../../arm-none-eabi/lib/armv6-m\libc.a(lib_a-fini.o)
 .debug_frame   0x00000128       0x3c d:/gnu tools arm embedded/5.3.2016q1/bin/../lib/gcc/arm-none-eabi/5.3.1/../../../../arm-none-eabi/lib/armv6-m\libc.a(lib_a-__atexit.o)
 .debug_frame   0x00000164       0x50 ./src/debug.o
 .debug_frame   0x000001b4      0x1ac ./src/led_driver.o
 .debug_frame   0x00000360       0xac ./src/main.o
 .debug_frame   0x0000040c       0x20 ./src/stm32l0xx_it.o
 .debug_frame   0x0000042c       0x38 ./src/system_stm32l0xx.o
 .debug_frame   0x00000464       0xc8 ./src/timer.o
 .debug_frame   0x0000052c       0x7c ./src/uart.o
 .debug_frame   0x000005a8      0x1e4 ./HAL_Library/stm32l0xx_hal.o
 .debug_frame   0x0000078c       0xf4 ./HAL_Library/stm32l0xx_hal_cortex.o
 .debug_frame   0x00000880       0xf8 ./HAL_Library/stm32l0xx_hal_dma.o
 .debug_frame   0x00000978      0x138 ./HAL_Library/stm32l0xx_hal_flash.o
 .debug_frame   0x00000ab0      0x19c ./HAL_Library/stm32l0xx_hal_flash_ex.o
 .debug_frame   0x00000c4c       0x6c ./HAL_Library/stm32l0xx_hal_flash_ramfunc.o
 .debug_frame   0x00000cb8       0xd4 ./HAL_Library/stm32l0xx_hal_gpio.o
 .debug_frame   0x00000d8c      0x13c ./HAL_Library/stm32l0xx_hal_pwr.o
 .debug_frame   0x00000ec8       0x78 ./HAL_Library/stm32l0xx_hal_pwr_ex.o
 .debug_frame   0x00000f40      0x158 ./HAL_Library/stm32l0xx_hal_rcc.o
 .debug_frame   0x00001098      0x140 ./HAL_Library/stm32l0xx_hal_rcc_ex.o
 .debug_frame   0x000011d8      0x844 ./HAL_Library/stm32l0xx_hal_tim.o
 .debug_frame   0x00001a1c       0x44 ./HAL_Library/stm32l0xx_hal_tim_ex.o
 .debug_frame   0x00001a60      0x32c ./HAL_Library/stm32l0xx_hal_usart.o
 .debug_frame   0x00001d8c       0x20 d:/gnu tools arm embedded/5.3.2016q1/bin/../lib/gcc/arm-none-eabi/5.3.1/armv6-m\libgcc.a(_udivsi3.o)
 .debug_frame   0x00001dac       0x20 d:/gnu tools arm embedded/5.3.2016q1/bin/../lib/gcc/arm-none-eabi/5.3.1/armv6-m\libgcc.a(_divsi3.o)
 .debug_frame   0x00001dcc       0x40 d:/gnu tools arm embedded/5.3.2016q1/bin/../lib/gcc/arm-none-eabi/5.3.1/../../../../arm-none-eabi/lib/armv6-m\libc.a(lib_a-malloc.o)
 .debug_frame   0x00001e0c       0x3c d:/gnu tools arm embedded/5.3.2016q1/bin/../lib/gcc/arm-none-eabi/5.3.1/../../../../arm-none-eabi/lib/armv6-m\libc.a(lib_a-mallocr.o)
 .debug_frame   0x00001e48       0x30 d:/gnu tools arm embedded/5.3.2016q1/bin/../lib/gcc/arm-none-eabi/5.3.1/../../../../arm-none-eabi/lib/armv6-m\libc.a(lib_a-mlock.o)
 .debug_frame   0x00001e78       0x2c d:/gnu tools arm embedded/5.3.2016q1/bin/../lib/gcc/arm-none-eabi/5.3.1/../../../../arm-none-eabi/lib/armv6-m\libc.a(lib_a-sbrkr.o)
 .debug_frame   0x00001ea4       0x54 d:/gnu tools arm embedded/5.3.2016q1/bin/../lib/gcc/arm-none-eabi/5.3.1/../../../../arm-none-eabi/lib/armv6-m\libc.a(lib_a-freer.o)
 .debug_frame   0x00001ef8       0x48 d:/gnu tools arm embedded/5.3.2016q1/bin/../lib/gcc/arm-none-eabi/5.3.1/../../../../arm-none-eabi/lib/armv6-m\libc.a(lib_a-reent.o)
 .debug_frame   0x00001f40       0x20 d:/gnu tools arm embedded/5.3.2016q1/bin/../lib/gcc/arm-none-eabi/5.3.1/../../../../arm-none-eabi/lib/armv6-m\libnosys.a(sbrk.o)
 .debug_frame   0x00001f60       0x20 d:/gnu tools arm embedded/5.3.2016q1/bin/../lib/gcc/arm-none-eabi/5.3.1/../../../../arm-none-eabi/lib/armv6-m\libnosys.a(_exit.o)

.debug_info     0x00000000     0xd41b
 .debug_info    0x00000000      0x7b7 ./src/debug.o
 .debug_info    0x000007b7      0xad3 ./src/led_driver.o
 .debug_info    0x0000128a      0x9df ./src/main.o
 .debug_info    0x00001c69       0x8b ./src/stm32l0xx_it.o
 .debug_info    0x00001cf4      0x343 ./src/system_stm32l0xx.o
 .debug_info    0x00002037      0xde0 ./src/timer.o
 .debug_info    0x00002e17      0x813 ./src/uart.o
 .debug_info    0x0000362a      0x6cb ./HAL_Library/stm32l0xx_hal.o
 .debug_info    0x00003cf5       0x72 ./HAL_Library/stm32l0xx_hal_adc.o
 .debug_info    0x00003d67       0x72 ./HAL_Library/stm32l0xx_hal_adc_ex.o
 .debug_info    0x00003dd9       0x72 ./HAL_Library/stm32l0xx_hal_comp.o
 .debug_info    0x00003e4b       0x72 ./HAL_Library/stm32l0xx_hal_comp_ex.o
 .debug_info    0x00003ebd      0x8c6 ./HAL_Library/stm32l0xx_hal_cortex.o
 .debug_info    0x00004783       0x72 ./HAL_Library/stm32l0xx_hal_crc.o
 .debug_info    0x000047f5       0x72 ./HAL_Library/stm32l0xx_hal_crc_ex.o
 .debug_info    0x00004867       0x72 ./HAL_Library/stm32l0xx_hal_dac.o
 .debug_info    0x000048d9       0x72 ./HAL_Library/stm32l0xx_hal_dac_ex.o
 .debug_info    0x0000494b      0x648 ./HAL_Library/stm32l0xx_hal_dma.o
 .debug_info    0x00004f93       0x72 ./HAL_Library/stm32l0xx_hal_firewall.o
 .debug_info    0x00005005      0x573 ./HAL_Library/stm32l0xx_hal_flash.o
 .debug_info    0x00005578      0xb9e ./HAL_Library/stm32l0xx_hal_flash_ex.o
 .debug_info    0x00006116      0x381 ./HAL_Library/stm32l0xx_hal_flash_ramfunc.o
 .debug_info    0x00006497      0x642 ./HAL_Library/stm32l0xx_hal_gpio.o
 .debug_info    0x00006ad9       0x72 ./HAL_Library/stm32l0xx_hal_i2c.o
 .debug_info    0x00006b4b       0x72 ./HAL_Library/stm32l0xx_hal_i2c_ex.o
 .debug_info    0x00006bbd       0x72 ./HAL_Library/stm32l0xx_hal_i2s.o
 .debug_info    0x00006c2f       0x72 ./HAL_Library/stm32l0xx_hal_irda.o
 .debug_info    0x00006ca1       0x72 ./HAL_Library/stm32l0xx_hal_iwdg.o
 .debug_info    0x00006d13       0x72 ./HAL_Library/stm32l0xx_hal_lcd.o
 .debug_info    0x00006d85       0x72 ./HAL_Library/stm32l0xx_hal_lptim.o
 .debug_info    0x00006df7       0x72 ./HAL_Library/stm32l0xx_hal_pcd.o
 .debug_info    0x00006e69       0x72 ./HAL_Library/stm32l0xx_hal_pcd_ex.o
 .debug_info    0x00006edb      0x5e3 ./HAL_Library/stm32l0xx_hal_pwr.o
 .debug_info    0x000074be      0x196 ./HAL_Library/stm32l0xx_hal_pwr_ex.o
 .debug_info    0x00007654      0xb03 ./HAL_Library/stm32l0xx_hal_rcc.o
 .debug_info    0x00008157      0x785 ./HAL_Library/stm32l0xx_hal_rcc_ex.o
 .debug_info    0x000088dc       0x72 ./HAL_Library/stm32l0xx_hal_rng.o
 .debug_info    0x0000894e       0x72 ./HAL_Library/stm32l0xx_hal_rtc.o
 .debug_info    0x000089c0       0x72 ./HAL_Library/stm32l0xx_hal_rtc_ex.o
 .debug_info    0x00008a32       0x72 ./HAL_Library/stm32l0xx_hal_smartcard.o
 .debug_info    0x00008aa4       0x72 ./HAL_Library/stm32l0xx_hal_smartcard_ex.o
 .debug_info    0x00008b16       0x72 ./HAL_Library/stm32l0xx_hal_smbus.o
 .debug_info    0x00008b88       0x72 ./HAL_Library/stm32l0xx_hal_spi.o
 .debug_info    0x00008bfa     0x2ecc ./HAL_Library/stm32l0xx_hal_tim.o
 .debug_info    0x0000bac6      0x58a ./HAL_Library/stm32l0xx_hal_tim_ex.o
 .debug_info    0x0000c050       0x72 ./HAL_Library/stm32l0xx_hal_tsc.o
 .debug_info    0x0000c0c2       0x72 ./HAL_Library/stm32l0xx_hal_uart.o
 .debug_info    0x0000c134       0x72 ./HAL_Library/stm32l0xx_hal_uart_ex.o
 .debug_info    0x0000c1a6     0x1203 ./HAL_Library/stm32l0xx_hal_usart.o
 .debug_info    0x0000d3a9       0x72 ./HAL_Library/stm32l0xx_hal_wwdg.o

.debug_abbrev   0x00000000     0x2fe8
 .debug_abbrev  0x00000000      0x186 ./src/debug.o
 .debug_abbrev  0x00000186      0x359 ./src/led_driver.o
 .debug_abbrev  0x000004df      0x26b ./src/main.o
 .debug_abbrev  0x0000074a       0x45 ./src/stm32l0xx_it.o
 .debug_abbrev  0x0000078f       0xf0 ./src/system_stm32l0xx.o
 .debug_abbrev  0x0000087f      0x308 ./src/timer.o
 .debug_abbrev  0x00000b87      0x284 ./src/uart.o
 .debug_abbrev  0x00000e0b      0x214 ./HAL_Library/stm32l0xx_hal.o
 .debug_abbrev  0x0000101f       0x26 ./HAL_Library/stm32l0xx_hal_adc.o
 .debug_abbrev  0x00001045       0x26 ./HAL_Library/stm32l0xx_hal_adc_ex.o
 .debug_abbrev  0x0000106b       0x26 ./HAL_Library/stm32l0xx_hal_comp.o
 .debug_abbrev  0x00001091       0x26 ./HAL_Library/stm32l0xx_hal_comp_ex.o
 .debug_abbrev  0x000010b7      0x28f ./HAL_Library/stm32l0xx_hal_cortex.o
 .debug_abbrev  0x00001346       0x26 ./HAL_Library/stm32l0xx_hal_crc.o
 .debug_abbrev  0x0000136c       0x26 ./HAL_Library/stm32l0xx_hal_crc_ex.o
 .debug_abbrev  0x00001392       0x26 ./HAL_Library/stm32l0xx_hal_dac.o
 .debug_abbrev  0x000013b8       0x26 ./HAL_Library/stm32l0xx_hal_dac_ex.o
 .debug_abbrev  0x000013de      0x1f1 ./HAL_Library/stm32l0xx_hal_dma.o
 .debug_abbrev  0x000015cf       0x26 ./HAL_Library/stm32l0xx_hal_firewall.o
 .debug_abbrev  0x000015f5      0x25e ./HAL_Library/stm32l0xx_hal_flash.o
 .debug_abbrev  0x00001853      0x298 ./HAL_Library/stm32l0xx_hal_flash_ex.o
 .debug_abbrev  0x00001aeb      0x1ac ./HAL_Library/stm32l0xx_hal_flash_ramfunc.o
 .debug_abbrev  0x00001c97      0x1c8 ./HAL_Library/stm32l0xx_hal_gpio.o
 .debug_abbrev  0x00001e5f       0x26 ./HAL_Library/stm32l0xx_hal_i2c.o
 .debug_abbrev  0x00001e85       0x26 ./HAL_Library/stm32l0xx_hal_i2c_ex.o
 .debug_abbrev  0x00001eab       0x26 ./HAL_Library/stm32l0xx_hal_i2s.o
 .debug_abbrev  0x00001ed1       0x26 ./HAL_Library/stm32l0xx_hal_irda.o
 .debug_abbrev  0x00001ef7       0x26 ./HAL_Library/stm32l0xx_hal_iwdg.o
 .debug_abbrev  0x00001f1d       0x26 ./HAL_Library/stm32l0xx_hal_lcd.o
 .debug_abbrev  0x00001f43       0x26 ./HAL_Library/stm32l0xx_hal_lptim.o
 .debug_abbrev  0x00001f69       0x26 ./HAL_Library/stm32l0xx_hal_pcd.o
 .debug_abbrev  0x00001f8f       0x26 ./HAL_Library/stm32l0xx_hal_pcd_ex.o
 .debug_abbrev  0x00001fb5      0x18d ./HAL_Library/stm32l0xx_hal_pwr.o
 .debug_abbrev  0x00002142       0xdc ./HAL_Library/stm32l0xx_hal_pwr_ex.o
 .debug_abbrev  0x0000221e      0x2ba ./HAL_Library/stm32l0xx_hal_rcc.o
 .debug_abbrev  0x000024d8      0x20b ./HAL_Library/stm32l0xx_hal_rcc_ex.o
 .debug_abbrev  0x000026e3       0x26 ./HAL_Library/stm32l0xx_hal_rng.o
 .debug_abbrev  0x00002709       0x26 ./HAL_Library/stm32l0xx_hal_rtc.o
 .debug_abbrev  0x0000272f       0x26 ./HAL_Library/stm32l0xx_hal_rtc_ex.o
 .debug_abbrev  0x00002755       0x26 ./HAL_Library/stm32l0xx_hal_smartcard.o
 .debug_abbrev  0x0000277b       0x26 ./HAL_Library/stm32l0xx_hal_smartcard_ex.o
 .debug_abbrev  0x000027a1       0x26 ./HAL_Library/stm32l0xx_hal_smbus.o
 .debug_abbrev  0x000027c7       0x26 ./HAL_Library/stm32l0xx_hal_spi.o
 .debug_abbrev  0x000027ed      0x31b ./HAL_Library/stm32l0xx_hal_tim.o
 .debug_abbrev  0x00002b08      0x15d ./HAL_Library/stm32l0xx_hal_tim_ex.o
 .debug_abbrev  0x00002c65       0x26 ./HAL_Library/stm32l0xx_hal_tsc.o
 .debug_abbrev  0x00002c8b       0x26 ./HAL_Library/stm32l0xx_hal_uart.o
 .debug_abbrev  0x00002cb1       0x26 ./HAL_Library/stm32l0xx_hal_uart_ex.o
 .debug_abbrev  0x00002cd7      0x2eb ./HAL_Library/stm32l0xx_hal_usart.o
 .debug_abbrev  0x00002fc2       0x26 ./HAL_Library/stm32l0xx_hal_wwdg.o

.debug_aranges  0x00000000      0x580
 .debug_aranges
                0x00000000       0x20 ./src/debug.o
 .debug_aranges
                0x00000020       0x20 ./src/led_driver.o
 .debug_aranges
                0x00000040       0x28 ./src/main.o
 .debug_aranges
                0x00000068       0x20 ./src/stm32l0xx_it.o
 .debug_aranges
                0x00000088       0x20 ./src/system_stm32l0xx.o
 .debug_aranges
                0x000000a8       0x20 ./src/timer.o
 .debug_aranges
                0x000000c8       0x20 ./src/uart.o
 .debug_aranges
                0x000000e8       0x20 ./HAL_Library/stm32l0xx_hal.o
 .debug_aranges
                0x00000108       0x18 ./HAL_Library/stm32l0xx_hal_adc.o
 .debug_aranges
                0x00000120       0x18 ./HAL_Library/stm32l0xx_hal_adc_ex.o
 .debug_aranges
                0x00000138       0x18 ./HAL_Library/stm32l0xx_hal_comp.o
 .debug_aranges
                0x00000150       0x18 ./HAL_Library/stm32l0xx_hal_comp_ex.o
 .debug_aranges
                0x00000168       0x20 ./HAL_Library/stm32l0xx_hal_cortex.o
 .debug_aranges
                0x00000188       0x18 ./HAL_Library/stm32l0xx_hal_crc.o
 .debug_aranges
                0x000001a0       0x18 ./HAL_Library/stm32l0xx_hal_crc_ex.o
 .debug_aranges
                0x000001b8       0x18 ./HAL_Library/stm32l0xx_hal_dac.o
 .debug_aranges
                0x000001d0       0x18 ./HAL_Library/stm32l0xx_hal_dac_ex.o
 .debug_aranges
                0x000001e8       0x20 ./HAL_Library/stm32l0xx_hal_dma.o
 .debug_aranges
                0x00000208       0x18 ./HAL_Library/stm32l0xx_hal_firewall.o
 .debug_aranges
                0x00000220       0x20 ./HAL_Library/stm32l0xx_hal_flash.o
 .debug_aranges
                0x00000240       0x20 ./HAL_Library/stm32l0xx_hal_flash_ex.o
 .debug_aranges
                0x00000260       0x40 ./HAL_Library/stm32l0xx_hal_flash_ramfunc.o
 .debug_aranges
                0x000002a0       0x20 ./HAL_Library/stm32l0xx_hal_gpio.o
 .debug_aranges
                0x000002c0       0x18 ./HAL_Library/stm32l0xx_hal_i2c.o
 .debug_aranges
                0x000002d8       0x18 ./HAL_Library/stm32l0xx_hal_i2c_ex.o
 .debug_aranges
                0x000002f0       0x18 ./HAL_Library/stm32l0xx_hal_i2s.o
 .debug_aranges
                0x00000308       0x18 ./HAL_Library/stm32l0xx_hal_irda.o
 .debug_aranges
                0x00000320       0x18 ./HAL_Library/stm32l0xx_hal_iwdg.o
 .debug_aranges
                0x00000338       0x18 ./HAL_Library/stm32l0xx_hal_lcd.o
 .debug_aranges
                0x00000350       0x18 ./HAL_Library/stm32l0xx_hal_lptim.o
 .debug_aranges
                0x00000368       0x18 ./HAL_Library/stm32l0xx_hal_pcd.o
 .debug_aranges
                0x00000380       0x18 ./HAL_Library/stm32l0xx_hal_pcd_ex.o
 .debug_aranges
                0x00000398       0x20 ./HAL_Library/stm32l0xx_hal_pwr.o
 .debug_aranges
                0x000003b8       0x20 ./HAL_Library/stm32l0xx_hal_pwr_ex.o
 .debug_aranges
                0x000003d8       0x20 ./HAL_Library/stm32l0xx_hal_rcc.o
 .debug_aranges
                0x000003f8       0x20 ./HAL_Library/stm32l0xx_hal_rcc_ex.o
 .debug_aranges
                0x00000418       0x18 ./HAL_Library/stm32l0xx_hal_rng.o
 .debug_aranges
                0x00000430       0x18 ./HAL_Library/stm32l0xx_hal_rtc.o
 .debug_aranges
                0x00000448       0x18 ./HAL_Library/stm32l0xx_hal_rtc_ex.o
 .debug_aranges
                0x00000460       0x18 ./HAL_Library/stm32l0xx_hal_smartcard.o
 .debug_aranges
                0x00000478       0x18 ./HAL_Library/stm32l0xx_hal_smartcard_ex.o
 .debug_aranges
                0x00000490       0x18 ./HAL_Library/stm32l0xx_hal_smbus.o
 .debug_aranges
                0x000004a8       0x18 ./HAL_Library/stm32l0xx_hal_spi.o
 .debug_aranges
                0x000004c0       0x20 ./HAL_Library/stm32l0xx_hal_tim.o
 .debug_aranges
                0x000004e0       0x20 ./HAL_Library/stm32l0xx_hal_tim_ex.o
 .debug_aranges
                0x00000500       0x18 ./HAL_Library/stm32l0xx_hal_tsc.o
 .debug_aranges
                0x00000518       0x18 ./HAL_Library/stm32l0xx_hal_uart.o
 .debug_aranges
                0x00000530       0x18 ./HAL_Library/stm32l0xx_hal_uart_ex.o
 .debug_aranges
                0x00000548       0x20 ./HAL_Library/stm32l0xx_hal_usart.o
 .debug_aranges
                0x00000568       0x18 ./HAL_Library/stm32l0xx_hal_wwdg.o

.debug_ranges   0x00000000      0xa50
 .debug_ranges  0x00000000       0x28 ./src/debug.o
 .debug_ranges  0x00000028      0x108 ./src/led_driver.o
 .debug_ranges  0x00000130       0x30 ./src/main.o
 .debug_ranges  0x00000160       0x58 ./src/timer.o
 .debug_ranges  0x000001b8       0xe8 ./src/uart.o
 .debug_ranges  0x000002a0       0x80 ./HAL_Library/stm32l0xx_hal_cortex.o
 .debug_ranges  0x00000320       0x30 ./HAL_Library/stm32l0xx_hal_dma.o
 .debug_ranges  0x00000350       0x28 ./HAL_Library/stm32l0xx_hal_flash.o
 .debug_ranges  0x00000378       0x80 ./HAL_Library/stm32l0xx_hal_flash_ex.o
 .debug_ranges  0x000003f8       0x68 ./HAL_Library/stm32l0xx_hal_flash_ramfunc.o
 .debug_ranges  0x00000460       0xc0 ./HAL_Library/stm32l0xx_hal_rcc.o
 .debug_ranges  0x00000520      0x4b8 ./HAL_Library/stm32l0xx_hal_tim.o
 .debug_ranges  0x000009d8       0x78 ./HAL_Library/stm32l0xx_hal_usart.o

.debug_line     0x00000000     0x5dd5
 .debug_line    0x00000000      0x20f ./src/debug.o
 .debug_line    0x0000020f      0x454 ./src/led_driver.o
 .debug_line    0x00000663      0x30f ./src/main.o
 .debug_line    0x00000972       0x43 ./src/stm32l0xx_it.o
 .debug_line    0x000009b5      0x1e9 ./src/system_stm32l0xx.o
 .debug_line    0x00000b9e      0x38b ./src/timer.o
 .debug_line    0x00000f29      0x33f ./src/uart.o
 .debug_line    0x00001268      0x32d ./HAL_Library/stm32l0xx_hal.o
 .debug_line    0x00001595       0x1d ./HAL_Library/stm32l0xx_hal_adc.o
 .debug_line    0x000015b2       0x1d ./HAL_Library/stm32l0xx_hal_adc_ex.o
 .debug_line    0x000015cf       0x1d ./HAL_Library/stm32l0xx_hal_comp.o
 .debug_line    0x000015ec       0x1d ./HAL_Library/stm32l0xx_hal_comp_ex.o
 .debug_line    0x00001609      0x373 ./HAL_Library/stm32l0xx_hal_cortex.o
 .debug_line    0x0000197c       0x1d ./HAL_Library/stm32l0xx_hal_crc.o
 .debug_line    0x00001999       0x1d ./HAL_Library/stm32l0xx_hal_crc_ex.o
 .debug_line    0x000019b6        0x0 ./HAL_Library/stm32l0xx_hal_cryp.o
 .debug_line    0x000019b6        0x0 ./HAL_Library/stm32l0xx_hal_cryp_ex.o
 .debug_line    0x000019b6       0x1d ./HAL_Library/stm32l0xx_hal_dac.o
 .debug_line    0x000019d3       0x1d ./HAL_Library/stm32l0xx_hal_dac_ex.o
 .debug_line    0x000019f0      0x6b6 ./HAL_Library/stm32l0xx_hal_dma.o
 .debug_line    0x000020a6       0x1d ./HAL_Library/stm32l0xx_hal_firewall.o
 .debug_line    0x000020c3      0x3e3 ./HAL_Library/stm32l0xx_hal_flash.o
 .debug_line    0x000024a6      0x471 ./HAL_Library/stm32l0xx_hal_flash_ex.o
 .debug_line    0x00002917      0x300 ./HAL_Library/stm32l0xx_hal_flash_ramfunc.o
 .debug_line    0x00002c17      0x360 ./HAL_Library/stm32l0xx_hal_gpio.o
 .debug_line    0x00002f77       0x1d ./HAL_Library/stm32l0xx_hal_i2c.o
 .debug_line    0x00002f94       0x1d ./HAL_Library/stm32l0xx_hal_i2c_ex.o
 .debug_line    0x00002fb1       0x1d ./HAL_Library/stm32l0xx_hal_i2s.o
 .debug_line    0x00002fce       0x1d ./HAL_Library/stm32l0xx_hal_irda.o
 .debug_line    0x00002feb       0x1d ./HAL_Library/stm32l0xx_hal_iwdg.o
 .debug_line    0x00003008       0x1d ./HAL_Library/stm32l0xx_hal_lcd.o
 .debug_line    0x00003025       0x1d ./HAL_Library/stm32l0xx_hal_lptim.o
 .debug_line    0x00003042       0x1d ./HAL_Library/stm32l0xx_hal_pcd.o
 .debug_line    0x0000305f       0x1d ./HAL_Library/stm32l0xx_hal_pcd_ex.o
 .debug_line    0x0000307c      0x33c ./HAL_Library/stm32l0xx_hal_pwr.o
 .debug_line    0x000033b8      0x266 ./HAL_Library/stm32l0xx_hal_pwr_ex.o
 .debug_line    0x0000361e      0x58d ./HAL_Library/stm32l0xx_hal_rcc.o
 .debug_line    0x00003bab      0x477 ./HAL_Library/stm32l0xx_hal_rcc_ex.o
 .debug_line    0x00004022       0x1d ./HAL_Library/stm32l0xx_hal_rng.o
 .debug_line    0x0000403f       0x1d ./HAL_Library/stm32l0xx_hal_rtc.o
 .debug_line    0x0000405c       0x1d ./HAL_Library/stm32l0xx_hal_rtc_ex.o
 .debug_line    0x00004079       0x1d ./HAL_Library/stm32l0xx_hal_smartcard.o
 .debug_line    0x00004096       0x1d ./HAL_Library/stm32l0xx_hal_smartcard_ex.o
 .debug_line    0x000040b3       0x1d ./HAL_Library/stm32l0xx_hal_smbus.o
 .debug_line    0x000040d0       0x1d ./HAL_Library/stm32l0xx_hal_spi.o
 .debug_line    0x000040ed      0xf39 ./HAL_Library/stm32l0xx_hal_tim.o
 .debug_line    0x00005026      0x2c4 ./HAL_Library/stm32l0xx_hal_tim_ex.o
 .debug_line    0x000052ea       0x1d ./HAL_Library/stm32l0xx_hal_tsc.o
 .debug_line    0x00005307       0x1d ./HAL_Library/stm32l0xx_hal_uart.o
 .debug_line    0x00005324       0x1d ./HAL_Library/stm32l0xx_hal_uart_ex.o
 .debug_line    0x00005341      0xa77 ./HAL_Library/stm32l0xx_hal_usart.o
 .debug_line    0x00005db8       0x1d ./HAL_Library/stm32l0xx_hal_wwdg.o

.debug_str      0x00000000     0x452f
 .debug_str     0x00000000      0x5f4 ./src/debug.o
                                0x690 (size before relaxing)
 .debug_str     0x000005f4      0x2be ./src/led_driver.o
                                0x594 (size before relaxing)
 .debug_str     0x000008b2      0x487 ./src/main.o
                                0x783 (size before relaxing)
 .debug_str     0x00000d39       0x28 ./src/stm32l0xx_it.o
                                0x188 (size before relaxing)
 .debug_str     0x00000d61       0xa7 ./src/system_stm32l0xx.o
                                0x2ce (size before relaxing)