Archive member included to satisfy reference by file (symbol)

c:/program files (x86)/gnu tools arm embedded/5.4 2016q2/bin/../lib/gcc/arm-none-eabi/5.4.1/../../../../arm-none-eabi/lib/armv6-m\libc.a(lib_a-exit.o)
                              c:/program files (x86)/gnu tools arm embedded/5.4 2016q2/bin/../lib/gcc/arm-none-eabi/5.4.1/../../../../arm-none-eabi/lib/armv6-m/crt0.o (exit)
c:/program files (x86)/gnu tools arm embedded/5.4 2016q2/bin/../lib/gcc/arm-none-eabi/5.4.1/../../../../arm-none-eabi/lib/armv6-m\libc.a(lib_a-impure.o)
                              c:/program files (x86)/gnu tools arm embedded/5.4 2016q2/bin/../lib/gcc/arm-none-eabi/5.4.1/../../../../arm-none-eabi/lib/armv6-m\libc.a(lib_a-exit.o) (_global_impure_ptr)
c:/program files (x86)/gnu tools arm embedded/5.4 2016q2/bin/../lib/gcc/arm-none-eabi/5.4.1/../../../../arm-none-eabi/lib/armv6-m\libc.a(lib_a-init.o)
                              c:/program files (x86)/gnu tools arm embedded/5.4 2016q2/bin/../lib/gcc/arm-none-eabi/5.4.1/../../../../arm-none-eabi/lib/armv6-m/crt0.o (__libc_init_array)
c:/program files (x86)/gnu tools arm embedded/5.4 2016q2/bin/../lib/gcc/arm-none-eabi/5.4.1/../../../../arm-none-eabi/lib/armv6-m\libc.a(lib_a-memset.o)
                              c:/program files (x86)/gnu tools arm embedded/5.4 2016q2/bin/../lib/gcc/arm-none-eabi/5.4.1/../../../../arm-none-eabi/lib/armv6-m/crt0.o (memset)
c:/program files (x86)/gnu tools arm embedded/5.4 2016q2/bin/../lib/gcc/arm-none-eabi/5.4.1/../../../../arm-none-eabi/lib/armv6-m\libc.a(lib_a-__call_atexit.o)
                              c:/program files (x86)/gnu tools arm embedded/5.4 2016q2/bin/../lib/gcc/arm-none-eabi/5.4.1/../../../../arm-none-eabi/lib/armv6-m\libc.a(lib_a-exit.o) (__call_exitprocs)
c:/program files (x86)/gnu tools arm embedded/5.4 2016q2/bin/../lib/gcc/arm-none-eabi/5.4.1/../../../../arm-none-eabi/lib/armv6-m\libc.a(lib_a-atexit.o)
                              c:/program files (x86)/gnu tools arm embedded/5.4 2016q2/bin/../lib/gcc/arm-none-eabi/5.4.1/../../../../arm-none-eabi/lib/armv6-m\libc.a(lib_a-__call_atexit.o) (atexit)
c:/program files (x86)/gnu tools arm embedded/5.4 2016q2/bin/../lib/gcc/arm-none-eabi/5.4.1/../../../../arm-none-eabi/lib/armv6-m\libc.a(lib_a-fini.o)
                              c:/program files (x86)/gnu tools arm embedded/5.4 2016q2/bin/../lib/gcc/arm-none-eabi/5.4.1/../../../../arm-none-eabi/lib/armv6-m\libc.a(lib_a-__call_atexit.o) (__libc_fini_array)
c:/program files (x86)/gnu tools arm embedded/5.4 2016q2/bin/../lib/gcc/arm-none-eabi/5.4.1/../../../../arm-none-eabi/lib/armv6-m\libc.a(lib_a-__atexit.o)
                              c:/program files (x86)/gnu tools arm embedded/5.4 2016q2/bin/../lib/gcc/arm-none-eabi/5.4.1/../../../../arm-none-eabi/lib/armv6-m\libc.a(lib_a-atexit.o) (__register_exitproc)
c:/program files (x86)/gnu tools arm embedded/5.4 2016q2/bin/../lib/gcc/arm-none-eabi/5.4.1/armv6-m\libgcc.a(_udivsi3.o)
                              ./src/main.o (__aeabi_uidiv)
c:/program files (x86)/gnu tools arm embedded/5.4 2016q2/bin/../lib/gcc/arm-none-eabi/5.4.1/armv6-m\libgcc.a(_divsi3.o)
                              ./src/led_driver.o (__aeabi_idiv)
c:/program files (x86)/gnu tools arm embedded/5.4 2016q2/bin/../lib/gcc/arm-none-eabi/5.4.1/armv6-m\libgcc.a(_dvmd_tls.o)
                              c:/program files (x86)/gnu tools arm embedded/5.4 2016q2/bin/../lib/gcc/arm-none-eabi/5.4.1/armv6-m\libgcc.a(_udivsi3.o) (__aeabi_idiv0)
c:/program files (x86)/gnu tools arm embedded/5.4 2016q2/bin/../lib/gcc/arm-none-eabi/5.4.1/../../../../arm-none-eabi/lib/armv6-m\libc.a(lib_a-malloc.o)
                              ./src/uart.o (malloc)
c:/program files (x86)/gnu tools arm embedded/5.4 2016q2/bin/../lib/gcc/arm-none-eabi/5.4.1/../../../../arm-none-eabi/lib/armv6-m\libc.a(lib_a-mallocr.o)
                              c:/program files (x86)/gnu tools arm embedded/5.4 2016q2/bin/../lib/gcc/arm-none-eabi/5.4.1/../../../../arm-none-eabi/lib/armv6-m\libc.a(lib_a-malloc.o) (_malloc_r)
c:/program files (x86)/gnu tools arm embedded/5.4 2016q2/bin/../lib/gcc/arm-none-eabi/5.4.1/../../../../arm-none-eabi/lib/armv6-m\libc.a(lib_a-mlock.o)
                              c:/program files (x86)/gnu tools arm embedded/5.4 2016q2/bin/../lib/gcc/arm-none-eabi/5.4.1/../../../../arm-none-eabi/lib/armv6-m\libc.a(lib_a-mallocr.o) (__malloc_lock)
c:/program files (x86)/gnu tools arm embedded/5.4 2016q2/bin/../lib/gcc/arm-none-eabi/5.4.1/../../../../arm-none-eabi/lib/armv6-m\libc.a(lib_a-sbrkr.o)
                              c:/program files (x86)/gnu tools arm embedded/5.4 2016q2/bin/../lib/gcc/arm-none-eabi/5.4.1/../../../../arm-none-eabi/lib/armv6-m\libc.a(lib_a-mallocr.o) (_sbrk_r)
c:/program files (x86)/gnu tools arm embedded/5.4 2016q2/bin/../lib/gcc/arm-none-eabi/5.4.1/../../../../arm-none-eabi/lib/armv6-m\libc.a(lib_a-freer.o)
[...]
Memory Configuration

Name             Origin             Length             Attributes
FLASH            0x08000000         0x00010000         xr
RAM              0x20000000         0x00002000         xrw
*default*        0x00000000         0xffffffff

Linker script and memory map

LOAD c:/program files (x86)/gnu tools arm embedded/5.4 2016q2/bin/../lib/gcc/arm-none-eabi/5.4.1/armv6-m/crti.o
LOAD c:/program files (x86)/gnu tools arm embedded/5.4 2016q2/bin/../lib/gcc/arm-none-eabi/5.4.1/armv6-m/crtbegin.o
LOAD c:/program files (x86)/gnu tools arm embedded/5.4 2016q2/bin/../lib/gcc/arm-none-eabi/5.4.1/../../../../arm-none-eabi/lib/armv6-m/crt0.o
LOAD c:/program files (x86)/gnu tools arm embedded/5.4 2016q2/bin/../lib/gcc/arm-none-eabi/5.4.1/../../../../arm-none-eabi/lib/armv6-m\libc.a
LOAD ./src/debug.o
LOAD ./src/led_driver.o
LOAD ./src/main.o
LOAD ./src/stm32l0xx_it.o
LOAD ./src/system_stm32l0xx.o
LOAD ./src/timer.o
LOAD ./src/uart.o
LOAD ./HAL_Library/stm32l0xx_hal.o
LOAD ./HAL_Library/stm32l0xx_hal_adc.o
LOAD ./HAL_Library/stm32l0xx_hal_adc_ex.o
LOAD ./HAL_Library/stm32l0xx_hal_comp.o
LOAD ./HAL_Library/stm32l0xx_hal_comp_ex.o
LOAD ./HAL_Library/stm32l0xx_hal_cortex.o
LOAD ./HAL_Library/stm32l0xx_hal_crc.o
LOAD ./HAL_Library/stm32l0xx_hal_crc_ex.o
LOAD ./HAL_Library/stm32l0xx_hal_cryp.o
LOAD ./HAL_Library/stm32l0xx_hal_cryp_ex.o
LOAD ./HAL_Library/stm32l0xx_hal_dac.o
LOAD ./HAL_Library/stm32l0xx_hal_dac_ex.o
LOAD ./HAL_Library/stm32l0xx_hal_dma.o
LOAD ./HAL_Library/stm32l0xx_hal_firewall.o
LOAD ./HAL_Library/stm32l0xx_hal_flash.o
LOAD ./HAL_Library/stm32l0xx_hal_flash_ex.o
LOAD ./HAL_Library/stm32l0xx_hal_flash_ramfunc.o
LOAD ./HAL_Library/stm32l0xx_hal_gpio.o
LOAD ./HAL_Library/stm32l0xx_hal_i2c.o
LOAD ./HAL_Library/stm32l0xx_hal_i2c_ex.o
LOAD ./HAL_Library/stm32l0xx_hal_i2s.o
LOAD ./HAL_Library/stm32l0xx_hal_irda.o
LOAD ./HAL_Library/stm32l0xx_hal_iwdg.o
LOAD ./HAL_Library/stm32l0xx_hal_lcd.o
LOAD ./HAL_Library/stm32l0xx_hal_lptim.o
LOAD ./HAL_Library/stm32l0xx_hal_pcd.o
LOAD ./HAL_Library/stm32l0xx_hal_pcd_ex.o
LOAD ./HAL_Library/stm32l0xx_hal_pwr.o
LOAD ./HAL_Library/stm32l0xx_hal_pwr_ex.o
LOAD ./HAL_Library/stm32l0xx_hal_rcc.o
LOAD ./HAL_Library/stm32l0xx_hal_rcc_ex.o
LOAD ./HAL_Library/stm32l0xx_hal_rng.o
LOAD ./HAL_Library/stm32l0xx_hal_rtc.o
LOAD ./HAL_Library/stm32l0xx_hal_rtc_ex.o
LOAD ./HAL_Library/stm32l0xx_hal_smartcard.o
LOAD ./HAL_Library/stm32l0xx_hal_smartcard_ex.o
LOAD ./HAL_Library/stm32l0xx_hal_smbus.o
LOAD ./HAL_Library/stm32l0xx_hal_spi.o
LOAD ./HAL_Library/stm32l0xx_hal_tim.o
LOAD ./HAL_Library/stm32l0xx_hal_tim_ex.o
LOAD ./HAL_Library/stm32l0xx_hal_tsc.o
LOAD ./HAL_Library/stm32l0xx_hal_uart.o
LOAD ./HAL_Library/stm32l0xx_hal_uart_ex.o
LOAD ./HAL_Library/stm32l0xx_hal_usart.o
LOAD ./HAL_Library/stm32l0xx_hal_wwdg.o
LOAD ./startup_stm32l052xx.o
START GROUP
LOAD c:/program files (x86)/gnu tools arm embedded/5.4 2016q2/bin/../lib/gcc/arm-none-eabi/5.4.1/armv6-m\libgcc.a
LOAD c:/program files (x86)/gnu tools arm embedded/5.4 2016q2/bin/../lib/gcc/arm-none-eabi/5.4.1/../../../../arm-none-eabi/lib/armv6-m\libc.a
END GROUP
START GROUP
LOAD c:/program files (x86)/gnu tools arm embedded/5.4 2016q2/bin/../lib/gcc/arm-none-eabi/5.4.1/armv6-m\libgcc.a
LOAD c:/program files (x86)/gnu tools arm embedded/5.4 2016q2/bin/../lib/gcc/arm-none-eabi/5.4.1/../../../../arm-none-eabi/lib/armv6-m\libc.a
LOAD c:/program files (x86)/gnu tools arm embedded/5.4 2016q2/bin/../lib/gcc/arm-none-eabi/5.4.1/../../../../arm-none-eabi/lib/armv6-m\libnosys.a
END GROUP
LOAD c:/program files (x86)/gnu tools arm embedded/5.4 2016q2/bin/../lib/gcc/arm-none-eabi/5.4.1/armv6-m/crtend.o
LOAD c:/program files (x86)/gnu tools arm embedded/5.4 2016q2/bin/../lib/gcc/arm-none-eabi/5.4.1/armv6-m/crtn.o
                0x20002000                _estack = 0x20002000
                0x00000200                _Min_Heap_Size = 0x200
                0x00000200                _Min_Stack_Size = 0x200

.isr_vector     0x08000000       0xc0
                0x08000000                . = ALIGN (0x4)
 *(.isr_vector)
 .isr_vector    0x08000000       0xc0 ./startup_stm32l052xx.o
                0x08000000                g_pfnVectors
                0x080000c0                . = ALIGN (0x4)

.text           0x080000c0     0x7550
                0x080000c0                . = ALIGN (0x4)
 *(.text)
 .text          0x080000c0        0x0 c:/program files (x86)/gnu tools arm embedded/5.4 2016q2/bin/../lib/gcc/arm-none-eabi/5.4.1/armv6-m/crti.o
 .text          0x080000c0       0x60 c:/program files (x86)/gnu tools arm embedded/5.4 2016q2/bin/../lib/gcc/arm-none-eabi/5.4.1/armv6-m/crtbegin.o
 .text          0x08000120       0x78 c:/program files (x86)/gnu tools arm embedded/5.4 2016q2/bin/../lib/gcc/arm-none-eabi/5.4.1/../../../../arm-none-eabi/lib/armv6-m/crt0.o
                0x08000120                _start
                0x08000120                _mainCRTStartup
 .text          0x08000198        0x0 c:/program files (x86)/gnu tools arm embedded/5.4 2016q2/bin/../lib/gcc/arm-none-eabi/5.4.1/../../../../arm-none-eabi/lib/armv6-m\libc.a(lib_a-exit.o)
 .text          0x08000198        0x0 c:/program files (x86)/gnu tools arm embedded/5.4 2016q2/bin/../lib/gcc/arm-none-eabi/5.4.1/../../../../arm-none-eabi/lib/armv6-m\libc.a(lib_a-impure.o)
 .text          0x08000198        0x0 c:/program files (x86)/gnu tools arm embedded/5.4 2016q2/bin/../lib/gcc/arm-none-eabi/5.4.1/../../../../arm-none-eabi/lib/armv6-m\libc.a(lib_a-init.o)
 .text          0x08000198        0x0 c:/program files (x86)/gnu tools arm embedded/5.4 2016q2/bin/../lib/gcc/arm-none-eabi/5.4.1/../../../../arm-none-eabi/lib/armv6-m\libc.a(lib_a-memset.o)
 .text          0x08000198        0x0 c:/program files (x86)/gnu tools arm embedded/5.4 2016q2/bin/../lib/gcc/arm-none-eabi/5.4.1/../../../../arm-none-eabi/lib/armv6-m\libc.a(lib_a-__call_atexit.o)
 .text          0x08000198        0x0 c:/program files (x86)/gnu tools arm embedded/5.4 2016q2/bin/../lib/gcc/arm-none-eabi/5.4.1/../../../../arm-none-eabi/lib/armv6-m\libc.a(lib_a-atexit.o)
 .text          0x08000198        0x0 c:/program files (x86)/gnu tools arm embedded/5.4 2016q2/bin/../lib/gcc/arm-none-eabi/5.4.1/../../../../arm-none-eabi/lib/armv6-m\libc.a(lib_a-fini.o)
 .text          0x08000198        0x0 c:/program files (x86)/gnu tools arm embedded/5.4 2016q2/bin/../lib/gcc/arm-none-eabi/5.4.1/../../../../arm-none-eabi/lib/armv6-m\libc.a(lib_a-__atexit.o)
 .text          0x08000198       0x48 ./src/debug.o
                0x08000198                debug_init
                0x080001d8                debug_disable_usart
                0x080001dc                debug_enable_usart
 .text          0x080001e0      0x864 ./src/led_driver.o
                0x080001e0                led_init
                0x0800028c                led_push_buffer
                0x080002b4                led_clear_buffer
                0x080002cc                led_clear_strip
                0x080002e0                led_set_beacon
                0x08000364                led_set_beacon_background
                0x080003e0                led_pulse_target
                0x080003f0                led_hide_target
                0x0800040c                led_set_beacon_fade_div
                0x08000418                led_show_logo
                0x080004ac                led_invert_direction
                0x080004c8                led_propagate
                0x08000868                send_high
                0x0800089c                send_low
                0x080008c4                led_update
                0x08000980                led_send_colour
                0x080009ac                send_res
                0x080009cc                read_buffer
                0x080009f8                get_colour
                0x08000a10                led_set_all
                0x08000a38                mod
 .text          0x08000a44      0x228 ./src/main.o
                0x08000a44                shortHandler
                0x08000ae8                longHandler
                0x08000b8c                timHandler
                0x08000ba0                initialise
                0x08000bc8                clock_init
 .text          0x08000c6c        0x4 ./src/stm32l0xx_it.o
                0x08000c6c                HardFault_Handler
 .text          0x08000c70       0xf0 ./src/system_stm32l0xx.o
                0x08000c70                SystemInit
                0x08000ccc                SystemCoreClockUpdate
 .text          0x08000d60      0x1dc ./src/timer.o
                0x08000d60                timer_get_now
                0x08000d6c                timer_set_interval
                0x08000da8                timer_get_interval
                0x08000db4                timer_set_state
                0x08000de4                timer_get_state
                0x08000df0                sysClock_init
                0x08000e94                timer_init
                0x08000ef8                timer_delay_ms
                0x08000f0c                SysTick_Handler
                0x08000f1c                TIM2_IRQHandler
 .text          0x08000f3c      0x44c ./src/uart.o
                0x08000f3c                uart_init
                0x08001010                uart_send
                0x08001044                uart_handle
                0x08001354                readBuffer
 .text          0x08001388      0x1cc ./HAL_Library/stm32l0xx_hal.o
                0x08001388                HAL_MspInit
                0x0800138c                HAL_MspDeInit
                0x08001390                HAL_DeInit
                0x080013b8                HAL_InitTick
                0x080013dc                HAL_Init
                0x080013ec                HAL_IncTick
                0x080013fc                HAL_GetTick
                0x08001408                HAL_Delay
                0x08001424                HAL_SuspendTick
                0x08001434                HAL_ResumeTick
                0x08001444                HAL_GetHalVersion
                0x0800144c                HAL_GetREVID
                0x08001458                HAL_GetDEVID
                0x08001468                HAL_DBGMCU_EnableDBGSleepMode
                0x08001478                HAL_DBGMCU_DisableDBGSleepMode
                0x08001488                HAL_DBGMCU_EnableDBGStopMode
                0x08001498                HAL_DBGMCU_DisableDBGStopMode
                0x080014a8                HAL_DBGMCU_EnableDBGStandbyMode
                0x080014b8                HAL_DBGMCU_DisableDBGStandbyMode
                0x080014c8                HAL_DBGMCU_DBG_EnableLowPowerConfig
                0x080014d8                HAL_DBGMCU_DBG_DisableLowPowerConfig
                0x080014e8                HAL_SYSCFG_GetBootMode
                0x080014f8                HAL_SYSCFG_EnableVREFINT
                0x08001508                HAL_SYSCFG_DisableVREFINT
                0x08001518                HAL_SYSCFG_VREFINT_OutputSelect
                0x08001530                HAL_SYSCFG_Enable_Lock_VREFINT
                0x08001544                HAL_SYSCFG_Disable_Lock_VREFINT
 .text          0x08001554        0x0 ./HAL_Library/stm32l0xx_hal_adc.o
 .text          0x08001554        0x0 ./HAL_Library/stm32l0xx_hal_adc_ex.o
 .text          0x08001554        0x0 ./HAL_Library/stm32l0xx_hal_comp.o
 .text          0x08001554        0x0 ./HAL_Library/stm32l0xx_hal_comp_ex.o
 .text          0x08001554      0x1f4 ./HAL_Library/stm32l0xx_hal_cortex.o
                0x08001554                HAL_NVIC_SetPriority
                0x080015bc                HAL_NVIC_EnableIRQ
                0x080015d0                HAL_NVIC_DisableIRQ
                0x080015e4                HAL_NVIC_SystemReset
                0x08001600                HAL_SYSTICK_Config
                0x08001638                HAL_NVIC_GetPriority
                0x08001680                HAL_NVIC_SetPendingIRQ
                0x08001698                HAL_NVIC_GetPendingIRQ
                0x080016b4                HAL_NVIC_ClearPendingIRQ
                0x080016cc                HAL_SYSTICK_CLKSourceConfig
                0x080016ec                HAL_SYSTICK_Callback
                0x080016f0                HAL_SYSTICK_IRQHandler
                0x080016f8                HAL_MPU_ConfigRegion
 .text          0x08001748        0x0 ./HAL_Library/stm32l0xx_hal_crc.o
 .text          0x08001748        0x0 ./HAL_Library/stm32l0xx_hal_crc_ex.o
 .text          0x08001748        0x0 ./HAL_Library/stm32l0xx_hal_cryp.o
 .text          0x08001748        0x0 ./HAL_Library/stm32l0xx_hal_cryp_ex.o
 .text          0x08001748        0x0 ./HAL_Library/stm32l0xx_hal_dac.o
 .text          0x08001748        0x0 ./HAL_Library/stm32l0xx_hal_dac_ex.o
 .text          0x08001748      0xaa0 ./HAL_Library/stm32l0xx_hal_dma.o
                0x08001748                HAL_DMA_Init
                0x08001894                HAL_DMA_DeInit
                0x08001a54                HAL_DMA_Start
                0x08001a90                HAL_DMA_Start_IT
                0x08001ae4                HAL_DMA_Abort
                0x08001b38                HAL_DMA_PollForTransfer
                0x08001dec                HAL_DMA_IRQHandler
                0x080021dc                HAL_DMA_GetState
                0x080021e4                HAL_DMA_GetError
 .text          0x080021e8        0x0 ./HAL_Library/stm32l0xx_hal_firewall.o
 .text          0x080021e8      0x394 ./HAL_Library/stm32l0xx_hal_flash.o
                0x0800227c                HAL_FLASH_EndOfOperationCallback
                0x08002280                HAL_FLASH_OperationErrorCallback
                0x08002284                HAL_FLASH_IRQHandler
                0x08002378                HAL_FLASH_Unlock
                0x080023b4                HAL_FLASH_Lock
                0x080023c8                HAL_FLASH_OB_Unlock
                0x08002404                HAL_FLASH_OB_Lock
                0x08002418                HAL_FLASH_GetError
                0x08002424                FLASH_WaitForLastOperation
                0x0800249c                HAL_FLASH_Program
                0x080024d8                HAL_FLASH_Program_IT
                0x0800252c                HAL_FLASH_OB_Launch
                0x08002554                FLASH_ErasePage
 .text          0x0800257c      0x400 ./HAL_Library/stm32l0xx_hal_flash_ex.o
                0x0800260c                HAL_FLASHEx_Erase
                0x080026a8                HAL_FLASHEx_Erase_IT
                0x080026fc                HAL_FLASHEx_OBProgram
                0x0800282c                HAL_FLASHEx_OBGetConfig
                0x0800285c                HAL_FLASHEx_AdvOBProgram
                0x08002874                HAL_FLASHEx_AdvOBGetConfig
                0x0800288c                HAL_FLASHEx_OB_SelectPCROP
                0x08002898                HAL_FLASHEx_OB_DeSelectPCROP
                0x080028a4                HAL_FLASHEx_DATAEEPROM_Unlock
                0x080028c8                HAL_FLASHEx_DATAEEPROM_Lock
                0x080028dc                HAL_FLASHEx_DATAEEPROM_Erase
                0x08002900                HAL_FLASHEx_DATAEEPROM_Program
                0x08002954                HAL_FLASHEx_DATAEEPROM_EnableFixedTimeProgram
                0x08002968                HAL_FLASHEx_DATAEEPROM_DisableFixedTimeProgram
 .text          0x0800297c        0x0 ./HAL_Library/stm32l0xx_hal_flash_ramfunc.o
 .text          0x0800297c      0x370 ./HAL_Library/stm32l0xx_hal_gpio.o
                0x0800297c                HAL_GPIO_Init
                0x08002b50                HAL_GPIO_DeInit
                0x08002c88                HAL_GPIO_ReadPin
                0x08002c94                HAL_GPIO_WritePin
                0x08002ca0                HAL_GPIO_TogglePin
                0x08002ca8                HAL_GPIO_LockPin
                0x08002cd0                HAL_GPIO_EXTI_Callback
                0x08002cd4                HAL_GPIO_EXTI_IRQHandler
 .text          0x08002cec        0x0 ./HAL_Library/stm32l0xx_hal_i2c.o
 .text          0x08002cec        0x0 ./HAL_Library/stm32l0xx_hal_i2c_ex.o
 .text          0x08002cec        0x0 ./HAL_Library/stm32l0xx_hal_i2s.o
 .text          0x08002cec        0x0 ./HAL_Library/stm32l0xx_hal_irda.o
 .text          0x08002cec        0x0 ./HAL_Library/stm32l0xx_hal_iwdg.o
 .text          0x08002cec        0x0 ./HAL_Library/stm32l0xx_hal_lcd.o
 .text          0x08002cec        0x0 ./HAL_Library/stm32l0xx_hal_lptim.o
 .text          0x08002cec        0x0 ./HAL_Library/stm32l0xx_hal_pcd.o
 .text          0x08002cec        0x0 ./HAL_Library/stm32l0xx_hal_pcd_ex.o
 .text          0x08002cec      0x1ec ./HAL_Library/stm32l0xx_hal_pwr.o
                0x08002cec                HAL_PWR_DeInit
                0x08002d0c                HAL_PWR_EnableBkUpAccess
                0x08002d20                HAL_PWR_DisableBkUpAccess
                0x08002d34                HAL_PWR_ConfigPVD
                0x08002dac                HAL_PWR_EnablePVD
                0x08002dbc                HAL_PWR_DisablePVD
                0x08002dcc                HAL_PWR_EnableWakeUpPin
                0x08002ddc                HAL_PWR_DisableWakeUpPin
                0x08002dec                HAL_PWR_EnterSLEEPMode
                0x08002e1c                HAL_PWR_EnterSTOPMode
                0x08002e58                HAL_PWR_EnterSTANDBYMode
                0x08002e78                HAL_PWR_EnableSleepOnExit
                0x08002e88                HAL_PWR_DisableSleepOnExit
                0x08002e98                HAL_PWR_EnableSEVOnPend
                0x08002ea8                HAL_PWR_DisableSEVOnPend
                0x08002eb8                HAL_PWR_PVDCallback
                0x08002ebc                HAL_PWR_PVD_IRQHandler
 .text          0x08002ed8       0xc8 ./HAL_Library/stm32l0xx_hal_pwr_ex.o
                0x08002ed8                HAL_PWREx_EnableFastWakeUp
                0x08002eec                HAL_PWREx_DisableFastWakeUp
                0x08002f00                HAL_PWREx_EnableUltraLowPower
                0x08002f14                HAL_PWREx_DisableUltraLowPower
                0x08002f28                HAL_PWREx_EnableLowPowerRunMode
                0x08002f44                HAL_PWREx_DisableLowPowerRunMode
 .text          0x08002fa0      0x9c8 ./HAL_Library/stm32l0xx_hal_rcc.o
                0x08002fa4                HAL_RCC_OscConfig
                0x08003508                HAL_RCC_ClockConfig
                0x0800367c                HAL_RCC_MCOConfig
                0x080036fc                HAL_RCC_EnableCSS
                0x08003710                HAL_RCC_GetSysClockFreq
                0x0800379c                HAL_RCC_GetHCLKFreq
                0x080037c4                HAL_RCC_GetPCLK1Freq
                0x080037f4                HAL_RCC_GetPCLK2Freq
                0x08003824                HAL_RCC_GetOscConfig
                0x08003908                HAL_RCC_GetClockConfig
                0x08003948                HAL_RCC_CSSCallback
                0x0800394c                HAL_RCC_NMI_IRQHandler
 .text          0x08003968      0x5dc ./HAL_Library/stm32l0xx_hal_rcc_ex.o
                0x08003968                HAL_RCC_DeInit
                0x080039a8                HAL_RCCEx_PeriphCLKConfig
                0x08003b38                HAL_RCCEx_GetPeriphCLKConfig
                0x08003b88                HAL_RCCEx_GetPeriphCLKFreq
                0x08003d40                HAL_RCCEx_EnableLSECSS
                0x08003d54                HAL_RCCEx_DisableLSECSS
                0x08003d70                HAL_RCCEx_EnableLSECSS_IT
                0x08003da0                HAL_RCCEx_LSECSS_Callback
                0x08003da4                HAL_RCCEx_LSECSS_IRQHandler
                0x08003dbc                HAL_RCCEx_CRSConfig
                0x08003e44                HAL_RCCEx_CRSSoftwareSynchronizationGenerate
                0x08003e54                HAL_RCCEx_CRSGetSynchronizationInfo
                0x08003e7c                HAL_RCCEx_CRSWaitSynchronization
                0x08003f1c                HAL_RCCEx_EnableHSI48_VREFINT
                0x08003f30                HAL_RCCEx_DisableHSI48_VREFINT
 .text          0x08003f44        0x0 ./HAL_Library/stm32l0xx_hal_rng.o
 .text          0x08003f44        0x0 ./HAL_Library/stm32l0xx_hal_rtc.o
 .text          0x08003f44        0x0 ./HAL_Library/stm32l0xx_hal_rtc_ex.o
 .text          0x08003f44        0x0 ./HAL_Library/stm32l0xx_hal_smartcard.o
 .text          0x08003f44        0x0 ./HAL_Library/stm32l0xx_hal_smartcard_ex.o
 .text          0x08003f44        0x0 ./HAL_Library/stm32l0xx_hal_smbus.o
 .text          0x08003f44        0x0 ./HAL_Library/stm32l0xx_hal_spi.o
 .text          0x08003f44     0x19e8 ./HAL_Library/stm32l0xx_hal_tim.o
                0x08004090                HAL_TIM_Base_MspInit
                0x08004094                HAL_TIM_Base_Init
                0x080040c8                HAL_TIM_Base_MspDeInit
                0x080040cc                HAL_TIM_Base_DeInit
                0x08004100                HAL_TIM_Base_Start
                0x08004118                HAL_TIM_Base_Stop
                0x08004140                HAL_TIM_Base_Start_IT
                0x08004154                HAL_TIM_Base_Stop_IT
                0x08004174                HAL_TIM_Base_Start_DMA
                0x080041d4                HAL_TIM_Base_Stop_DMA
                0x08004200                HAL_TIM_OC_MspInit
                0x08004204                HAL_TIM_OC_Init
                0x08004238                HAL_TIM_OC_MspDeInit
                0x0800423c                HAL_TIM_OC_DeInit
                0x08004270                HAL_TIM_PWM_MspInit
                0x08004274                HAL_TIM_PWM_Init
                0x080042a8                HAL_TIM_PWM_MspDeInit
                0x080042ac                HAL_TIM_PWM_DeInit
                0x080042e0                HAL_TIM_PWM_Stop
                0x08004310                HAL_TIM_PWM_Start_DMA
                0x080043f8                HAL_TIM_OC_Start_DMA
                0x08004400                HAL_TIM_IC_MspInit
                0x08004404                HAL_TIM_IC_Init
                0x08004438                HAL_TIM_IC_MspDeInit
                0x0800443c                HAL_TIM_IC_DeInit
                0x08004470                HAL_TIM_IC_Start
                0x08004490                HAL_TIM_PWM_Start
                0x08004498                HAL_TIM_OC_Start
                0x080044a0                HAL_TIM_IC_Stop
                0x080044cc                HAL_TIM_OC_Stop
                0x080044d4                HAL_TIM_IC_Start_IT
                0x08004528                HAL_TIM_PWM_Start_IT
                0x08004530                HAL_TIM_OC_Start_IT
                0x08004538                HAL_TIM_IC_Stop_IT
                0x08004598                HAL_TIM_PWM_Stop_IT
                0x080045a0                HAL_TIM_OC_Stop_IT
                0x080045a8                HAL_TIM_IC_Start_DMA
                0x08004690                HAL_TIM_IC_Stop_DMA
                0x08004714                HAL_TIM_PWM_Stop_DMA
                0x0800471c                HAL_TIM_OC_Stop_DMA
                0x08004724                HAL_TIM_OnePulse_MspInit
                0x08004728                HAL_TIM_OnePulse_Init
                0x08004770                HAL_TIM_OnePulse_MspDeInit
                0x08004774                HAL_TIM_OnePulse_DeInit
                0x080047a8                HAL_TIM_OnePulse_Start
                0x080047cc                HAL_TIM_OnePulse_Stop
                0x080047fc                HAL_TIM_OnePulse_Start_IT
                0x08004830                HAL_TIM_OnePulse_Stop_IT
                0x08004870                HAL_TIM_Encoder_MspInit
                0x08004874                HAL_TIM_Encoder_Init
                0x0800490c                HAL_TIM_Encoder_MspDeInit
                0x08004910                HAL_TIM_Encoder_DeInit
                0x08004944                HAL_TIM_Encoder_Start
                0x08004984                HAL_TIM_Encoder_Stop
                0x080049e0                HAL_TIM_Encoder_Start_IT
                0x08004a54                HAL_TIM_Encoder_Stop_IT
                0x08004acc                HAL_TIM_Encoder_Start_DMA
                0x08004bf0                HAL_TIM_Encoder_Stop_DMA
                0x08004c70                HAL_TIM_OC_ConfigChannel
                0x08004d74                HAL_TIM_IC_ConfigChannel
                0x08004ed8                HAL_TIM_PWM_ConfigChannel
                0x08005048                HAL_TIM_OnePulse_ConfigChannel
                0x080051b0                HAL_TIM_DMABurst_WriteStart
                0x08005278                HAL_TIM_DMABurst_ReadStart
                0x08005340                HAL_TIM_DMABurst_ReadStop
                0x080053b4                HAL_TIM_DMABurst_WriteStop
                0x080053bc                HAL_TIM_GenerateEvent
                0x080053e0                HAL_TIM_ConfigOCrefClear
                0x080054c0                HAL_TIM_ConfigClockSource
                0x0800564c                HAL_TIM_ConfigTI1Input
                0x0800565c                HAL_TIM_SlaveConfigSynchronization
                0x08005698                HAL_TIM_SlaveConfigSynchronization_IT
                0x080056d4                HAL_TIM_ReadCapturedValue
                0x08005718                HAL_TIM_PeriodElapsedCallback
                0x0800572c                HAL_TIM_OC_DelayElapsedCallback
                0x08005730                HAL_TIM_IC_CaptureCallback
                0x08005734                TIM_DMACaptureCplt
                0x08005774                HAL_TIM_PWM_PulseFinishedCallback
                0x08005778                TIM_DMADelayPulseCplt
                0x080057b8                HAL_TIM_TriggerCallback
                0x080057bc                HAL_TIM_IRQHandler
                0x080058e8                HAL_TIM_ErrorCallback
                0x080058ec                TIM_DMAError
                0x080058fc                HAL_TIM_Base_GetState
                0x08005904                HAL_TIM_OC_GetState
                0x0800590c                HAL_TIM_PWM_GetState
                0x08005914                HAL_TIM_IC_GetState
                0x0800591c                HAL_TIM_OnePulse_GetState
                0x08005924                HAL_TIM_Encoder_GetState
 .text          0x0800592c       0x60 ./HAL_Library/stm32l0xx_hal_tim_ex.o
                0x0800592c                HAL_TIMEx_MasterConfigSynchronization
                0x0800596c                HAL_TIMEx_RemapConfig
 .text          0x0800598c        0x0 ./HAL_Library/stm32l0xx_hal_tsc.o
 .text          0x0800598c        0x0 ./HAL_Library/stm32l0xx_hal_uart.o
 .text          0x0800598c        0x0 ./HAL_Library/stm32l0xx_hal_uart_ex.o
 .text          0x0800598c      0xcf0 ./HAL_Library/stm32l0xx_hal_usart.o
                0x080059f0                HAL_USART_MspInit
                0x080059f4                HAL_USART_Init
                0x08005b74                HAL_USART_MspDeInit
                0x08005b78                HAL_USART_DeInit
                0x08005ba4                HAL_USART_Transmit
                0x08005c58                HAL_USART_Receive
                0x08005d70                HAL_USART_TransmitReceive
                0x08005ea8                HAL_USART_Transmit_IT
                0x08005ef0                HAL_USART_Receive_IT
                0x08005fcc                HAL_USART_TransmitReceive_IT
                0x08006080                HAL_USART_Transmit_DMA
                0x080060f4                HAL_USART_Receive_DMA
                0x08006190                HAL_USART_TransmitReceive_DMA
                0x08006254                HAL_USART_DMAPause
                0x08006274                HAL_USART_DMAResume
                0x08006294                HAL_USART_DMAStop
                0x080062c8                HAL_USART_TxCpltCallback
                0x0800630c                HAL_USART_TxHalfCpltCallback
                0x0800631c                HAL_USART_RxCpltCallback
                0x08006320                HAL_USART_RxHalfCpltCallback
                0x08006330                HAL_USART_TxRxCpltCallback
                0x08006474                HAL_USART_ErrorCallback
                0x08006498                HAL_USART_IRQHandler
                0x08006670                HAL_USART_GetState
                0x08006678                HAL_USART_GetError
 .text          0x0800667c        0x0 ./HAL_Library/stm32l0xx_hal_wwdg.o
 .text          0x0800667c       0x14 ./startup_stm32l052xx.o
 .text          0x08006690      0x114 c:/program files (x86)/gnu tools arm embedded/5.4 2016q2/bin/../lib/gcc/arm-none-eabi/5.4.1/armv6-m\libgcc.a(_udivsi3.o)
                0x08006690                __aeabi_uidiv
                0x08006690                __udivsi3
                0x0800679c                __aeabi_uidivmod
 .text          0x080067a4      0x1d4 c:/program files (x86)/gnu tools arm embedded/5.4 2016q2/bin/../lib/gcc/arm-none-eabi/5.4.1/armv6-m\libgcc.a(_divsi3.o)
                0x080067a4                __divsi3
                0x080067a4                __aeabi_idiv
                0x08006970                __aeabi_idivmod
 .text          0x08006978        0x4 c:/program files (x86)/gnu tools arm embedded/5.4 2016q2/bin/../lib/gcc/arm-none-eabi/5.4.1/armv6-m\libgcc.a(_dvmd_tls.o)
                0x08006978                __aeabi_idiv0
                0x08006978                __aeabi_ldiv0
 .text          0x0800697c        0x0 c:/program files (x86)/gnu tools arm embedded/5.4 2016q2/bin/../lib/gcc/arm-none-eabi/5.4.1/../../../../arm-none-eabi/lib/armv6-m\libc.a(lib_a-malloc.o)
 .text          0x0800697c        0x0 c:/program files (x86)/gnu tools arm embedded/5.4 2016q2/bin/../lib/gcc/arm-none-eabi/5.4.1/../../../../arm-none-eabi/lib/armv6-m\libc.a(lib_a-mallocr.o)
 .text          0x0800697c        0x0 c:/program files (x86)/gnu tools arm embedded/5.4 2016q2/bin/../lib/gcc/arm-none-eabi/5.4.1/../../../../arm-none-eabi/lib/armv6-m\libc.a(lib_a-mlock.o)
 .text          0x0800697c        0x0 c:/program files (x86)/gnu tools arm embedded/5.4 2016q2/bin/../lib/gcc/arm-none-eabi/5.4.1/../../../../arm-none-eabi/lib/armv6-m\libc.a(lib_a-sbrkr.o)
 .text          0x0800697c        0x0 c:/program files (x86)/gnu tools arm embedded/5.4 2016q2/bin/../lib/gcc/arm-none-eabi/5.4.1/../../../../arm-none-eabi/lib/armv6-m\libc.a(lib_a-freer.o)
 .text          0x0800697c        0x0 c:/program files (x86)/gnu tools arm embedded/5.4 2016q2/bin/../lib/gcc/arm-none-eabi/5.4.1/../../../../arm-none-eabi/lib/armv6-m\libc.a(lib_a-reent.o)
 .text          0x0800697c        0x0 c:/program files (x86)/gnu tools arm embedded/5.4 2016q2/bin/../lib/gcc/arm-none-eabi/5.4.1/../../../../arm-none-eabi/lib/armv6-m\libnosys.a(sbrk.o)
 .text          0x0800697c        0x0 c:/program files (x86)/gnu tools arm embedded/5.4 2016q2/bin/../lib/gcc/arm-none-eabi/5.4.1/../../../../arm-none-eabi/lib/armv6-m\libnosys.a(_exit.o)
 .text          0x0800697c        0x0 c:/program files (x86)/gnu tools arm embedded/5.4 2016q2/bin/../lib/gcc/arm-none-eabi/5.4.1/armv6-m/crtend.o
 .text          0x0800697c        0x0 c:/program files (x86)/gnu tools arm embedded/5.4 2016q2/bin/../lib/gcc/arm-none-eabi/5.4.1/armv6-m/crtn.o
 *(.text*)
 .text.exit     0x0800697c       0x20 c:/program files (x86)/gnu tools arm embedded/5.4 2016q2/bin/../lib/gcc/arm-none-eabi/5.4.1/../../../../arm-none-eabi/lib/armv6-m\libc.a(lib_a-exit.o)
                0x0800697c                exit
 .text.__libc_init_array
                0x0800699c       0x48 c:/program files (x86)/gnu tools arm embedded/5.4 2016q2/bin/../lib/gcc/arm-none-eabi/5.4.1/../../../../arm-none-eabi/lib/armv6-m\libc.a(lib_a-init.o)
                0x0800699c                __libc_init_array
 .text.memset   0x080069e4       0x8c c:/program files (x86)/gnu tools arm embedded/5.4 2016q2/bin/../lib/gcc/arm-none-eabi/5.4.1/../../../../arm-none-eabi/lib/armv6-m\libc.a(lib_a-memset.o)
                0x080069e4                memset
 .text.startup.register_fini
                0x08006a70       0x18 c:/program files (x86)/gnu tools arm embedded/5.4 2016q2/bin/../lib/gcc/arm-none-eabi/5.4.1/../../../../arm-none-eabi/lib/armv6-m\libc.a(lib_a-__call_atexit.o)
 .text.__call_exitprocs
                0x08006a88       0xfc c:/program files (x86)/gnu tools arm embedded/5.4 2016q2/bin/../lib/gcc/arm-none-eabi/5.4.1/../../../../arm-none-eabi/lib/armv6-m\libc.a(lib_a-__call_atexit.o)
                0x08006a88                __call_exitprocs
 .text.atexit   0x08006b84       0x10 c:/program files (x86)/gnu tools arm embedded/5.4 2016q2/bin/../lib/gcc/arm-none-eabi/5.4.1/../../../../arm-none-eabi/lib/armv6-m\libc.a(lib_a-atexit.o)
                0x08006b84                atexit
 .text.__libc_fini_array
                0x08006b94       0x34 c:/program files (x86)/gnu tools arm embedded/5.4 2016q2/bin/../lib/gcc/arm-none-eabi/5.4.1/../../../../arm-none-eabi/lib/armv6-m\libc.a(lib_a-fini.o)
                0x08006b94                __libc_fini_array
 .text.__register_exitproc
                0x08006bc8       0xd4 c:/program files (x86)/gnu tools arm embedded/5.4 2016q2/bin/../lib/gcc/arm-none-eabi/5.4.1/../../../../arm-none-eabi/lib/armv6-m\libc.a(lib_a-__atexit.o)
                0x08006bc8                __register_exitproc
 .text.startup  0x08006c9c       0x28 ./src/main.o
                0x08006c9c                main
 .text.Reset_Handler
                0x08006cc4       0x50 ./startup_stm32l052xx.o
                0x08006cc4                Reset_Handler
 .text.Default_Handler
                0x08006d14        0x2 ./startup_stm32l052xx.o
                0x08006d14                TSC_IRQHandler
                0x08006d14                ADC1_COMP_IRQHandler
                0x08006d14                PVD_IRQHandler
                0x08006d14                PendSV_Handler
                0x08006d14                NMI_Handler
                0x08006d14                I2C1_IRQHandler
                0x08006d14                RCC_CRS_IRQHandler
                0x08006d14                SPI1_IRQHandler
                0x08006d14                TIM6_DAC_IRQHandler
                0x08006d14                EXTI2_3_IRQHandler
                0x08006d14                I2C2_IRQHandler
                0x08006d14                RTC_IRQHandler
                0x08006d14                DMA1_Channel4_5_6_7_IRQHandler
                0x08006d14                EXTI4_15_IRQHandler
                0x08006d14                DMA1_Channel1_IRQHandler
                0x08006d14                Default_Handler
                0x08006d14                TIM22_IRQHandler
                0x08006d14                EXTI0_1_IRQHandler
                0x08006d14                USB_IRQHandler
                0x08006d14                SPI2_IRQHandler
                0x08006d14                SVC_Handler
                0x08006d14                TIM21_IRQHandler
                0x08006d14                WWDG_IRQHandler
                0x08006d14                DMA1_Channel2_3_IRQHandler
                0x08006d14                USART2_IRQHandler
                0x08006d14                FLASH_IRQHandler
                0x08006d14                USART1_IRQHandler
                0x08006d14                RNG_LPUART1_IRQHandler
                0x08006d14                LPTIM1_IRQHandler
 *fill*         0x08006d16        0x2 
 .text.malloc   0x08006d18       0x14 c:/program files (x86)/gnu tools arm embedded/5.4 2016q2/bin/../lib/gcc/arm-none-eabi/5.4.1/../../../../arm-none-eabi/lib/armv6-m\libc.a(lib_a-malloc.o)
                0x08006d18                malloc
 .text.free     0x08006d2c       0x14 c:/program files (x86)/gnu tools arm embedded/5.4 2016q2/bin/../lib/gcc/arm-none-eabi/5.4.1/../../../../arm-none-eabi/lib/armv6-m\libc.a(lib_a-malloc.o)
                0x08006d2c                free
 .text._malloc_r
                0x08006d40      0x554 c:/program files (x86)/gnu tools arm embedded/5.4 2016q2/bin/../lib/gcc/arm-none-eabi/5.4.1/../../../../arm-none-eabi/lib/armv6-m\libc.a(lib_a-mallocr.o)
                0x08006d40                _malloc_r
 .text.__malloc_lock
                0x08007294        0x4 c:/program files (x86)/gnu tools arm embedded/5.4 2016q2/bin/../lib/gcc/arm-none-eabi/5.4.1/../../../../arm-none-eabi/lib/armv6-m\libc.a(lib_a-mlock.o)
                0x08007294                __malloc_lock
 .text.__malloc_unlock
                0x08007298        0x4 c:/program files (x86)/gnu tools arm embedded/5.4 2016q2/bin/../lib/gcc/arm-none-eabi/5.4.1/../../../../arm-none-eabi/lib/armv6-m\libc.a(lib_a-mlock.o)
                0x08007298                __malloc_unlock
 .text._sbrk_r  0x0800729c       0x24 c:/program files (x86)/gnu tools arm embedded/5.4 2016q2/bin/../lib/gcc/arm-none-eabi/5.4.1/../../../../arm-none-eabi/lib/armv6-m\libc.a(lib_a-sbrkr.o)
                0x0800729c                _sbrk_r
 .text._malloc_trim_r
                0x080072c0       0xa0 c:/program files (x86)/gnu tools arm embedded/5.4 2016q2/bin/../lib/gcc/arm-none-eabi/5.4.1/../../../../arm-none-eabi/lib/armv6-m\libc.a(lib_a-freer.o)
                0x080072c0                _malloc_trim_r
 .text._free_r  0x08007360      0x1c4 c:/program files (x86)/gnu tools arm embedded/5.4 2016q2/bin/../lib/gcc/arm-none-eabi/5.4.1/../../../../arm-none-eabi/lib/armv6-m\libc.a(lib_a-freer.o)
                0x08007360                _free_r
 .text.cleanup_glue
                0x08007524       0x1c c:/program files (x86)/gnu tools arm embedded/5.4 2016q2/bin/../lib/gcc/arm-none-eabi/5.4.1/../../../../arm-none-eabi/lib/armv6-m\libc.a(lib_a-reent.o)
                0x08007524                cleanup_glue
 .text._reclaim_reent
                0x08007540       0x94 c:/program files (x86)/gnu tools arm embedded/5.4 2016q2/bin/../lib/gcc/arm-none-eabi/5.4.1/../../../../arm-none-eabi/lib/armv6-m\libc.a(lib_a-reent.o)
                0x08007540                _reclaim_reent
 .text._sbrk    0x080075d4       0x1c c:/program files (x86)/gnu tools arm embedded/5.4 2016q2/bin/../lib/gcc/arm-none-eabi/5.4.1/../../../../arm-none-eabi/lib/armv6-m\libnosys.a(sbrk.o)
                0x080075d4                _sbrk
 .text._exit    0x080075f0        0x4 c:/program files (x86)/gnu tools arm embedded/5.4 2016q2/bin/../lib/gcc/arm-none-eabi/5.4.1/../../../../arm-none-eabi/lib/armv6-m\libnosys.a(_exit.o)
                0x080075f0                _exit
 *(.glue_7)
 .glue_7        0x080075f4        0x0 linker stubs
 *(.glue_7t)
 .glue_7t       0x080075f4        0x0 linker stubs
 *(.eh_frame)
 .eh_frame      0x080075f4        0x0 c:/program files (x86)/gnu tools arm embedded/5.4 2016q2/bin/../lib/gcc/arm-none-eabi/5.4.1/armv6-m/crtbegin.o
 .eh_frame      0x080075f4        0x4 c:/program files (x86)/gnu tools arm embedded/5.4 2016q2/bin/../lib/gcc/arm-none-eabi/5.4.1/armv6-m/crtend.o
 *(.init)
 .init          0x080075f8        0x4 c:/program files (x86)/gnu tools arm embedded/5.4 2016q2/bin/../lib/gcc/arm-none-eabi/5.4.1/armv6-m/crti.o
                0x080075f8                _init
 .init          0x080075fc        0x8 c:/program files (x86)/gnu tools arm embedded/5.4 2016q2/bin/../lib/gcc/arm-none-eabi/5.4.1/armv6-m/crtn.o
 *(.fini)
 .fini          0x08007604        0x4 c:/program files (x86)/gnu tools arm embedded/5.4 2016q2/bin/../lib/gcc/arm-none-eabi/5.4.1/armv6-m/crti.o
                0x08007604                _fini
 .fini          0x08007608        0x8 c:/program files (x86)/gnu tools arm embedded/5.4 2016q2/bin/../lib/gcc/arm-none-eabi/5.4.1/armv6-m/crtn.o
                0x08007610                . = ALIGN (0x4)
                0x08007610                _etext = .

.vfp11_veneer   0x08007610        0x0
 .vfp11_veneer  0x08007610        0x0 linker stubs

.v4_bx          0x08007610        0x0
 .v4_bx         0x08007610        0x0 linker stubs

.iplt           0x08007610        0x0
 .iplt          0x08007610        0x0 c:/program files (x86)/gnu tools arm embedded/5.4 2016q2/bin/../lib/gcc/arm-none-eabi/5.4.1/armv6-m/crtbegin.o

.RamFunc        0x08007610      0x198
 .RamFunc       0x08007610      0x198 ./HAL_Library/stm32l0xx_hal_flash_ramfunc.o
                0x080076fc                HAL_FLASHEx_HalfPageProgram
                0x08007750                HAL_FLASHEx_EnableRunPowerDown
                0x08007774                HAL_FLASHEx_DisableRunPowerDown
                0x08007798                HAL_FLASHRAM_GetError

.rodata         0x080077a8      0x210
                0x080077a8                . = ALIGN (0x4)
 *(.rodata)
 .rodata        0x080077a8       0x1d ./src/led_driver.o
                0x080077a8                logo
 *fill*         0x080077c5        0x3 
 .rodata        0x080077c8       0x60 ./src/main.o
 .rodata        0x08007828       0x1c ./src/system_stm32l0xx.o
                0x08007828                PLLMulTable
                0x08007834                AHBPrescTable
 .rodata        0x08007844       0x10 ./HAL_Library/stm32l0xx_hal_rcc.o
 .rodata        0x08007854      0x104 ./HAL_Library/stm32l0xx_hal_rcc_ex.o
 .rodata        0x08007958       0x58 ./HAL_Library/stm32l0xx_hal_usart.o
 *(.rodata*)
 .rodata.str1.4
                0x080079b0        0x4 c:/program files (x86)/gnu tools arm embedded/5.4 2016q2/bin/../lib/gcc/arm-none-eabi/5.4.1/../../../../arm-none-eabi/lib/armv6-m\libc.a(lib_a-impure.o)
                                  0x2 (size before relaxing)
 .rodata._global_impure_ptr
                0x080079b4        0x4 c:/program files (x86)/gnu tools arm embedded/5.4 2016q2/bin/../lib/gcc/arm-none-eabi/5.4.1/../../../../arm-none-eabi/lib/armv6-m\libc.a(lib_a-impure.o)
                0x080079b4                _global_impure_ptr
                0x080079b8                . = ALIGN (0x4)

.ARM.extab      0x080079b8        0x0
 *(.ARM.extab* .gnu.linkonce.armextab.*)
 .ARM.extab     0x080079b8        0x0 c:/program files (x86)/gnu tools arm embedded/5.4 2016q2/bin/../lib/gcc/arm-none-eabi/5.4.1/../../../../arm-none-eabi/lib/armv6-m/crt0.o

.ARM            0x080079b8        0x8
                0x080079b8                __exidx_start = .
 *(.ARM.exidx*)
 .ARM.exidx     0x080079b8        0x8 c:/program files (x86)/gnu tools arm embedded/5.4 2016q2/bin/../lib/gcc/arm-none-eabi/5.4.1/../../../../arm-none-eabi/lib/armv6-m/crt0.o
                0x080079c0                __exidx_end = .

.rel.dyn        0x080079c0        0x0
 .rel.iplt      0x080079c0        0x0 c:/program files (x86)/gnu tools arm embedded/5.4 2016q2/bin/../lib/gcc/arm-none-eabi/5.4.1/armv6-m/crtbegin.o

.preinit_array  0x080079c0        0x0
                0x080079c0                PROVIDE (__preinit_array_start, .)
 *(.preinit_array*)
                0x080079c0                PROVIDE (__preinit_array_end, .)

.init_array     0x080079c0        0x8
                0x080079c0                PROVIDE (__init_array_start, .)
 *(SORT(.init_array.*))
 .init_array.00000
                0x080079c0        0x4 c:/program files (x86)/gnu tools arm embedded/5.4 2016q2/bin/../lib/gcc/arm-none-eabi/5.4.1/../../../../arm-none-eabi/lib/armv6-m\libc.a(lib_a-__call_atexit.o)
 *(.init_array*)
 .init_array    0x080079c4        0x4 c:/program files (x86)/gnu tools arm embedded/5.4 2016q2/bin/../lib/gcc/arm-none-eabi/5.4.1/armv6-m/crtbegin.o
                0x080079c8                PROVIDE (__init_array_end, .)

.fini_array     0x080079c8        0x4
                0x080079c8                PROVIDE (__fini_array_start, .)
 *(SORT(.fini_array.*))
 *(.fini_array*)
 .fini_array    0x080079c8        0x4 c:/program files (x86)/gnu tools arm embedded/5.4 2016q2/bin/../lib/gcc/arm-none-eabi/5.4.1/armv6-m/crtbegin.o
                0x080079cc                PROVIDE (__fini_array_end, .)
                0x080079cc                _sidata = LOADADDR (.data)

.data           0x20000000      0x84c load address 0x080079cc
                0x20000000                . = ALIGN (0x4)
                0x20000000                _sdata = .
 *(.data)
 .data          0x20000000        0x0 c:/program files (x86)/gnu tools arm embedded/5.4 2016q2/bin/../lib/gcc/arm-none-eabi/5.4.1/armv6-m/crti.o
 .data          0x20000000        0x4 c:/program files (x86)/gnu tools arm embedded/5.4 2016q2/bin/../lib/gcc/arm-none-eabi/5.4.1/armv6-m/crtbegin.o
                0x20000000                __dso_handle
 .data          0x20000004        0x0 c:/program files (x86)/gnu tools arm embedded/5.4 2016q2/bin/../lib/gcc/arm-none-eabi/5.4.1/../../../../arm-none-eabi/lib/armv6-m/crt0.o
 .data          0x20000004        0x0 c:/program files (x86)/gnu tools arm embedded/5.4 2016q2/bin/../lib/gcc/arm-none-eabi/5.4.1/../../../../arm-none-eabi/lib/armv6-m\libc.a(lib_a-exit.o)
 .data          0x20000004        0x0 c:/program files (x86)/gnu tools arm embedded/5.4 2016q2/bin/../lib/gcc/arm-none-eabi/5.4.1/../../../../arm-none-eabi/lib/armv6-m\libc.a(lib_a-impure.o)
 .data          0x20000004        0x0 c:/program files (x86)/gnu tools arm embedded/5.4 2016q2/bin/../lib/gcc/arm-none-eabi/5.4.1/../../../../arm-none-eabi/lib/armv6-m\libc.a(lib_a-init.o)
 .data          0x20000004        0x0 c:/program files (x86)/gnu tools arm embedded/5.4 2016q2/bin/../lib/gcc/arm-none-eabi/5.4.1/../../../../arm-none-eabi/lib/armv6-m\libc.a(lib_a-memset.o)
 .data          0x20000004        0x0 c:/program files (x86)/gnu tools arm embedded/5.4 2016q2/bin/../lib/gcc/arm-none-eabi/5.4.1/../../../../arm-none-eabi/lib/armv6-m\libc.a(lib_a-__call_atexit.o)
 .data          0x20000004        0x0 c:/program files (x86)/gnu tools arm embedded/5.4 2016q2/bin/../lib/gcc/arm-none-eabi/5.4.1/../../../../arm-none-eabi/lib/armv6-m\libc.a(lib_a-atexit.o)
 .data          0x20000004        0x0 c:/program files (x86)/gnu tools arm embedded/5.4 2016q2/bin/../lib/gcc/arm-none-eabi/5.4.1/../../../../arm-none-eabi/lib/armv6-m\libc.a(lib_a-fini.o)
 .data          0x20000004        0x0 c:/program files (x86)/gnu tools arm embedded/5.4 2016q2/bin/../lib/gcc/arm-none-eabi/5.4.1/../../../../arm-none-eabi/lib/armv6-m\libc.a(lib_a-__atexit.o)
 .data          0x20000004        0x0 ./src/debug.o
 .data          0x20000004        0x1 ./src/led_driver.o
                0x20000004                beaconFadeDiv
 .data          0x20000005        0x1 ./src/main.o
                0x20000005                id
 .data          0x20000006        0x0 ./src/stm32l0xx_it.o
 *fill*         0x20000006        0x2 
 .data          0x20000008        0x4 ./src/system_stm32l0xx.o
                0x20000008                SystemCoreClock
 .data          0x2000000c        0x1 ./src/timer.o
                0x2000000c                current_state
 .data          0x2000000d        0x0 ./src/uart.o
 .data          0x2000000d        0x0 ./HAL_Library/stm32l0xx_hal.o
 .data          0x2000000d        0x0 ./HAL_Library/stm32l0xx_hal_adc.o
 .data          0x2000000d        0x0 ./HAL_Library/stm32l0xx_hal_adc_ex.o
 .data          0x2000000d        0x0 ./HAL_Library/stm32l0xx_hal_comp.o
 .data          0x2000000d        0x0 ./HAL_Library/stm32l0xx_hal_comp_ex.o
 .data          0x2000000d        0x0 ./HAL_Library/stm32l0xx_hal_cortex.o
 .data          0x2000000d        0x0 ./HAL_Library/stm32l0xx_hal_crc.o
 .data          0x2000000d        0x0 ./HAL_Library/stm32l0xx_hal_crc_ex.o
 .data          0x2000000d        0x0 ./HAL_Library/stm32l0xx_hal_cryp.o
 .data          0x2000000d        0x0 ./HAL_Library/stm32l0xx_hal_cryp_ex.o
 .data          0x2000000d        0x0 ./HAL_Library/stm32l0xx_hal_dac.o
 .data          0x2000000d        0x0 ./HAL_Library/stm32l0xx_hal_dac_ex.o
 .data          0x2000000d        0x0 ./HAL_Library/stm32l0xx_hal_dma.o
 .data          0x2000000d        0x0 ./HAL_Library/stm32l0xx_hal_firewall.o
 .data          0x2000000d        0x0 ./HAL_Library/stm32l0xx_hal_flash.o
 .data          0x2000000d        0x0 ./HAL_Library/stm32l0xx_hal_flash_ex.o
 .data          0x2000000d        0x0 ./HAL_Library/stm32l0xx_hal_flash_ramfunc.o
 .data          0x2000000d        0x0 ./HAL_Library/stm32l0xx_hal_gpio.o
 .data          0x2000000d        0x0 ./HAL_Library/stm32l0xx_hal_i2c.o
 .data          0x2000000d        0x0 ./HAL_Library/stm32l0xx_hal_i2c_ex.o
 .data          0x2000000d        0x0 ./HAL_Library/stm32l0xx_hal_i2s.o
 .data          0x2000000d        0x0 ./HAL_Library/stm32l0xx_hal_irda.o
 .data          0x2000000d        0x0 ./HAL_Library/stm32l0xx_hal_iwdg.o
 .data          0x2000000d        0x0 ./HAL_Library/stm32l0xx_hal_lcd.o
 .data          0x2000000d        0x0 ./HAL_Library/stm32l0xx_hal_lptim.o
 .data          0x2000000d        0x0 ./HAL_Library/stm32l0xx_hal_pcd.o
 .data          0x2000000d        0x0 ./HAL_Library/stm32l0xx_hal_pcd_ex.o
 .data          0x2000000d        0x0 ./HAL_Library/stm32l0xx_hal_pwr.o
 .data          0x2000000d        0x0 ./HAL_Library/stm32l0xx_hal_pwr_ex.o
 .data          0x2000000d        0x0 ./HAL_Library/stm32l0xx_hal_rcc.o
 .data          0x2000000d        0x0 ./HAL_Library/stm32l0xx_hal_rcc_ex.o
 .data          0x2000000d        0x0 ./HAL_Library/stm32l0xx_hal_rng.o
 .data          0x2000000d        0x0 ./HAL_Library/stm32l0xx_hal_rtc.o
 .data          0x2000000d        0x0 ./HAL_Library/stm32l0xx_hal_rtc_ex.o
 .data          0x2000000d        0x0 ./HAL_Library/stm32l0xx_hal_smartcard.o
 .data          0x2000000d        0x0 ./HAL_Library/stm32l0xx_hal_smartcard_ex.o
 .data          0x2000000d        0x0 ./HAL_Library/stm32l0xx_hal_smbus.o
 .data          0x2000000d        0x0 ./HAL_Library/stm32l0xx_hal_spi.o
 .data          0x2000000d        0x0 ./HAL_Library/stm32l0xx_hal_tim.o
 .data          0x2000000d        0x0 ./HAL_Library/stm32l0xx_hal_tim_ex.o
 .data          0x2000000d        0x0 ./HAL_Library/stm32l0xx_hal_tsc.o
 .data          0x2000000d        0x0 ./HAL_Library/stm32l0xx_hal_uart.o
 .data          0x2000000d        0x0 ./HAL_Library/stm32l0xx_hal_uart_ex.o
 .data          0x2000000d        0x0 ./HAL_Library/stm32l0xx_hal_usart.o
 .data          0x2000000d        0x0 ./HAL_Library/stm32l0xx_hal_wwdg.o
 .data          0x2000000d        0x0 ./startup_stm32l052xx.o
 .data          0x2000000d        0x0 c:/program files (x86)/gnu tools arm embedded/5.4 2016q2/bin/../lib/gcc/arm-none-eabi/5.4.1/armv6-m\libgcc.a(_udivsi3.o)
 .data          0x2000000d        0x0 c:/program files (x86)/gnu tools arm embedded/5.4 2016q2/bin/../lib/gcc/arm-none-eabi/5.4.1/armv6-m\libgcc.a(_divsi3.o)
 .data          0x2000000d        0x0 c:/program files (x86)/gnu tools arm embedded/5.4 2016q2/bin/../lib/gcc/arm-none-eabi/5.4.1/armv6-m\libgcc.a(_dvmd_tls.o)
 .data          0x2000000d        0x0 c:/program files (x86)/gnu tools arm embedded/5.4 2016q2/bin/../lib/gcc/arm-none-eabi/5.4.1/../../../../arm-none-eabi/lib/armv6-m\libc.a(lib_a-malloc.o)
 .data          0x2000000d        0x0 c:/program files (x86)/gnu tools arm embedded/5.4 2016q2/bin/../lib/gcc/arm-none-eabi/5.4.1/../../../../arm-none-eabi/lib/armv6-m\libc.a(lib_a-mallocr.o)
 .data          0x2000000d        0x0 c:/program files (x86)/gnu tools arm embedded/5.4 2016q2/bin/../lib/gcc/arm-none-eabi/5.4.1/../../../../arm-none-eabi/lib/armv6-m\libc.a(lib_a-mlock.o)
 .data          0x2000000d        0x0 c:/program files (x86)/gnu tools arm embedded/5.4 2016q2/bin/../lib/gcc/arm-none-eabi/5.4.1/../../../../arm-none-eabi/lib/armv6-m\libc.a(lib_a-sbrkr.o)
 .data          0x2000000d        0x0 c:/program files (x86)/gnu tools arm embedded/5.4 2016q2/bin/../lib/gcc/arm-none-eabi/5.4.1/../../../../arm-none-eabi/lib/armv6-m\libc.a(lib_a-freer.o)
 .data          0x2000000d        0x0 c:/program files (x86)/gnu tools arm embedded/5.4 2016q2/bin/../lib/gcc/arm-none-eabi/5.4.1/../../../../arm-none-eabi/lib/armv6-m\libc.a(lib_a-reent.o)
 .data          0x2000000d        0x0 c:/program files (x86)/gnu tools arm embedded/5.4 2016q2/bin/../lib/gcc/arm-none-eabi/5.4.1/../../../../arm-none-eabi/lib/armv6-m\libnosys.a(sbrk.o)
 .data          0x2000000d        0x0 c:/program files (x86)/gnu tools arm embedded/5.4 2016q2/bin/../lib/gcc/arm-none-eabi/5.4.1/../../../../arm-none-eabi/lib/armv6-m\libnosys.a(_exit.o)
 .data          0x2000000d        0x0 c:/program files (x86)/gnu tools arm embedded/5.4 2016q2/bin/../lib/gcc/arm-none-eabi/5.4.1/armv6-m/crtend.o
 .data          0x2000000d        0x0 c:/program files (x86)/gnu tools arm embedded/5.4 2016q2/bin/../lib/gcc/arm-none-eabi/5.4.1/armv6-m/crtn.o
 *(.data*)
 *fill*         0x2000000d        0x3 
 .data.impure_data
                0x20000010      0x428 c:/program files (x86)/gnu tools arm embedded/5.4 2016q2/bin/../lib/gcc/arm-none-eabi/5.4.1/../../../../arm-none-eabi/lib/armv6-m\libc.a(lib_a-impure.o)
 .data._impure_ptr
                0x20000438        0x4 c:/program files (x86)/gnu tools arm embedded/5.4 2016q2/bin/../lib/gcc/arm-none-eabi/5.4.1/../../../../arm-none-eabi/lib/armv6-m\libc.a(lib_a-impure.o)
                0x20000438                _impure_ptr
 .data.__malloc_av_
                0x2000043c      0x408 c:/program files (x86)/gnu tools arm embedded/5.4 2016q2/bin/../lib/gcc/arm-none-eabi/5.4.1/../../../../arm-none-eabi/lib/armv6-m\libc.a(lib_a-mallocr.o)
                0x2000043c                __malloc_av_
 .data.__malloc_trim_threshold
                0x20000844        0x4 c:/program files (x86)/gnu tools arm embedded/5.4 2016q2/bin/../lib/gcc/arm-none-eabi/5.4.1/../../../../arm-none-eabi/lib/armv6-m\libc.a(lib_a-mallocr.o)
                0x20000844                __malloc_trim_threshold
 .data.__malloc_sbrk_base
                0x20000848        0x4 c:/program files (x86)/gnu tools arm embedded/5.4 2016q2/bin/../lib/gcc/arm-none-eabi/5.4.1/../../../../arm-none-eabi/lib/armv6-m\libc.a(lib_a-mallocr.o)
                0x20000848                __malloc_sbrk_base
                0x2000084c                . = ALIGN (0x4)
                0x2000084c                _edata = .

.jcr            0x2000084c        0x4 load address 0x08008218
 .jcr           0x2000084c        0x0 c:/program files (x86)/gnu tools arm embedded/5.4 2016q2/bin/../lib/gcc/arm-none-eabi/5.4.1/armv6-m/crtbegin.o
 .jcr           0x2000084c        0x4 c:/program files (x86)/gnu tools arm embedded/5.4 2016q2/bin/../lib/gcc/arm-none-eabi/5.4.1/armv6-m/crtend.o

.igot.plt       0x20000850        0x0 load address 0x0800821c
 .igot.plt      0x20000850        0x0 c:/program files (x86)/gnu tools arm embedded/5.4 2016q2/bin/../lib/gcc/arm-none-eabi/5.4.1/armv6-m/crtbegin.o
                0x20000850                . = ALIGN (0x4)

.bss            0x20000850      0xa2c load address 0x0800821c
                0x20000850                _sbss = .
                0x20000850                __bss_start__ = _sbss
 *(.bss)
 .bss           0x20000850        0x0 c:/program files (x86)/gnu tools arm embedded/5.4 2016q2/bin/../lib/gcc/arm-none-eabi/5.4.1/armv6-m/crti.o
 .bss           0x20000850       0x1c c:/program files (x86)/gnu tools arm embedded/5.4 2016q2/bin/../lib/gcc/arm-none-eabi/5.4.1/armv6-m/crtbegin.o
 .bss           0x2000086c        0x0 c:/program files (x86)/gnu tools arm embedded/5.4 2016q2/bin/../lib/gcc/arm-none-eabi/5.4.1/../../../../arm-none-eabi/lib/armv6-m/crt0.o
 .bss           0x2000086c        0x0 c:/program files (x86)/gnu tools arm embedded/5.4 2016q2/bin/../lib/gcc/arm-none-eabi/5.4.1/../../../../arm-none-eabi/lib/armv6-m\libc.a(lib_a-exit.o)
 .bss           0x2000086c        0x0 c:/program files (x86)/gnu tools arm embedded/5.4 2016q2/bin/../lib/gcc/arm-none-eabi/5.4.1/../../../../arm-none-eabi/lib/armv6-m\libc.a(lib_a-impure.o)
 .bss           0x2000086c        0x0 c:/program files (x86)/gnu tools arm embedded/5.4 2016q2/bin/../lib/gcc/arm-none-eabi/5.4.1/../../../../arm-none-eabi/lib/armv6-m\libc.a(lib_a-init.o)
 .bss           0x2000086c        0x0 c:/program files (x86)/gnu tools arm embedded/5.4 2016q2/bin/../lib/gcc/arm-none-eabi/5.4.1/../../../../arm-none-eabi/lib/armv6-m\libc.a(lib_a-memset.o)
 .bss           0x2000086c        0x0 c:/program files (x86)/gnu tools arm embedded/5.4 2016q2/bin/../lib/gcc/arm-none-eabi/5.4.1/../../../../arm-none-eabi/lib/armv6-m\libc.a(lib_a-__call_atexit.o)
 .bss           0x2000086c        0x0 c:/program files (x86)/gnu tools arm embedded/5.4 2016q2/bin/../lib/gcc/arm-none-eabi/5.4.1/../../../../arm-none-eabi/lib/armv6-m\libc.a(lib_a-atexit.o)
 .bss           0x2000086c        0x0 c:/program files (x86)/gnu tools arm embedded/5.4 2016q2/bin/../lib/gcc/arm-none-eabi/5.4.1/../../../../arm-none-eabi/lib/armv6-m\libc.a(lib_a-fini.o)
 .bss           0x2000086c        0x0 c:/program files (x86)/gnu tools arm embedded/5.4 2016q2/bin/../lib/gcc/arm-none-eabi/5.4.1/../../../../arm-none-eabi/lib/armv6-m\libc.a(lib_a-__atexit.o)
 .bss           0x2000086c       0xc8 ./src/debug.o
                0x2000086c                tx_buffer
                0x200008d0                rx_buffer
 .bss           0x20000934      0x3f2 ./src/led_driver.o
                0x20000934                bufferCount
                0x20000938                buffer
                0x20000d20                beaconSet
                0x20000d21                notePressed
                0x20000d22                targetHidden
                0x20000d23                bufferPosition
                0x20000d24                invertDirection
                0x20000d25                beaconMask
 .bss           0x20000d26        0x1 ./src/main.o
                0x20000d26                led_updated
 .bss           0x20000d27        0x0 ./src/stm32l0xx_it.o
 .bss           0x20000d27        0x0 ./src/system_stm32l0xx.o
 *fill*         0x20000d27        0x1 
 .bss           0x20000d28        0x5 ./src/timer.o
                0x20000d28                sysTime
                0x20000d2c                update_led
 *fill*         0x20000d2d        0x3 
 .bss           0x20000d30        0x9 ./src/uart.o
                0x20000d30                readPosition
                0x20000d34                lastDataTime
                0x20000d38                currentState
 *fill*         0x20000d39        0x3 
 .bss           0x20000d3c        0x4 ./HAL_Library/stm32l0xx_hal.o
 .bss           0x20000d40        0x0 ./HAL_Library/stm32l0xx_hal_adc.o
 .bss           0x20000d40        0x0 ./HAL_Library/stm32l0xx_hal_adc_ex.o
 .bss           0x20000d40        0x0 ./HAL_Library/stm32l0xx_hal_comp.o
 .bss           0x20000d40        0x0 ./HAL_Library/stm32l0xx_hal_comp_ex.o
 .bss           0x20000d40        0x0 ./HAL_Library/stm32l0xx_hal_cortex.o
 .bss           0x20000d40        0x0 ./HAL_Library/stm32l0xx_hal_crc.o
 .bss           0x20000d40        0x0 ./HAL_Library/stm32l0xx_hal_crc_ex.o
 .bss           0x20000d40        0x0 ./HAL_Library/stm32l0xx_hal_cryp.o
 .bss           0x20000d40        0x0 ./HAL_Library/stm32l0xx_hal_cryp_ex.o
 .bss           0x20000d40        0x0 ./HAL_Library/stm32l0xx_hal_dac.o
 .bss           0x20000d40        0x0 ./HAL_Library/stm32l0xx_hal_dac_ex.o
 .bss           0x20000d40        0x0 ./HAL_Library/stm32l0xx_hal_dma.o
 .bss           0x20000d40        0x0 ./HAL_Library/stm32l0xx_hal_firewall.o
 .bss           0x20000d40        0x0 ./HAL_Library/stm32l0xx_hal_flash.o
 .bss           0x20000d40        0x0 ./HAL_Library/stm32l0xx_hal_flash_ex.o
 .bss           0x20000d40        0x0 ./HAL_Library/stm32l0xx_hal_flash_ramfunc.o
 .bss           0x20000d40        0x0 ./HAL_Library/stm32l0xx_hal_gpio.o
 .bss           0x20000d40        0x0 ./HAL_Library/stm32l0xx_hal_i2c.o
 .bss           0x20000d40        0x0 ./HAL_Library/stm32l0xx_hal_i2c_ex.o
 .bss           0x20000d40        0x0 ./HAL_Library/stm32l0xx_hal_i2s.o
 .bss           0x20000d40        0x0 ./HAL_Library/stm32l0xx_hal_irda.o
 .bss           0x20000d40        0x0 ./HAL_Library/stm32l0xx_hal_iwdg.o
 .bss           0x20000d40        0x0 ./HAL_Library/stm32l0xx_hal_lcd.o
 .bss           0x20000d40        0x0 ./HAL_Library/stm32l0xx_hal_lptim.o
 .bss           0x20000d40        0x0 ./HAL_Library/stm32l0xx_hal_pcd.o
 .bss           0x20000d40        0x0 ./HAL_Library/stm32l0xx_hal_pcd_ex.o
 .bss           0x20000d40        0x0 ./HAL_Library/stm32l0xx_hal_pwr.o
 .bss           0x20000d40        0x0 ./HAL_Library/stm32l0xx_hal_pwr_ex.o
 .bss           0x20000d40        0x0 ./HAL_Library/stm32l0xx_hal_rcc.o
 .bss           0x20000d40        0x0 ./HAL_Library/stm32l0xx_hal_rcc_ex.o
 .bss           0x20000d40        0x0 ./HAL_Library/stm32l0xx_hal_rng.o
 .bss           0x20000d40        0x0 ./HAL_Library/stm32l0xx_hal_rtc.o
 .bss           0x20000d40        0x0 ./HAL_Library/stm32l0xx_hal_rtc_ex.o
 .bss           0x20000d40        0x0 ./HAL_Library/stm32l0xx_hal_smartcard.o
 .bss           0x20000d40        0x0 ./HAL_Library/stm32l0xx_hal_smartcard_ex.o
 .bss           0x20000d40        0x0 ./HAL_Library/stm32l0xx_hal_smbus.o
 .bss           0x20000d40        0x0 ./HAL_Library/stm32l0xx_hal_spi.o
 .bss           0x20000d40        0x0 ./HAL_Library/stm32l0xx_hal_tim.o
 .bss           0x20000d40        0x0 ./HAL_Library/stm32l0xx_hal_tim_ex.o
 .bss           0x20000d40        0x0 ./HAL_Library/stm32l0xx_hal_tsc.o
 .bss           0x20000d40        0x0 ./HAL_Library/stm32l0xx_hal_uart.o
 .bss           0x20000d40        0x0 ./HAL_Library/stm32l0xx_hal_uart_ex.o
 .bss           0x20000d40        0x0 ./HAL_Library/stm32l0xx_hal_usart.o
 .bss           0x20000d40        0x0 ./HAL_Library/stm32l0xx_hal_wwdg.o
 .bss           0x20000d40        0x0 ./startup_stm32l052xx.o
 .bss           0x20000d40        0x0 c:/program files (x86)/gnu tools arm embedded/5.4 2016q2/bin/../lib/gcc/arm-none-eabi/5.4.1/armv6-m\libgcc.a(_udivsi3.o)
 .bss           0x20000d40        0x0 c:/program files (x86)/gnu tools arm embedded/5.4 2016q2/bin/../lib/gcc/arm-none-eabi/5.4.1/armv6-m\libgcc.a(_divsi3.o)
 .bss           0x20000d40        0x0 c:/program files (x86)/gnu tools arm embedded/5.4 2016q2/bin/../lib/gcc/arm-none-eabi/5.4.1/armv6-m\libgcc.a(_dvmd_tls.o)
 .bss           0x20000d40        0x0 c:/program files (x86)/gnu tools arm embedded/5.4 2016q2/bin/../lib/gcc/arm-none-eabi/5.4.1/../../../../arm-none-eabi/lib/armv6-m\libc.a(lib_a-malloc.o)
 .bss           0x20000d40        0x0 c:/program files (x86)/gnu tools arm embedded/5.4 2016q2/bin/../lib/gcc/arm-none-eabi/5.4.1/../../../../arm-none-eabi/lib/armv6-m\libc.a(lib_a-mallocr.o)
 .bss           0x20000d40        0x0 c:/program files (x86)/gnu tools arm embedded/5.4 2016q2/bin/../lib/gcc/arm-none-eabi/5.4.1/../../../../arm-none-eabi/lib/armv6-m\libc.a(lib_a-mlock.o)
 .bss           0x20000d40        0x0 c:/program files (x86)/gnu tools arm embedded/5.4 2016q2/bin/../lib/gcc/arm-none-eabi/5.4.1/../../../../arm-none-eabi/lib/armv6-m\libc.a(lib_a-sbrkr.o)
 .bss           0x20000d40        0x0 c:/program files (x86)/gnu tools arm embedded/5.4 2016q2/bin/../lib/gcc/arm-none-eabi/5.4.1/../../../../arm-none-eabi/lib/armv6-m\libc.a(lib_a-freer.o)
 .bss           0x20000d40        0x0 c:/program files (x86)/gnu tools arm embedded/5.4 2016q2/bin/../lib/gcc/arm-none-eabi/5.4.1/../../../../arm-none-eabi/lib/armv6-m\libc.a(lib_a-reent.o)
 .bss           0x20000d40        0x0 c:/program files (x86)/gnu tools arm embedded/5.4 2016q2/bin/../lib/gcc/arm-none-eabi/5.4.1/../../../../arm-none-eabi/lib/armv6-m\libnosys.a(sbrk.o)
 .bss           0x20000d40        0x0 c:/program files (x86)/gnu tools arm embedded/5.4 2016q2/bin/../lib/gcc/arm-none-eabi/5.4.1/../../../../arm-none-eabi/lib/armv6-m\libnosys.a(_exit.o)
 .bss           0x20000d40        0x0 c:/program files (x86)/gnu tools arm embedded/5.4 2016q2/bin/../lib/gcc/arm-none-eabi/5.4.1/armv6-m/crtend.o
 .bss           0x20000d40        0x0 c:/program files (x86)/gnu tools arm embedded/5.4 2016q2/bin/../lib/gcc/arm-none-eabi/5.4.1/armv6-m/crtn.o
 *(.bss*)
 .bss.__malloc_max_total_mem
                0x20000d40        0x4 c:/program files (x86)/gnu tools arm embedded/5.4 2016q2/bin/../lib/gcc/arm-none-eabi/5.4.1/../../../../arm-none-eabi/lib/armv6-m\libc.a(lib_a-mallocr.o)
                0x20000d40                __malloc_max_total_mem
 .bss.__malloc_max_sbrked_mem
                0x20000d44        0x4 c:/program files (x86)/gnu tools arm embedded/5.4 2016q2/bin/../lib/gcc/arm-none-eabi/5.4.1/../../../../arm-none-eabi/lib/armv6-m\libc.a(lib_a-mallocr.o)
                0x20000d44                __malloc_max_sbrked_mem
 .bss.__malloc_top_pad
                0x20000d48        0x4 c:/program files (x86)/gnu tools arm embedded/5.4 2016q2/bin/../lib/gcc/arm-none-eabi/5.4.1/../../../../arm-none-eabi/lib/armv6-m\libc.a(lib_a-mallocr.o)
                0x20000d48                __malloc_top_pad
 .bss.__malloc_current_mallinfo
                0x20000d4c       0x28 c:/program files (x86)/gnu tools arm embedded/5.4 2016q2/bin/../lib/gcc/arm-none-eabi/5.4.1/../../../../arm-none-eabi/lib/armv6-m\libc.a(lib_a-mallocr.o)
                0x20000d4c                __malloc_current_mallinfo
 .bss.heap_end.4167
                0x20000d74        0x4 c:/program files (x86)/gnu tools arm embedded/5.4 2016q2/bin/../lib/gcc/arm-none-eabi/5.4.1/../../../../arm-none-eabi/lib/armv6-m\libnosys.a(sbrk.o)
 *(COMMON)
 COMMON         0x20000d78       0xc0 ./src/debug.o
                0x20000d78                DMA_RX_Handle
                0x20000db4                DMA_TX_Handle
                0x20000df0                USART_Handle
 COMMON         0x20000e38      0x358 ./src/led_driver.o
                0x20000e38                ledStrip
                0x20001158                beaconBlueStep
                0x20001159                beaconRedStep
                0x2000115c                targetColour
                0x20001160                targetColourDefault
                0x20001164                beaconGreenStep
                0x20001168                colour_lookup
                0x20001188                beaconBackground
                0x2000118c                beaconColour
 COMMON         0x20001190        0x0 ./src/main.o
 COMMON         0x20001190       0x3c ./src/timer.o
                0x20001190                timHandle
                0x200011c8                timerHandler
 COMMON         0x200011cc       0x94 ./src/uart.o
                0x200011cc                currentFunc
                0x200011d8                rxBuffer
                0x20001258                longCmdHandler
                0x2000125c                shortCmdHandler
 COMMON         0x20001260       0x18 ./HAL_Library/stm32l0xx_hal_flash.o
                0x20001260                ProcFlash
 COMMON         0x20001278        0x4 c:/program files (x86)/gnu tools arm embedded/5.4 2016q2/bin/../lib/gcc/arm-none-eabi/5.4.1/../../../../arm-none-eabi/lib/armv6-m\libc.a(lib_a-reent.o)
                0x20001278                errno
                0x2000127c                . = ALIGN (0x4)
                0x2000127c                _ebss = .
                0x2000127c                __bss_end__ = _ebss

._user_heap_stack
                0x2000127c      0x400 load address 0x0800821c
                0x2000127c                . = ALIGN (0x4)
                0x2000127c                PROVIDE (end, .)
                [!provide]                PROVIDE (_end, .)
                0x2000147c                . = (. + _Min_Heap_Size)
 *fill*         0x2000127c      0x200 
                0x2000167c                . = (. + _Min_Stack_Size)
 *fill*         0x2000147c      0x200 
                0x2000167c                . = ALIGN (0x4)

/DISCARD/
 libc.a(*)
 libm.a(*)
 libgcc.a(*)

.ARM.attributes
                0x00000000       0x28
 *(.ARM.attributes)
 .ARM.attributes
                0x00000000       0x1e c:/program files (x86)/gnu tools arm embedded/5.4 2016q2/bin/../lib/gcc/arm-none-eabi/5.4.1/armv6-m/crti.o
 .ARM.attributes
                0x0000001e       0x2c c:/program files (x86)/gnu tools arm embedded/5.4 2016q2/bin/../lib/gcc/arm-none-eabi/5.4.1/armv6-m/crtbegin.o
 .ARM.attributes
                0x0000004a       0x1b c:/program files (x86)/gnu tools arm embedded/5.4 2016q2/bin/../lib/gcc/arm-none-eabi/5.4.1/../../../../arm-none-eabi/lib/armv6-m/crt0.o
 .ARM.attributes
                0x00000065       0x2c c:/program files (x86)/gnu tools arm embedded/5.4 2016q2/bin/../lib/gcc/arm-none-eabi/5.4.1/../../../../arm-none-eabi/lib/armv6-m\libc.a(lib_a-exit.o)
 .ARM.attributes
                0x00000091       0x2c c:/program files (x86)/gnu tools arm embedded/5.4 2016q2/bin/../lib/gcc/arm-none-eabi/5.4.1/../../../../arm-none-eabi/lib/armv6-m\libc.a(lib_a-impure.o)
 .ARM.attributes
                0x000000bd       0x2c c:/program files (x86)/gnu tools arm embedded/5.4 2016q2/bin/../lib/gcc/arm-none-eabi/5.4.1/../../../../arm-none-eabi/lib/armv6-m\libc.a(lib_a-init.o)
 .ARM.attributes
                0x000000e9       0x2c c:/program files (x86)/gnu tools arm embedded/5.4 2016q2/bin/../lib/gcc/arm-none-eabi/5.4.1/../../../../arm-none-eabi/lib/armv6-m\libc.a(lib_a-memset.o)
 .ARM.attributes
                0x00000115       0x2c c:/program files (x86)/gnu tools arm embedded/5.4 2016q2/bin/../lib/gcc/arm-none-eabi/5.4.1/../../../../arm-none-eabi/lib/armv6-m\libc.a(lib_a-__call_atexit.o)
 .ARM.attributes
                0x00000141       0x2c c:/program files (x86)/gnu tools arm embedded/5.4 2016q2/bin/../lib/gcc/arm-none-eabi/5.4.1/../../../../arm-none-eabi/lib/armv6-m\libc.a(lib_a-atexit.o)
 .ARM.attributes
                0x0000016d       0x2c c:/program files (x86)/gnu tools arm embedded/5.4 2016q2/bin/../lib/gcc/arm-none-eabi/5.4.1/../../../../arm-none-eabi/lib/armv6-m\libc.a(lib_a-fini.o)
 .ARM.attributes
                0x00000199       0x2c c:/program files (x86)/gnu tools arm embedded/5.4 2016q2/bin/../lib/gcc/arm-none-eabi/5.4.1/../../../../arm-none-eabi/lib/armv6-m\libc.a(lib_a-__atexit.o)
 .ARM.attributes
                0x000001c5       0x32 ./src/debug.o
 .ARM.attributes
                0x000001f7       0x32 ./src/led_driver.o
 .ARM.attributes
                0x00000229       0x32 ./src/main.o
 .ARM.attributes
                0x0000025b       0x32 ./src/stm32l0xx_it.o
 .ARM.attributes
                0x0000028d       0x32 ./src/system_stm32l0xx.o
 .ARM.attributes
                0x000002bf       0x32 ./src/timer.o
 .ARM.attributes
                0x000002f1       0x32 ./src/uart.o
 .ARM.attributes
                0x00000323       0x32 ./HAL_Library/stm32l0xx_hal.o
 .ARM.attributes
                0x00000355       0x32 ./HAL_Library/stm32l0xx_hal_adc.o
 .ARM.attributes
                0x00000387       0x32 ./HAL_Library/stm32l0xx_hal_adc_ex.o
 .ARM.attributes
                0x000003b9       0x32 ./HAL_Library/stm32l0xx_hal_comp.o
 .ARM.attributes
                0x000003eb       0x32 ./HAL_Library/stm32l0xx_hal_comp_ex.o
 .ARM.attributes
                0x0000041d       0x32 ./HAL_Library/stm32l0xx_hal_cortex.o
 .ARM.attributes
                0x0000044f       0x32 ./HAL_Library/stm32l0xx_hal_crc.o
 .ARM.attributes
                0x00000481       0x32 ./HAL_Library/stm32l0xx_hal_crc_ex.o
 .ARM.attributes
                0x000004b3       0x32 ./HAL_Library/stm32l0xx_hal_cryp.o
 .ARM.attributes
                0x000004e5       0x32 ./HAL_Library/stm32l0xx_hal_cryp_ex.o
 .ARM.attributes
                0x00000517       0x32 ./HAL_Library/stm32l0xx_hal_dac.o
 .ARM.attributes
                0x00000549       0x32 ./HAL_Library/stm32l0xx_hal_dac_ex.o
 .ARM.attributes
                0x0000057b       0x32 ./HAL_Library/stm32l0xx_hal_dma.o
 .ARM.attributes
                0x000005ad       0x32 ./HAL_Library/stm32l0xx_hal_firewall.o
 .ARM.attributes
                0x000005df       0x32 ./HAL_Library/stm32l0xx_hal_flash.o
 .ARM.attributes
                0x00000611       0x32 ./HAL_Library/stm32l0xx_hal_flash_ex.o
 .ARM.attributes
                0x00000643       0x32 ./HAL_Library/stm32l0xx_hal_flash_ramfunc.o
 .ARM.attributes
                0x00000675       0x32 ./HAL_Library/stm32l0xx_hal_gpio.o
 .ARM.attributes
                0x000006a7       0x32 ./HAL_Library/stm32l0xx_hal_i2c.o
 .ARM.attributes
                0x000006d9       0x32 ./HAL_Library/stm32l0xx_hal_i2c_ex.o
 .ARM.attributes
                0x0000070b       0x32 ./HAL_Library/stm32l0xx_hal_i2s.o
 .ARM.attributes
                0x0000073d       0x32 ./HAL_Library/stm32l0xx_hal_irda.o
 .ARM.attributes
                0x0000076f       0x32 ./HAL_Library/stm32l0xx_hal_iwdg.o
 .ARM.attributes
                0x000007a1       0x32 ./HAL_Library/stm32l0xx_hal_lcd.o
 .ARM.attributes
                0x000007d3       0x32 ./HAL_Library/stm32l0xx_hal_lptim.o
 .ARM.attributes
                0x00000805       0x32 ./HAL_Library/stm32l0xx_hal_pcd.o
 .ARM.attributes
                0x00000837       0x32 ./HAL_Library/stm32l0xx_hal_pcd_ex.o
 .ARM.attributes
                0x00000869       0x32 ./HAL_Library/stm32l0xx_hal_pwr.o
 .ARM.attributes
                0x0000089b       0x32 ./HAL_Library/stm32l0xx_hal_pwr_ex.o
 .ARM.attributes
                0x000008cd       0x32 ./HAL_Library/stm32l0xx_hal_rcc.o
 .ARM.attributes
                0x000008ff       0x32 ./HAL_Library/stm32l0xx_hal_rcc_ex.o
 .ARM.attributes
                0x00000931       0x32 ./HAL_Library/stm32l0xx_hal_rng.o
 .ARM.attributes
                0x00000963       0x32 ./HAL_Library/stm32l0xx_hal_rtc.o
 .ARM.attributes
                0x00000995       0x32 ./HAL_Library/stm32l0xx_hal_rtc_ex.o
 .ARM.attributes
                0x000009c7       0x32 ./HAL_Library/stm32l0xx_hal_smartcard.o
 .ARM.attributes
                0x000009f9       0x32 ./HAL_Library/stm32l0xx_hal_smartcard_ex.o
 .ARM.attributes
                0x00000a2b       0x32 ./HAL_Library/stm32l0xx_hal_smbus.o
 .ARM.attributes
                0x00000a5d       0x32 ./HAL_Library/stm32l0xx_hal_spi.o
 .ARM.attributes
                0x00000a8f       0x32 ./HAL_Library/stm32l0xx_hal_tim.o
 .ARM.attributes
                0x00000ac1       0x32 ./HAL_Library/stm32l0xx_hal_tim_ex.o
 .ARM.attributes
                0x00000af3       0x32 ./HAL_Library/stm32l0xx_hal_tsc.o
 .ARM.attributes
                0x00000b25       0x32 ./HAL_Library/stm32l0xx_hal_uart.o
 .ARM.attributes
                0x00000b57       0x32 ./HAL_Library/stm32l0xx_hal_uart_ex.o
 .ARM.attributes
                0x00000b89       0x32 ./HAL_Library/stm32l0xx_hal_usart.o
 .ARM.attributes
                0x00000bbb       0x32 ./HAL_Library/stm32l0xx_hal_wwdg.o
 .ARM.attributes
                0x00000bed       0x22 ./startup_stm32l052xx.o
 .ARM.attributes
                0x00000c0f       0x1e c:/program files (x86)/gnu tools arm embedded/5.4 2016q2/bin/../lib/gcc/arm-none-eabi/5.4.1/armv6-m\libgcc.a(_udivsi3.o)
 .ARM.attributes
                0x00000c2d       0x1e c:/program files (x86)/gnu tools arm embedded/5.4 2016q2/bin/../lib/gcc/arm-none-eabi/5.4.1/armv6-m\libgcc.a(_divsi3.o)
 .ARM.attributes
                0x00000c4b       0x1e c:/program files (x86)/gnu tools arm embedded/5.4 2016q2/bin/../lib/gcc/arm-none-eabi/5.4.1/armv6-m\libgcc.a(_dvmd_tls.o)
 .ARM.attributes
                0x00000c69       0x2c c:/program files (x86)/gnu tools arm embedded/5.4 2016q2/bin/../lib/gcc/arm-none-eabi/5.4.1/../../../../arm-none-eabi/lib/armv6-m\libc.a(lib_a-malloc.o)
 .ARM.attributes
                0x00000c95       0x2c c:/program files (x86)/gnu tools arm embedded/5.4 2016q2/bin/../lib/gcc/arm-none-eabi/5.4.1/../../../../arm-none-eabi/lib/armv6-m\libc.a(lib_a-mallocr.o)
 .ARM.attributes
                0x00000cc1       0x2c c:/program files (x86)/gnu tools arm embedded/5.4 2016q2/bin/../lib/gcc/arm-none-eabi/5.4.1/../../../../arm-none-eabi/lib/armv6-m\libc.a(lib_a-mlock.o)
 .ARM.attributes
                0x00000ced       0x2c c:/program files (x86)/gnu tools arm embedded/5.4 2016q2/bin/../lib/gcc/arm-none-eabi/5.4.1/../../../../arm-none-eabi/lib/armv6-m\libc.a(lib_a-sbrkr.o)
 .ARM.attributes
                0x00000d19       0x2c c:/program files (x86)/gnu tools arm embedded/5.4 2016q2/bin/../lib/gcc/arm-none-eabi/5.4.1/../../../../arm-none-eabi/lib/armv6-m\libc.a(lib_a-freer.o)
 .ARM.attributes
                0x00000d45       0x2c c:/program files (x86)/gnu tools arm embedded/5.4 2016q2/bin/../lib/gcc/arm-none-eabi/5.4.1/../../../../arm-none-eabi/lib/armv6-m\libc.a(lib_a-reent.o)
 .ARM.attributes
                0x00000d71       0x2c c:/program files (x86)/gnu tools arm embedded/5.4 2016q2/bin/../lib/gcc/arm-none-eabi/5.4.1/../../../../arm-none-eabi/lib/armv6-m\libnosys.a(sbrk.o)
 .ARM.attributes
                0x00000d9d       0x2c c:/program files (x86)/gnu tools arm embedded/5.4 2016q2/bin/../lib/gcc/arm-none-eabi/5.4.1/../../../../arm-none-eabi/lib/armv6-m\libnosys.a(_exit.o)
 .ARM.attributes
                0x00000dc9       0x2c c:/program files (x86)/gnu tools arm embedded/5.4 2016q2/bin/../lib/gcc/arm-none-eabi/5.4.1/armv6-m/crtend.o
 .ARM.attributes
                0x00000df5       0x1e c:/program files (x86)/gnu tools arm embedded/5.4 2016q2/bin/../lib/gcc/arm-none-eabi/5.4.1/armv6-m/crtn.o
OUTPUT(ledStripController.elf elf32-littlearm)

.debug_frame    0x00000000     0x1fe8
 .debug_frame   0x00000000       0x28 c:/program files (x86)/gnu tools arm embedded/5.4 2016q2/bin/../lib/gcc/arm-none-eabi/5.4.1/../../../../arm-none-eabi/lib/armv6-m\libc.a(lib_a-exit.o)
 .debug_frame   0x00000028       0x2c c:/program files (x86)/gnu tools arm embedded/5.4 2016q2/bin/../lib/gcc/arm-none-eabi/5.4.1/../../../../arm-none-eabi/lib/armv6-m\libc.a(lib_a-init.o)
 .debug_frame   0x00000054       0x2c c:/program files (x86)/gnu tools arm embedded/5.4 2016q2/bin/../lib/gcc/arm-none-eabi/5.4.1/../../../../arm-none-eabi/lib/armv6-m\libc.a(lib_a-memset.o)
 .debug_frame   0x00000080       0x54 c:/program files (x86)/gnu tools arm embedded/5.4 2016q2/bin/../lib/gcc/arm-none-eabi/5.4.1/../../../../arm-none-eabi/lib/armv6-m\libc.a(lib_a-__call_atexit.o)
 .debug_frame   0x000000d4       0x28 c:/program files (x86)/gnu tools arm embedded/5.4 2016q2/bin/../lib/gcc/arm-none-eabi/5.4.1/../../../../arm-none-eabi/lib/armv6-m\libc.a(lib_a-atexit.o)
 .debug_frame   0x000000fc       0x2c c:/program files (x86)/gnu tools arm embedded/5.4 2016q2/bin/../lib/gcc/arm-none-eabi/5.4.1/../../../../arm-none-eabi/lib/armv6-m\libc.a(lib_a-fini.o)
 .debug_frame   0x00000128       0x3c c:/program files (x86)/gnu tools arm embedded/5.4 2016q2/bin/../lib/gcc/arm-none-eabi/5.4.1/../../../../arm-none-eabi/lib/armv6-m\libc.a(lib_a-__atexit.o)
 .debug_frame   0x00000164       0x50 ./src/debug.o
 .debug_frame   0x000001b4      0x214 ./src/led_driver.o
 .debug_frame   0x000003c8       0xac ./src/main.o
 .debug_frame   0x00000474       0x20 ./src/stm32l0xx_it.o
 .debug_frame   0x00000494       0x38 ./src/system_stm32l0xx.o
 .debug_frame   0x000004cc       0xc8 ./src/timer.o
 .debug_frame   0x00000594       0x7c ./src/uart.o
 .debug_frame   0x00000610      0x1e4 ./HAL_Library/stm32l0xx_hal.o
 .debug_frame   0x000007f4       0xf4 ./HAL_Library/stm32l0xx_hal_cortex.o
 .debug_frame   0x000008e8       0xf8 ./HAL_Library/stm32l0xx_hal_dma.o
 .debug_frame   0x000009e0      0x138 ./HAL_Library/stm32l0xx_hal_flash.o
 .debug_frame   0x00000b18      0x19c ./HAL_Library/stm32l0xx_hal_flash_ex.o
 .debug_frame   0x00000cb4       0x6c ./HAL_Library/stm32l0xx_hal_flash_ramfunc.o
 .debug_frame   0x00000d20       0xd4 ./HAL_Library/stm32l0xx_hal_gpio.o
 .debug_frame   0x00000df4      0x13c ./HAL_Library/stm32l0xx_hal_pwr.o
 .debug_frame   0x00000f30       0x78 ./HAL_Library/stm32l0xx_hal_pwr_ex.o
 .debug_frame   0x00000fa8      0x158 ./HAL_Library/stm32l0xx_hal_rcc.o
 .debug_frame   0x00001100      0x140 ./HAL_Library/stm32l0xx_hal_rcc_ex.o
 .debug_frame   0x00001240      0x844 ./HAL_Library/stm32l0xx_hal_tim.o
 .debug_frame   0x00001a84       0x44 ./HAL_Library/stm32l0xx_hal_tim_ex.o
 .debug_frame   0x00001ac8      0x32c ./HAL_Library/stm32l0xx_hal_usart.o
 .debug_frame   0x00001df4       0x20 c:/program files (x86)/gnu tools arm embedded/5.4 2016q2/bin/../lib/gcc/arm-none-eabi/5.4.1/armv6-m\libgcc.a(_udivsi3.o)
 .debug_frame   0x00001e14       0x20 c:/program files (x86)/gnu tools arm embedded/5.4 2016q2/bin/../lib/gcc/arm-none-eabi/5.4.1/armv6-m\libgcc.a(_divsi3.o)
 .debug_frame   0x00001e34       0x40 c:/program files (x86)/gnu tools arm embedded/5.4 2016q2/bin/../lib/gcc/arm-none-eabi/5.4.1/../../../../arm-none-eabi/lib/armv6-m\libc.a(lib_a-malloc.o)
 .debug_frame   0x00001e74       0x3c c:/program files (x86)/gnu tools arm embedded/5.4 2016q2/bin/../lib/gcc/arm-none-eabi/5.4.1/../../../../arm-none-eabi/lib/armv6-m\libc.a(lib_a-mallocr.o)
 .debug_frame   0x00001eb0       0x30 c:/program files (x86)/gnu tools arm embedded/5.4 2016q2/bin/../lib/gcc/arm-none-eabi/5.4.1/../../../../arm-none-eabi/lib/armv6-m\libc.a(lib_a-mlock.o)
 .debug_frame   0x00001ee0       0x2c c:/program files (x86)/gnu tools arm embedded/5.4 2016q2/bin/../lib/gcc/arm-none-eabi/5.4.1/../../../../arm-none-eabi/lib/armv6-m\libc.a(lib_a-sbrkr.o)
 .debug_frame   0x00001f0c       0x54 c:/program files (x86)/gnu tools arm embedded/5.4 2016q2/bin/../lib/gcc/arm-none-eabi/5.4.1/../../../../arm-none-eabi/lib/armv6-m\libc.a(lib_a-freer.o)
 .debug_frame   0x00001f60       0x48 c:/program files (x86)/gnu tools arm embedded/5.4 2016q2/bin/../lib/gcc/arm-none-eabi/5.4.1/../../../../arm-none-eabi/lib/armv6-m\libc.a(lib_a-reent.o)
 .debug_frame   0x00001fa8       0x20 c:/program files (x86)/gnu tools arm embedded/5.4 2016q2/bin/../lib/gcc/arm-none-eabi/5.4.1/../../../../arm-none-eabi/lib/armv6-m\libnosys.a(sbrk.o)
 .debug_frame   0x00001fc8       0x20 c:/program files (x86)/gnu tools arm embedded/5.4 2016q2/bin/../lib/gcc/arm-none-eabi/5.4.1/../../../../arm-none-eabi/lib/armv6-m\libnosys.a(_exit.o)

.debug_info     0x00000000     0xd697
 .debug_info    0x00000000      0x7b7 ./src/debug.o
 .debug_info    0x000007b7      0xd1b ./src/led_driver.o
 .debug_info    0x000014d2      0xa13 ./src/main.o
 .debug_info    0x00001ee5       0x8b ./src/stm32l0xx_it.o
 .debug_info    0x00001f70      0x343 ./src/system_stm32l0xx.o
 .debug_info    0x000022b3      0xde0 ./src/timer.o
 .debug_info    0x00003093      0x813 ./src/uart.o
 .debug_info    0x000038a6      0x6cb ./HAL_Library/stm32l0xx_hal.o
 .debug_info    0x00003f71       0x72 ./HAL_Library/stm32l0xx_hal_adc.o
 .debug_info    0x00003fe3       0x72 ./HAL_Library/stm32l0xx_hal_adc_ex.o
 .debug_info    0x00004055       0x72 ./HAL_Library/stm32l0xx_hal_comp.o
 .debug_info    0x000040c7       0x72 ./HAL_Library/stm32l0xx_hal_comp_ex.o
 .debug_info    0x00004139      0x8c6 ./HAL_Library/stm32l0xx_hal_cortex.o
 .debug_info    0x000049ff       0x72 ./HAL_Library/stm32l0xx_hal_crc.o
 .debug_info    0x00004a71       0x72 ./HAL_Library/stm32l0xx_hal_crc_ex.o
 .debug_info    0x00004ae3       0x72 ./HAL_Library/stm32l0xx_hal_dac.o
 .debug_info    0x00004b55       0x72 ./HAL_Library/stm32l0xx_hal_dac_ex.o
 .debug_info    0x00004bc7      0x648 ./HAL_Library/stm32l0xx_hal_dma.o
 .debug_info    0x0000520f       0x72 ./HAL_Library/stm32l0xx_hal_firewall.o
 .debug_info    0x00005281      0x573 ./HAL_Library/stm32l0xx_hal_flash.o
 .debug_info    0x000057f4      0xb9e ./HAL_Library/stm32l0xx_hal_flash_ex.o
 .debug_info    0x00006392      0x381 ./HAL_Library/stm32l0xx_hal_flash_ramfunc.o
 .debug_info    0x00006713      0x642 ./HAL_Library/stm32l0xx_hal_gpio.o
 .debug_info    0x00006d55       0x72 ./HAL_Library/stm32l0xx_hal_i2c.o
 .debug_info    0x00006dc7       0x72 ./HAL_Library/stm32l0xx_hal_i2c_ex.o
 .debug_info    0x00006e39       0x72 ./HAL_Library/stm32l0xx_hal_i2s.o
 .debug_info    0x00006eab       0x72 ./HAL_Library/stm32l0xx_hal_irda.o
 .debug_info    0x00006f1d       0x72 ./HAL_Library/stm32l0xx_hal_iwdg.o
 .debug_info    0x00006f8f       0x72 ./HAL_Library/stm32l0xx_hal_lcd.o
 .debug_info    0x00007001       0x72 ./HAL_Library/stm32l0xx_hal_lptim.o
 .debug_info    0x00007073       0x72 ./HAL_Library/stm32l0xx_hal_pcd.o
 .debug_info    0x000070e5       0x72 ./HAL_Library/stm32l0xx_hal_pcd_ex.o
 .debug_info    0x00007157      0x5e3 ./HAL_Library/stm32l0xx_hal_pwr.o
 .debug_info    0x0000773a      0x196 ./HAL_Library/stm32l0xx_hal_pwr_ex.o
 .debug_info    0x000078d0      0xb03 ./HAL_Library/stm32l0xx_hal_rcc.o
 .debug_info    0x000083d3      0x785 ./HAL_Library/stm32l0xx_hal_rcc_ex.o
 .debug_info    0x00008b58       0x72 ./HAL_Library/stm32l0xx_hal_rng.o
 .debug_info    0x00008bca       0x72 ./HAL_Library/stm32l0xx_hal_rtc.o
 .debug_info    0x00008c3c       0x72 ./HAL_Library/stm32l0xx_hal_rtc_ex.o
 .debug_info    0x00008cae       0x72 ./HAL_Library/stm32l0xx_hal_smartcard.o
 .debug_info    0x00008d20       0x72 ./HAL_Library/stm32l0xx_hal_smartcard_ex.o
 .debug_info    0x00008d92       0x72 ./HAL_Library/stm32l0xx_hal_smbus.o
 .debug_info    0x00008e04       0x72 ./HAL_Library/stm32l0xx_hal_spi.o
 .debug_info    0x00008e76     0x2ecc ./HAL_Library/stm32l0xx_hal_tim.o
 .debug_info    0x0000bd42      0x58a ./HAL_Library/stm32l0xx_hal_tim_ex.o
 .debug_info    0x0000c2cc       0x72 ./HAL_Library/stm32l0xx_hal_tsc.o
 .debug_info    0x0000c33e       0x72 ./HAL_Library/stm32l0xx_hal_uart.o
 .debug_info    0x0000c3b0       0x72 ./HAL_Library/stm32l0xx_hal_uart_ex.o
 .debug_info    0x0000c422     0x1203 ./HAL_Library/stm32l0xx_hal_usart.o
 .debug_info    0x0000d625       0x72 ./HAL_Library/stm32l0xx_hal_wwdg.o

.debug_abbrev   0x00000000     0x2fea
 .debug_abbrev  0x00000000      0x186 ./src/debug.o
 .debug_abbrev  0x00000186      0x3cf ./src/led_driver.o
 .debug_abbrev  0x00000555      0x1f7 ./src/main.o
 .debug_abbrev  0x0000074c       0x45 ./src/stm32l0xx_it.o
 .debug_abbrev  0x00000791       0xf0 ./src/system_stm32l0xx.o
 .debug_abbrev  0x00000881      0x308 ./src/timer.o
 .debug_abbrev  0x00000b89      0x284 ./src/uart.o
 .debug_abbrev  0x00000e0d      0x214 ./HAL_Library/stm32l0xx_hal.o
 .debug_abbrev  0x00001021       0x26 ./HAL_Library/stm32l0xx_hal_adc.o
 .debug_abbrev  0x00001047       0x26 ./HAL_Library/stm32l0xx_hal_adc_ex.o
 .debug_abbrev  0x0000106d       0x26 ./HAL_Library/stm32l0xx_hal_comp.o
 .debug_abbrev  0x00001093       0x26 ./HAL_Library/stm32l0xx_hal_comp_ex.o
 .debug_abbrev  0x000010b9      0x28f ./HAL_Library/stm32l0xx_hal_cortex.o
 .debug_abbrev  0x00001348       0x26 ./HAL_Library/stm32l0xx_hal_crc.o
 .debug_abbrev  0x0000136e       0x26 ./HAL_Library/stm32l0xx_hal_crc_ex.o
 .debug_abbrev  0x00001394       0x26 ./HAL_Library/stm32l0xx_hal_dac.o
 .debug_abbrev  0x000013ba       0x26 ./HAL_Library/stm32l0xx_hal_dac_ex.o
 .debug_abbrev  0x000013e0      0x1f1 ./HAL_Library/stm32l0xx_hal_dma.o
 .debug_abbrev  0x000015d1       0x26 ./HAL_Library/stm32l0xx_hal_firewall.o
 .debug_abbrev  0x000015f7      0x25e ./HAL_Library/stm32l0xx_hal_flash.o
 .debug_abbrev  0x00001855      0x298 ./HAL_Library/stm32l0xx_hal_flash_ex.o
 .debug_abbrev  0x00001aed      0x1ac ./HAL_Library/stm32l0xx_hal_flash_ramfunc.o
 .debug_abbrev  0x00001c99      0x1c8 ./HAL_Library/stm32l0xx_hal_gpio.o
 .debug_abbrev  0x00001e61       0x26 ./HAL_Library/stm32l0xx_hal_i2c.o
 .debug_abbrev  0x00001e87       0x26 ./HAL_Library/stm32l0xx_hal_i2c_ex.o
 .debug_abbrev  0x00001ead       0x26 ./HAL_Library/stm32l0xx_hal_i2s.o
 .debug_abbrev  0x00001ed3       0x26 ./HAL_Library/stm32l0xx_hal_irda.o
 .debug_abbrev  0x00001ef9       0x26 ./HAL_Library/stm32l0xx_hal_iwdg.o
 .debug_abbrev  0x00001f1f       0x26 ./HAL_Library/stm32l0xx_hal_lcd.o
 .debug_abbrev  0x00001f45       0x26 ./HAL_Library/stm32l0xx_hal_lptim.o
 .debug_abbrev  0x00001f6b       0x26 ./HAL_Library/stm32l0xx_hal_pcd.o
 .debug_abbrev  0x00001f91       0x26 ./HAL_Library/stm32l0xx_hal_pcd_ex.o
 .debug_abbrev  0x00001fb7      0x18d ./HAL_Library/stm32l0xx_hal_pwr.o
 .debug_abbrev  0x00002144       0xdc ./HAL_Library/stm32l0xx_hal_pwr_ex.o
 .debug_abbrev  0x00002220      0x2ba ./HAL_Library/stm32l0xx_hal_rcc.o
 .debug_abbrev  0x000024da      0x20b ./HAL_Library/stm32l0xx_hal_rcc_ex.o
 .debug_abbrev  0x000026e5       0x26 ./HAL_Library/stm32l0xx_hal_rng.o
 .debug_abbrev  0x0000270b       0x26 ./HAL_Library/stm32l0xx_hal_rtc.o
 .debug_abbrev  0x00002731       0x26 ./HAL_Library/stm32l0xx_hal_rtc_ex.o
 .debug_abbrev  0x00002757       0x26 ./HAL_Library/stm32l0xx_hal_smartcard.o
 .debug_abbrev  0x0000277d       0x26 ./HAL_Library/stm32l0xx_hal_smartcard_ex.o
 .debug_abbrev  0x000027a3       0x26 ./HAL_Library/stm32l0xx_hal_smbus.o
 .debug_abbrev  0x000027c9       0x26 ./HAL_Library/stm32l0xx_hal_spi.o
 .debug_abbrev  0x000027ef      0x31b ./HAL_Library/stm32l0xx_hal_tim.o
 .debug_abbrev  0x00002b0a      0x15d ./HAL_Library/stm32l0xx_hal_tim_ex.o
 .debug_abbrev  0x00002c67       0x26 ./HAL_Library/stm32l0xx_hal_tsc.o
 .debug_abbrev  0x00002c8d       0x26 ./HAL_Library/stm32l0xx_hal_uart.o
 .debug_abbrev  0x00002cb3       0x26 ./HAL_Library/stm32l0xx_hal_uart_ex.o
 .debug_abbrev  0x00002cd9      0x2eb ./HAL_Library/stm32l0xx_hal_usart.o
 .debug_abbrev  0x00002fc4       0x26 ./HAL_Library/stm32l0xx_hal_wwdg.o

.debug_aranges  0x00000000      0x580
 .debug_aranges
                0x00000000       0x20 ./src/debug.o
 .debug_aranges
                0x00000020       0x20 ./src/led_driver.o
 .debug_aranges
                0x00000040       0x28 ./src/main.o
 .debug_aranges
                0x00000068       0x20 ./src/stm32l0xx_it.o
 .debug_aranges
                0x00000088       0x20 ./src/system_stm32l0xx.o
 .debug_aranges
                0x000000a8       0x20 ./src/timer.o
 .debug_aranges
                0x000000c8       0x20 ./src/uart.o
 .debug_aranges
                0x000000e8       0x20 ./HAL_Library/stm32l0xx_hal.o
 .debug_aranges
                0x00000108       0x18 ./HAL_Library/stm32l0xx_hal_adc.o
 .debug_aranges
                0x00000120       0x18 ./HAL_Library/stm32l0xx_hal_adc_ex.o
 .debug_aranges
                0x00000138       0x18 ./HAL_Library/stm32l0xx_hal_comp.o
 .debug_aranges
                0x00000150       0x18 ./HAL_Library/stm32l0xx_hal_comp_ex.o
 .debug_aranges
                0x00000168       0x20 ./HAL_Library/stm32l0xx_hal_cortex.o
 .debug_aranges
                0x00000188       0x18 ./HAL_Library/stm32l0xx_hal_crc.o
 .debug_aranges
                0x000001a0       0x18 ./HAL_Library/stm32l0xx_hal_crc_ex.o
 .debug_aranges
                0x000001b8       0x18 ./HAL_Library/stm32l0xx_hal_dac.o
 .debug_aranges
                0x000001d0       0x18 ./HAL_Library/stm32l0xx_hal_dac_ex.o
 .debug_aranges
                0x000001e8       0x20 ./HAL_Library/stm32l0xx_hal_dma.o
 .debug_aranges
                0x00000208       0x18 ./HAL_Library/stm32l0xx_hal_firewall.o
 .debug_aranges
                0x00000220       0x20 ./HAL_Library/stm32l0xx_hal_flash.o
 .debug_aranges
                0x00000240       0x20 ./HAL_Library/stm32l0xx_hal_flash_ex.o
 .debug_aranges
                0x00000260       0x40 ./HAL_Library/stm32l0xx_hal_flash_ramfunc.o
 .debug_aranges
                0x000002a0       0x20 ./HAL_Library/stm32l0xx_hal_gpio.o
 .debug_aranges
                0x000002c0       0x18 ./HAL_Library/stm32l0xx_hal_i2c.o
 .debug_aranges
                0x000002d8       0x18 ./HAL_Library/stm32l0xx_hal_i2c_ex.o
 .debug_aranges
                0x000002f0       0x18 ./HAL_Library/stm32l0xx_hal_i2s.o
 .debug_aranges
                0x00000308       0x18 ./HAL_Library/stm32l0xx_hal_irda.o
 .debug_aranges
                0x00000320       0x18 ./HAL_Library/stm32l0xx_hal_iwdg.o
 .debug_aranges
                0x00000338       0x18 ./HAL_Library/stm32l0xx_hal_lcd.o
 .debug_aranges
                0x00000350       0x18 ./HAL_Library/stm32l0xx_hal_lptim.o
 .debug_aranges
                0x00000368       0x18 ./HAL_Library/stm32l0xx_hal_pcd.o
 .debug_aranges
                0x00000380       0x18 ./HAL_Library/stm32l0xx_hal_pcd_ex.o
 .debug_aranges
                0x00000398       0x20 ./HAL_Library/stm32l0xx_hal_pwr.o
 .debug_aranges
                0x000003b8       0x20 ./HAL_Library/stm32l0xx_hal_pwr_ex.o
 .debug_aranges
                0x000003d8       0x20 ./HAL_Library/stm32l0xx_hal_rcc.o
 .debug_aranges
                0x000003f8       0x20 ./HAL_Library/stm32l0xx_hal_rcc_ex.o
 .debug_aranges
                0x00000418       0x18 ./HAL_Library/stm32l0xx_hal_rng.o
 .debug_aranges
                0x00000430       0x18 ./HAL_Library/stm32l0xx_hal_rtc.o
 .debug_aranges
                0x00000448       0x18 ./HAL_Library/stm32l0xx_hal_rtc_ex.o
 .debug_aranges
                0x00000460       0x18 ./HAL_Library/stm32l0xx_hal_smartcard.o
 .debug_aranges
                0x00000478       0x18 ./HAL_Library/stm32l0xx_hal_smartcard_ex.o
 .debug_aranges
                0x00000490       0x18 ./HAL_Library/stm32l0xx_hal_smbus.o
 .debug_aranges
                0x000004a8       0x18 ./HAL_Library/stm32l0xx_hal_spi.o
 .debug_aranges
                0x000004c0       0x20 ./HAL_Library/stm32l0xx_hal_tim.o
 .debug_aranges
                0x000004e0       0x20 ./HAL_Library/stm32l0xx_hal_tim_ex.o
 .debug_aranges
                0x00000500       0x18 ./HAL_Library/stm32l0xx_hal_tsc.o
 .debug_aranges
                0x00000518       0x18 ./HAL_Library/stm32l0xx_hal_uart.o
 .debug_aranges
                0x00000530       0x18 ./HAL_Library/stm32l0xx_hal_uart_ex.o
 .debug_aranges
                0x00000548       0x20 ./HAL_Library/stm32l0xx_hal_usart.o
 .debug_aranges
                0x00000568       0x18 ./HAL_Library/stm32l0xx_hal_wwdg.o

.debug_ranges   0x00000000      0xa80
 .debug_ranges  0x00000000       0x28 ./src/debug.o
 .debug_ranges  0x00000028      0x138 ./src/led_driver.o
 .debug_ranges  0x00000160       0x30 ./src/main.o
 .debug_ranges  0x00000190       0x58 ./src/timer.o
 .debug_ranges  0x000001e8       0xe8 ./src/uart.o
 .debug_ranges  0x000002d0       0x80 ./HAL_Library/stm32l0xx_hal_cortex.o
 .debug_ranges  0x00000350       0x30 ./HAL_Library/stm32l0xx_hal_dma.o
 .debug_ranges  0x00000380       0x28 ./HAL_Library/stm32l0xx_hal_flash.o
 .debug_ranges  0x000003a8       0x80 ./HAL_Library/stm32l0xx_hal_flash_ex.o
 .debug_ranges  0x00000428       0x68 ./HAL_Library/stm32l0xx_hal_flash_ramfunc.o
 .debug_ranges  0x00000490       0xc0 ./HAL_Library/stm32l0xx_hal_rcc.o
 .debug_ranges  0x00000550      0x4b8 ./HAL_Library/stm32l0xx_hal_tim.o
 .debug_ranges  0x00000a08       0x78 ./HAL_Library/stm32l0xx_hal_usart.o

.debug_line     0x00000000     0x6341
 .debug_line    0x00000000      0x245 ./src/debug.o
 .debug_line    0x00000245      0x50a ./src/led_driver.o
 .debug_line    0x0000074f      0x359 ./src/main.o
 .debug_line    0x00000aa8       0x43 ./src/stm32l0xx_it.o
 .debug_line    0x00000aeb      0x21f ./src/system_stm32l0xx.o
 .debug_line    0x00000d0a      0x3cf ./src/timer.o
 .debug_line    0x000010d9      0x389 ./src/uart.o